--------- beginning of crash
07-19 18:52:32.851 30392 30392 E AndroidRuntime: FATAL EXCEPTION: main
07-19 18:52:32.851 30392 30392 E AndroidRuntime: Process: dev.ukanth.mym, PID: 30392
07-19 18:52:32.851 30392 30392 E AndroidRuntime: Theme: themes:{default=overlay:system, fontPkg:system, com.android.systemui=overlay:net.darkion.theme.maker.DarkOnyx, com.android.systemui.navbar=overlay:net.darkion.theme.maker.SimpleDark}
07-19 18:52:32.851 30392 30392 E AndroidRuntime: com.afollestad.materialdialogs.MaterialDialog$DialogException: Bad window token, you cannot show a dialog before an Activity is created or after it's hidden.
07-19 18:52:32.851 30392 30392 E AndroidRuntime: 	at com.afollestad.materialdialogs.MaterialDialog.show(MaterialDialog.java:436)
07-19 18:52:32.851 30392 30392 E AndroidRuntime: 	at com.afollestad.materialdialogs.MaterialDialog$Builder.show(MaterialDialog.java:2115)
07-19 18:52:32.851 30392 30392 E AndroidRuntime: 	at dev.dvp.rmi.IconAdapter$IconPackViewHolder$1.onClick(IconAdapter.java:63)
07-19 18:52:32.851 30392 30392 E AndroidRuntime: 	at android.view.View.performClick(View.java:5204)
07-19 18:52:32.851 30392 30392 E AndroidRuntime: 	at android.view.View$PerformClick.run(View.java:21158)
07-19 18:52:32.851 30392 30392 E AndroidRuntime: 	at android.os.Handler.handleCallback(Handler.java:739)
07-19 18:52:32.851 30392 30392 E AndroidRuntime: 	at android.os.Handler.dispatchMessage(Handler.java:95)
07-19 18:52:32.851 30392 30392 E AndroidRuntime: 	at android.os.Looper.loop(Looper.java:148)
07-19 18:52:32.851 30392 30392 E AndroidRuntime: 	at android.app.ActivityThread.main(ActivityThread.java:5461)
07-19 18:52:32.851 30392 30392 E AndroidRuntime: 	at java.lang.reflect.Method.invoke(Native Method)
07-19 18:52:32.851 30392 30392 E AndroidRuntime: 	at com.android.internal.os.ZygoteInit$MethodAndArgsCaller.run(ZygoteInit.java:726)
07-19 18:52:32.851 30392 30392 E AndroidRuntime: 	at com.android.internal.os.ZygoteInit.main(ZygoteInit.java:616)
07-19 18:52:32.851 30392 30392 E AndroidRuntime: 	at de.robv.android.xposed.XposedBridge.main(XposedBridge.java:102)
07-21 09:34:55.471 25654 25660 F libc    : Fatal signal 11 (SIGSEGV), code 2, fault addr 0x12c5e7c4 in tid 25660 (JDWP)
07-21 09:34:55.472 25654 25660 F libc    : Unable to open connection to debuggerd: Connection refused
07-21 19:05:54.648 11216 11223 F libc    : Fatal signal 11 (SIGSEGV), code 2, fault addr 0x12c5ea04 in tid 11223 (JDWP)
07-21 19:05:54.648 11216 11223 F libc    : Unable to open connection to debuggerd: Connection refused
07-21 19:06:14.311 11621 11636 F libc    : Fatal signal 11 (SIGSEGV), code 2, fault addr 0x12c5ea04 in tid 11636 (JDWP)
07-21 19:06:14.312 11621 11636 F libc    : Unable to open connection to debuggerd: Connection refused
07-21 19:11:17.258 16177 16183 F libc    : Fatal signal 11 (SIGSEGV), code 2, fault addr 0x12c5eac4 in tid 16183 (JDWP)
07-21 19:11:17.258 16177 16183 F libc    : Unable to open connection to debuggerd: Connection refused
07-21 19:11:49.779 17285 17291 F libc    : Fatal signal 11 (SIGSEGV), code 2, fault addr 0x12c5ec44 in tid 17291 (JDWP)
07-21 19:11:49.779 17285 17291 F libc    : Unable to open connection to debuggerd: Connection refused
07-21 19:12:24.532 17793 17799 F libc    : Fatal signal 11 (SIGSEGV), code 2, fault addr 0x12c5ec44 in tid 17799 (JDWP)
07-21 19:12:24.533 17793 17799 F libc    : Unable to open connection to debuggerd: Connection refused
07-21 19:15:36.866 21561 21567 F libc    : Fatal signal 11 (SIGSEGV), code 2, fault addr 0x12c5ec44 in tid 21567 (JDWP)
07-21 19:15:36.866 21561 21567 F libc    : Unable to open connection to debuggerd: Connection refused
07-21 19:16:08.473 22488 22494 F libc    : Fatal signal 11 (SIGSEGV), code 2, fault addr 0x12c5ed04 in tid 22494 (JDWP)
07-21 19:16:08.473 22488 22494 F libc    : Unable to open connection to debuggerd: Connection refused
07-21 19:16:31.797 23266 23272 F libc    : Fatal signal 11 (SIGSEGV), code 2, fault addr 0x12c5ed04 in tid 23272 (JDWP)
07-21 19:16:31.797 23266 23272 F libc    : Unable to open connection to debuggerd: Connection refused
07-21 19:16:52.315 23756 23764 F libc    : Fatal signal 11 (SIGSEGV), code 2, fault addr 0x12c5ed04 in tid 23764 (JDWP)
07-21 19:16:52.315 23756 23764 F libc    : Unable to open connection to debuggerd: Connection refused
07-21 19:17:22.910 24567 24573 F libc    : Fatal signal 11 (SIGSEGV), code 2, fault addr 0x12c5ed04 in tid 24573 (JDWP)
07-21 19:17:22.910 24567 24573 F libc    : Unable to open connection to debuggerd: Connection refused
07-24 22:27:18.995 30287 30287 E AndroidRuntime: FATAL EXCEPTION: main
07-24 22:27:18.995 30287 30287 E AndroidRuntime: Process: com.google.android.packageinstaller, PID: 30287
07-24 22:27:18.995 30287 30287 E AndroidRuntime: Theme: themes:{default=overlay:system, fontPkg:system, com.android.systemui=overlay:net.darkion.theme.maker.DarkOnyx, com.android.systemui.navbar=overlay:net.darkion.theme.maker.SimpleDark}
07-24 22:27:18.995 30287 30287 E AndroidRuntime: java.lang.NullPointerException: Attempt to invoke virtual method 'void android.app.Activity.finish()' on a null object reference
07-24 22:27:18.995 30287 30287 E AndroidRuntime: 	at com.android.packageinstaller.UninstallerActivity$UninstallAlertDialogFragment.onDismiss(UninstallerActivity.java:112)
07-24 22:27:18.995 30287 30287 E AndroidRuntime: 	at android.app.Dialog$ListenersHandler.handleMessage(Dialog.java:1323)
07-24 22:27:18.995 30287 30287 E AndroidRuntime: 	at android.os.Handler.dispatchMessage(Handler.java:102)
07-24 22:27:18.995 30287 30287 E AndroidRuntime: 	at android.os.Looper.loop(Looper.java:148)
07-24 22:27:18.995 30287 30287 E AndroidRuntime: 	at android.app.ActivityThread.main(ActivityThread.java:5461)
07-24 22:27:18.995 30287 30287 E AndroidRuntime: 	at java.lang.reflect.Method.invoke(Native Method)
07-24 22:27:18.995 30287 30287 E AndroidRuntime: 	at com.android.internal.os.ZygoteInit$MethodAndArgsCaller.run(ZygoteInit.java:726)
07-24 22:27:18.995 30287 30287 E AndroidRuntime: 	at com.android.internal.os.ZygoteInit.main(ZygoteInit.java:616)
07-24 22:27:18.995 30287 30287 E AndroidRuntime: 	at de.robv.android.xposed.XposedBridge.main(XposedBridge.java:102)
07-24 22:32:29.434  1636  1636 E AndroidRuntime: FATAL EXCEPTION: main
07-24 22:32:29.434  1636  1636 E AndroidRuntime: Process: com.google.android.packageinstaller, PID: 1636
07-24 22:32:29.434  1636  1636 E AndroidRuntime: Theme: themes:{default=overlay:system, fontPkg:system, com.android.systemui=overlay:net.darkion.theme.maker.DarkOnyx, com.android.systemui.navbar=overlay:net.darkion.theme.maker.SimpleDark}
07-24 22:32:29.434  1636  1636 E AndroidRuntime: java.lang.NullPointerException: Attempt to invoke virtual method 'void android.app.Activity.finish()' on a null object reference
07-24 22:32:29.434  1636  1636 E AndroidRuntime: 	at com.android.packageinstaller.UninstallerActivity$UninstallAlertDialogFragment.onDismiss(UninstallerActivity.java:112)
07-24 22:32:29.434  1636  1636 E AndroidRuntime: 	at android.app.Dialog$ListenersHandler.handleMessage(Dialog.java:1323)
07-24 22:32:29.434  1636  1636 E AndroidRuntime: 	at android.os.Handler.dispatchMessage(Handler.java:102)
07-24 22:32:29.434  1636  1636 E AndroidRuntime: 	at android.os.Looper.loop(Looper.java:148)
07-24 22:32:29.434  1636  1636 E AndroidRuntime: 	at android.app.ActivityThread.main(ActivityThread.java:5461)
07-24 22:32:29.434  1636  1636 E AndroidRuntime: 	at java.lang.reflect.Method.invoke(Native Method)
07-24 22:32:29.434  1636  1636 E AndroidRuntime: 	at com.android.internal.os.ZygoteInit$MethodAndArgsCaller.run(ZygoteInit.java:726)
07-24 22:32:29.434  1636  1636 E AndroidRuntime: 	at com.android.internal.os.ZygoteInit.main(ZygoteInit.java:616)
07-24 22:32:29.434  1636  1636 E AndroidRuntime: 	at de.robv.android.xposed.XposedBridge.main(XposedBridge.java:102)
07-25 11:03:14.669 13662 13662 F libc    : Fatal signal 13 (SIGPIPE), code 0 in tid 13662 (service)
07-25 11:03:14.669 13662 13662 F libc    : Unable to open connection to debuggerd: Connection refused
07-28 07:20:22.883 12739 12769 E AndroidRuntime: FATAL EXCEPTION: AsyncTask #1
07-28 07:20:22.883 12739 12769 E AndroidRuntime: Process: dev.ukanth.iconmanager, PID: 12739
07-28 07:20:22.883 12739 12769 E AndroidRuntime: Theme: themes:{default=overlay:system, fontPkg:system, com.android.systemui=overlay:net.darkion.theme.maker.DarkOnyx, com.android.systemui.navbar=overlay:net.darkion.theme.maker.SimpleDark}
07-28 07:20:22.883 12739 12769 E AndroidRuntime: java.lang.RuntimeException: An error occurred while executing doInBackground()
07-28 07:20:22.883 12739 12769 E AndroidRuntime: 	at android.os.AsyncTask$3.done(AsyncTask.java:309)
07-28 07:20:22.883 12739 12769 E AndroidRuntime: 	at java.util.concurrent.FutureTask.finishCompletion(FutureTask.java:354)
07-28 07:20:22.883 12739 12769 E AndroidRuntime: 	at java.util.concurrent.FutureTask.setException(FutureTask.java:223)
07-28 07:20:22.883 12739 12769 E AndroidRuntime: 	at java.util.concurrent.FutureTask.run(FutureTask.java:242)
07-28 07:20:22.883 12739 12769 E AndroidRuntime: 	at java.util.concurrent.ThreadPoolExecutor.runWorker(ThreadPoolExecutor.java:1113)
07-28 07:20:22.883 12739 12769 E AndroidRuntime: 	at java.util.concurrent.ThreadPoolExecutor$Worker.run(ThreadPoolExecutor.java:588)
07-28 07:20:22.883 12739 12769 E AndroidRuntime: 	at java.lang.Thread.run(Thread.java:818)
07-28 07:20:22.883 12739 12769 E AndroidRuntime: Caused by: java.lang.StringIndexOutOfBoundsException: length=8; regionStart=14; regionLength=-7
07-28 07:20:22.883 12739 12769 E AndroidRuntime: 	at java.lang.String.startEndAndLength(String.java:298)
07-28 07:20:22.883 12739 12769 E AndroidRuntime: 	at java.lang.String.substring(String.java:1087)
07-28 07:20:22.883 12739 12769 E AndroidRuntime: 	at dev.ukanth.iconmgr.IconPack.<init>(IconPack.java:64)
07-28 07:20:22.883 12739 12769 E AndroidRuntime: 	at dev.ukanth.iconmgr.IconPackManager.loadIconPack(IconPackManager.java:33)
07-28 07:20:22.883 12739 12769 E AndroidRuntime: 	at dev.ukanth.iconmgr.IconPackManager.getAvailableIconPacks(IconPackManager.java:26)
07-28 07:20:22.883 12739 12769 E AndroidRuntime: 	at dev.ukanth.iconmgr.util.Util.getListOfPacks(Util.java:139)
07-28 07:20:22.883 12739 12769 E AndroidRuntime: 	at dev.ukanth.iconmgr.MainActivity$LoadAppList.doInBackground(MainActivity.java:241)
07-28 07:20:22.883 12739 12769 E AndroidRuntime: 	at dev.ukanth.iconmgr.MainActivity$LoadAppList.doInBackground(MainActivity.java:218)
07-28 07:20:22.883 12739 12769 E AndroidRuntime: 	at android.os.AsyncTask$2.call(AsyncTask.java:295)
07-28 07:20:22.883 12739 12769 E AndroidRuntime: 	at java.util.concurrent.FutureTask.run(FutureTask.java:237)
07-28 07:20:22.883 12739 12769 E AndroidRuntime: 	... 3 more
07-28 07:20:41.774 13538 13573 E AndroidRuntime: FATAL EXCEPTION: AsyncTask #1
07-28 07:20:41.774 13538 13573 E AndroidRuntime: Process: dev.ukanth.iconmanager, PID: 13538
07-28 07:20:41.774 13538 13573 E AndroidRuntime: Theme: themes:{default=overlay:system, fontPkg:system, com.android.systemui=overlay:net.darkion.theme.maker.DarkOnyx, com.android.systemui.navbar=overlay:net.darkion.theme.maker.SimpleDark}
07-28 07:20:41.774 13538 13573 E AndroidRuntime: java.lang.RuntimeException: An error occurred while executing doInBackground()
07-28 07:20:41.774 13538 13573 E AndroidRuntime: 	at android.os.AsyncTask$3.done(AsyncTask.java:309)
07-28 07:20:41.774 13538 13573 E AndroidRuntime: 	at java.util.concurrent.FutureTask.finishCompletion(FutureTask.java:354)
07-28 07:20:41.774 13538 13573 E AndroidRuntime: 	at java.util.concurrent.FutureTask.setException(FutureTask.java:223)
07-28 07:20:41.774 13538 13573 E AndroidRuntime: 	at java.util.concurrent.FutureTask.run(FutureTask.java:242)
07-28 07:20:41.774 13538 13573 E AndroidRuntime: 	at java.util.concurrent.ThreadPoolExecutor.runWorker(ThreadPoolExecutor.java:1113)
07-28 07:20:41.774 13538 13573 E AndroidRuntime: 	at java.util.concurrent.ThreadPoolExecutor$Worker.run(ThreadPoolExecutor.java:588)
07-28 07:20:41.774 13538 13573 E AndroidRuntime: 	at java.lang.Thread.run(Thread.java:818)
07-28 07:20:41.774 13538 13573 E AndroidRuntime: Caused by: java.lang.StringIndexOutOfBoundsException: length=8; regionStart=14; regionLength=-7
07-28 07:20:41.774 13538 13573 E AndroidRuntime: 	at java.lang.String.startEndAndLength(String.java:298)
07-28 07:20:41.774 13538 13573 E AndroidRuntime: 	at java.lang.String.substring(String.java:1087)
07-28 07:20:41.774 13538 13573 E AndroidRuntime: 	at dev.ukanth.iconmgr.IconPack.<init>(IconPack.java:64)
07-28 07:20:41.774 13538 13573 E AndroidRuntime: 	at dev.ukanth.iconmgr.IconPackManager.loadIconPack(IconPackManager.java:33)
07-28 07:20:41.774 13538 13573 E AndroidRuntime: 	at dev.ukanth.iconmgr.IconPackManager.getAvailableIconPacks(IconPackManager.java:26)
07-28 07:20:41.774 13538 13573 E AndroidRuntime: 	at dev.ukanth.iconmgr.util.Util.getListOfPacks(Util.java:139)
07-28 07:20:41.774 13538 13573 E AndroidRuntime: 	at dev.ukanth.iconmgr.MainActivity$LoadAppList.doInBackground(MainActivity.java:241)
07-28 07:20:41.774 13538 13573 E AndroidRuntime: 	at dev.ukanth.iconmgr.MainActivity$LoadAppList.doInBackground(MainActivity.java:218)
07-28 07:20:41.774 13538 13573 E AndroidRuntime: 	at android.os.AsyncTask$2.call(AsyncTask.java:295)
07-28 07:20:41.774 13538 13573 E AndroidRuntime: 	at java.util.concurrent.FutureTask.run(FutureTask.java:237)
07-28 07:20:41.774 13538 13573 E AndroidRuntime: 	... 3 more
--------- beginning of system
07-28 09:47:53.494 13751 13751 W ActivityThread: ClassLoader.loadClass: The class loader returned by Thread.getContextClassLoader() may fail for processes that host multiple applications. You should explicitly specify a context class loader. For example: Thread.setContextClassLoader(getClass().getClassLoader());
07-28 09:47:54.535  1847  5331 I chatty  : uid=1000(system) Binder_C expire 4 lines
07-28 09:48:14.422  1847  5521 I chatty  : uid=1000(system) Binder_10 expire 6 lines
07-28 09:48:15.455 29301 29301 E ActivityThread: Performing stop of activity that is not resumed: {com.android.vending/com.google.android.finsky.activities.MainActivity}
07-28 09:48:15.455 29301 29301 E ActivityThread: java.lang.RuntimeException: Performing stop of activity that is not resumed: {com.android.vending/com.google.android.finsky.activities.MainActivity}
07-28 09:48:15.455 29301 29301 E ActivityThread: 	at android.app.ActivityThread.performStopActivityInner(ActivityThread.java:3499)
07-28 09:48:15.455 29301 29301 E ActivityThread: 	at android.app.ActivityThread.handleStopActivity(ActivityThread.java:3584)
07-28 09:48:15.455 29301 29301 E ActivityThread: 	at android.app.ActivityThread.-wrap20(ActivityThread.java)
07-28 09:48:15.455 29301 29301 E ActivityThread: 	at android.app.ActivityThread$H.handleMessage(ActivityThread.java:1392)
07-28 09:48:15.455 29301 29301 E ActivityThread: 	at android.os.Handler.dispatchMessage(Handler.java:102)
07-28 09:48:15.455 29301 29301 E ActivityThread: 	at android.os.Looper.loop(Looper.java:148)
07-28 09:48:15.455 29301 29301 E ActivityThread: 	at android.app.ActivityThread.main(ActivityThread.java:5461)
07-28 09:48:15.455 29301 29301 E ActivityThread: 	at java.lang.reflect.Method.invoke(Native Method)
07-28 09:48:15.455 29301 29301 E ActivityThread: 	at com.android.internal.os.ZygoteInit$MethodAndArgsCaller.run(ZygoteInit.java:726)
07-28 09:48:15.455 29301 29301 E ActivityThread: 	at com.android.internal.os.ZygoteInit.main(ZygoteInit.java:616)
07-28 09:48:15.455 29301 29301 E ActivityThread: 	at de.robv.android.xposed.XposedBridge.main(XposedBridge.java:102)
07-28 09:48:15.470  1847  5484 I chatty  : uid=1000(system) Binder_D expire 2 lines
07-28 09:48:17.918  1847  5296 I chatty  : uid=1000(system) Binder_9 expire 1 line
07-28 09:48:17.966  1847  5224 I chatty  : uid=1000(system) Binder_7 expire 1 line
07-28 09:48:21.167  1847  2200 I chatty  : uid=1000(system) PackageManager expire 12 lines
07-28 09:48:21.554 14430 14440 D DefContainer: Copying /data/local/tmp/dev.ukanth.iconmanager to base.apk
07-28 09:48:25.249  1847  2130 I chatty  : uid=1000(system) ActivityManager expire 9 lines
07-28 09:48:25.814  1847  1847 I chatty  : uid=1000 system_server expire 4 lines
07-28 09:48:26.336 14479 14479 I chatty  : uid=1000(system) org.cyanogenmod.providers.datausage expire 9 lines
07-28 09:48:26.369  1847  5224 I chatty  : uid=1000(system) Binder_7 expire 10 lines
07-28 09:48:26.530  1847  2129 I chatty  : uid=1000(system) android.bg expire 3 lines
07-28 09:48:26.576  1847  5300 I chatty  : uid=1000(system) Binder_A expire 8 lines
07-28 09:48:26.705  1847  5331 I chatty  : uid=1000(system) Binder_C expire 10 lines
07-28 09:48:26.717 14525 14525 I chatty  : uid=1000(system) com.android.keychain expire 1 line
07-28 09:48:27.535  1847  5235 I chatty  : uid=1000(system) Binder_8 expire 6 lines
07-28 09:48:27.984  1847  5519 I chatty  : uid=1000(system) Binder_F expire 7 lines
07-28 09:48:28.056  1847  4159 I chatty  : uid=1000(system) Binder_3 expire 6 lines
07-28 09:48:28.448  1847  4629 I chatty  : uid=1000(system) Binder_5 expire 10 lines
07-28 09:48:28.449  5225 14639 E ActivityThread: Failed to find provider info for com.modoohut.provider.geocoder
07-28 09:48:28.880  1847  4540 I chatty  : uid=1000(system) WifiService expire 2 lines
07-28 09:48:28.916  1847  4628 I chatty  : uid=1000(system) Binder_4 expire 10 lines
07-28 09:48:29.472  1847  5223 I chatty  : uid=1000(system) Binder_6 expire 10 lines
07-28 09:48:30.344  1847  5307 I chatty  : uid=1000(system) Binder_B expire 9 lines
07-28 09:48:31.016  1847  1874 I chatty  : uid=1000(system) Binder_2 expire 11 lines
07-28 09:48:31.287  1847  5484 I chatty  : uid=1000(system) Binder_D expire 10 lines
07-28 09:48:31.656  1847  5502 I chatty  : uid=1000(system) Binder_E expire 11 lines
07-28 09:48:31.656  1847  4541 I chatty  : uid=1000(system) ConnectivitySer expire 4 lines
07-28 09:48:31.986  5225 14639 E ActivityThread: Failed to find provider info for com.modoohut.provider.geocoder
07-28 09:48:32.529  1847  2186 I chatty  : uid=1000(system) PowerManagerSer expire 10 lines
07-28 09:48:32.901  1847  2171 I chatty  : uid=1000(system) android.display expire 6 lines
07-28 09:48:33.429 14813 14827 W ActivityThread: ClassLoader.loadClass: The class loader returned by Thread.getContextClassLoader() may fail for processes that host multiple applications. You should explicitly specify a context class loader. For example: Thread.setContextClassLoader(getClass().getClassLoader());
07-28 09:48:33.646  5225 14639 E ActivityThread: Failed to find provider info for com.modoohut.provider.geocoder
07-28 09:48:33.670  1847  5521 I chatty  : uid=1000(system) Binder_10 expire 10 lines
07-28 09:48:34.132  1847  1871 I chatty  : uid=1000(system) Binder_1 expire 3 lines
07-28 09:48:34.451  1847  4244 I chatty  : uid=1000(system) InputReader expire 3 lines
07-28 09:48:36.292 14967 14967 W ActivityThread: ClassLoader.loadClass: The class loader returned by Thread.getContextClassLoader() may fail for processes that host multiple applications. You should explicitly specify a context class loader. For example: Thread.setContextClassLoader(getClass().getClassLoader());
07-28 09:49:05.068 15436 15446 D DefContainer: Copying /data/local/tmp/dev.ukanth.iconmanager to base.apk
07-28 09:49:10.306  1847  5296 I chatty  : uid=1000(system) Binder_9 expire 10 lines
07-28 09:49:10.442 15540 15540 I chatty  : uid=1000(system) com.android.keychain expire 1 line
07-28 09:49:12.271  5225 15715 E ActivityThread: Failed to find provider info for com.modoohut.provider.geocoder
07-28 09:49:13.553  1847  5484 I chatty  : uid=1000(system) Binder_D expire 9 lines
07-28 09:49:14.248  5225 15715 E ActivityThread: Failed to find provider info for com.modoohut.provider.geocoder
07-28 09:49:15.402 15790 15806 W ActivityThread: ClassLoader.loadClass: The class loader returned by Thread.getContextClassLoader() may fail for processes that host multiple applications. You should explicitly specify a context class loader. For example: Thread.setContextClassLoader(getClass().getClassLoader());
07-28 09:49:15.540  5225 15715 E ActivityThread: Failed to find provider info for com.modoohut.provider.geocoder
07-28 09:49:17.020  1847  5223 I chatty  : uid=1000(system) Binder_6 expire 8 lines
07-28 09:49:17.656 15953 15953 W ActivityThread: ClassLoader.loadClass: The class loader returned by Thread.getContextClassLoader() may fail for processes that host multiple applications. You should explicitly specify a context class loader. For example: Thread.setContextClassLoader(getClass().getClassLoader());
07-28 09:49:28.789  1847  5224 I chatty  : uid=1000(system) Binder_7 expire 4 lines
07-28 09:49:42.409  1847  2186 I chatty  : uid=1000(system) PowerManagerSer expire 5 lines
07-28 09:49:57.376   287  1306 E NetlinkEvent: NetlinkEvent::FindParam(): Parameter 'TIME_NS' not found
07-28 09:49:57.376   287  1306 E NetlinkEvent: NetlinkEvent::FindParam(): Parameter 'UID' not found
07-28 09:50:00.861   287  1306 E NetlinkEvent: NetlinkEvent::FindParam(): Parameter 'TIME_NS' not found
07-28 09:50:00.861   287  1306 E NetlinkEvent: NetlinkEvent::FindParam(): Parameter 'UID' not found
07-28 09:50:01.815  1847  4629 I chatty  : uid=1000(system) Binder_5 expire 4 lines
07-28 09:50:01.878  1847  1874 I chatty  : uid=1000(system) Binder_2 expire 3 lines
07-28 09:50:04.635 15436 15447 D DefContainer: Copying /data/local/tmp/dev.ukanth.iconmanager to base.apk
07-28 09:50:08.500  1847  2200 I chatty  : uid=1000(system) PackageManager expire 5 lines
07-28 09:50:09.485 16869 16869 I chatty  : uid=1000(system) com.android.keychain expire 1 line
07-28 09:50:10.207  1847  5331 I chatty  : uid=1000(system) Binder_C expire 4 lines
07-28 09:50:10.732  1847  5521 I chatty  : uid=1000(system) Binder_10 expire 4 lines
07-28 09:50:10.871  1847  4628 I chatty  : uid=1000(system) Binder_4 expire 2 lines
07-28 09:50:11.232  5225 17037 E ActivityThread: Failed to find provider info for com.modoohut.provider.geocoder
07-28 09:50:13.142  5225 17037 E ActivityThread: Failed to find provider info for com.modoohut.provider.geocoder
07-28 09:50:13.532  1847  5502 I chatty  : uid=1000(system) Binder_E expire 10 lines
07-28 09:50:14.250 17127 17147 W ActivityThread: ClassLoader.loadClass: The class loader returned by Thread.getContextClassLoader() may fail for processes that host multiple applications. You should explicitly specify a context class loader. For example: Thread.setContextClassLoader(getClass().getClassLoader());
07-28 09:50:14.460  5225 17037 E ActivityThread: Failed to find provider info for com.modoohut.provider.geocoder
07-28 09:50:16.148  1847  1874 I chatty  : uid=1000(system) Binder_2 expire 10 lines
07-28 09:50:16.172  1847  4159 I chatty  : uid=1000(system) Binder_3 expire 10 lines
07-28 09:50:16.787 17282 17282 W ActivityThread: ClassLoader.loadClass: The class loader returned by Thread.getContextClassLoader() may fail for processes that host multiple applications. You should explicitly specify a context class loader. For example: Thread.setContextClassLoader(getClass().getClassLoader());
07-28 09:50:16.897  1847  5484 I chatty  : uid=1000(system) Binder_D expire 10 lines
07-28 09:50:16.927  1847  5521 I chatty  : uid=1000(system) Binder_10 expire 10 lines
07-28 09:50:17.074  1847  5300 I chatty  : uid=1000(system) Binder_A expire 8 lines
07-28 09:50:17.340  1847  5224 I chatty  : uid=1000(system) Binder_7 expire 10 lines
07-28 09:50:17.455  1847  5519 I chatty  : uid=1000(system) Binder_F expire 9 lines
07-28 09:50:17.485  1847  1871 I chatty  : uid=1000(system) Binder_1 expire 9 lines
07-28 09:50:41.706  1847  2130 I chatty  : uid=1000(system) ActivityManager expire 10 lines
07-28 09:51:02.225  1847  2186 I chatty  : uid=1000(system) PowerManagerSer expire 10 lines
07-28 09:51:02.632  1847  2171 I chatty  : uid=1000(system) android.display expire 8 lines
07-28 09:51:29.536   287  1306 E NetlinkEvent: NetlinkEvent::FindParam(): Parameter 'TIME_NS' not found
07-28 09:51:29.536   287  1306 E NetlinkEvent: NetlinkEvent::FindParam(): Parameter 'UID' not found
07-28 09:51:30.327  1847  5331 I chatty  : uid=1000(system) Binder_C expire 5 lines
07-28 09:51:30.437   287  1306 E NetlinkEvent: NetlinkEvent::FindParam(): Parameter 'TIME_NS' not found
07-28 09:51:30.437   287  1306 E NetlinkEvent: NetlinkEvent::FindParam(): Parameter 'UID' not found
07-28 09:52:02.482  1847  4244 I chatty  : uid=1000(system) InputReader expire 4 lines
07-28 09:53:22.976   287  1306 E NetlinkEvent: NetlinkEvent::FindParam(): Parameter 'TIME_NS' not found
07-28 09:53:22.976   287  1306 E NetlinkEvent: NetlinkEvent::FindParam(): Parameter 'UID' not found
07-28 09:53:42.165  1847  5223 I chatty  : uid=1000(system) Binder_6 expire 10 lines
07-28 09:53:42.224  1847  5235 I chatty  : uid=1000(system) Binder_8 expire 10 lines
07-28 09:53:42.227  1847  5296 I chatty  : uid=1000(system) Binder_9 expire 11 lines
07-28 09:53:42.352  1847  4628 I chatty  : uid=1000(system) Binder_4 expire 10 lines
07-28 09:53:42.409 29301 29301 E ActivityThread: Performing stop of activity that is not resumed: {com.android.vending/com.google.android.finsky.activities.MainActivity}
07-28 09:53:42.409 29301 29301 E ActivityThread: java.lang.RuntimeException: Performing stop of activity that is not resumed: {com.android.vending/com.google.android.finsky.activities.MainActivity}
07-28 09:53:42.409 29301 29301 E ActivityThread: 	at android.app.ActivityThread.performStopActivityInner(ActivityThread.java:3499)
07-28 09:53:42.409 29301 29301 E ActivityThread: 	at android.app.ActivityThread.handleStopActivity(ActivityThread.java:3584)
07-28 09:53:42.409 29301 29301 E ActivityThread: 	at android.app.ActivityThread.-wrap20(ActivityThread.java)
07-28 09:53:42.409 29301 29301 E ActivityThread: 	at android.app.ActivityThread$H.handleMessage(ActivityThread.java:1392)
07-28 09:53:42.409 29301 29301 E ActivityThread: 	at android.os.Handler.dispatchMessage(Handler.java:102)
07-28 09:53:42.409 29301 29301 E ActivityThread: 	at android.os.Looper.loop(Looper.java:148)
07-28 09:53:42.409 29301 29301 E ActivityThread: 	at android.app.ActivityThread.main(ActivityThread.java:5461)
07-28 09:53:42.409 29301 29301 E ActivityThread: 	at java.lang.reflect.Method.invoke(Native Method)
07-28 09:53:42.409 29301 29301 E ActivityThread: 	at com.android.internal.os.ZygoteInit$MethodAndArgsCaller.run(ZygoteInit.java:726)
07-28 09:53:42.409 29301 29301 E ActivityThread: 	at com.android.internal.os.ZygoteInit.main(ZygoteInit.java:616)
07-28 09:53:42.409 29301 29301 E ActivityThread: 	at de.robv.android.xposed.XposedBridge.main(XposedBridge.java:102)
07-28 09:54:01.310   287  1306 E NetlinkEvent: NetlinkEvent::FindParam(): Parameter 'TIME_NS' not found
07-28 09:54:01.310   287  1306 E NetlinkEvent: NetlinkEvent::FindParam(): Parameter 'UID' not found
07-28 09:54:16.949   287  1306 E NetlinkEvent: NetlinkEvent::FindParam(): Parameter 'TIME_NS' not found
07-28 09:54:16.949   287  1306 E NetlinkEvent: NetlinkEvent::FindParam(): Parameter 'UID' not found
07-28 09:54:21.182  1847  1847 I chatty  : uid=1000 system_server expire 5 lines
07-28 09:54:21.465   287  1306 E NetlinkEvent: NetlinkEvent::FindParam(): Parameter 'TIME_NS' not found
07-28 09:54:21.465   287  1306 E NetlinkEvent: NetlinkEvent::FindParam(): Parameter 'UID' not found
07-28 09:54:22.270  1847  5307 I chatty  : uid=1000(system) Binder_B expire 10 lines
07-28 09:54:24.271  1847  4541 I chatty  : uid=1000(system) ConnectivitySer expire 10 lines
07-28 09:54:26.966 15436 15446 D DefContainer: Copying /data/local/tmp/dev.ukanth.iconmanager to base.apk
07-28 09:54:31.164  1847  2200 I chatty  : uid=1000(system) PackageManager expire 10 lines
07-28 09:54:31.750 14479 14479 I chatty  : uid=1000(system) org.cyanogenmod.providers.datausage expire 3 lines
07-28 09:54:32.082  1847  2129 I chatty  : uid=1000(system) android.bg expire 2 lines
07-28 09:54:32.166 20652 20652 I chatty  : uid=1000(system) com.google.android.gm expire 1 line
07-28 09:54:32.507  1847  4629 I chatty  : uid=1000(system) Binder_5 expire 10 lines
07-28 09:54:33.952  5225 20765 E ActivityThread: Failed to find provider info for com.modoohut.provider.geocoder
07-28 09:54:35.924  5225 20765 E ActivityThread: Failed to find provider info for com.modoohut.provider.geocoder
07-28 09:54:37.151 20881 20900 W ActivityThread: ClassLoader.loadClass: The class loader returned by Thread.getContextClassLoader() may fail for processes that host multiple applications. You should explicitly specify a context class loader. For example: Thread.setContextClassLoader(getClass().getClassLoader());
07-28 09:54:37.459  5225 20765 E ActivityThread: Failed to find provider info for com.modoohut.provider.geocoder
07-28 09:54:39.794 21001 21001 W ActivityThread: ClassLoader.loadClass: The class loader returned by Thread.getContextClassLoader() may fail for processes that host multiple applications. You should explicitly specify a context class loader. For example: Thread.setContextClassLoader(getClass().getClassLoader());
07-28 09:54:40.118  1847  5521 I chatty  : uid=1000(system) Binder_10 expire 5 lines
07-28 09:54:44.124  1847  2186 I chatty  : uid=1000(system) PowerManagerSer expire 10 lines
07-28 09:55:33.592 21887 21887 W ActivityThread: ClassLoader.loadClass: The class loader returned by Thread.getContextClassLoader() may fail for processes that host multiple applications. You should explicitly specify a context class loader. For example: Thread.setContextClassLoader(getClass().getClassLoader());
07-28 09:55:51.294   287  1306 E NetlinkEvent: NetlinkEvent::FindParam(): Parameter 'TIME_NS' not found
07-28 09:55:51.295   287  1306 E NetlinkEvent: NetlinkEvent::FindParam(): Parameter 'UID' not found
07-28 09:56:00.944 29301 29301 E ActivityThread: Performing stop of activity that is not resumed: {com.android.vending/com.google.android.finsky.activities.MainActivity}
07-28 09:56:00.944 29301 29301 E ActivityThread: java.lang.RuntimeException: Performing stop of activity that is not resumed: {com.android.vending/com.google.android.finsky.activities.MainActivity}
07-28 09:56:00.944 29301 29301 E ActivityThread: 	at android.app.ActivityThread.performStopActivityInner(ActivityThread.java:3499)
07-28 09:56:00.944 29301 29301 E ActivityThread: 	at android.app.ActivityThread.handleStopActivity(ActivityThread.java:3584)
07-28 09:56:00.944 29301 29301 E ActivityThread: 	at android.app.ActivityThread.-wrap20(ActivityThread.java)
07-28 09:56:00.944 29301 29301 E ActivityThread: 	at android.app.ActivityThread$H.handleMessage(ActivityThread.java:1392)
07-28 09:56:00.944 29301 29301 E ActivityThread: 	at android.os.Handler.dispatchMessage(Handler.java:102)
07-28 09:56:00.944 29301 29301 E ActivityThread: 	at android.os.Looper.loop(Looper.java:148)
07-28 09:56:00.944 29301 29301 E ActivityThread: 	at android.app.ActivityThread.main(ActivityThread.java:5461)
07-28 09:56:00.944 29301 29301 E ActivityThread: 	at java.lang.reflect.Method.invoke(Native Method)
07-28 09:56:00.944 29301 29301 E ActivityThread: 	at com.android.internal.os.ZygoteInit$MethodAndArgsCaller.run(ZygoteInit.java:726)
07-28 09:56:00.944 29301 29301 E ActivityThread: 	at com.android.internal.os.ZygoteInit.main(ZygoteInit.java:616)
07-28 09:56:00.944 29301 29301 E ActivityThread: 	at de.robv.android.xposed.XposedBridge.main(XposedBridge.java:102)
07-28 09:56:04.088   287  1306 E NetlinkEvent: NetlinkEvent::FindParam(): Parameter 'TIME_NS' not found
07-28 09:56:04.088   287  1306 E NetlinkEvent: NetlinkEvent::FindParam(): Parameter 'UID' not found
07-28 09:56:04.969  1847  5223 I chatty  : uid=1000(system) Binder_6 expire 6 lines
07-28 09:56:06.988  1847  5307 I chatty  : uid=1000(system) Binder_B expire 5 lines
07-28 09:56:07.252 15436 15447 D DefContainer: Copying /data/local/tmp/dev.ukanth.iconmanager to base.apk
07-28 09:56:12.003 22537 22537 I chatty  : uid=1000(system) expire 3 lines
07-28 09:56:12.033  1847  1874 I chatty  : uid=1000(system) Binder_2 expire 3 lines
07-28 09:56:12.412 22557 22557 I chatty  : uid=1000(system) com.android.keychain expire 1 line
07-28 09:56:14.209  5225 22690 E ActivityThread: Failed to find provider info for com.modoohut.provider.geocoder
07-28 09:56:16.199  5225 22690 E ActivityThread: Failed to find provider info for com.modoohut.provider.geocoder
07-28 09:56:17.434 22849 22867 W ActivityThread: ClassLoader.loadClass: The class loader returned by Thread.getContextClassLoader() may fail for processes that host multiple applications. You should explicitly specify a context class loader. For example: Thread.setContextClassLoader(getClass().getClassLoader());
07-28 09:56:17.608  5225 22690 E ActivityThread: Failed to find provider info for com.modoohut.provider.geocoder
07-28 09:56:18.068  1847  4159 I chatty  : uid=1000(system) Binder_3 expire 4 lines
07-28 09:56:18.894  1847  5224 I chatty  : uid=1000(system) Binder_7 expire 1 line
07-28 09:56:19.978 22966 22966 W ActivityThread: ClassLoader.loadClass: The class loader returned by Thread.getContextClassLoader() may fail for processes that host multiple applications. You should explicitly specify a context class loader. For example: Thread.setContextClassLoader(getClass().getClassLoader());
07-28 09:56:20.254  1847  5502 I chatty  : uid=1000(system) Binder_E expire 2 lines
07-28 09:56:20.791  1847  5484 I chatty  : uid=1000(system) Binder_D expire 1 line
07-28 09:56:34.115  1847  4541 I chatty  : uid=1000(system) ConnectivitySer expire 10 lines
07-28 09:56:38.033  1847  4628 I chatty  : uid=1000(system) Binder_4 expire 11 lines
07-28 09:56:59.925  1847  5235 I chatty  : uid=1000(system) Binder_8 expire 10 lines
07-28 09:56:59.968  1847  5331 I chatty  : uid=1000(system) Binder_C expire 12 lines
07-28 09:57:00.016  1847  5307 I chatty  : uid=1000(system) Binder_B expire 10 lines
07-28 09:57:00.018  1847  5223 I chatty  : uid=1000(system) Binder_6 expire 10 lines
07-28 09:57:01.162   287  1306 E NetlinkEvent: NetlinkEvent::FindParam(): Parameter 'TIME_NS' not found
07-28 09:57:01.162   287  1306 E NetlinkEvent: NetlinkEvent::FindParam(): Parameter 'UID' not found
07-28 09:57:04.401   287  1306 E NetlinkEvent: NetlinkEvent::FindParam(): Parameter 'TIME_NS' not found
07-28 09:57:04.401   287  1306 E NetlinkEvent: NetlinkEvent::FindParam(): Parameter 'UID' not found
07-28 09:57:16.027  1847  5502 I chatty  : uid=1000(system) Binder_E expire 6 lines
07-28 09:57:16.029  1847  5300 I chatty  : uid=1000(system) Binder_A expire 10 lines
07-28 09:57:16.051  1847  4540 I chatty  : uid=1000(system) WifiService expire 1 line
07-28 09:57:19.918  1847  2186 I chatty  : uid=1000(system) PowerManagerSer expire 10 lines
07-28 09:57:20.331  1847  2171 I chatty  : uid=1000(system) android.display expire 6 lines
07-28 09:57:31.295   287  1306 E NetlinkEvent: NetlinkEvent::FindParam(): Parameter 'TIME_NS' not found
07-28 09:57:31.295   287  1306 E NetlinkEvent: NetlinkEvent::FindParam(): Parameter 'UID' not found
07-28 09:57:36.195  1847  2129 I chatty  : uid=1000(system) android.bg expire 3 lines
07-28 09:57:42.559  1847  1871 I chatty  : uid=1000(system) Binder_1 expire 10 lines
07-28 09:57:42.608   287  1306 E NetlinkEvent: NetlinkEvent::FindParam(): Parameter 'TIME_NS' not found
07-28 09:57:42.608   287  1306 E NetlinkEvent: NetlinkEvent::FindParam(): Parameter 'UID' not found
07-28 09:57:46.055  1847  5519 I chatty  : uid=1000(system) Binder_F expire 10 lines
07-28 09:57:58.442   287  1306 E NetlinkEvent: NetlinkEvent::FindParam(): Parameter 'TIME_NS' not found
07-28 09:57:58.442   287  1306 E NetlinkEvent: NetlinkEvent::FindParam(): Parameter 'UID' not found
07-28 09:58:43.025   287  1306 E NetlinkEvent: NetlinkEvent::FindParam(): Parameter 'TIME_NS' not found
07-28 09:58:43.025   287  1306 E NetlinkEvent: NetlinkEvent::FindParam(): Parameter 'UID' not found
07-28 09:58:43.135  1847  2130 I chatty  : uid=1000(system) ActivityManager expire 12 lines
07-28 09:58:43.829  1847  5521 I chatty  : uid=1000(system) Binder_10 expire 6 lines
07-28 09:58:43.830  1847  4629 I chatty  : uid=1000(system) Binder_5 expire 10 lines
07-28 09:58:43.832  1847  1874 I chatty  : uid=1000(system) Binder_2 expire 9 lines
07-28 09:58:43.833  1847  4159 I chatty  : uid=1000(system) Binder_3 expire 9 lines
07-28 09:59:00.362   287  1306 E NetlinkEvent: NetlinkEvent::FindParam(): Parameter 'TIME_NS' not found
07-28 09:59:00.362   287  1306 E NetlinkEvent: NetlinkEvent::FindParam(): Parameter 'UID' not found
07-28 09:59:21.611 29301 29301 E ActivityThread: Performing stop of activity that is not resumed: {com.android.vending/com.google.android.finsky.activities.MainActivity}
07-28 09:59:21.611 29301 29301 E ActivityThread: java.lang.RuntimeException: Performing stop of activity that is not resumed: {com.android.vending/com.google.android.finsky.activities.MainActivity}
07-28 09:59:21.611 29301 29301 E ActivityThread: 	at android.app.ActivityThread.performStopActivityInner(ActivityThread.java:3499)
07-28 09:59:21.611 29301 29301 E ActivityThread: 	at android.app.ActivityThread.handleStopActivity(ActivityThread.java:3584)
07-28 09:59:21.611 29301 29301 E ActivityThread: 	at android.app.ActivityThread.-wrap20(ActivityThread.java)
07-28 09:59:21.611 29301 29301 E ActivityThread: 	at android.app.ActivityThread$H.handleMessage(ActivityThread.java:1392)
07-28 09:59:21.611 29301 29301 E ActivityThread: 	at android.os.Handler.dispatchMessage(Handler.java:102)
07-28 09:59:21.611 29301 29301 E ActivityThread: 	at android.os.Looper.loop(Looper.java:148)
07-28 09:59:21.611 29301 29301 E ActivityThread: 	at android.app.ActivityThread.main(ActivityThread.java:5461)
07-28 09:59:21.611 29301 29301 E ActivityThread: 	at java.lang.reflect.Method.invoke(Native Method)
07-28 09:59:21.611 29301 29301 E ActivityThread: 	at com.android.internal.os.ZygoteInit$MethodAndArgsCaller.run(ZygoteInit.java:726)
07-28 09:59:21.611 29301 29301 E ActivityThread: 	at com.android.internal.os.ZygoteInit.main(ZygoteInit.java:616)
07-28 09:59:21.611 29301 29301 E ActivityThread: 	at de.robv.android.xposed.XposedBridge.main(XposedBridge.java:102)
07-28 09:59:23.006  1847  4244 I chatty  : uid=1000(system) InputReader expire 3 lines
07-28 09:59:23.008  1847  1847 I chatty  : uid=1000 system_server expire 5 lines
07-28 09:59:23.379   287  1306 E NetlinkEvent: NetlinkEvent::FindParam(): Parameter 'TIME_NS' not found
07-28 09:59:23.379   287  1306 E NetlinkEvent: NetlinkEvent::FindParam(): Parameter 'UID' not found
07-28 09:59:24.472  1847  5296 I chatty  : uid=1000(system) Binder_9 expire 9 lines
07-28 09:59:24.957  1847  5484 I chatty  : uid=1000(system) Binder_D expire 3 lines
07-28 09:59:27.395 15436 15447 D DefContainer: Copying /data/local/tmp/dev.ukanth.iconmanager to base.apk
07-28 09:59:31.193  1847  2200 I chatty  : uid=1000(system) PackageManager expire 11 lines
07-28 09:59:32.262 25895 25895 I chatty  : uid=1000(system) org.cyanogenmod.providers.datausage expire 6 lines
07-28 09:59:32.775 25910 25910 I chatty  : uid=1000(system) com.android.keychain expire 1 line
07-28 09:59:34.653  1847  5224 I chatty  : uid=1000(system) Binder_7 expire 8 lines
07-28 09:59:34.661  5225 26032 E ActivityThread: Failed to find provider info for com.modoohut.provider.geocoder
07-28 09:59:36.831  5225 26032 E ActivityThread: Failed to find provider info for com.modoohut.provider.geocoder
07-28 09:59:38.198 26138 26152 W ActivityThread: ClassLoader.loadClass: The class loader returned by Thread.getContextClassLoader() may fail for processes that host multiple applications. You should explicitly specify a context class loader. For example: Thread.setContextClassLoader(getClass().getClassLoader());
07-28 09:59:38.373  5225 26032 E ActivityThread: Failed to find provider info for com.modoohut.provider.geocoder
07-28 09:59:39.178  1847  5235 I chatty  : uid=1000(system) Binder_8 expire 11 lines
07-28 09:59:40.818 26239 26239 W ActivityThread: ClassLoader.loadClass: The class loader returned by Thread.getContextClassLoader() may fail for processes that host multiple applications. You should explicitly specify a context class loader. For example: Thread.setContextClassLoader(getClass().getClassLoader());
07-28 10:00:00.415   287  1306 E NetlinkEvent: NetlinkEvent::FindParam(): Parameter 'TIME_NS' not found
07-28 10:00:00.416   287  1306 E NetlinkEvent: NetlinkEvent::FindParam(): Parameter 'UID' not found
07-28 10:00:31.805   287  1306 E NetlinkEvent: NetlinkEvent::FindParam(): Parameter 'TIME_NS' not found
07-28 10:00:31.805   287  1306 E NetlinkEvent: NetlinkEvent::FindParam(): Parameter 'UID' not found
07-28 10:00:50.870 29301 29301 E ActivityThread: Performing stop of activity that is not resumed: {com.android.vending/com.google.android.finsky.activities.MainActivity}
07-28 10:00:50.870 29301 29301 E ActivityThread: java.lang.RuntimeException: Performing stop of activity that is not resumed: {com.android.vending/com.google.android.finsky.activities.MainActivity}
07-28 10:00:50.870 29301 29301 E ActivityThread: 	at android.app.ActivityThread.performStopActivityInner(ActivityThread.java:3499)
07-28 10:00:50.870 29301 29301 E ActivityThread: 	at android.app.ActivityThread.handleStopActivity(ActivityThread.java:3584)
07-28 10:00:50.870 29301 29301 E ActivityThread: 	at android.app.ActivityThread.-wrap20(ActivityThread.java)
07-28 10:00:50.870 29301 29301 E ActivityThread: 	at android.app.ActivityThread$H.handleMessage(ActivityThread.java:1392)
07-28 10:00:50.870 29301 29301 E ActivityThread: 	at android.os.Handler.dispatchMessage(Handler.java:102)
07-28 10:00:50.870 29301 29301 E ActivityThread: 	at android.os.Looper.loop(Looper.java:148)
07-28 10:00:50.870 29301 29301 E ActivityThread: 	at android.app.ActivityThread.main(ActivityThread.java:5461)
07-28 10:00:50.870 29301 29301 E ActivityThread: 	at java.lang.reflect.Method.invoke(Native Method)
07-28 10:00:50.870 29301 29301 E ActivityThread: 	at com.android.internal.os.ZygoteInit$MethodAndArgsCaller.run(ZygoteInit.java:726)
07-28 10:00:50.870 29301 29301 E ActivityThread: 	at com.android.internal.os.ZygoteInit.main(ZygoteInit.java:616)
07-28 10:00:50.870 29301 29301 E ActivityThread: 	at de.robv.android.xposed.XposedBridge.main(XposedBridge.java:102)
07-28 10:00:51.350   287  1306 E NetlinkEvent: NetlinkEvent::FindParam(): Parameter 'TIME_NS' not found
07-28 10:00:51.350   287  1306 E NetlinkEvent: NetlinkEvent::FindParam(): Parameter 'UID' not found
07-28 10:00:52.218  1847  4541 I chatty  : uid=1000(system) ConnectivitySer expire 6 lines
07-28 10:00:52.450   287  1306 E NetlinkEvent: NetlinkEvent::FindParam(): Parameter 'TIME_NS' not found
07-28 10:00:52.450   287  1306 E NetlinkEvent: NetlinkEvent::FindParam(): Parameter 'UID' not found
07-28 10:00:53.344  1847  5307 I chatty  : uid=1000(system) Binder_B expire 5 lines
07-28 10:00:58.005 27458 27468 D DefContainer: Copying /data/local/tmp/dev.ukanth.iconmanager to base.apk
07-28 10:01:02.785 27548 27548 I chatty  : uid=1000(system) com.android.keychain expire 1 line
07-28 10:01:04.106  1847  5519 I chatty  : uid=1000(system) Binder_F expire 3 lines
07-28 10:01:04.477  5225 27665 E ActivityThread: Failed to find provider info for com.modoohut.provider.geocoder
07-28 10:01:06.477  5225 27665 E ActivityThread: Failed to find provider info for com.modoohut.provider.geocoder
07-28 10:01:07.744 27799 27816 W ActivityThread: ClassLoader.loadClass: The class loader returned by Thread.getContextClassLoader() may fail for processes that host multiple applications. You should explicitly specify a context class loader. For example: Thread.setContextClassLoader(getClass().getClassLoader());
07-28 10:01:07.915  5225 27665 E ActivityThread: Failed to find provider info for com.modoohut.provider.geocoder
07-28 10:01:08.068  1847  4628 I chatty  : uid=1000(system) Binder_4 expire 5 lines
07-28 10:01:08.358  1847  5235 I chatty  : uid=1000(system) Binder_8 expire 2 lines
07-28 10:01:08.782  1847  5223 I chatty  : uid=1000(system) Binder_6 expire 3 lines
07-28 10:01:09.236  1847  5331 I chatty  : uid=1000(system) Binder_C expire 1 line
07-28 10:01:09.775  1847  2186 I chatty  : uid=1000(system) PowerManagerSer expire 8 lines
07-28 10:01:10.584 27922 27922 W ActivityThread: ClassLoader.loadClass: The class loader returned by Thread.getContextClassLoader() may fail for processes that host multiple applications. You should explicitly specify a context class loader. For example: Thread.setContextClassLoader(getClass().getClassLoader());
07-28 10:01:16.933  1847  1871 I chatty  : uid=1000(system) Binder_1 expire 8 lines
07-28 10:01:33.167  1847  5223 I chatty  : uid=1000(system) Binder_6 expire 8 lines
07-28 10:01:33.174  1847  5331 I chatty  : uid=1000(system) Binder_C expire 11 lines
07-28 10:01:33.178  1847  2171 I chatty  : uid=1000(system) android.display expire 10 lines
07-28 10:01:33.487  1847  2186 I chatty  : uid=1000(system) PowerManagerSer expire 11 lines
07-28 10:01:33.909   287  1306 E NetlinkEvent: NetlinkEvent::FindParam(): Parameter 'TIME_NS' not found
07-28 10:01:33.909   287  1306 E NetlinkEvent: NetlinkEvent::FindParam(): Parameter 'UID' not found
07-28 10:01:34.637   287  1306 E NetlinkEvent: NetlinkEvent::FindParam(): Parameter 'TIME_NS' not found
07-28 10:01:34.637   287  1306 E NetlinkEvent: NetlinkEvent::FindParam(): Parameter 'UID' not found
07-28 10:01:43.042  1847  4244 I chatty  : uid=1000(system) InputReader expire 6 lines
07-28 10:01:48.078  1847  5307 I chatty  : uid=1000(system) Binder_B expire 6 lines
07-28 10:01:50.681  1847  5521 I chatty  : uid=1000(system) Binder_10 expire 13 lines
07-28 10:02:00.890  1847  5235 I chatty  : uid=1000(system) Binder_8 expire 10 lines
07-28 10:02:28.042   287  1306 E NetlinkEvent: NetlinkEvent::FindParam(): Parameter 'TIME_NS' not found
07-28 10:02:28.042   287  1306 E NetlinkEvent: NetlinkEvent::FindParam(): Parameter 'UID' not found
07-28 10:02:33.127   287  1306 E NetlinkEvent: NetlinkEvent::FindParam(): Parameter 'TIME_NS' not found
07-28 10:02:33.127   287  1306 E NetlinkEvent: NetlinkEvent::FindParam(): Parameter 'UID' not found
07-28 10:03:00.469   287  1306 E NetlinkEvent: NetlinkEvent::FindParam(): Parameter 'TIME_NS' not found
07-28 10:03:00.469   287  1306 E NetlinkEvent: NetlinkEvent::FindParam(): Parameter 'UID' not found
07-28 10:03:44.074   287  1306 E NetlinkEvent: NetlinkEvent::FindParam(): Parameter 'TIME_NS' not found
07-28 10:03:44.074   287  1306 E NetlinkEvent: NetlinkEvent::FindParam(): Parameter 'UID' not found
07-28 10:04:00.362   287  1306 E NetlinkEvent: NetlinkEvent::FindParam(): Parameter 'TIME_NS' not found
07-28 10:04:00.363   287  1306 E NetlinkEvent: NetlinkEvent::FindParam(): Parameter 'UID' not found
07-28 10:05:45.573   287  1306 E NetlinkEvent: NetlinkEvent::FindParam(): Parameter 'TIME_NS' not found
07-28 10:05:45.573   287  1306 E NetlinkEvent: NetlinkEvent::FindParam(): Parameter 'UID' not found
07-28 10:06:17.054   287  1306 E NetlinkEvent: NetlinkEvent::FindParam(): Parameter 'TIME_NS' not found
07-28 10:06:17.054   287  1306 E NetlinkEvent: NetlinkEvent::FindParam(): Parameter 'UID' not found
07-28 10:06:23.229   287  1306 E NetlinkEvent: NetlinkEvent::FindParam(): Parameter 'TIME_NS' not found
07-28 10:06:23.229   287  1306 E NetlinkEvent: NetlinkEvent::FindParam(): Parameter 'UID' not found
07-28 10:06:38.282   287  1306 E NetlinkEvent: NetlinkEvent::FindParam(): Parameter 'TIME_NS' not found
07-28 10:06:38.282   287  1306 E NetlinkEvent: NetlinkEvent::FindParam(): Parameter 'UID' not found
07-28 10:06:47.275   287  1306 E NetlinkEvent: NetlinkEvent::FindParam(): Parameter 'TIME_NS' not found
07-28 10:06:47.275   287  1306 E NetlinkEvent: NetlinkEvent::FindParam(): Parameter 'UID' not found
07-28 10:06:50.135  1847  4541 I chatty  : uid=1000(system) ConnectivitySer expire 9 lines
07-28 10:07:01.154  1847  4159 I chatty  : uid=1000(system) Binder_3 expire 10 lines
07-28 10:07:01.187  1847  5502 I chatty  : uid=1000(system) Binder_E expire 11 lines
07-28 10:07:01.253  1847  5300 I chatty  : uid=1000(system) Binder_A expire 6 lines
07-28 10:07:01.308  1847  1874 I chatty  : uid=1000(system) Binder_2 expire 10 lines
07-28 10:07:04.883  1847  2131 I chatty  : uid=1000(system) android.ui expire 1 line
07-28 10:07:05.407 13954 13954 W ViewRootImpl: Dropping event due to no window focus: MotionEvent { action=ACTION_MOVE, actionButton=0, id[0]=0, x[0]=587.8014, y[0]=1454.4911, toolType[0]=TOOL_TYPE_FINGER, buttonState=0, metaState=0, flags=0x0, edgeFlags=0x0, pointerCount=1, historySize=2, eventTime=239765283, downTime=239765247, deviceId=7, source=0x1002 }
07-28 10:07:05.423 13954 13954 W ViewRootImpl: Dropping event due to no window focus: MotionEvent { action=ACTION_MOVE, actionButton=0, id[0]=0, x[0]=601.7825, y[0]=1380.8757, toolType[0]=TOOL_TYPE_FINGER, buttonState=0, metaState=0, flags=0x0, edgeFlags=0x0, pointerCount=1, historySize=1, eventTime=239765299, downTime=239765247, deviceId=7, source=0x1002 }
07-28 10:07:05.440 13954 13954 W ViewRootImpl: Dropping event due to no window focus: MotionEvent { action=ACTION_MOVE, actionButton=0, id[0]=0, x[0]=635.4116, y[0]=1285.8302, toolType[0]=TOOL_TYPE_FINGER, buttonState=0, metaState=0, flags=0x0, edgeFlags=0x0, pointerCount=1, historySize=2, eventTime=239765316, downTime=239765247, deviceId=7, source=0x1002 }
07-28 10:07:05.457 13954 13954 W ViewRootImpl: Dropping event due to no window focus: MotionEvent { action=ACTION_MOVE, actionButton=0, id[0]=0, x[0]=697.91406, y[0]=1191.5391, toolType[0]=TOOL_TYPE_FINGER, buttonState=0, metaState=0, flags=0x0, edgeFlags=0x0, pointerCount=1, historySize=2, eventTime=239765333, downTime=239765247, deviceId=7, source=0x1002 }
07-28 10:07:05.472 13954 13954 W ViewRootImpl: Dropping event due to no window focus: MotionEvent { action=ACTION_MOVE, actionButton=0, id[0]=0, x[0]=727.32654, y[0]=1157.3972, toolType[0]=TOOL_TYPE_FINGER, buttonState=0, metaState=0, flags=0x0, edgeFlags=0x0, pointerCount=1, historySize=0, eventTime=239765342, downTime=239765247, deviceId=7, source=0x1002 }
07-28 10:07:05.472 13954 13954 W ViewRootImpl: Cancelling event due to no window focus: MotionEvent { action=ACTION_CANCEL, actionButton=0, id[0]=0, x[0]=727.32654, y[0]=1157.3972, toolType[0]=TOOL_TYPE_FINGER, buttonState=0, metaState=0, flags=0x0, edgeFlags=0x0, pointerCount=1, historySize=0, eventTime=239765352, downTime=239765247, deviceId=7, source=0x1002 }
07-28 10:07:05.472 13954 13954 W ViewRootImpl: Cancelling event due to no window focus: MotionEvent { action=ACTION_CANCEL, actionButton=0, id[0]=0, x[0]=727.32654, y[0]=1157.3972, toolType[0]=TOOL_TYPE_FINGER, buttonState=0, metaState=0, flags=0x0, edgeFlags=0x0, pointerCount=1, historySize=0, eventTime=239765352, downTime=239765247, deviceId=7, source=0x1002 }
07-28 10:07:05.472 13954 13954 W ViewRootImpl: Cancelling event due to no window focus: MotionEvent { action=ACTION_CANCEL, actionButton=0, id[0]=0, x[0]=727.32654, y[0]=1157.3972, toolType[0]=TOOL_TYPE_FINGER, buttonState=0, metaState=0, flags=0x0, edgeFlags=0x0, pointerCount=1, historySize=0, eventTime=239765352, downTime=239765247, deviceId=7, source=0x1002 }
07-28 10:07:06.553  1847  5224 I chatty  : uid=1000(system) Binder_7 expire 11 lines
07-28 10:07:06.561  1847  4628 I chatty  : uid=1000(system) Binder_4 expire 10 lines
07-28 10:07:07.729 27458 27468 D DefContainer: Copying /data/local/tmp/dev.ukanth.iconmanager to base.apk
07-28 10:07:11.359  1847  2130 I chatty  : uid=1000(system) ActivityManager expire 11 lines
07-28 10:07:11.497  1847  2200 I chatty  : uid=1000(system) PackageManager expire 10 lines
07-28 10:07:12.072  1847  1847 I chatty  : uid=1000 system_server expire 4 lines
07-28 10:07:12.104 25895 25895 I chatty  : uid=1000(system) org.cyanogenmod.providers.datausage expire 7 lines
07-28 10:07:12.467  1847  2129 I chatty  : uid=1000(system) android.bg expire 2 lines
07-28 10:07:12.560 32520 32520 I chatty  : uid=1000(system) com.android.keychain expire 1 line
07-28 10:07:12.588  1847  5519 I chatty  : uid=1000(system) Binder_F expire 7 lines
07-28 10:07:12.863  1847  5296 I chatty  : uid=1000(system) Binder_9 expire 10 lines
07-28 10:07:14.414  5225 32639 E ActivityThread: Failed to find provider info for com.modoohut.provider.geocoder
07-28 10:07:16.484  5225 32639 E ActivityThread: Failed to find provider info for com.modoohut.provider.geocoder
07-28 10:07:17.744 32755   301 W ActivityThread: ClassLoader.loadClass: The class loader returned by Thread.getContextClassLoader() may fail for processes that host multiple applications. You should explicitly specify a context class loader. For example: Thread.setContextClassLoader(getClass().getClassLoader());
07-28 10:07:17.959  5225 32639 E ActivityThread: Failed to find provider info for com.modoohut.provider.geocoder
07-28 10:07:19.333 32555 32555 W ViewRootImpl: Dropping event due to root view being removed: MotionEvent { action=ACTION_MOVE, actionButton=0, id[0]=0, x[0]=454.50787, y[0]=811.192, toolType[0]=TOOL_TYPE_FINGER, buttonState=0, metaState=0, flags=0x0, edgeFlags=0x0, pointerCount=1, historySize=0, eventTime=239779198, downTime=239779177, deviceId=7, source=0x1002 }
07-28 10:07:20.396   450   450 W ActivityThread: ClassLoader.loadClass: The class loader returned by Thread.getContextClassLoader() may fail for processes that host multiple applications. You should explicitly specify a context class loader. For example: Thread.setContextClassLoader(getClass().getClassLoader());
07-28 10:07:20.516  1847  4629 I chatty  : uid=1000(system) Binder_5 expire 10 lines
07-28 10:07:34.799  1847  2186 I chatty  : uid=1000(system) PowerManagerSer expire 10 lines
07-28 10:07:36.352  1847  5484 I chatty  : uid=1000(system) Binder_D expire 6 lines
07-28 10:07:36.523 29301 29301 E ActivityThread: Performing stop of activity that is not resumed: {com.android.vending/com.google.android.finsky.activities.MainActivity}
07-28 10:07:36.523 29301 29301 E ActivityThread: java.lang.RuntimeException: Performing stop of activity that is not resumed: {com.android.vending/com.google.android.finsky.activities.MainActivity}
07-28 10:07:36.523 29301 29301 E ActivityThread: 	at android.app.ActivityThread.performStopActivityInner(ActivityThread.java:3499)
07-28 10:07:36.523 29301 29301 E ActivityThread: 	at android.app.ActivityThread.handleStopActivity(ActivityThread.java:3584)
07-28 10:07:36.523 29301 29301 E ActivityThread: 	at android.app.ActivityThread.-wrap20(ActivityThread.java)
07-28 10:07:36.523 29301 29301 E ActivityThread: 	at android.app.ActivityThread$H.handleMessage(ActivityThread.java:1392)
07-28 10:07:36.523 29301 29301 E ActivityThread: 	at android.os.Handler.dispatchMessage(Handler.java:102)
07-28 10:07:36.523 29301 29301 E ActivityThread: 	at android.os.Looper.loop(Looper.java:148)
07-28 10:07:36.523 29301 29301 E ActivityThread: 	at android.app.ActivityThread.main(ActivityThread.java:5461)
07-28 10:07:36.523 29301 29301 E ActivityThread: 	at java.lang.reflect.Method.invoke(Native Method)
07-28 10:07:36.523 29301 29301 E ActivityThread: 	at com.android.internal.os.ZygoteInit$MethodAndArgsCaller.run(ZygoteInit.java:726)
07-28 10:07:36.523 29301 29301 E ActivityThread: 	at com.android.internal.os.ZygoteInit.main(ZygoteInit.java:616)
07-28 10:07:36.523 29301 29301 E ActivityThread: 	at de.robv.android.xposed.XposedBridge.main(XposedBridge.java:102)
07-28 10:07:39.962  1847  1874 I chatty  : uid=1000(system) Binder_2 expire 4 lines
07-28 10:07:41.836  1847  4159 I chatty  : uid=1000(system) Binder_3 expire 3 lines
07-28 10:07:42.275 27458 27470 D DefContainer: Copying /data/local/tmp/dev.ukanth.iconmanager to base.apk
07-28 10:07:47.094  1054  1054 I chatty  : uid=1000(system) com.android.keychain expire 1 line
07-28 10:07:48.448  1847  5224 I chatty  : uid=1000(system) Binder_7 expire 5 lines
07-28 10:07:48.991  5225  1224 E ActivityThread: Failed to find provider info for com.modoohut.provider.geocoder
07-28 10:07:51.031  5225  1224 E ActivityThread: Failed to find provider info for com.modoohut.provider.geocoder
07-28 10:07:52.300  1348  1364 W ActivityThread: ClassLoader.loadClass: The class loader returned by Thread.getContextClassLoader() may fail for processes that host multiple applications. You should explicitly specify a context class loader. For example: Thread.setContextClassLoader(getClass().getClassLoader());
07-28 10:07:52.516  1847  5502 I chatty  : uid=1000(system) Binder_E expire 2 lines
07-28 10:07:52.543  5225  1224 E ActivityThread: Failed to find provider info for com.modoohut.provider.geocoder
07-28 10:07:53.381  1847  4629 I chatty  : uid=1000(system) Binder_5 expire 5 lines
07-28 10:07:55.031  1452  1452 W ActivityThread: ClassLoader.loadClass: The class loader returned by Thread.getContextClassLoader() may fail for processes that host multiple applications. You should explicitly specify a context class loader. For example: Thread.setContextClassLoader(getClass().getClassLoader());
07-28 10:08:17.868  1847  5235 I chatty  : uid=1000(system) Binder_8 expire 2 lines
07-28 10:08:33.215   287  1306 E NetlinkEvent: NetlinkEvent::FindParam(): Parameter 'TIME_NS' not found
07-28 10:08:33.215   287  1306 E NetlinkEvent: NetlinkEvent::FindParam(): Parameter 'UID' not found
07-28 10:08:46.477  1847  2186 I chatty  : uid=1000(system) PowerManagerSer expire 2 lines
07-28 10:08:46.746   287  1306 E NetlinkEvent: NetlinkEvent::FindParam(): Parameter 'TIME_NS' not found
07-28 10:08:46.746   287  1306 E NetlinkEvent: NetlinkEvent::FindParam(): Parameter 'UID' not found
07-28 10:09:43.161  1847  2200 I chatty  : uid=1000(system) PackageManager expire 2 lines
07-28 10:09:43.873  3521  3521 I chatty  : uid=1000(system) com.android.keychain expire 1 line
07-28 10:09:43.893  1847  1871 I chatty  : uid=1000(system) Binder_1 expire 10 lines
07-28 10:09:43.901  1847  4541 I chatty  : uid=1000(system) ConnectivitySer expire 7 lines
07-28 10:09:43.938  1847  5300 I chatty  : uid=1000(system) Binder_A expire 7 lines
07-28 10:09:43.940  1847  5331 I chatty  : uid=1000(system) Binder_C expire 8 lines
07-28 10:09:43.949  1847  5235 I chatty  : uid=1000(system) Binder_8 expire 10 lines
07-28 10:09:44.101  1847  4628 I chatty  : uid=1000(system) Binder_4 expire 7 lines
07-28 10:09:44.669  1847  4159 I chatty  : uid=1000(system) Binder_3 expire 10 lines
07-28 10:09:45.121  1847  5502 I chatty  : uid=1000(system) Binder_E expire 11 lines
07-28 10:09:45.184  1847  5521 I chatty  : uid=1000(system) Binder_10 expire 9 lines
07-28 10:09:45.211  1847  4629 I chatty  : uid=1000(system) Binder_5 expire 10 lines
07-28 10:09:45.595  1847  1874 I chatty  : uid=1000(system) Binder_2 expire 11 lines
07-28 10:09:45.607  1847  5223 I chatty  : uid=1000(system) Binder_6 expire 10 lines
07-28 10:09:45.613  5225  3626 E ActivityThread: Failed to find provider info for com.modoohut.provider.geocoder
07-28 10:09:46.668 25895 25895 I chatty  : uid=1000(system) org.cyanogenmod.providers.datausage expire 11 lines
07-28 10:09:46.717  1847  1847 I chatty  : uid=1000 system_server expire 10 lines
07-28 10:09:46.816  1847  5519 I chatty  : uid=1000(system) Binder_F expire 10 lines
07-28 10:09:46.921  1847  5296 I chatty  : uid=1000(system) Binder_9 expire 10 lines
07-28 10:09:46.970  1847  5307 I chatty  : uid=1000(system) Binder_B expire 11 lines
07-28 10:09:47.189  1847  5224 I chatty  : uid=1000(system) Binder_7 expire 7 lines
07-28 10:09:48.468  3815  3815 W ActivityThread: ClassLoader.loadClass: The class loader returned by Thread.getContextClassLoader() may fail for processes that host multiple applications. You should explicitly specify a context class loader. For example: Thread.setContextClassLoader(getClass().getClassLoader());
07-28 10:10:01.823  1847  2186 I chatty  : uid=1000(system) PowerManagerSer expire 6 lines
07-28 10:10:02.202  1847  2171 I chatty  : uid=1000(system) android.display expire 2 lines
07-28 10:10:03.775   287  1306 E NetlinkEvent: NetlinkEvent::FindParam(): Parameter 'TIME_NS' not found
07-28 10:10:03.775   287  1306 E NetlinkEvent: NetlinkEvent::FindParam(): Parameter 'UID' not found
07-28 10:10:07.280  1847  2130 I chatty  : uid=1000(system) ActivityManager expire 10 lines
07-28 10:10:07.337  1847  4227 I chatty  : uid=1000(system) AlarmManager expire 1 line
07-28 10:10:07.930   287  1306 E NetlinkEvent: NetlinkEvent::FindParam(): Parameter 'TIME_NS' not found
07-28 10:10:07.930   287  1306 E NetlinkEvent: NetlinkEvent::FindParam(): Parameter 'UID' not found
07-28 10:10:07.993  4289  4289 W ActivityThread: ClassLoader.loadClass: The class loader returned by Thread.getContextClassLoader() may fail for processes that host multiple applications. You should explicitly specify a context class loader. For example: Thread.setContextClassLoader(getClass().getClassLoader());
07-28 10:10:08.299  1847  5484 I chatty  : uid=1000(system) Binder_D expire 10 lines
07-28 10:10:09.999  4412  4412 W ActivityThread: ClassLoader.loadClass: The class loader returned by Thread.getContextClassLoader() may fail for processes that host multiple applications. You should explicitly specify a context class loader. For example: Thread.setContextClassLoader(getClass().getClassLoader());
07-28 10:10:28.415   287  1306 E NetlinkEvent: NetlinkEvent::FindParam(): Parameter 'TIME_NS' not found
07-28 10:10:28.416   287  1306 E NetlinkEvent: NetlinkEvent::FindParam(): Parameter 'UID' not found
07-28 10:14:03.423   287  1306 E NetlinkEvent: NetlinkEvent::FindParam(): Parameter 'TIME_NS' not found
07-28 10:14:03.423   287  1306 E NetlinkEvent: NetlinkEvent::FindParam(): Parameter 'UID' not found
07-28 10:14:14.806 29301 29301 E ActivityThread: Performing stop of activity that is not resumed: {com.android.vending/com.google.android.finsky.activities.MainActivity}
07-28 10:14:14.806 29301 29301 E ActivityThread: java.lang.RuntimeException: Performing stop of activity that is not resumed: {com.android.vending/com.google.android.finsky.activities.MainActivity}
07-28 10:14:14.806 29301 29301 E ActivityThread: 	at android.app.ActivityThread.performStopActivityInner(ActivityThread.java:3499)
07-28 10:14:14.806 29301 29301 E ActivityThread: 	at android.app.ActivityThread.handleStopActivity(ActivityThread.java:3584)
07-28 10:14:14.806 29301 29301 E ActivityThread: 	at android.app.ActivityThread.-wrap20(ActivityThread.java)
07-28 10:14:14.806 29301 29301 E ActivityThread: 	at android.app.ActivityThread$H.handleMessage(ActivityThread.java:1392)
07-28 10:14:14.806 29301 29301 E ActivityThread: 	at android.os.Handler.dispatchMessage(Handler.java:102)
07-28 10:14:14.806 29301 29301 E ActivityThread: 	at android.os.Looper.loop(Looper.java:148)
07-28 10:14:14.806 29301 29301 E ActivityThread: 	at android.app.ActivityThread.main(ActivityThread.java:5461)
07-28 10:14:14.806 29301 29301 E ActivityThread: 	at java.lang.reflect.Method.invoke(Native Method)
07-28 10:14:14.806 29301 29301 E ActivityThread: 	at com.android.internal.os.ZygoteInit$MethodAndArgsCaller.run(ZygoteInit.java:726)
07-28 10:14:14.806 29301 29301 E ActivityThread: 	at com.android.internal.os.ZygoteInit.main(ZygoteInit.java:616)
07-28 10:14:14.806 29301 29301 E ActivityThread: 	at de.robv.android.xposed.XposedBridge.main(XposedBridge.java:102)
07-28 10:14:16.294  1847  4244 I chatty  : uid=1000(system) InputReader expire 1 line
07-28 10:14:20.567  1847  2200 I chatty  : uid=1000(system) PackageManager expire 11 lines
07-28 10:14:20.875  7626  7636 D DefContainer: Copying /data/local/tmp/dev.ukanth.iconmanager to base.apk
07-28 10:14:25.827  1847  2129 I chatty  : uid=1000(system) android.bg expire 1 line
07-28 10:14:25.951  7715  7731 W ActivityThread: ClassLoader.loadClass: The class loader returned by Thread.getContextClassLoader() may fail for processes that host multiple applications. You should explicitly specify a context class loader. For example: Thread.setContextClassLoader(getClass().getClassLoader());
07-28 10:14:26.537  7741  7741 W ActivityThread: ClassLoader.loadClass: The class loader returned by Thread.getContextClassLoader() may fail for processes that host multiple applications. You should explicitly specify a context class loader. For example: Thread.setContextClassLoader(getClass().getClassLoader());
07-28 10:14:26.652  7771  7771 I chatty  : uid=1000(system) com.android.keychain expire 1 line
07-28 10:14:28.544  5225  7925 E ActivityThread: Failed to find provider info for com.modoohut.provider.geocoder
07-28 10:14:30.224  1847  4159 I chatty  : uid=1000(system) Binder_3 expire 5 lines
07-28 10:14:31.882  5225  7925 E ActivityThread: Failed to find provider info for com.modoohut.provider.geocoder
07-28 10:14:33.068  1847  5296 I chatty  : uid=1000(system) Binder_9 expire 8 lines
07-28 10:14:33.346  8118  8137 W ActivityThread: ClassLoader.loadClass: The class loader returned by Thread.getContextClassLoader() may fail for processes that host multiple applications. You should explicitly specify a context class loader. For example: Thread.setContextClassLoader(getClass().getClassLoader());
07-28 10:14:33.533  5225  7925 E ActivityThread: Failed to find provider info for com.modoohut.provider.geocoder
07-28 10:14:36.120  8249  8249 W ActivityThread: ClassLoader.loadClass: The class loader returned by Thread.getContextClassLoader() may fail for processes that host multiple applications. You should explicitly specify a context class loader. For example: Thread.setContextClassLoader(getClass().getClassLoader());
07-28 10:14:36.706  1847  5502 I chatty  : uid=1000(system) Binder_E expire 4 lines
07-28 10:14:37.355  8354  8354 I chatty  : uid=1000(system) com.android.keychain expire 4 lines
07-28 10:14:38.071  5225  7925 E ActivityThread: Failed to find provider info for com.modoohut.provider.geocoder
07-28 10:14:39.257  1847  5223 I chatty  : uid=1000(system) Binder_6 expire 3 lines
07-28 10:14:39.372  1847  5307 I chatty  : uid=1000(system) Binder_B expire 4 lines
07-28 10:14:42.529  7752  7752 W ViewRootImpl: Dropping event due to root view being removed: MotionEvent { action=ACTION_MOVE, actionButton=0, id[0]=0, x[0]=525.4422, y[0]=1117.1317, toolType[0]=TOOL_TYPE_FINGER, buttonState=0, metaState=0, flags=0x0, edgeFlags=0x0, pointerCount=1, historySize=0, eventTime=240222397, downTime=240222376, deviceId=7, source=0x1002 }
07-28 10:14:45.599  1847  2130 I chatty  : uid=1000(system) ActivityManager expire 4 lines
07-28 10:14:46.594  1847  1874 I chatty  : uid=1000(system) Binder_2 expire 3 lines
07-28 10:14:47.102  5225  7925 E ActivityThread: Failed to find provider info for com.modoohut.provider.geocoder
07-28 10:14:53.588   287  1306 E NetlinkEvent: NetlinkEvent::FindParam(): Parameter 'TIME_NS' not found
07-28 10:14:53.588   287  1306 E NetlinkEvent: NetlinkEvent::FindParam(): Parameter 'UID' not found
07-28 10:14:55.584  1847  2200 I chatty  : uid=1000(system) PackageManager expire 4 lines
07-28 10:14:55.958  1847  1871 I chatty  : uid=1000(system) Binder_1 expire 1 line
07-28 10:14:56.587  5225  7925 E ActivityThread: Failed to find provider info for com.modoohut.provider.geocoder
07-28 10:14:56.634   287  1306 E NetlinkEvent: NetlinkEvent::FindParam(): Parameter 'TIME_NS' not found
07-28 10:14:56.634   287  1306 E NetlinkEvent: NetlinkEvent::FindParam(): Parameter 'UID' not found
07-28 10:14:59.216  1847  1847 I chatty  : uid=1000 system_server expire 2 lines
07-28 10:15:06.690  5225  7925 E ActivityThread: Failed to find provider info for com.modoohut.provider.geocoder
07-28 10:15:07.607 25895 25895 I chatty  : uid=1000(system) org.cyanogenmod.providers.datausage expire 10 lines
07-28 10:15:07.674  1847  4541 I chatty  : uid=1000(system) ConnectivitySer expire 12 lines
07-28 10:15:11.749  1847  5331 I chatty  : uid=1000(system) Binder_C expire 12 lines
07-28 10:15:12.545  1847  5484 I chatty  : uid=1000(system) Binder_D expire 10 lines
07-28 10:15:12.625  1847  2130 I chatty  : uid=1000(system) ActivityManager expire 12 lines
07-28 10:15:13.001  1847  2200 I chatty  : uid=1000(system) PackageManager expire 10 lines
07-28 10:15:13.226  8354  8354 I chatty  : uid=1000(system) com.android.keychain expire 6 lines
07-28 10:15:13.239  1847  4159 I chatty  : uid=1000(system) Binder_3 expire 10 lines
07-28 10:15:13.239  1847  5307 I chatty  : uid=1000(system) Binder_B expire 9 lines
07-28 10:15:13.247  1847  1847 I chatty  : uid=1000 system_server expire 9 lines
07-28 10:15:13.311  1847  4629 I chatty  : uid=1000(system) Binder_5 expire 9 lines
07-28 10:15:13.996  5225  7925 E ActivityThread: Failed to find provider info for com.modoohut.provider.geocoder
07-28 10:15:18.325  1847  5296 I chatty  : uid=1000(system) Binder_9 expire 9 lines
07-28 10:15:19.751  1847  5300 I chatty  : uid=1000(system) Binder_A expire 2 lines
07-28 10:15:19.753  1847  5223 I chatty  : uid=1000(system) Binder_6 expire 11 lines
07-28 10:15:19.829  1847  1871 I chatty  : uid=1000(system) Binder_1 expire 11 lines
07-28 10:15:20.504  5225  7925 E ActivityThread: Failed to find provider info for com.modoohut.provider.geocoder
07-28 10:15:23.198  1847  5224 I chatty  : uid=1000(system) Binder_7 expire 11 lines
07-28 10:15:25.666  5225  7925 E ActivityThread: Failed to find provider info for com.modoohut.provider.geocoder
07-28 10:15:28.947  1847  5502 I chatty  : uid=1000(system) Binder_E expire 8 lines
07-28 10:15:31.063  5225  7925 E ActivityThread: Failed to find provider info for com.modoohut.provider.geocoder
07-28 10:15:35.004  1847  5519 I chatty  : uid=1000(system) Binder_F expire 10 lines
07-28 10:15:35.750  5225  7925 E ActivityThread: Failed to find provider info for com.modoohut.provider.geocoder
07-28 10:15:36.712 25895 25895 I chatty  : uid=1000(system) org.cyanogenmod.providers.datausage expire 6 lines
07-28 10:15:43.355 10257 10257 W ActivityThread: ClassLoader.loadClass: The class loader returned by Thread.getContextClassLoader() may fail for processes that host multiple applications. You should explicitly specify a context class loader. For example: Thread.setContextClassLoader(getClass().getClassLoader());
07-28 10:16:11.467  1847  2186 I chatty  : uid=1000(system) PowerManagerSer expire 10 lines
07-28 10:16:11.895  1847  2171 I chatty  : uid=1000(system) android.display expire 4 lines
07-28 10:16:16.925  1847  1874 I chatty  : uid=1000(system) Binder_2 expire 10 lines
07-28 10:16:17.045 10820 10820 W ActivityThread: ClassLoader.loadClass: The class loader returned by Thread.getContextClassLoader() may fail for processes that host multiple applications. You should explicitly specify a context class loader. For example: Thread.setContextClassLoader(getClass().getClassLoader());
07-28 10:16:19.883   287  1306 E NetlinkEvent: NetlinkEvent::FindParam(): Parameter 'TIME_NS' not found
07-28 10:16:19.883   287  1306 E NetlinkEvent: NetlinkEvent::FindParam(): Parameter 'UID' not found
07-28 10:17:53.695   287  1306 E NetlinkEvent: NetlinkEvent::FindParam(): Parameter 'TIME_NS' not found
07-28 10:17:53.695   287  1306 E NetlinkEvent: NetlinkEvent::FindParam(): Parameter 'UID' not found
07-28 10:18:01.723  1847  4628 I chatty  : uid=1000(system) Binder_4 expire 8 lines
07-28 10:18:02.269  1847  5521 I chatty  : uid=1000(system) Binder_10 expire 7 lines
07-28 10:18:02.277  1847  5235 I chatty  : uid=1000(system) Binder_8 expire 8 lines
07-28 10:18:08.418  1847  2200 I chatty  : uid=1000(system) PackageManager expire 11 lines
07-28 10:18:08.783 11386 11396 D DefContainer: Copying /data/local/tmp/dev.ukanth.iconmanager to base.apk
07-28 10:18:08.886  1847  4244 I chatty  : uid=1000(system) InputReader expire 2 lines
07-28 10:18:14.014  1847  2129 I chatty  : uid=1000(system) android.bg expire 2 lines
07-28 10:18:14.351 11551 11565 W ActivityThread: ClassLoader.loadClass: The class loader returned by Thread.getContextClassLoader() may fail for processes that host multiple applications. You should explicitly specify a context class loader. For example: Thread.setContextClassLoader(getClass().getClassLoader());
07-28 10:18:14.894 11575 11575 W ActivityThread: ClassLoader.loadClass: The class loader returned by Thread.getContextClassLoader() may fail for processes that host multiple applications. You should explicitly specify a context class loader. For example: Thread.setContextClassLoader(getClass().getClassLoader());
07-28 10:18:15.862  5225 11648 E ActivityThread: Failed to find provider info for com.modoohut.provider.geocoder
07-28 10:18:17.933  5225 11648 E ActivityThread: Failed to find provider info for com.modoohut.provider.geocoder
07-28 10:18:19.261 11798 11822 W ActivityThread: ClassLoader.loadClass: The class loader returned by Thread.getContextClassLoader() may fail for processes that host multiple applications. You should explicitly specify a context class loader. For example: Thread.setContextClassLoader(getClass().getClassLoader());
07-28 10:18:19.544  5225 11648 E ActivityThread: Failed to find provider info for com.modoohut.provider.geocoder
07-28 10:18:20.817  1847  1871 I chatty  : uid=1000(system) Binder_1 expire 2 lines
07-28 10:18:24.033  1847  4541 I chatty  : uid=1000(system) ConnectivitySer expire 2 lines
07-28 10:18:50.145   287  1306 E NetlinkEvent: NetlinkEvent::FindParam(): Parameter 'TIME_NS' not found
07-28 10:18:50.146   287  1306 E NetlinkEvent: NetlinkEvent::FindParam(): Parameter 'UID' not found
07-28 10:18:55.687   287  1306 E NetlinkEvent: NetlinkEvent::FindParam(): Parameter 'TIME_NS' not found
07-28 10:18:55.687   287  1306 E NetlinkEvent: NetlinkEvent::FindParam(): Parameter 'UID' not found
07-28 10:19:10.785   287  1306 E NetlinkEvent: NetlinkEvent::FindParam(): Parameter 'TIME_NS' not found
07-28 10:19:10.785   287  1306 E NetlinkEvent: NetlinkEvent::FindParam(): Parameter 'UID' not found
07-28 10:19:29.036  1847  2130 I chatty  : uid=1000(system) ActivityManager expire 5 lines
07-28 10:19:38.714  1847  4159 I chatty  : uid=1000(system) Binder_3 expire 2 lines
07-28 10:19:42.655 11386 11397 D DefContainer: Copying /data/local/tmp/dev.ukanth.iconmanager to base.apk
07-28 10:19:45.311   287  1306 E NetlinkEvent: NetlinkEvent::FindParam(): Parameter 'TIME_NS' not found
07-28 10:19:45.311   287  1306 E NetlinkEvent: NetlinkEvent::FindParam(): Parameter 'UID' not found
07-28 10:19:47.618 13233 13233 I chatty  : uid=1000(system) com.android.keychain expire 1 line
07-28 10:19:48.899  5225 13318 E ActivityThread: Failed to find provider info for com.modoohut.provider.geocoder
07-28 10:19:49.445  1847  5484 I chatty  : uid=1000(system) Binder_D expire 3 lines
07-28 10:19:49.521  1847  5331 I chatty  : uid=1000(system) Binder_C expire 1 line
07-28 10:19:51.110  5225 13318 E ActivityThread: Failed to find provider info for com.modoohut.provider.geocoder
07-28 10:19:51.158  1847  5223 I chatty  : uid=1000(system) Binder_6 expire 10 lines
07-28 10:19:52.059 25895 25895 I chatty  : uid=1000(system) org.cyanogenmod.providers.datausage expire 4 lines
07-28 10:19:52.124  1847  4629 I chatty  : uid=1000(system) Binder_5 expire 7 lines
07-28 10:19:52.391 13472 13495 W ActivityThread: ClassLoader.loadClass: The class loader returned by Thread.getContextClassLoader() may fail for processes that host multiple applications. You should explicitly specify a context class loader. For example: Thread.setContextClassLoader(getClass().getClassLoader());
07-28 10:19:52.588  5225 13318 E ActivityThread: Failed to find provider info for com.modoohut.provider.geocoder
07-28 10:19:52.606  1847  5296 I chatty  : uid=1000(system) Binder_9 expire 11 lines
07-28 10:19:52.738  1847  5484 I chatty  : uid=1000(system) Binder_D expire 6 lines
07-28 10:19:52.798  1847  5519 I chatty  : uid=1000(system) Binder_F expire 14 lines
07-28 10:19:53.049  1847  5331 I chatty  : uid=1000(system) Binder_C expire 14 lines
07-28 10:19:53.486  1847  5502 I chatty  : uid=1000(system) Binder_E expire 12 lines
07-28 10:19:53.813  1847  1874 I chatty  : uid=1000(system) Binder_2 expire 6 lines
07-28 10:19:53.849  1847  4159 I chatty  : uid=1000(system) Binder_3 expire 14 lines
07-28 10:19:53.966  1847  5521 I chatty  : uid=1000(system) Binder_10 expire 11 lines
07-28 10:19:54.472  1847  4628 I chatty  : uid=1000(system) Binder_4 expire 7 lines
07-28 10:19:55.031 13604 13604 W ActivityThread: ClassLoader.loadClass: The class loader returned by Thread.getContextClassLoader() may fail for processes that host multiple applications. You should explicitly specify a context class loader. For example: Thread.setContextClassLoader(getClass().getClassLoader());
07-28 10:19:55.175  1847  5300 I chatty  : uid=1000(system) Binder_A expire 11 lines
07-28 10:20:00.532  1847  2186 I chatty  : uid=1000(system) PowerManagerSer expire 13 lines
07-28 10:20:00.993  1847  2171 I chatty  : uid=1000(system) android.display expire 5 lines
07-28 10:20:04.758  1847  1871 I chatty  : uid=1000(system) Binder_1 expire 10 lines
07-28 10:20:04.792 29301 29301 E ActivityThread: Performing stop of activity that is not resumed: {com.android.vending/com.google.android.finsky.activities.MainActivity}
07-28 10:20:04.792 29301 29301 E ActivityThread: java.lang.RuntimeException: Performing stop of activity that is not resumed: {com.android.vending/com.google.android.finsky.activities.MainActivity}
07-28 10:20:04.792 29301 29301 E ActivityThread: 	at android.app.ActivityThread.performStopActivityInner(ActivityThread.java:3499)
07-28 10:20:04.792 29301 29301 E ActivityThread: 	at android.app.ActivityThread.handleStopActivity(ActivityThread.java:3584)
07-28 10:20:04.792 29301 29301 E ActivityThread: 	at android.app.ActivityThread.-wrap20(ActivityThread.java)
07-28 10:20:04.792 29301 29301 E ActivityThread: 	at android.app.ActivityThread$H.handleMessage(ActivityThread.java:1392)
07-28 10:20:04.792 29301 29301 E ActivityThread: 	at android.os.Handler.dispatchMessage(Handler.java:102)
07-28 10:20:04.792 29301 29301 E ActivityThread: 	at android.os.Looper.loop(Looper.java:148)
07-28 10:20:04.792 29301 29301 E ActivityThread: 	at android.app.ActivityThread.main(ActivityThread.java:5461)
07-28 10:20:04.792 29301 29301 E ActivityThread: 	at java.lang.reflect.Method.invoke(Native Method)
07-28 10:20:04.792 29301 29301 E ActivityThread: 	at com.android.internal.os.ZygoteInit$MethodAndArgsCaller.run(ZygoteInit.java:726)
07-28 10:20:04.792 29301 29301 E ActivityThread: 	at com.android.internal.os.ZygoteInit.main(ZygoteInit.java:616)
07-28 10:20:04.792 29301 29301 E ActivityThread: 	at de.robv.android.xposed.XposedBridge.main(XposedBridge.java:102)
07-28 10:20:06.875  1847  4244 I chatty  : uid=1000(system) InputReader expire 2 lines
07-28 10:20:06.876  1847  1847 I chatty  : uid=1000 system_server expire 7 lines
07-28 10:20:07.933  1847  5235 I chatty  : uid=1000(system) Binder_8 expire 7 lines
07-28 10:20:10.952 11386 11396 D DefContainer: Copying /data/local/tmp/dev.ukanth.iconmanager to base.apk
07-28 10:20:14.706  1847  2130 I chatty  : uid=1000(system) ActivityManager expire 20 lines
07-28 10:20:14.879  1847  2200 I chatty  : uid=1000(system) PackageManager expire 11 lines
07-28 10:20:15.805  1847  2129 I chatty  : uid=1000(system) android.bg expire 4 lines
07-28 10:20:15.849 14187 14187 I chatty  : uid=1000(system) com.android.keychain expire 1 line
07-28 10:20:15.921  1847  5307 I chatty  : uid=1000(system) Binder_B expire 10 lines
07-28 10:20:17.235  1847  5224 I chatty  : uid=1000(system) Binder_7 expire 11 lines
07-28 10:20:17.688  5225 13318 E ActivityThread: Failed to find provider info for com.modoohut.provider.geocoder
07-28 10:20:19.913  5225 13318 E ActivityThread: Failed to find provider info for com.modoohut.provider.geocoder
07-28 10:20:21.375 14449 14492 W ActivityThread: ClassLoader.loadClass: The class loader returned by Thread.getContextClassLoader() may fail for processes that host multiple applications. You should explicitly specify a context class loader. For example: Thread.setContextClassLoader(getClass().getClassLoader());
07-28 10:20:21.535  5225 13318 E ActivityThread: Failed to find provider info for com.modoohut.provider.geocoder
07-28 10:20:23.056 14592 14592 W ActivityThread: ClassLoader.loadClass: The class loader returned by Thread.getContextClassLoader() may fail for processes that host multiple applications. You should explicitly specify a context class loader. For example: Thread.setContextClassLoader(getClass().getClassLoader());
07-28 10:20:24.106  1847  5296 I chatty  : uid=1000(system) Binder_9 expire 4 lines
07-28 10:20:24.267 14650 14650 W ActivityThread: ClassLoader.loadClass: The class loader returned by Thread.getContextClassLoader() may fail for processes that host multiple applications. You should explicitly specify a context class loader. For example: Thread.setContextClassLoader(getClass().getClassLoader());
07-28 10:20:25.502  1847  4541 I chatty  : uid=1000(system) ConnectivitySer expire 8 lines
07-28 10:30:01.594  1847  4540 I chatty  : uid=1000(system) WifiService expire 3 lines
07-28 10:31:55.230 16338 16338 D ActivityThread: Loading provider com.whatsapp.provider.contact: com.whatsapp.contact.ContactProvider
07-28 10:31:56.074  1847  4159 I chatty  : uid=1000(system) Binder_3 expire 3 lines
07-28 10:31:56.105  1847  5331 I chatty  : uid=1000(system) Binder_C expire 2 lines
07-28 10:32:00.337  1847  5521 I chatty  : uid=1000(system) Binder_10 expire 1 line
07-28 10:32:00.606 16620 16620 W ActivityThread: ClassLoader.loadClass: The class loader returned by Thread.getContextClassLoader() may fail for processes that host multiple applications. You should explicitly specify a context class loader. For example: Thread.setContextClassLoader(getClass().getClassLoader());
07-28 10:32:54.283 16546 16564 W ActivityThread: ClassLoader.loadClass: The class loader returned by Thread.getContextClassLoader() may fail for processes that host multiple applications. You should explicitly specify a context class loader. For example: Thread.setContextClassLoader(getClass().getClassLoader());
07-28 10:32:54.530  1847  1871 I chatty  : uid=1000(system) Binder_1 expire 3 lines
07-28 10:33:53.626 16982 16993 D DefContainer: Copying /data/local/tmp/dev.ukanth.iconmanager to base.apk
07-28 10:33:58.873 17159 17159 I chatty  : uid=1000(system) org.cyanogenmod.providers.datausage expire 1 line
07-28 10:33:58.991  1847  5223 I chatty  : uid=1000(system) Binder_6 expire 2 lines
07-28 10:33:59.422 17178 17178 I chatty  : uid=1000(system) com.android.keychain expire 1 line
07-28 10:34:01.257  5225 17343 E ActivityThread: Failed to find provider info for com.modoohut.provider.geocoder
07-28 10:34:01.732  1847  5235 I chatty  : uid=1000(system) Binder_8 expire 10 lines
07-28 10:34:02.316  1847  5296 I chatty  : uid=1000(system) Binder_9 expire 10 lines
07-28 10:34:02.338  1847  1871 I chatty  : uid=1000(system) Binder_1 expire 8 lines
07-28 10:34:03.302  1847  4540 I chatty  : uid=1000(system) WifiService expire 4 lines
07-28 10:34:03.452  1847  5223 I chatty  : uid=1000(system) Binder_6 expire 12 lines
07-28 10:34:03.478 17159 17159 I chatty  : uid=1000(system) org.cyanogenmod.providers.datausage expire 5 lines
07-28 10:34:03.714  1847  5484 I chatty  : uid=1000(system) Binder_D expire 12 lines
07-28 10:34:03.796  1847  1874 I chatty  : uid=1000(system) Binder_2 expire 11 lines
07-28 10:34:03.843  1847  5307 I chatty  : uid=1000(system) Binder_B expire 10 lines
07-28 10:34:03.867  1847  4628 I chatty  : uid=1000(system) Binder_4 expire 11 lines
07-28 10:34:03.885  1847  5519 I chatty  : uid=1000(system) Binder_F expire 10 lines
07-28 10:34:04.171  1847  5300 I chatty  : uid=1000(system) Binder_A expire 10 lines
07-28 10:34:04.171  1847  4541 I chatty  : uid=1000(system) ConnectivitySer expire 12 lines
07-28 10:34:04.186  1847  5224 I chatty  : uid=1000(system) Binder_7 expire 10 lines
07-28 10:34:04.374  1847  5521 I chatty  : uid=1000(system) Binder_10 expire 8 lines
07-28 10:34:04.886  5225 17343 E ActivityThread: Failed to find provider info for com.modoohut.provider.geocoder
07-28 10:34:04.964  1847  4629 I chatty  : uid=1000(system) Binder_5 expire 10 lines
07-28 10:34:06.217 17531 17545 W ActivityThread: ClassLoader.loadClass: The class loader returned by Thread.getContextClassLoader() may fail for processes that host multiple applications. You should explicitly specify a context class loader. For example: Thread.setContextClassLoader(getClass().getClassLoader());
07-28 10:34:06.419  5225 17343 E ActivityThread: Failed to find provider info for com.modoohut.provider.geocoder
07-28 10:34:06.930  1847  5502 I chatty  : uid=1000(system) Binder_E expire 10 lines
07-28 10:34:09.058 17640 17640 W ActivityThread: ClassLoader.loadClass: The class loader returned by Thread.getContextClassLoader() may fail for processes that host multiple applications. You should explicitly specify a context class loader. For example: Thread.setContextClassLoader(getClass().getClassLoader());
07-28 10:34:09.619  1847  5331 I chatty  : uid=1000(system) Binder_C expire 7 lines
07-28 10:34:09.768  1847  4159 I chatty  : uid=1000(system) Binder_3 expire 9 lines
07-28 10:34:10.964  1847  4244 I chatty  : uid=1000(system) InputReader expire 2 lines
07-28 10:34:10.967  1847  2186 I chatty  : uid=1000(system) PowerManagerSer expire 7 lines
07-28 10:34:10.981  1847  1847 I chatty  : uid=1000 system_server expire 5 lines
07-28 10:34:10.989  1847  2171 I chatty  : uid=1000(system) android.display expire 3 lines
07-28 10:34:11.763  1847  2129 I chatty  : uid=1000(system) android.bg expire 5 lines
07-28 10:34:22.761  1847  2200 I chatty  : uid=1000(system) PackageManager expire 9 lines
07-28 10:34:23.090 18057 18067 D DefContainer: Copying /data/local/tmp/dev.ukanth.iconmanager to base.apk
07-28 10:34:26.988  1847  2130 I chatty  : uid=1000(system) ActivityManager expire 9 lines
07-28 10:34:28.115 18160 18160 I chatty  : uid=1000(system) com.android.keychain expire 1 line
07-28 10:34:29.546  5225 17343 E ActivityThread: Failed to find provider info for com.modoohut.provider.geocoder
07-28 10:34:30.554  1847  5307 I chatty  : uid=1000(system) Binder_B expire 5 lines
07-28 10:34:31.565  5225 17343 E ActivityThread: Failed to find provider info for com.modoohut.provider.geocoder
07-28 10:34:32.387  1847  5519 I chatty  : uid=1000(system) Binder_F expire 9 lines
07-28 10:34:32.726 18423 18453 W ActivityThread: ClassLoader.loadClass: The class loader returned by Thread.getContextClassLoader() may fail for processes that host multiple applications. You should explicitly specify a context class loader. For example: Thread.setContextClassLoader(getClass().getClassLoader());
07-28 10:34:32.888  5225 17343 E ActivityThread: Failed to find provider info for com.modoohut.provider.geocoder
07-28 10:34:33.554 18476 18476 W ActivityThread: ClassLoader.loadClass: The class loader returned by Thread.getContextClassLoader() may fail for processes that host multiple applications. You should explicitly specify a context class loader. For example: Thread.setContextClassLoader(getClass().getClassLoader());
07-28 10:34:35.581 18618 18618 W ActivityThread: ClassLoader.loadClass: The class loader returned by Thread.getContextClassLoader() may fail for processes that host multiple applications. You should explicitly specify a context class loader. For example: Thread.setContextClassLoader(getClass().getClassLoader());
07-28 10:34:54.970  1847  4227 I chatty  : uid=1000(system) AlarmManager expire 1 line
07-28 10:38:47.075   287  1306 E NetlinkEvent: NetlinkEvent::FindParam(): Parameter 'TIME_NS' not found
07-28 10:38:47.075   287  1306 E NetlinkEvent: NetlinkEvent::FindParam(): Parameter 'UID' not found
07-28 10:38:48.666  1847  5300 I chatty  : uid=1000(system) Binder_A expire 2 lines
07-28 10:38:57.191   287  1306 E NetlinkEvent: NetlinkEvent::FindParam(): Parameter 'TIME_NS' not found
07-28 10:38:57.191   287  1306 E NetlinkEvent: NetlinkEvent::FindParam(): Parameter 'UID' not found
07-28 10:39:02.206   287  1306 E NetlinkEvent: NetlinkEvent::FindParam(): Parameter 'TIME_NS' not found
07-28 10:39:02.206   287  1306 E NetlinkEvent: NetlinkEvent::FindParam(): Parameter 'UID' not found
07-28 10:39:47.125  1847  4541 I chatty  : uid=1000(system) ConnectivitySer expire 1 line
07-28 10:52:46.257  1847  1874 I chatty  : uid=1000(system) Binder_2 expire 4 lines
07-28 10:59:38.725  1847  5235 I chatty  : uid=1000(system) Binder_8 expire 3 lines
07-28 10:59:55.168  1847  5502 I chatty  : uid=1000(system) Binder_E expire 4 lines
07-28 10:59:56.271 21127 21127 I chatty  : uid=1000(system) org.cyanogenmod.providers.datausage expire 1 line
07-28 10:59:56.829 21152 21166 W ActivityThread: ClassLoader.loadClass: The class loader returned by Thread.getContextClassLoader() may fail for processes that host multiple applications. You should explicitly specify a context class loader. For example: Thread.setContextClassLoader(getClass().getClassLoader());
07-28 10:59:57.186  1847  5484 I chatty  : uid=1000(system) Binder_D expire 1 line
07-28 10:59:57.272 21168 21168 W ActivityThread: ClassLoader.loadClass: The class loader returned by Thread.getContextClassLoader() may fail for processes that host multiple applications. You should explicitly specify a context class loader. For example: Thread.setContextClassLoader(getClass().getClassLoader());
07-28 10:59:57.405 21181 21181 I chatty  : uid=1000(system) com.android.keychain expire 1 line
07-28 10:59:57.536  1847  4628 I chatty  : uid=1000(system) Binder_4 expire 2 lines
07-28 10:59:59.064  5225 21314 E ActivityThread: Failed to find provider info for com.modoohut.provider.geocoder
07-28 10:59:59.523  1847  4629 I chatty  : uid=1000(system) Binder_5 expire 11 lines
07-28 11:00:00.159  1847  5519 I chatty  : uid=1000(system) Binder_F expire 10 lines
07-28 11:00:00.177  1847  5296 I chatty  : uid=1000(system) Binder_9 expire 14 lines
07-28 11:00:01.328  1847  4540 I chatty  : uid=1000(system) WifiService expire 2 lines
07-28 11:00:01.426  1847  5484 I chatty  : uid=1000(system) Binder_D expire 10 lines
07-28 11:00:01.808 21127 21127 I chatty  : uid=1000(system) org.cyanogenmod.providers.datausage expire 5 lines
07-28 11:00:01.854  1847  1847 I chatty  : uid=1000 system_server expire 9 lines
07-28 11:00:02.082  1847  1871 I chatty  : uid=1000(system) Binder_1 expire 11 lines
07-28 11:00:02.099  1847  5502 I chatty  : uid=1000(system) Binder_E expire 10 lines
07-28 11:00:02.142  1847  1874 I chatty  : uid=1000(system) Binder_2 expire 15 lines
07-28 11:00:02.264  1847  4159 I chatty  : uid=1000(system) Binder_3 expire 9 lines
07-28 11:00:02.407  1847  5235 I chatty  : uid=1000(system) Binder_8 expire 12 lines
07-28 11:00:03.490  1847  5223 I chatty  : uid=1000(system) Binder_6 expire 7 lines
07-28 11:00:03.562  1847  5331 I chatty  : uid=1000(system) Binder_C expire 7 lines
07-28 11:00:03.611  1847  5300 I chatty  : uid=1000(system) Binder_A expire 13 lines
07-28 11:00:03.738 21549 21549 W ActivityThread: ClassLoader.loadClass: The class loader returned by Thread.getContextClassLoader() may fail for processes that host multiple applications. You should explicitly specify a context class loader. For example: Thread.setContextClassLoader(getClass().getClassLoader());
07-28 11:00:08.658  1847  2130 I chatty  : uid=1000(system) ActivityManager expire 4 lines
07-28 11:00:09.074  1847  2200 I chatty  : uid=1000(system) PackageManager expire 11 lines
07-28 11:00:09.383 21181 21181 I chatty  : uid=1000(system) com.android.keychain expire 2 lines
07-28 11:00:09.401  1847  5307 I chatty  : uid=1000(system) Binder_B expire 13 lines
07-28 11:00:10.169  1847  4628 I chatty  : uid=1000(system) Binder_4 expire 11 lines
07-28 11:00:10.689  5225 21314 E ActivityThread: Failed to find provider info for com.modoohut.provider.geocoder
07-28 11:00:12.968  1847  5521 I chatty  : uid=1000(system) Binder_10 expire 10 lines
07-28 11:00:13.426  1847  5224 I chatty  : uid=1000(system) Binder_7 expire 9 lines
07-28 11:00:14.483 21997 21997 W ActivityThread: ClassLoader.loadClass: The class loader returned by Thread.getContextClassLoader() may fail for processes that host multiple applications. You should explicitly specify a context class loader. For example: Thread.setContextClassLoader(getClass().getClassLoader());
07-28 11:00:20.464  5225 21314 E ActivityThread: Failed to find provider info for com.modoohut.provider.geocoder
07-28 11:00:24.225  1847  4629 I chatty  : uid=1000(system) Binder_5 expire 6 lines
07-28 11:00:24.359 22675 22675 W ActivityThread: ClassLoader.loadClass: The class loader returned by Thread.getContextClassLoader() may fail for processes that host multiple applications. You should explicitly specify a context class loader. For example: Thread.setContextClassLoader(getClass().getClassLoader());
07-28 11:00:29.772  4576  4576 V DeadZone: consuming errant click: (193.82054,24.045776)
07-28 11:00:38.752 23038 23038 W ActivityThread: ClassLoader.loadClass: The class loader returned by Thread.getContextClassLoader() may fail for processes that host multiple applications. You should explicitly specify a context class loader. For example: Thread.setContextClassLoader(getClass().getClassLoader());
07-28 11:00:41.299 23142 23142 W ActivityThread: ClassLoader.loadClass: The class loader returned by Thread.getContextClassLoader() may fail for processes that host multiple applications. You should explicitly specify a context class loader. For example: Thread.setContextClassLoader(getClass().getClassLoader());
07-28 11:00:41.631 23159 23159 W ActivityThread: ClassLoader.loadClass: The class loader returned by Thread.getContextClassLoader() may fail for processes that host multiple applications. You should explicitly specify a context class loader. For example: Thread.setContextClassLoader(getClass().getClassLoader());
07-28 11:00:41.789 23113 23139 W ActivityThread: ClassLoader.loadClass: The class loader returned by Thread.getContextClassLoader() may fail for processes that host multiple applications. You should explicitly specify a context class loader. For example: Thread.setContextClassLoader(getClass().getClassLoader());
07-28 11:00:53.188  1847  2186 I chatty  : uid=1000(system) PowerManagerSer expire 16 lines
07-28 11:00:53.629  1847  2171 I chatty  : uid=1000(system) android.display expire 8 lines
07-28 11:00:53.911  1847  4244 I chatty  : uid=1000(system) InputReader expire 7 lines
07-28 11:00:54.943  1847  2131 I chatty  : uid=1000(system) android.ui expire 1 line
07-28 11:01:19.441  1847  4227 I chatty  : uid=1000(system) AlarmManager expire 3 lines
07-28 11:04:14.339  1847  5519 I chatty  : uid=1000(system) Binder_F expire 6 lines
07-28 11:04:14.601  1847  5502 I chatty  : uid=1000(system) Binder_E expire 11 lines
07-28 11:04:38.778  1847  5296 I chatty  : uid=1000(system) Binder_9 expire 10 lines
07-28 11:04:38.800  1847  5307 I chatty  : uid=1000(system) Binder_B expire 10 lines
07-28 11:04:38.823  1847  1874 I chatty  : uid=1000(system) Binder_2 expire 10 lines
07-28 11:04:38.847  1847  5331 I chatty  : uid=1000(system) Binder_C expire 11 lines
07-28 11:04:38.872  1847  4628 I chatty  : uid=1000(system) Binder_4 expire 12 lines
07-28 11:04:38.895  1847  5521 I chatty  : uid=1000(system) Binder_10 expire 10 lines
07-28 11:04:38.918  1847  4629 I chatty  : uid=1000(system) Binder_5 expire 8 lines
07-28 11:04:38.941  1847  5235 I chatty  : uid=1000(system) Binder_8 expire 10 lines
07-28 11:04:38.969  1847  4159 I chatty  : uid=1000(system) Binder_3 expire 11 lines
07-28 11:04:38.991  1847  5224 I chatty  : uid=1000(system) Binder_7 expire 12 lines
07-28 11:04:39.017  1847  1871 I chatty  : uid=1000(system) Binder_1 expire 10 lines
07-28 11:04:39.088  1847  5223 I chatty  : uid=1000(system) Binder_6 expire 10 lines
07-28 11:04:39.115  1847  5519 I chatty  : uid=1000(system) Binder_F expire 10 lines
07-28 11:04:39.388  1847  5484 I chatty  : uid=1000(system) Binder_D expire 11 lines
07-28 11:04:39.483  1847  5300 I chatty  : uid=1000(system) Binder_A expire 8 lines
07-28 11:04:59.772  1847  2130 I chatty  : uid=1000(system) ActivityManager expire 4 lines
07-28 11:04:59.805  1847  2200 I chatty  : uid=1000(system) PackageManager expire 11 lines
07-28 11:05:01.372  1847  1847 I chatty  : uid=1000 system_server expire 5 lines
07-28 11:05:01.777 26007 26007 I chatty  : uid=1000(system) FinalizerDaemon expire 4 lines
07-28 11:05:02.131 26033 26033 I chatty  : uid=1000(system) com.android.keychain expire 1 line
07-28 11:05:03.350  1847  4540 I chatty  : uid=1000(system) WifiService expire 3 lines
07-28 11:05:03.879  5225 26208 E ActivityThread: Failed to find provider info for com.modoohut.provider.geocoder
07-28 11:05:06.782  1847  5502 I chatty  : uid=1000(system) Binder_E expire 8 lines
07-28 11:05:07.859  1847  5235 I chatty  : uid=1000(system) Binder_8 expire 2 lines
07-28 11:05:08.253 26421 26421 W ActivityThread: ClassLoader.loadClass: The class loader returned by Thread.getContextClassLoader() may fail for processes that host multiple applications. You should explicitly specify a context class loader. For example: Thread.setContextClassLoader(getClass().getClassLoader());
07-28 11:05:24.016  1847  4628 I chatty  : uid=1000(system) Binder_4 expire 7 lines
07-28 11:05:25.473 26834 26849 W ActivityThread: ClassLoader.loadClass: The class loader returned by Thread.getContextClassLoader() may fail for processes that host multiple applications. You should explicitly specify a context class loader. For example: Thread.setContextClassLoader(getClass().getClassLoader());
07-28 11:05:25.926 26851 26851 W ActivityThread: ClassLoader.loadClass: The class loader returned by Thread.getContextClassLoader() may fail for processes that host multiple applications. You should explicitly specify a context class loader. For example: Thread.setContextClassLoader(getClass().getClassLoader());
07-28 11:05:25.939 26864 26864 I chatty  : uid=1000(system) com.android.keychain expire 1 line
07-28 11:05:25.968  1847  5484 I chatty  : uid=1000(system) Binder_D expire 6 lines
07-28 11:05:26.743  1847  5331 I chatty  : uid=1000(system) Binder_C expire 5 lines
07-28 11:05:27.750  1847  5519 I chatty  : uid=1000(system) Binder_F expire 2 lines
07-28 11:05:27.757  5225 26208 E ActivityThread: Failed to find provider info for com.modoohut.provider.geocoder
07-28 11:05:27.826  1847  5521 I chatty  : uid=1000(system) Binder_10 expire 3 lines
07-28 11:05:28.345  1847  1874 I chatty  : uid=1000(system) Binder_2 expire 5 lines
07-28 11:05:30.434  1847  4159 I chatty  : uid=1000(system) Binder_3 expire 2 lines
07-28 11:05:31.360  1847  5296 I chatty  : uid=1000(system) Binder_9 expire 2 lines
07-28 11:05:31.520 27155 27155 W ActivityThread: ClassLoader.loadClass: The class loader returned by Thread.getContextClassLoader() may fail for processes that host multiple applications. You should explicitly specify a context class loader. For example: Thread.setContextClassLoader(getClass().getClassLoader());
07-28 11:05:46.478  1847  5307 I chatty  : uid=1000(system) Binder_B expire 6 lines
07-28 11:07:19.028  1847  4244 I chatty  : uid=1000(system) InputReader expire 4 lines
07-28 11:07:19.433  1847  2171 I chatty  : uid=1000(system) android.display expire 4 lines
07-28 11:07:19.710  1847  2186 I chatty  : uid=1000(system) PowerManagerSer expire 8 lines
07-28 11:07:53.749  1847  2131 I chatty  : uid=1000(system) android.ui expire 2 lines
07-28 11:08:00.311  1847  4244 I chatty  : uid=1000(system) InputReader expire 9 lines
07-28 11:08:00.653  1847  2171 I chatty  : uid=1000(system) android.display expire 10 lines
07-28 11:08:00.952  1847  2186 I chatty  : uid=1000(system) PowerManagerSer expire 10 lines
07-28 11:21:24.822  1847  4227 I chatty  : uid=1000(system) AlarmManager expire 1 line
07-28 11:21:24.875  1847  5296 I chatty  : uid=1000(system) Binder_9 expire 9 lines
07-28 11:21:25.270  1847  5223 I chatty  : uid=1000(system) Binder_6 expire 10 lines
07-28 11:27:53.697  1847  5484 I chatty  : uid=1000(system) Binder_D expire 10 lines
07-28 11:27:53.743  1847  2130 I chatty  : uid=1000(system) ActivityManager expire 12 lines
07-28 11:27:53.986  1847  1871 I chatty  : uid=1000(system) Binder_1 expire 9 lines
07-28 11:27:54.000  1847  5224 I chatty  : uid=1000(system) Binder_7 expire 9 lines
07-28 11:27:54.443  1847  4159 I chatty  : uid=1000(system) Binder_3 expire 11 lines
07-28 11:27:54.810  1847  4629 I chatty  : uid=1000(system) Binder_5 expire 11 lines
07-28 11:27:54.954  1847  5521 I chatty  : uid=1000(system) Binder_10 expire 12 lines
07-28 11:27:55.560  1847  5331 I chatty  : uid=1000(system) Binder_C expire 9 lines
07-28 11:28:38.643  5485  5485 D MccTable: updateMccMncConfiguration mccmnc='null' fromServiceState=true
07-28 11:28:38.643  5485  5485 D MccTable: WIFI_COUNTRY_CODE set to 
07-28 11:28:43.581  5485  5485 D MccTable: updateMccMncConfiguration mccmnc='40486' fromServiceState=true
07-28 11:28:43.582  5485  5485 D MccTable: updateMccMncConfiguration defaultMccMnc=40486
07-28 11:28:43.582  5485  5485 D MccTable: updateMccMncConfiguration: mcc=404, mnc=86
07-28 11:28:43.582  5485  5485 D MccTable: WIFI_COUNTRY_CODE set to in
07-28 11:28:43.582  1847  5519 I chatty  : uid=1000(system) Binder_F expire 6 lines
07-28 11:28:43.648  1847  4628 I chatty  : uid=1000(system) Binder_4 expire 11 lines
07-28 11:28:43.667  1847  5235 I chatty  : uid=1000(system) Binder_8 expire 7 lines
07-28 11:28:43.722  1847  5502 I chatty  : uid=1000(system) Binder_E expire 10 lines
07-28 11:28:56.583  1847  1874 I chatty  : uid=1000(system) Binder_2 expire 7 lines
07-28 11:29:44.777  1847  4540 I chatty  : uid=1000(system) WifiService expire 5 lines
07-28 11:29:45.455  1847  5300 I chatty  : uid=1000(system) Binder_A expire 3 lines
07-28 11:29:45.815  1847  4539 I chatty  : uid=1000(system) WifiStateMachin expire 1 line
07-28 11:29:45.816  1847  4541 I chatty  : uid=1000(system) ConnectivitySer expire 27 lines
07-28 11:29:45.831   287  1306 E NetlinkEvent: NetlinkEvent::FindParam(): Parameter 'TIME_NS' not found
07-28 11:29:45.831   287  1306 E NetlinkEvent: NetlinkEvent::FindParam(): Parameter 'UID' not found
07-28 11:29:46.415  1847  5307 I chatty  : uid=1000(system) Binder_B expire 6 lines
07-28 11:29:46.938 31357 31372 W ActivityThread: ClassLoader.loadClass: The class loader returned by Thread.getContextClassLoader() may fail for processes that host multiple applications. You should explicitly specify a context class loader. For example: Thread.setContextClassLoader(getClass().getClassLoader());
07-28 11:29:47.412 31382 31382 W ActivityThread: ClassLoader.loadClass: The class loader returned by Thread.getContextClassLoader() may fail for processes that host multiple applications. You should explicitly specify a context class loader. For example: Thread.setContextClassLoader(getClass().getClassLoader());
07-28 11:29:47.644 31467 31467 W ActivityThread: ClassLoader.loadClass: The class loader returned by Thread.getContextClassLoader() may fail for processes that host multiple applications. You should explicitly specify a context class loader. For example: Thread.setContextClassLoader(getClass().getClassLoader());
07-28 11:29:47.923   287  1306 E NetlinkEvent: NetlinkEvent::FindParam(): Parameter 'TIME_NS' not found
07-28 11:29:47.923   287  1306 E NetlinkEvent: NetlinkEvent::FindParam(): Parameter 'UID' not found
07-28 11:29:52.291 31931 31931 W ActivityThread: ClassLoader.loadClass: The class loader returned by Thread.getContextClassLoader() may fail for processes that host multiple applications. You should explicitly specify a context class loader. For example: Thread.setContextClassLoader(getClass().getClassLoader());
07-28 11:29:55.891  1847  1847 I chatty  : uid=1000 system_server expire 1 line
07-28 11:29:59.629   287  1306 E NetlinkEvent: NetlinkEvent::FindParam(): Parameter 'TIME_NS' not found
07-28 11:29:59.629   287  1306 E NetlinkEvent: NetlinkEvent::FindParam(): Parameter 'UID' not found
07-28 11:30:01.973  1847  2130 I chatty  : uid=1000(system) ActivityManager expire 3 lines
07-28 11:30:02.461 32230 32230 W ActivityThread: ClassLoader.loadClass: The class loader returned by Thread.getContextClassLoader() may fail for processes that host multiple applications. You should explicitly specify a context class loader. For example: Thread.setContextClassLoader(getClass().getClassLoader());
07-28 11:30:15.325  1847  4541 I chatty  : uid=1000(system) ConnectivitySer expire 11 lines
07-28 11:31:03.089  1847  2186 I chatty  : uid=1000(system) PowerManagerSer expire 11 lines
07-28 11:33:25.696   572   572 W ViewRootImpl: Dropping event due to root view being removed: MotionEvent { action=ACTION_MOVE, actionButton=0, id[0]=0, x[0]=513.4533, y[0]=1074.154, toolType[0]=TOOL_TYPE_FINGER, buttonState=0, metaState=0, flags=0x0, edgeFlags=0x0, pointerCount=1, historySize=0, eventTime=241166598, downTime=241166579, deviceId=7, source=0x1002 }
07-28 11:33:28.684   572   572 W ViewRootImpl: Dropping event due to root view being removed: MotionEvent { action=ACTION_MOVE, actionButton=0, id[0]=0, x[0]=560.4098, y[0]=1210.0833, toolType[0]=TOOL_TYPE_FINGER, buttonState=0, metaState=0, flags=0x0, edgeFlags=0x0, pointerCount=1, historySize=0, eventTime=241169584, downTime=241169562, deviceId=7, source=0x1002 }
07-28 11:33:55.741  1847  5502 I chatty  : uid=1000(system) Binder_E expire 3 lines
07-28 11:33:58.272  1847  5521 I chatty  : uid=1000(system) Binder_10 expire 3 lines
07-28 11:34:23.586   287  1306 E NetlinkEvent: NetlinkEvent::FindParam(): Parameter 'TIME_NS' not found
07-28 11:34:23.586   287  1306 E NetlinkEvent: NetlinkEvent::FindParam(): Parameter 'UID' not found
07-28 11:34:25.045   287  1306 E NetlinkEvent: NetlinkEvent::FindParam(): Parameter 'TIME_NS' not found
07-28 11:34:25.045   287  1306 E NetlinkEvent: NetlinkEvent::FindParam(): Parameter 'UID' not found
07-28 11:34:44.066   287  1306 E NetlinkEvent: NetlinkEvent::FindParam(): Parameter 'TIME_NS' not found
07-28 11:34:44.066   287  1306 E NetlinkEvent: NetlinkEvent::FindParam(): Parameter 'UID' not found
07-28 11:34:48.124   572   572 W ViewRootImpl: Dropping event due to root view being removed: MotionEvent { action=ACTION_MOVE, actionButton=0, id[0]=0, x[0]=366.58926, y[0]=1161.1088, toolType[0]=TOOL_TYPE_FINGER, buttonState=0, metaState=0, flags=0x0, edgeFlags=0x0, pointerCount=1, historySize=0, eventTime=241241992, downTime=241241973, deviceId=7, source=0x1002 }
07-28 11:34:50.718  1847  5223 I chatty  : uid=1000(system) Binder_6 expire 2 lines
07-28 11:34:51.580   287  1306 E NetlinkEvent: NetlinkEvent::FindParam(): Parameter 'TIME_NS' not found
07-28 11:34:51.580   287  1306 E NetlinkEvent: NetlinkEvent::FindParam(): Parameter 'UID' not found
07-28 11:34:55.078  1847  4541 I chatty  : uid=1000(system) ConnectivitySer expire 2 lines
07-28 11:35:11.274  1847  4629 I chatty  : uid=1000(system) Binder_5 expire 2 lines
07-28 11:35:11.308  1847  4628 I chatty  : uid=1000(system) Binder_4 expire 11 lines
07-28 11:35:11.714  1847  5307 I chatty  : uid=1000(system) Binder_B expire 10 lines
07-28 11:35:11.737  1847  5484 I chatty  : uid=1000(system) Binder_D expire 11 lines
07-28 11:35:11.762  1847  5223 I chatty  : uid=1000(system) Binder_6 expire 9 lines
07-28 11:35:11.788  1847  5502 I chatty  : uid=1000(system) Binder_E expire 11 lines
07-28 11:35:11.812  1847  5235 I chatty  : uid=1000(system) Binder_8 expire 9 lines
07-28 11:35:11.835  1847  5331 I chatty  : uid=1000(system) Binder_C expire 8 lines
07-28 11:35:11.874  1847  1871 I chatty  : uid=1000(system) Binder_1 expire 8 lines
07-28 11:35:11.896  1847  4159 I chatty  : uid=1000(system) Binder_3 expire 8 lines
07-28 11:35:11.917  1847  1874 I chatty  : uid=1000(system) Binder_2 expire 9 lines
07-28 11:35:11.939  1847  5521 I chatty  : uid=1000(system) Binder_10 expire 9 lines
07-28 11:35:11.964  1847  5296 I chatty  : uid=1000(system) Binder_9 expire 10 lines
07-28 11:35:11.982  1847  5224 I chatty  : uid=1000(system) Binder_7 expire 9 lines
07-28 11:35:12.000  1847  5519 I chatty  : uid=1000(system) Binder_F expire 8 lines
07-28 11:35:12.020  1847  4629 I chatty  : uid=1000(system) Binder_5 expire 9 lines
07-28 11:35:12.037  1847  5300 I chatty  : uid=1000(system) Binder_A expire 9 lines
07-28 11:35:16.227  1847  4541 I chatty  : uid=1000(system) ConnectivitySer expire 17 lines
07-28 11:35:19.558  1847  2186 I chatty  : uid=1000(system) PowerManagerSer expire 8 lines
07-28 11:35:19.953  1847  2171 I chatty  : uid=1000(system) android.display expire 4 lines
07-28 11:35:20.543  1847  4244 I chatty  : uid=1000(system) InputReader expire 3 lines
07-28 11:35:21.585  1847  2131 I chatty  : uid=1000(system) android.ui expire 64 lines
07-28 11:35:22.500  4576  4576 W ViewRootImpl: Cancelling event due to no window focus: KeyEvent { action=ACTION_UP, keyCode=KEYCODE_BACK, scanCode=0, metaState=0, flags=0x68, repeatCount=0, eventTime=241276380, downTime=241275916, deviceId=-1, source=0x101 }
07-28 11:35:22.500  4576  4576 W ViewRootImpl: Cancelling event due to no window focus: KeyEvent { action=ACTION_UP, keyCode=KEYCODE_BACK, scanCode=0, metaState=0, flags=0x68, repeatCount=0, eventTime=241276380, downTime=241275916, deviceId=-1, source=0x101 }
07-28 11:35:22.500  4576  4576 W ViewRootImpl: Cancelling event due to no window focus: KeyEvent { action=ACTION_UP, keyCode=KEYCODE_BACK, scanCode=0, metaState=0, flags=0x68, repeatCount=0, eventTime=241276380, downTime=241275916, deviceId=-1, source=0x101 }
07-28 11:35:22.500  4576  4576 W ViewRootImpl: Cancelling event due to no window focus: KeyEvent { action=ACTION_UP, keyCode=KEYCODE_BACK, scanCode=0, metaState=0, flags=0x68, repeatCount=0, eventTime=241276380, downTime=241275916, deviceId=-1, source=0x101 }
07-28 11:35:22.500  4576  4576 W ViewRootImpl: Cancelling event due to no window focus: KeyEvent { action=ACTION_UP, keyCode=KEYCODE_BACK, scanCode=0, metaState=0, flags=0x68, repeatCount=0, eventTime=241276380, downTime=241275916, deviceId=-1, source=0x101 }
07-28 11:35:22.500  4576  4576 W ViewRootImpl: Cancelling event due to no window focus: KeyEvent { action=ACTION_UP, keyCode=KEYCODE_BACK, scanCode=0, metaState=0, flags=0x68, repeatCount=0, eventTime=241276380, downTime=241275916, deviceId=-1, source=0x101 }
07-28 11:35:23.132  1847  1847 I chatty  : uid=1000 system_server expire 6 lines
07-28 11:35:23.294  1847  4540 I chatty  : uid=1000(system) WifiService expire 3 lines
07-28 11:35:23.329 32230 32230 I ActivityThread: Removing dead content provider:android.content.ContentProviderProxy@5147d0a
07-28 11:35:23.841  1847  2130 I chatty  : uid=1000(system) ActivityManager expire 2 lines
07-28 11:35:24.356  2889  2889 W ActivityThread: ClassLoader.loadClass: The class loader returned by Thread.getContextClassLoader() may fail for processes that host multiple applications. You should explicitly specify a context class loader. For example: Thread.setContextClassLoader(getClass().getClassLoader());
07-28 11:35:25.253  2922  2922 W ActivityThread: ClassLoader.loadClass: The class loader returned by Thread.getContextClassLoader() may fail for processes that host multiple applications. You should explicitly specify a context class loader. For example: Thread.setContextClassLoader(getClass().getClassLoader());
07-28 11:35:29.511  1847  5296 I chatty  : uid=1000(system) Binder_9 expire 1 line
07-28 11:35:29.524  1847  5502 I chatty  : uid=1000(system) Binder_E expire 14 lines
07-28 11:40:51.200  1847  2186 I chatty  : uid=1000(system) PowerManagerSer expire 10 lines
07-28 11:40:53.969  1847  4159 I chatty  : uid=1000(system) Binder_3 expire 10 lines
07-28 11:40:54.308  1847  4629 I chatty  : uid=1000(system) Binder_5 expire 10 lines
07-28 11:40:54.405  1847  4540 I chatty  : uid=1000(system) WifiService expire 3 lines
07-28 11:40:55.152  1847  1874 I chatty  : uid=1000(system) Binder_2 expire 12 lines
07-28 11:40:56.307  1847  5331 I chatty  : uid=1000(system) Binder_C expire 9 lines
07-28 11:40:56.354  1847  5307 I chatty  : uid=1000(system) Binder_B expire 10 lines
07-28 11:41:06.176  1847  4541 I chatty  : uid=1000(system) ConnectivitySer expire 14 lines
07-28 11:41:10.812  1847  1871 I chatty  : uid=1000(system) Binder_1 expire 8 lines
07-28 11:41:12.156  1847  5519 I chatty  : uid=1000(system) Binder_F expire 10 lines
07-28 11:41:12.169  1847  5296 I chatty  : uid=1000(system) Binder_9 expire 10 lines
07-28 11:41:13.496  1847  5223 I chatty  : uid=1000(system) Binder_6 expire 19 lines
07-28 11:41:23.848  1847  5300 I chatty  : uid=1000(system) Binder_A expire 10 lines
07-28 11:41:23.913  1847  4628 I chatty  : uid=1000(system) Binder_4 expire 12 lines
07-28 11:41:24.005  1847  5484 I chatty  : uid=1000(system) Binder_D expire 11 lines
07-28 11:41:24.132  1847  5521 I chatty  : uid=1000(system) Binder_10 expire 9 lines
07-28 11:41:24.157  1847  5235 I chatty  : uid=1000(system) Binder_8 expire 11 lines
07-28 11:41:24.182  1847  5224 I chatty  : uid=1000(system) Binder_7 expire 11 lines
07-28 11:41:28.694  1847  2171 I chatty  : uid=1000(system) android.display expire 6 lines
07-28 11:41:30.757  1847  4244 I chatty  : uid=1000(system) InputReader expire 5 lines
07-28 11:49:44.747  1847  2130 I chatty  : uid=1000(system) ActivityManager expire 8 lines
07-28 11:49:50.800   287  1306 E NetlinkEvent: NetlinkEvent::FindParam(): Parameter 'TIME_NS' not found
07-28 11:49:50.801   287  1306 E NetlinkEvent: NetlinkEvent::FindParam(): Parameter 'UID' not found
07-28 11:49:52.241  1847  2186 I chatty  : uid=1000(system) PowerManagerSer expire 4 lines
07-28 11:52:17.301   287  1306 E NetlinkEvent: NetlinkEvent::FindParam(): Parameter 'TIME_NS' not found
07-28 11:52:17.301   287  1306 E NetlinkEvent: NetlinkEvent::FindParam(): Parameter 'UID' not found
07-28 11:52:18.908  1847  5519 I chatty  : uid=1000(system) Binder_F expire 5 lines
07-28 11:52:18.913  1847  4629 I chatty  : uid=1000(system) Binder_5 expire 4 lines
07-28 11:52:18.916  1847  5296 I chatty  : uid=1000(system) Binder_9 expire 9 lines
07-28 12:00:01.397  1847  2129 I chatty  : uid=1000(system) android.bg expire 1 line
07-28 12:00:33.450  1847  5307 I chatty  : uid=1000(system) Binder_B expire 1 line
07-28 12:04:06.124  1847  2200 I chatty  : uid=1000(system) PackageManager expire 6 lines
07-28 12:04:07.925  1847  4243 I chatty  : uid=1000(system) InputDispatcher expire 1 line
07-28 12:04:15.546  8071  8071 D ActivityThread: Loading provider com.whatsapp.provider.contact: com.whatsapp.contact.ContactProvider
07-28 12:04:15.566  1847  1847 I chatty  : uid=1000 system_server expire 4 lines
07-28 12:04:16.448  1847  5484 I chatty  : uid=1000(system) Binder_D expire 14 lines
07-28 12:04:16.557  1847  5224 I chatty  : uid=1000(system) Binder_7 expire 15 lines
07-28 12:04:16.606  1847  5502 I chatty  : uid=1000(system) Binder_E expire 14 lines
07-28 12:04:16.657  1847  5235 I chatty  : uid=1000(system) Binder_8 expire 15 lines
07-28 12:04:18.595  1847  5300 I chatty  : uid=1000(system) Binder_A expire 12 lines
07-28 12:04:18.907  8235  8251 D ActivityThread: Loading provider com.google.android.gmail.provider;com.android.mail.notifier;com.google.android.gm.email.provider;com.google.android.gm.tasks.provider;com.google.android.gm.email.notifier: com.android.email.provider.EmailProvider
07-28 12:04:19.013  1847  5223 I chatty  : uid=1000(system) Binder_6 expire 12 lines
07-28 12:04:19.106  1847  4628 I chatty  : uid=1000(system) Binder_4 expire 13 lines
07-28 12:04:19.315  8254  8254 W ActivityThread: ClassLoader.loadClass: The class loader returned by Thread.getContextClassLoader() may fail for processes that host multiple applications. You should explicitly specify a context class loader. For example: Thread.setContextClassLoader(getClass().getClassLoader());
07-28 12:04:19.439  8213  8229 W ActivityThread: ClassLoader.loadClass: The class loader returned by Thread.getContextClassLoader() may fail for processes that host multiple applications. You should explicitly specify a context class loader. For example: Thread.setContextClassLoader(getClass().getClassLoader());
07-28 12:04:19.460  1847  5519 I chatty  : uid=1000(system) Binder_F expire 13 lines
07-28 12:04:19.603  1847  4159 I chatty  : uid=1000(system) Binder_3 expire 14 lines
07-28 12:04:19.665  1847  5296 I chatty  : uid=1000(system) Binder_9 expire 13 lines
07-28 12:04:20.282  1847  2130 I chatty  : uid=1000(system) ActivityManager expire 3 lines
07-28 12:04:20.695  8295  8295 I chatty  : uid=1000(system) org.cyanogenmod.providers.datausage expire 1 line
07-28 12:04:20.742  1847  4629 I chatty  : uid=1000(system) Binder_5 expire 11 lines
07-28 12:04:20.744  1847  2129 I chatty  : uid=1000(system) android.bg expire 1 line
07-28 12:04:20.758  1847  1871 I chatty  : uid=1000(system) Binder_1 expire 14 lines
07-28 12:04:21.357  1847  5307 I chatty  : uid=1000(system) Binder_B expire 10 lines
07-28 12:04:23.756  1847  1874 I chatty  : uid=1000(system) Binder_2 expire 15 lines
07-28 12:04:24.290  5225  8468 E ActivityThread: Failed to find provider info for com.modoohut.provider.geocoder
07-28 12:04:27.481  1847  4541 I chatty  : uid=1000(system) ConnectivitySer expire 12 lines
07-28 12:04:30.357  1847  4540 I chatty  : uid=1000(system) WifiService expire 2 lines
07-28 12:04:30.587  1847  5521 I chatty  : uid=1000(system) Binder_10 expire 9 lines
07-28 12:04:49.585  1847  5331 I chatty  : uid=1000(system) Binder_C expire 10 lines
07-28 12:05:23.520  1847  2186 I chatty  : uid=1000(system) PowerManagerSer expire 6 lines
07-28 12:05:23.985  1847  2171 I chatty  : uid=1000(system) android.display expire 2 lines
07-28 12:09:51.582  1847  4227 I chatty  : uid=1000(system) AlarmManager expire 1 line
07-28 12:09:51.823 10110 10110 W ActivityThread: ClassLoader.loadClass: The class loader returned by Thread.getContextClassLoader() may fail for processes that host multiple applications. You should explicitly specify a context class loader. For example: Thread.setContextClassLoader(getClass().getClassLoader());
07-28 12:09:52.023  1847  4629 I chatty  : uid=1000(system) Binder_5 expire 2 lines
07-28 12:09:52.027  1847  5235 I chatty  : uid=1000(system) Binder_8 expire 2 lines
07-28 12:09:52.028  1847  5223 I chatty  : uid=1000(system) Binder_6 expire 2 lines
07-28 12:09:52.029  1847  5224 I chatty  : uid=1000(system) Binder_7 expire 2 lines
07-28 12:09:52.031  1847  5300 I chatty  : uid=1000(system) Binder_A expire 2 lines
07-28 12:09:54.241  1847  5296 I chatty  : uid=1000(system) Binder_9 expire 1 line
07-28 12:10:37.454 10272 10272 W ActivityThread: ClassLoader.loadClass: The class loader returned by Thread.getContextClassLoader() may fail for processes that host multiple applications. You should explicitly specify a context class loader. For example: Thread.setContextClassLoader(getClass().getClassLoader());
07-28 12:10:42.872  1847  5307 I chatty  : uid=1000(system) Binder_B expire 4 lines
07-28 12:12:18.592  1847  1871 I chatty  : uid=1000(system) Binder_1 expire 3 lines
07-28 12:12:18.593  1847  4244 I chatty  : uid=1000(system) InputReader expire 1 line
07-28 12:12:20.984  1847  5519 I chatty  : uid=1000(system) Binder_F expire 1 line
07-28 12:12:27.758  1847  5484 I chatty  : uid=1000(system) Binder_D expire 1 line
07-28 12:12:27.803  1847  1874 I chatty  : uid=1000(system) Binder_2 expire 5 lines
07-28 12:12:48.600   287  1306 E NetlinkEvent: NetlinkEvent::FindParam(): Parameter 'TIME_NS' not found
07-28 12:12:48.601   287  1306 E NetlinkEvent: NetlinkEvent::FindParam(): Parameter 'UID' not found
07-28 12:12:48.674  1847  4159 I chatty  : uid=1000(system) Binder_3 expire 6 lines
07-28 12:12:48.675  1847  4629 I chatty  : uid=1000(system) Binder_5 expire 10 lines
07-28 12:12:49.848  1847  2186 I chatty  : uid=1000(system) PowerManagerSer expire 24 lines
07-28 12:12:50.251  1847  2171 I chatty  : uid=1000(system) android.display expire 10 lines
07-28 12:12:52.181  1847  5300 I chatty  : uid=1000(system) Binder_A expire 10 lines
07-28 12:13:01.925  1847  4244 I chatty  : uid=1000(system) InputReader expire 11 lines
07-28 12:13:02.902  1847  5331 I chatty  : uid=1000(system) Binder_C expire 9 lines
07-28 12:13:02.969  1847  5307 I chatty  : uid=1000(system) Binder_B expire 10 lines
07-28 12:13:05.019  1847  4541 I chatty  : uid=1000(system) ConnectivitySer expire 35 lines
07-28 12:13:05.399  1847  5519 I chatty  : uid=1000(system) Binder_F expire 8 lines
07-28 12:13:07.251   287  1306 E NetlinkEvent: NetlinkEvent::FindParam(): Parameter 'TIME_NS' not found
07-28 12:13:07.251   287  1306 E NetlinkEvent: NetlinkEvent::FindParam(): Parameter 'UID' not found
07-28 12:13:34.251  1847  4243 I chatty  : uid=1000(system) InputDispatcher expire 4 lines
07-28 12:13:34.506  1847  5484 I chatty  : uid=1000(system) Binder_D expire 11 lines
07-28 12:13:40.034  1847  1871 I chatty  : uid=1000(system) Binder_1 expire 11 lines
07-28 12:13:41.692 11992 12008 D ActivityThread: Loading provider com.google.android.gmail.provider;com.android.mail.notifier;com.google.android.gm.email.provider;com.google.android.gm.tasks.provider;com.google.android.gm.email.notifier: com.android.email.provider.EmailProvider
07-28 12:13:42.199 12015 12015 W ActivityThread: ClassLoader.loadClass: The class loader returned by Thread.getContextClassLoader() may fail for processes that host multiple applications. You should explicitly specify a context class loader. For example: Thread.setContextClassLoader(getClass().getClassLoader());
07-28 12:13:42.207  1847  5224 I chatty  : uid=1000(system) Binder_7 expire 6 lines
07-28 12:13:42.403  1847  5521 I chatty  : uid=1000(system) Binder_10 expire 5 lines
07-28 12:13:42.413 11966 11987 W ActivityThread: ClassLoader.loadClass: The class loader returned by Thread.getContextClassLoader() may fail for processes that host multiple applications. You should explicitly specify a context class loader. For example: Thread.setContextClassLoader(getClass().getClassLoader());
07-28 12:13:45.003  1847  5235 I chatty  : uid=1000(system) Binder_8 expire 7 lines
07-28 12:13:55.082  1847  5296 I chatty  : uid=1000(system) Binder_9 expire 12 lines
07-28 12:14:03.068  1847  2130 I chatty  : uid=1000(system) ActivityManager expire 10 lines
07-28 12:14:03.103  1847  5502 I chatty  : uid=1000(system) Binder_E expire 8 lines
07-28 12:14:08.646  1847  2129 I chatty  : uid=1000(system) android.bg expire 1 line
07-28 12:14:20.512  1847  5223 I chatty  : uid=1000(system) Binder_6 expire 11 lines
07-28 12:14:20.710  1847  4628 I chatty  : uid=1000(system) Binder_4 expire 10 lines
07-28 12:14:45.542  1847  4540 I chatty  : uid=1000(system) WifiService expire 1 line
07-28 12:17:05.314  1847  1847 I chatty  : uid=1000 system_server expire 2 lines
07-28 12:31:05.121   287  1306 E NetlinkEvent: NetlinkEvent::FindParam(): Parameter 'TIME_NS' not found
07-28 12:31:05.121   287  1306 E NetlinkEvent: NetlinkEvent::FindParam(): Parameter 'UID' not found
07-28 12:31:32.406  1847  2171 I chatty  : uid=1000(system) android.display expire 5 lines
07-28 12:31:32.704  1847  2186 I chatty  : uid=1000(system) PowerManagerSer expire 10 lines
07-28 12:31:51.886   287  1306 E NetlinkEvent: NetlinkEvent::FindParam(): Parameter 'TIME_NS' not found
07-28 12:31:51.886   287  1306 E NetlinkEvent: NetlinkEvent::FindParam(): Parameter 'UID' not found
07-28 12:34:54.259   287  1306 E NetlinkEvent: NetlinkEvent::FindParam(): Parameter 'TIME_NS' not found
07-28 12:34:54.259   287  1306 E NetlinkEvent: NetlinkEvent::FindParam(): Parameter 'UID' not found
07-28 12:34:56.638   287  1306 E NetlinkEvent: NetlinkEvent::FindParam(): Parameter 'TIME_NS' not found
07-28 12:34:56.638   287  1306 E NetlinkEvent: NetlinkEvent::FindParam(): Parameter 'UID' not found
07-28 12:47:04.512 19184 19184 W ActivityThread: ClassLoader.loadClass: The class loader returned by Thread.getContextClassLoader() may fail for processes that host multiple applications. You should explicitly specify a context class loader. For example: Thread.setContextClassLoader(getClass().getClassLoader());
07-28 12:48:39.422 19289 19289 W ActivityThread: ClassLoader.loadClass: The class loader returned by Thread.getContextClassLoader() may fail for processes that host multiple applications. You should explicitly specify a context class loader. For example: Thread.setContextClassLoader(getClass().getClassLoader());
07-28 12:48:48.091  1847  5300 I chatty  : uid=1000(system) Binder_A expire 3 lines
07-28 12:57:16.715  1847  5307 I chatty  : uid=1000(system) Binder_B expire 9 lines
07-28 12:57:17.980  1847  4159 I chatty  : uid=1000(system) Binder_3 expire 8 lines
07-28 12:58:26.353  1847  4244 I chatty  : uid=1000(system) InputReader expire 5 lines
07-28 12:58:26.378  1847  2186 I chatty  : uid=1000(system) PowerManagerSer expire 11 lines
07-28 12:58:26.385  1847  2171 I chatty  : uid=1000(system) android.display expire 7 lines
07-28 12:58:26.519  1847  1871 I chatty  : uid=1000(system) Binder_1 expire 10 lines
07-28 12:58:28.529  1847  5296 I chatty  : uid=1000(system) Binder_9 expire 4 lines
07-28 12:58:29.422  1847  4541 I chatty  : uid=1000(system) ConnectivitySer expire 31 lines
07-28 12:58:30.217  1847  4243 I chatty  : uid=1000(system) InputDispatcher expire 2 lines
07-28 12:58:30.351  1847  4629 I chatty  : uid=1000(system) Binder_5 expire 11 lines
07-28 12:58:39.858   287  1306 E NetlinkEvent: NetlinkEvent::FindParam(): Parameter 'TIME_NS' not found
07-28 12:58:39.859   287  1306 E NetlinkEvent: NetlinkEvent::FindParam(): Parameter 'UID' not found
07-28 12:58:45.655  1847  5300 I chatty  : uid=1000(system) Binder_A expire 5 lines
07-28 12:58:48.609  1847  5331 I chatty  : uid=1000(system) Binder_C expire 6 lines
07-28 12:58:54.443   287  1306 E NetlinkEvent: NetlinkEvent::FindParam(): Parameter 'TIME_NS' not found
07-28 12:58:54.443   287  1306 E NetlinkEvent: NetlinkEvent::FindParam(): Parameter 'UID' not found
07-28 12:58:55.121  1847  5519 I chatty  : uid=1000(system) Binder_F expire 7 lines
07-28 12:59:30.705   287  1306 E NetlinkEvent: NetlinkEvent::FindParam(): Parameter 'TIME_NS' not found
07-28 12:59:30.705   287  1306 E NetlinkEvent: NetlinkEvent::FindParam(): Parameter 'UID' not found
07-28 13:01:20.429   287  1306 E NetlinkEvent: NetlinkEvent::FindParam(): Parameter 'TIME_NS' not found
07-28 13:01:20.429   287  1306 E NetlinkEvent: NetlinkEvent::FindParam(): Parameter 'UID' not found
07-28 13:01:21.265  1847  2130 I chatty  : uid=1000(system) ActivityManager expire 10 lines
07-28 13:08:26.554  1847  2186 I chatty  : uid=1000(system) PowerManagerSer expire 6 lines
07-28 13:08:26.811  1847  5521 I chatty  : uid=1000(system) Binder_10 expire 11 lines
07-28 13:08:29.034  1847  5224 I chatty  : uid=1000(system) Binder_7 expire 5 lines
07-28 13:08:37.392  1847  4628 I chatty  : uid=1000(system) Binder_4 expire 13 lines
07-28 13:08:37.481  1847  2129 I chatty  : uid=1000(system) android.bg expire 1 line
07-28 13:08:41.062   287  1306 E NetlinkEvent: NetlinkEvent::FindParam(): Parameter 'TIME_NS' not found
07-28 13:08:41.062   287  1306 E NetlinkEvent: NetlinkEvent::FindParam(): Parameter 'UID' not found
07-28 13:08:42.417   287  1306 E NetlinkEvent: NetlinkEvent::FindParam(): Parameter 'TIME_NS' not found
07-28 13:08:42.417   287  1306 E NetlinkEvent: NetlinkEvent::FindParam(): Parameter 'UID' not found
07-28 13:09:43.183  1847  5484 I chatty  : uid=1000(system) Binder_D expire 7 lines
07-28 13:09:55.037  1847  5223 I chatty  : uid=1000(system) Binder_6 expire 5 lines
07-28 13:09:58.384  1847  5235 I chatty  : uid=1000(system) Binder_8 expire 6 lines
07-28 13:11:33.789  1847  5502 I chatty  : uid=1000(system) Binder_E expire 5 lines
07-28 13:11:43.825  1847  1874 I chatty  : uid=1000(system) Binder_2 expire 6 lines
07-28 13:11:45.648 25538 25538 E ActivityThread: Service com.google.android.youtube.api.service.YouTubeService has leaked IntentReceiver vld@cf3c8c9 that was originally registered here. Are you missing a call to unregisterReceiver()?
07-28 13:11:45.648 25538 25538 E ActivityThread: android.app.IntentReceiverLeaked: Service com.google.android.youtube.api.service.YouTubeService has leaked IntentReceiver vld@cf3c8c9 that was originally registered here. Are you missing a call to unregisterReceiver()?
07-28 13:11:45.648 25538 25538 E ActivityThread: 	at android.app.LoadedApk$ReceiverDispatcher.<init>(LoadedApk.java:919)
07-28 13:11:45.648 25538 25538 E ActivityThread: 	at android.app.LoadedApk.getReceiverDispatcher(LoadedApk.java:720)
07-28 13:11:45.648 25538 25538 E ActivityThread: 	at android.app.ContextImpl.registerReceiverInternal(ContextImpl.java:1182)
07-28 13:11:45.648 25538 25538 E ActivityThread: 	at android.app.ContextImpl.registerReceiver(ContextImpl.java:1162)
07-28 13:11:45.648 25538 25538 E ActivityThread: 	at android.app.ContextImpl.registerReceiver(ContextImpl.java:1156)
07-28 13:11:45.648 25538 25538 E ActivityThread: 	at android.content.ContextWrapper.registerReceiver(ContextWrapper.java:560)
07-28 13:11:45.648 25538 25538 E ActivityThread: 	at wsu.<init>(SourceFile:36)
07-28 13:11:45.648 25538 25538 E ActivityThread: 	at wtc.get(SourceFile:36)
07-28 13:11:45.648 25538 25538 E ActivityThread: 	at afch.get(SourceFile:10)
07-28 13:11:45.648 25538 25538 E ActivityThread: 	at ihe.a(SourceFile:30)
07-28 13:11:45.648 25538 25538 E ActivityThread: 	at iil.a(SourceFile:961)
07-28 13:11:45.648 25538 25538 E ActivityThread: 	at igv.<init>(SourceFile:7)
07-28 13:11:45.648 25538 25538 E ActivityThread: 	at com.google.android.apps.youtube.embeddedplayer.service.service.jar.ApiPlayerService.<init>(SourceFile:46)
07-28 13:11:45.648 25538 25538 E ActivityThread: 	at com.google.android.apps.youtube.embeddedplayer.service.service.jar.ApiPlayerFactoryService$1.run(SourceFile:10)
07-28 13:11:45.648 25538 25538 E ActivityThread: 	at android.os.Handler.handleCallback(Handler.java:739)
07-28 13:11:45.648 25538 25538 E ActivityThread: 	at android.os.Handler.dispatchMessage(Handler.java:95)
07-28 13:11:45.648 25538 25538 E ActivityThread: 	at android.os.Looper.loop(Looper.java:148)
07-28 13:11:45.648 25538 25538 E ActivityThread: 	at android.app.ActivityThread.main(ActivityThread.java:5461)
07-28 13:11:45.648 25538 25538 E ActivityThread: 	at java.lang.reflect.Method.invoke(Native Method)
07-28 13:11:45.648 25538 25538 E ActivityThread: 	at com.android.internal.os.ZygoteInit$MethodAndArgsCaller.run(ZygoteInit.java:726)
07-28 13:11:45.648 25538 25538 E ActivityThread: 	at com.android.internal.os.ZygoteInit.main(ZygoteInit.java:616)
07-28 13:11:45.648 25538 25538 E ActivityThread: 	at de.robv.android.xposed.XposedBridge.main(XposedBridge.java:102)
07-28 13:11:45.649 25538 25538 E ActivityThread: Service com.google.android.youtube.api.service.YouTubeService has leaked IntentReceiver vlg@f3073ff that was originally registered here. Are you missing a call to unregisterReceiver()?
07-28 13:11:45.649 25538 25538 E ActivityThread: android.app.IntentReceiverLeaked: Service com.google.android.youtube.api.service.YouTubeService has leaked IntentReceiver vlg@f3073ff that was originally registered here. Are you missing a call to unregisterReceiver()?
07-28 13:11:45.649 25538 25538 E ActivityThread: 	at android.app.LoadedApk$ReceiverDispatcher.<init>(LoadedApk.java:919)
07-28 13:11:45.649 25538 25538 E ActivityThread: 	at android.app.LoadedApk.getReceiverDispatcher(LoadedApk.java:720)
07-28 13:11:45.649 25538 25538 E ActivityThread: 	at android.app.ContextImpl.registerReceiverInternal(ContextImpl.java:1182)
07-28 13:11:45.649 25538 25538 E ActivityThread: 	at android.app.ContextImpl.registerReceiver(ContextImpl.java:1162)
07-28 13:11:45.649 25538 25538 E ActivityThread: 	at android.app.ContextImpl.registerReceiver(ContextImpl.java:1156)
07-28 13:11:45.649 25538 25538 E ActivityThread: 	at android.content.ContextWrapper.registerReceiver(ContextWrapper.java:560)
07-28 13:11:45.649 25538 25538 E ActivityThread: 	at vle.<init>(SourceFile:15)
07-28 13:11:45.649 25538 25538 E ActivityThread: 	at vll.get(SourceFile:9)
07-28 13:11:45.649 25538 25538 E ActivityThread: 	at wtc.get(SourceFile:34)
07-28 13:11:45.649 25538 25538 E ActivityThread: 	at afch.get(SourceFile:10)
07-28 13:11:45.649 25538 25538 E ActivityThread: 	at ihe.a(SourceFile:30)
07-28 13:11:45.649 25538 25538 E ActivityThread: 	at iil.a(SourceFile:961)
07-28 13:11:45.649 25538 25538 E ActivityThread: 	at igv.<init>(SourceFile:7)
07-28 13:11:45.649 25538 25538 E ActivityThread: 	at com.google.android.apps.youtube.embeddedplayer.service.service.jar.ApiPlayerService.<init>(SourceFile:46)
07-28 13:11:45.649 25538 25538 E ActivityThread: 	at com.google.android.apps.youtube.embeddedplayer.service.service.jar.ApiPlayerFactoryService$1.run(SourceFile:10)
07-28 13:11:45.649 25538 25538 E ActivityThread: 	at android.os.Handler.handleCallback(Handler.java:739)
07-28 13:11:45.649 25538 25538 E ActivityThread: 	at android.os.Handler.dispatchMessage(Handler.java:95)
07-28 13:11:45.649 25538 25538 E ActivityThread: 	at android.os.Looper.loop(Looper.java:148)
07-28 13:11:45.649 25538 25538 E ActivityThread: 	at android.app.ActivityThread.main(ActivityThread.java:5461)
07-28 13:11:45.649 25538 25538 E ActivityThread: 	at java.lang.reflect.Method.invoke(Native Method)
07-28 13:11:45.649 25538 25538 E ActivityThread: 	at com.android.internal.os.ZygoteInit$MethodAndArgsCaller.run(ZygoteInit.java:726)
07-28 13:11:45.649 25538 25538 E ActivityThread: 	at com.android.internal.os.ZygoteInit.main(ZygoteInit.java:616)
07-28 13:11:45.649 25538 25538 E ActivityThread: 	at de.robv.android.xposed.XposedBridge.main(XposedBridge.java:102)
07-28 13:11:45.795  1847  4541 I chatty  : uid=1000(system) ConnectivitySer expire 18 lines
07-28 13:11:50.081 25538 25538 E ActivityThread: Service com.google.android.youtube.api.service.YouTubeService has leaked IntentReceiver vld@1b7d17 that was originally registered here. Are you missing a call to unregisterReceiver()?
07-28 13:11:50.081 25538 25538 E ActivityThread: android.app.IntentReceiverLeaked: Service com.google.android.youtube.api.service.YouTubeService has leaked IntentReceiver vld@1b7d17 that was originally registered here. Are you missing a call to unregisterReceiver()?
07-28 13:11:50.081 25538 25538 E ActivityThread: 	at android.app.LoadedApk$ReceiverDispatcher.<init>(LoadedApk.java:919)
07-28 13:11:50.081 25538 25538 E ActivityThread: 	at android.app.LoadedApk.getReceiverDispatcher(LoadedApk.java:720)
07-28 13:11:50.081 25538 25538 E ActivityThread: 	at android.app.ContextImpl.registerReceiverInternal(ContextImpl.java:1182)
07-28 13:11:50.081 25538 25538 E ActivityThread: 	at android.app.ContextImpl.registerReceiver(ContextImpl.java:1162)
07-28 13:11:50.081 25538 25538 E ActivityThread: 	at android.app.ContextImpl.registerReceiver(ContextImpl.java:1156)
07-28 13:11:50.081 25538 25538 E ActivityThread: 	at android.content.ContextWrapper.registerReceiver(ContextWrapper.java:560)
07-28 13:11:50.081 25538 25538 E ActivityThread: 	at wsu.<init>(SourceFile:36)
07-28 13:11:50.081 25538 25538 E ActivityThread: 	at wtc.get(SourceFile:36)
07-28 13:11:50.081 25538 25538 E ActivityThread: 	at afch.get(SourceFile:10)
07-28 13:11:50.081 25538 25538 E ActivityThread: 	at ihe.a(SourceFile:30)
07-28 13:11:50.081 25538 25538 E ActivityThread: 	at iil.a(SourceFile:961)
07-28 13:11:50.081 25538 25538 E ActivityThread: 	at igv.<init>(SourceFile:7)
07-28 13:11:50.081 25538 25538 E ActivityThread: 	at com.google.android.apps.youtube.embeddedplayer.service.service.jar.ApiPlayerService.<init>(SourceFile:46)
07-28 13:11:50.081 25538 25538 E ActivityThread: 	at com.google.android.apps.youtube.embeddedplayer.service.service.jar.ApiPlayerFactoryService$1.run(SourceFile:10)
07-28 13:11:50.081 25538 25538 E ActivityThread: 	at android.os.Handler.handleCallback(Handler.java:739)
07-28 13:11:50.081 25538 25538 E ActivityThread: 	at android.os.Handler.dispatchMessage(Handler.java:95)
07-28 13:11:50.081 25538 25538 E ActivityThread: 	at android.os.Looper.loop(Looper.java:148)
07-28 13:11:50.081 25538 25538 E ActivityThread: 	at android.app.ActivityThread.main(ActivityThread.java:5461)
07-28 13:11:50.081 25538 25538 E ActivityThread: 	at java.lang.reflect.Method.invoke(Native Method)
07-28 13:11:50.081 25538 25538 E ActivityThread: 	at com.android.internal.os.ZygoteInit$MethodAndArgsCaller.run(ZygoteInit.java:726)
07-28 13:11:50.081 25538 25538 E ActivityThread: 	at com.android.internal.os.ZygoteInit.main(ZygoteInit.java:616)
07-28 13:11:50.081 25538 25538 E ActivityThread: 	at de.robv.android.xposed.XposedBridge.main(XposedBridge.java:102)
07-28 13:11:50.085 25538 25538 E ActivityThread: Service com.google.android.youtube.api.service.YouTubeService has leaked IntentReceiver vlg@a3ddeca that was originally registered here. Are you missing a call to unregisterReceiver()?
07-28 13:11:50.085 25538 25538 E ActivityThread: android.app.IntentReceiverLeaked: Service com.google.android.youtube.api.service.YouTubeService has leaked IntentReceiver vlg@a3ddeca that was originally registered here. Are you missing a call to unregisterReceiver()?
07-28 13:11:50.085 25538 25538 E ActivityThread: 	at android.app.LoadedApk$ReceiverDispatcher.<init>(LoadedApk.java:919)
07-28 13:11:50.085 25538 25538 E ActivityThread: 	at android.app.LoadedApk.getReceiverDispatcher(LoadedApk.java:720)
07-28 13:11:50.085 25538 25538 E ActivityThread: 	at android.app.ContextImpl.registerReceiverInternal(ContextImpl.java:1182)
07-28 13:11:50.085 25538 25538 E ActivityThread: 	at android.app.ContextImpl.registerReceiver(ContextImpl.java:1162)
07-28 13:11:50.085 25538 25538 E ActivityThread: 	at android.app.ContextImpl.registerReceiver(ContextImpl.java:1156)
07-28 13:11:50.085 25538 25538 E ActivityThread: 	at android.content.ContextWrapper.registerReceiver(ContextWrapper.java:560)
07-28 13:11:50.085 25538 25538 E ActivityThread: 	at vle.<init>(SourceFile:15)
07-28 13:11:50.085 25538 25538 E ActivityThread: 	at vll.get(SourceFile:9)
07-28 13:11:50.085 25538 25538 E ActivityThread: 	at wtc.get(SourceFile:34)
07-28 13:11:50.085 25538 25538 E ActivityThread: 	at afch.get(SourceFile:10)
07-28 13:11:50.085 25538 25538 E ActivityThread: 	at ihe.a(SourceFile:30)
07-28 13:11:50.085 25538 25538 E ActivityThread: 	at iil.a(SourceFile:961)
07-28 13:11:50.085 25538 25538 E ActivityThread: 	at igv.<init>(SourceFile:7)
07-28 13:11:50.085 25538 25538 E ActivityThread: 	at com.google.android.apps.youtube.embeddedplayer.service.service.jar.ApiPlayerService.<init>(SourceFile:46)
07-28 13:11:50.085 25538 25538 E ActivityThread: 	at com.google.android.apps.youtube.embeddedplayer.service.service.jar.ApiPlayerFactoryService$1.run(SourceFile:10)
07-28 13:11:50.085 25538 25538 E ActivityThread: 	at android.os.Handler.handleCallback(Handler.java:739)
07-28 13:11:50.085 25538 25538 E ActivityThread: 	at android.os.Handler.dispatchMessage(Handler.java:95)
07-28 13:11:50.085 25538 25538 E ActivityThread: 	at android.os.Looper.loop(Looper.java:148)
07-28 13:11:50.085 25538 25538 E ActivityThread: 	at android.app.ActivityThread.main(ActivityThread.java:5461)
07-28 13:11:50.085 25538 25538 E ActivityThread: 	at java.lang.reflect.Method.invoke(Native Method)
07-28 13:11:50.085 25538 25538 E ActivityThread: 	at com.android.internal.os.ZygoteInit$MethodAndArgsCaller.run(ZygoteInit.java:726)
07-28 13:11:50.085 25538 25538 E ActivityThread: 	at com.android.internal.os.ZygoteInit.main(ZygoteInit.java:616)
07-28 13:11:50.085 25538 25538 E ActivityThread: 	at de.robv.android.xposed.XposedBridge.main(XposedBridge.java:102)
07-28 13:11:54.682 25538 25538 E ActivityThread: Service com.google.android.youtube.api.service.YouTubeService has leaked IntentReceiver vlg@6bbe89a that was originally registered here. Are you missing a call to unregisterReceiver()?
07-28 13:11:54.682 25538 25538 E ActivityThread: android.app.IntentReceiverLeaked: Service com.google.android.youtube.api.service.YouTubeService has leaked IntentReceiver vlg@6bbe89a that was originally registered here. Are you missing a call to unregisterReceiver()?
07-28 13:11:54.682 25538 25538 E ActivityThread: 	at android.app.LoadedApk$ReceiverDispatcher.<init>(LoadedApk.java:919)
07-28 13:11:54.682 25538 25538 E ActivityThread: 	at android.app.LoadedApk.getReceiverDispatcher(LoadedApk.java:720)
07-28 13:11:54.682 25538 25538 E ActivityThread: 	at android.app.ContextImpl.registerReceiverInternal(ContextImpl.java:1182)
07-28 13:11:54.682 25538 25538 E ActivityThread: 	at android.app.ContextImpl.registerReceiver(ContextImpl.java:1162)
07-28 13:11:54.682 25538 25538 E ActivityThread: 	at android.app.ContextImpl.registerReceiver(ContextImpl.java:1156)
07-28 13:11:54.682 25538 25538 E ActivityThread: 	at android.content.ContextWrapper.registerReceiver(ContextWrapper.java:560)
07-28 13:11:54.682 25538 25538 E ActivityThread: 	at vle.<init>(SourceFile:15)
07-28 13:11:54.682 25538 25538 E ActivityThread: 	at vll.get(SourceFile:9)
07-28 13:11:54.682 25538 25538 E ActivityThread: 	at wtc.get(SourceFile:34)
07-28 13:11:54.682 25538 25538 E ActivityThread: 	at afch.get(SourceFile:10)
07-28 13:11:54.682 25538 25538 E ActivityThread: 	at ihe.a(SourceFile:30)
07-28 13:11:54.682 25538 25538 E ActivityThread: 	at iil.a(SourceFile:961)
07-28 13:11:54.682 25538 25538 E ActivityThread: 	at igv.<init>(SourceFile:7)
07-28 13:11:54.682 25538 25538 E ActivityThread: 	at com.google.android.apps.youtube.embeddedplayer.service.service.jar.ApiPlayerService.<init>(SourceFile:46)
07-28 13:11:54.682 25538 25538 E ActivityThread: 	at com.google.android.apps.youtube.embeddedplayer.service.service.jar.ApiPlayerFactoryService$1.run(SourceFile:10)
07-28 13:11:54.682 25538 25538 E ActivityThread: 	at android.os.Handler.handleCallback(Handler.java:739)
07-28 13:11:54.682 25538 25538 E ActivityThread: 	at android.os.Handler.dispatchMessage(Handler.java:95)
07-28 13:11:54.682 25538 25538 E ActivityThread: 	at android.os.Looper.loop(Looper.java:148)
07-28 13:11:54.682 25538 25538 E ActivityThread: 	at android.app.ActivityThread.main(ActivityThread.java:5461)
07-28 13:11:54.682 25538 25538 E ActivityThread: 	at java.lang.reflect.Method.invoke(Native Method)
07-28 13:11:54.682 25538 25538 E ActivityThread: 	at com.android.internal.os.ZygoteInit$MethodAndArgsCaller.run(ZygoteInit.java:726)
07-28 13:11:54.682 25538 25538 E ActivityThread: 	at com.android.internal.os.ZygoteInit.main(ZygoteInit.java:616)
07-28 13:11:54.682 25538 25538 E ActivityThread: 	at de.robv.android.xposed.XposedBridge.main(XposedBridge.java:102)
07-28 13:11:54.684 25538 25538 E ActivityThread: Service com.google.android.youtube.api.service.YouTubeService has leaked IntentReceiver vld@8b653a7 that was originally registered here. Are you missing a call to unregisterReceiver()?
07-28 13:11:54.684 25538 25538 E ActivityThread: android.app.IntentReceiverLeaked: Service com.google.android.youtube.api.service.YouTubeService has leaked IntentReceiver vld@8b653a7 that was originally registered here. Are you missing a call to unregisterReceiver()?
07-28 13:11:54.684 25538 25538 E ActivityThread: 	at android.app.LoadedApk$ReceiverDispatcher.<init>(LoadedApk.java:919)
07-28 13:11:54.684 25538 25538 E ActivityThread: 	at android.app.LoadedApk.getReceiverDispatcher(LoadedApk.java:720)
07-28 13:11:54.684 25538 25538 E ActivityThread: 	at android.app.ContextImpl.registerReceiverInternal(ContextImpl.java:1182)
07-28 13:11:54.684 25538 25538 E ActivityThread: 	at android.app.ContextImpl.registerReceiver(ContextImpl.java:1162)
07-28 13:11:54.684 25538 25538 E ActivityThread: 	at android.app.ContextImpl.registerReceiver(ContextImpl.java:1156)
07-28 13:11:54.684 25538 25538 E ActivityThread: 	at android.content.ContextWrapper.registerReceiver(ContextWrapper.java:560)
07-28 13:11:54.684 25538 25538 E ActivityThread: 	at wsu.<init>(SourceFile:36)
07-28 13:11:54.684 25538 25538 E ActivityThread: 	at wtc.get(SourceFile:36)
07-28 13:11:54.684 25538 25538 E ActivityThread: 	at afch.get(SourceFile:10)
07-28 13:11:54.684 25538 25538 E ActivityThread: 	at ihe.a(SourceFile:30)
07-28 13:11:54.684 25538 25538 E ActivityThread: 	at iil.a(SourceFile:961)
07-28 13:11:54.684 25538 25538 E ActivityThread: 	at igv.<init>(SourceFile:7)
07-28 13:11:54.684 25538 25538 E ActivityThread: 	at com.google.android.apps.youtube.embeddedplayer.service.service.jar.ApiPlayerService.<init>(SourceFile:46)
07-28 13:11:54.684 25538 25538 E ActivityThread: 	at com.google.android.apps.youtube.embeddedplayer.service.service.jar.ApiPlayerFactoryService$1.run(SourceFile:10)
07-28 13:11:54.684 25538 25538 E ActivityThread: 	at android.os.Handler.handleCallback(Handler.java:739)
07-28 13:11:54.684 25538 25538 E ActivityThread: 	at android.os.Handler.dispatchMessage(Handler.java:95)
07-28 13:11:54.684 25538 25538 E ActivityThread: 	at android.os.Looper.loop(Looper.java:148)
07-28 13:11:54.684 25538 25538 E ActivityThread: 	at android.app.ActivityThread.main(ActivityThread.java:5461)
07-28 13:11:54.684 25538 25538 E ActivityThread: 	at java.lang.reflect.Method.invoke(Native Method)
07-28 13:11:54.684 25538 25538 E ActivityThread: 	at com.android.internal.os.ZygoteInit$MethodAndArgsCaller.run(ZygoteInit.java:726)
07-28 13:11:54.684 25538 25538 E ActivityThread: 	at com.android.internal.os.ZygoteInit.main(ZygoteInit.java:616)
07-28 13:11:54.684 25538 25538 E ActivityThread: 	at de.robv.android.xposed.XposedBridge.main(XposedBridge.java:102)
07-28 13:11:54.941 25867 25867 W ActivityThread: ClassLoader.loadClass: The class loader returned by Thread.getContextClassLoader() may fail for processes that host multiple applications. You should explicitly specify a context class loader. For example: Thread.setContextClassLoader(getClass().getClassLoader());
07-28 13:12:55.775  1847  2130 I chatty  : uid=1000(system) ActivityManager expire 5 lines
07-28 13:13:49.729  4576  4576 V DeadZone: consuming errant click: (160.85106,23.046265)
07-28 13:16:04.648   287  1306 E NetlinkEvent: NetlinkEvent::FindParam(): Parameter 'TIME_NS' not found
07-28 13:16:04.648   287  1306 E NetlinkEvent: NetlinkEvent::FindParam(): Parameter 'UID' not found
07-28 13:16:05.084  1847  4628 I chatty  : uid=1000(system) Binder_4 expire 4 lines
07-28 13:16:05.577  1847  5521 I chatty  : uid=1000(system) Binder_10 expire 3 lines
07-28 13:16:09.044  1847  4541 I chatty  : uid=1000(system) ConnectivitySer expire 32 lines
07-28 13:16:30.914   287  1306 E NetlinkEvent: NetlinkEvent::FindParam(): Parameter 'TIME_NS' not found
07-28 13:16:30.914   287  1306 E NetlinkEvent: NetlinkEvent::FindParam(): Parameter 'UID' not found
07-28 13:16:42.697  1847  4539 I chatty  : uid=1000(system) WifiStateMachin expire 1 line
07-28 13:16:42.698  1847  4541 I chatty  : uid=1000(system) ConnectivitySer expire 46 lines
07-28 13:16:42.724   287  1306 E NetlinkEvent: NetlinkEvent::FindParam(): Parameter 'TIME_NS' not found
07-28 13:16:42.724   287  1306 E NetlinkEvent: NetlinkEvent::FindParam(): Parameter 'UID' not found
07-28 13:16:51.971  1847  5502 I chatty  : uid=1000(system) Binder_E expire 11 lines
07-28 13:16:52.128  1847  5519 I chatty  : uid=1000(system) Binder_F expire 8 lines
07-28 13:16:52.215  1847  4629 I chatty  : uid=1000(system) Binder_5 expire 9 lines
07-28 13:16:52.226  1847  5484 I chatty  : uid=1000(system) Binder_D expire 5 lines
07-28 13:16:52.229  1847  1874 I chatty  : uid=1000(system) Binder_2 expire 10 lines
07-28 13:16:52.267  1847  1871 I chatty  : uid=1000(system) Binder_1 expire 6 lines
07-28 13:16:53.201  1847  4537 I chatty  : uid=1000(system) NetworkPolicy expire 3 lines
07-28 13:16:57.218  1847  5331 I chatty  : uid=1000(system) Binder_C expire 8 lines
07-28 13:16:57.237  1847  5296 I chatty  : uid=1000(system) Binder_9 expire 2 lines
07-28 13:17:03.905  1847  2186 I chatty  : uid=1000(system) PowerManagerSer expire 4 lines
07-28 13:17:04.267  1847  2171 I chatty  : uid=1000(system) android.display expire 1 line
07-28 13:17:23.333  1847  2130 I chatty  : uid=1000(system) ActivityManager expire 10 lines
07-28 13:17:34.940   287  1306 E NetlinkEvent: NetlinkEvent::FindParam(): Parameter 'TIME_NS' not found
07-28 13:17:34.940   287  1306 E NetlinkEvent: NetlinkEvent::FindParam(): Parameter 'UID' not found
07-28 13:17:39.785   287  1306 E NetlinkEvent: NetlinkEvent::FindParam(): Parameter 'TIME_NS' not found
07-28 13:17:39.786   287  1306 E NetlinkEvent: NetlinkEvent::FindParam(): Parameter 'UID' not found
07-28 13:17:40.311  1847  5235 I chatty  : uid=1000(system) Binder_8 expire 5 lines
07-28 13:17:40.311  1847  4541 I chatty  : uid=1000(system) ConnectivitySer expire 32 lines
07-28 13:17:40.473  1847  5300 I chatty  : uid=1000(system) Binder_A expire 9 lines
07-28 13:17:40.490   287  1306 E NetlinkEvent: NetlinkEvent::FindParam(): Parameter 'TIME_NS' not found
07-28 13:17:40.490   287  1306 E NetlinkEvent: NetlinkEvent::FindParam(): Parameter 'UID' not found
07-28 13:17:40.491   287  1306 E NetlinkEvent: NetlinkEvent::FindParam(): Parameter 'TIME_NS' not found
07-28 13:17:40.491   287  1306 E NetlinkEvent: NetlinkEvent::FindParam(): Parameter 'UID' not found
07-28 13:17:40.629  1847  5224 I chatty  : uid=1000(system) Binder_7 expire 2 lines
07-28 13:17:45.087  1847  5521 I chatty  : uid=1000(system) Binder_10 expire 2 lines
07-28 13:18:05.324  5485  5485 D MccTable: updateMccMncConfiguration mccmnc='null' fromServiceState=true
07-28 13:18:05.324  5485  5485 D MccTable: WIFI_COUNTRY_CODE set to 
07-28 13:18:05.326  1847  5223 I chatty  : uid=1000(system) Binder_6 expire 6 lines
07-28 13:18:05.351  1847  4541 I chatty  : uid=1000(system) ConnectivitySer expire 10 lines
07-28 13:18:06.086  1847  4159 I chatty  : uid=1000(system) Binder_3 expire 3 lines
07-28 13:18:06.193   287  1306 E NetlinkEvent: NetlinkEvent::FindParam(): Parameter 'TIME_NS' not found
07-28 13:18:06.193   287  1306 E NetlinkEvent: NetlinkEvent::FindParam(): Parameter 'UID' not found
07-28 13:18:06.241 32235 32235 W ActivityThread: ClassLoader.loadClass: The class loader returned by Thread.getContextClassLoader() may fail for processes that host multiple applications. You should explicitly specify a context class loader. For example: Thread.setContextClassLoader(getClass().getClassLoader());
07-28 13:18:06.284  1847  5307 I chatty  : uid=1000(system) Binder_B expire 3 lines
07-28 13:18:10.372 32272 32308 D ActivityThread: Loading provider com.google.android.gmail.provider;com.android.mail.notifier;com.google.android.gm.email.provider;com.google.android.gm.tasks.provider;com.google.android.gm.email.notifier: com.android.email.provider.EmailProvider
07-28 13:18:10.747 32312 32312 W ActivityThread: ClassLoader.loadClass: The class loader returned by Thread.getContextClassLoader() may fail for processes that host multiple applications. You should explicitly specify a context class loader. For example: Thread.setContextClassLoader(getClass().getClassLoader());
07-28 13:19:10.158  5485  5485 D MccTable: updateMccMncConfiguration mccmnc='40486' fromServiceState=true
07-28 13:19:10.158  5485  5485 D MccTable: updateMccMncConfiguration defaultMccMnc=40486
07-28 13:19:10.158  5485  5485 D MccTable: updateMccMncConfiguration: mcc=404, mnc=86
07-28 13:19:10.158  5485  5485 D MccTable: WIFI_COUNTRY_CODE set to in
07-28 13:19:10.191  1847  4541 I chatty  : uid=1000(system) ConnectivitySer expire 12 lines
07-28 13:22:11.369   287  1306 E NetlinkEvent: NetlinkEvent::FindParam(): Parameter 'TIME_NS' not found
07-28 13:22:11.369   287  1306 E NetlinkEvent: NetlinkEvent::FindParam(): Parameter 'UID' not found
07-28 13:22:11.473  1847  4541 I chatty  : uid=1000(system) ConnectivitySer expire 10 lines
07-28 13:22:11.629  1847  4628 I chatty  : uid=1000(system) Binder_4 expire 3 lines
07-28 13:22:13.675  5485  5485 D MccTable: updateMccMncConfiguration mccmnc='null' fromServiceState=true
07-28 13:22:13.675  5485  5485 D MccTable: WIFI_COUNTRY_CODE set to 
07-28 13:22:21.773   287  1306 E NetlinkEvent: NetlinkEvent::FindParam(): Parameter 'TIME_NS' not found
07-28 13:22:21.773   287  1306 E NetlinkEvent: NetlinkEvent::FindParam(): Parameter 'UID' not found
07-28 13:22:26.786   287  1306 E NetlinkEvent: NetlinkEvent::FindParam(): Parameter 'TIME_NS' not found
07-28 13:22:26.786   287  1306 E NetlinkEvent: NetlinkEvent::FindParam(): Parameter 'UID' not found
07-28 13:22:57.648  1847  2129 I chatty  : uid=1000(system) android.bg expire 1 line
07-28 13:23:09.807  5485  5485 D MccTable: updateMccMncConfiguration mccmnc='40486' fromServiceState=true
07-28 13:23:09.808  5485  5485 D MccTable: updateMccMncConfiguration defaultMccMnc=40486
07-28 13:23:09.808  5485  5485 D MccTable: updateMccMncConfiguration: mcc=404, mnc=86
07-28 13:23:09.808  5485  5485 D MccTable: WIFI_COUNTRY_CODE set to in
07-28 13:23:10.107  1847  1874 I chatty  : uid=1000(system) Binder_2 expire 2 lines
07-28 13:23:10.712   287  1306 E NetlinkEvent: NetlinkEvent::FindParam(): Parameter 'TIME_NS' not found
07-28 13:23:10.712   287  1306 E NetlinkEvent: NetlinkEvent::FindParam(): Parameter 'UID' not found
07-28 13:23:10.783   287  1306 E NetlinkEvent: NetlinkEvent::FindParam(): Parameter 'TIME_NS' not found
07-28 13:23:10.783   287  1306 E NetlinkEvent: NetlinkEvent::FindParam(): Parameter 'UID' not found
07-28 13:23:11.007  1847  4541 I chatty  : uid=1000(system) ConnectivitySer expire 25 lines
07-28 13:24:02.727   287  1306 E NetlinkEvent: NetlinkEvent::FindParam(): Parameter 'TIME_NS' not found
07-28 13:24:02.727   287  1306 E NetlinkEvent: NetlinkEvent::FindParam(): Parameter 'UID' not found
07-28 13:24:23.021  1847  4541 I chatty  : uid=1000(system) ConnectivitySer expire 8 lines
07-28 13:26:59.260  1847  2130 I chatty  : uid=1000(system) ActivityManager expire 4 lines
07-28 13:27:44.768  5485  5485 D MccTable: updateMccMncConfiguration mccmnc='null' fromServiceState=true
07-28 13:27:44.768  5485  5485 D MccTable: WIFI_COUNTRY_CODE set to 
07-28 13:27:44.790  1847  4541 I chatty  : uid=1000(system) ConnectivitySer expire 10 lines
07-28 13:27:44.906  1847  5331 I chatty  : uid=1000(system) Binder_C expire 9 lines
07-28 13:27:44.915  1847  4159 I chatty  : uid=1000(system) Binder_3 expire 5 lines
07-28 13:27:44.922  1847  4629 I chatty  : uid=1000(system) Binder_5 expire 8 lines
07-28 13:27:44.966  1847  5519 I chatty  : uid=1000(system) Binder_F expire 10 lines
07-28 13:27:44.967  1847  1874 I chatty  : uid=1000(system) Binder_2 expire 10 lines
07-28 13:27:45.000  1847  5300 I chatty  : uid=1000(system) Binder_A expire 6 lines
07-28 13:27:45.044  1847  5484 I chatty  : uid=1000(system) Binder_D expire 8 lines
07-28 13:27:59.397  5485  5485 D MccTable: updateMccMncConfiguration mccmnc='40486' fromServiceState=true
07-28 13:27:59.398  5485  5485 D MccTable: updateMccMncConfiguration defaultMccMnc=40486
07-28 13:27:59.398  5485  5485 D MccTable: updateMccMncConfiguration: mcc=404, mnc=86
07-28 13:27:59.398  5485  5485 D MccTable: WIFI_COUNTRY_CODE set to in
07-28 13:27:59.398  1847  5223 I chatty  : uid=1000(system) Binder_6 expire 9 lines
07-28 13:27:59.433  1847  4541 I chatty  : uid=1000(system) ConnectivitySer expire 41 lines
07-28 13:27:59.572  1847  5224 I chatty  : uid=1000(system) Binder_7 expire 7 lines
07-28 13:27:59.615  1847  5235 I chatty  : uid=1000(system) Binder_8 expire 8 lines
07-28 13:27:59.677  1847  2129 I chatty  : uid=1000(system) android.bg expire 1 line
07-28 13:27:59.765  1847  5502 I chatty  : uid=1000(system) Binder_E expire 4 lines
07-28 13:28:00.436  1847  4540 I chatty  : uid=1000(system) WifiService expire 2 lines
07-28 13:28:00.609  1847  5307 I chatty  : uid=1000(system) Binder_B expire 4 lines
07-28 13:28:00.648  1847  1871 I chatty  : uid=1000(system) Binder_1 expire 5 lines
07-28 13:28:00.984  1847  5521 I chatty  : uid=1000(system) Binder_10 expire 4 lines
07-28 13:28:05.610  1847  4539 I chatty  : uid=1000(system) WifiStateMachin expire 2 lines
07-28 13:28:05.636   287  1306 E NetlinkEvent: NetlinkEvent::FindParam(): Parameter 'TIME_NS' not found
07-28 13:28:05.636   287  1306 E NetlinkEvent: NetlinkEvent::FindParam(): Parameter 'UID' not found
07-28 13:28:06.677  1847  5296 I chatty  : uid=1000(system) Binder_9 expire 3 lines
07-28 13:28:06.681  1847  4628 I chatty  : uid=1000(system) Binder_4 expire 4 lines
07-28 13:28:07.757  1847  4537 I chatty  : uid=1000(system) NetworkPolicy expire 3 lines
07-28 13:30:42.485   287  1306 E NetlinkEvent: NetlinkEvent::FindParam(): Parameter 'TIME_NS' not found
07-28 13:30:42.485   287  1306 E NetlinkEvent: NetlinkEvent::FindParam(): Parameter 'UID' not found
07-28 13:32:34.910  1847  4244 I chatty  : uid=1000(system) InputReader expire 4 lines
07-28 13:32:34.935  1847  2186 I chatty  : uid=1000(system) PowerManagerSer expire 6 lines
07-28 13:32:34.952  1847  2171 I chatty  : uid=1000(system) android.display expire 4 lines
07-28 13:32:37.995  1847  4541 I chatty  : uid=1000(system) ConnectivitySer expire 18 lines
07-28 13:33:09.457  6419  6458 W ActivityThread: ClassLoader.loadClass: The class loader returned by Thread.getContextClassLoader() may fail for processes that host multiple applications. You should explicitly specify a context class loader. For example: Thread.setContextClassLoader(getClass().getClassLoader());
07-28 13:33:10.113  6419  6477 E ActivityThread: Failed to find provider info for com.facebook.katana.provider.AttributionIdProvider
07-28 13:34:18.805   287  1306 E NetlinkEvent: NetlinkEvent::FindParam(): Parameter 'TIME_NS' not found
07-28 13:34:18.805   287  1306 E NetlinkEvent: NetlinkEvent::FindParam(): Parameter 'UID' not found
07-28 13:34:21.834  1847  4541 I chatty  : uid=1000(system) ConnectivitySer expire 27 lines
07-28 13:34:36.900   287  1306 E NetlinkEvent: NetlinkEvent::FindParam(): Parameter 'TIME_NS' not found
07-28 13:34:36.900   287  1306 E NetlinkEvent: NetlinkEvent::FindParam(): Parameter 'UID' not found
07-28 13:34:45.216  1847  4541 I chatty  : uid=1000(system) ConnectivitySer expire 33 lines
07-28 13:34:45.240   287  1306 E NetlinkEvent: NetlinkEvent::FindParam(): Parameter 'TIME_NS' not found
07-28 13:34:45.240   287  1306 E NetlinkEvent: NetlinkEvent::FindParam(): Parameter 'UID' not found
07-28 13:34:51.191  1847  2186 I chatty  : uid=1000(system) PowerManagerSer expire 11 lines
07-28 13:35:03.300  1847  2130 I chatty  : uid=1000(system) ActivityManager expire 4 lines
07-28 13:35:06.874   287  1306 E NetlinkEvent: NetlinkEvent::FindParam(): Parameter 'TIME_NS' not found
07-28 13:35:06.874   287  1306 E NetlinkEvent: NetlinkEvent::FindParam(): Parameter 'UID' not found
07-28 13:35:16.136  1847  4541 I chatty  : uid=1000(system) ConnectivitySer expire 40 lines
07-28 13:35:16.256   287  1306 E NetlinkEvent: NetlinkEvent::FindParam(): Parameter 'TIME_NS' not found
07-28 13:35:16.256   287  1306 E NetlinkEvent: NetlinkEvent::FindParam(): Parameter 'UID' not found
07-28 13:35:26.288   287  1306 E NetlinkEvent: NetlinkEvent::FindParam(): Parameter 'TIME_NS' not found
07-28 13:35:26.288   287  1306 E NetlinkEvent: NetlinkEvent::FindParam(): Parameter 'UID' not found
07-28 13:35:31.299   287  1306 E NetlinkEvent: NetlinkEvent::FindParam(): Parameter 'TIME_NS' not found
07-28 13:35:31.299   287  1306 E NetlinkEvent: NetlinkEvent::FindParam(): Parameter 'UID' not found
07-28 13:36:14.582   287  1306 E NetlinkEvent: NetlinkEvent::FindParam(): Parameter 'TIME_NS' not found
07-28 13:36:14.582   287  1306 E NetlinkEvent: NetlinkEvent::FindParam(): Parameter 'UID' not found
07-28 13:37:07.362  1847  4244 I chatty  : uid=1000(system) InputReader expire 3 lines
07-28 13:37:07.409  1847  2171 I chatty  : uid=1000(system) android.display expire 4 lines
07-28 13:37:16.035   287  1306 E NetlinkEvent: NetlinkEvent::FindParam(): Parameter 'TIME_NS' not found
07-28 13:37:16.035   287  1306 E NetlinkEvent: NetlinkEvent::FindParam(): Parameter 'UID' not found
07-28 13:37:16.504  1847  5502 I chatty  : uid=1000(system) Binder_E expire 2 lines
07-28 13:37:16.520  1847  5223 I chatty  : uid=1000(system) Binder_6 expire 7 lines
07-28 13:37:17.093  1847  4629 I chatty  : uid=1000(system) Binder_5 expire 7 lines
07-28 13:37:17.186  1847  1871 I chatty  : uid=1000(system) Binder_1 expire 6 lines
07-28 13:37:17.337  1847  5331 I chatty  : uid=1000(system) Binder_C expire 7 lines
07-28 13:37:17.339  1847  5300 I chatty  : uid=1000(system) Binder_A expire 5 lines
07-28 13:37:17.514  1847  5484 I chatty  : uid=1000(system) Binder_D expire 5 lines
07-28 13:37:17.519  1847  1874 I chatty  : uid=1000(system) Binder_2 expire 4 lines
07-28 13:37:17.526  1847  4628 I chatty  : uid=1000(system) Binder_4 expire 6 lines
07-28 13:37:18.499  1847  4537 I chatty  : uid=1000(system) NetworkPolicy expire 5 lines
07-28 13:39:51.569 10586 10586 W ActivityThread: ClassLoader.loadClass: The class loader returned by Thread.getContextClassLoader() may fail for processes that host multiple applications. You should explicitly specify a context class loader. For example: Thread.setContextClassLoader(getClass().getClassLoader());
07-28 13:39:53.051  1847  5235 I chatty  : uid=1000(system) Binder_8 expire 7 lines
07-28 13:39:53.624 10662 10662 W ActivityThread: ClassLoader.loadClass: The class loader returned by Thread.getContextClassLoader() may fail for processes that host multiple applications. You should explicitly specify a context class loader. For example: Thread.setContextClassLoader(getClass().getClassLoader());
07-28 13:39:56.197   287  1306 E NetlinkEvent: NetlinkEvent::FindParam(): Parameter 'TIME_NS' not found
07-28 13:39:56.197   287  1306 E NetlinkEvent: NetlinkEvent::FindParam(): Parameter 'UID' not found
07-28 13:39:59.642  1847  4539 I chatty  : uid=1000(system) WifiStateMachin expire 2 lines
07-28 13:39:59.643  1847  4541 I chatty  : uid=1000(system) ConnectivitySer expire 117 lines
07-28 13:39:59.663   287  1306 E NetlinkEvent: NetlinkEvent::FindParam(): Parameter 'TIME_NS' not found
07-28 13:39:59.663   287  1306 E NetlinkEvent: NetlinkEvent::FindParam(): Parameter 'UID' not found
07-28 13:40:00.790  1847  5521 I chatty  : uid=1000(system) Binder_10 expire 2 lines
07-28 13:40:00.805  1847  5519 I chatty  : uid=1000(system) Binder_F expire 3 lines
07-28 13:40:11.330  1847  4159 I chatty  : uid=1000(system) Binder_3 expire 3 lines
07-28 13:40:11.700  1847  5224 I chatty  : uid=1000(system) Binder_7 expire 1 line
07-28 13:40:15.198  1847  5296 I chatty  : uid=1000(system) Binder_9 expire 4 lines
07-28 13:41:00.788  1847  4541 I chatty  : uid=1000(system) ConnectivitySer expire 42 lines
07-28 13:41:01.750  1847  5502 I chatty  : uid=1000(system) Binder_E expire 10 lines
07-28 13:45:01.370  1847  1871 I chatty  : uid=1000(system) Binder_1 expire 5 lines
07-28 13:45:02.413   287  1306 E NetlinkEvent: NetlinkEvent::FindParam(): Parameter 'TIME_NS' not found
07-28 13:45:02.413   287  1306 E NetlinkEvent: NetlinkEvent::FindParam(): Parameter 'UID' not found
07-28 13:45:09.801  1847  4244 I chatty  : uid=1000(system) InputReader expire 10 lines
07-28 13:45:09.872  1847  2186 I chatty  : uid=1000(system) PowerManagerSer expire 10 lines
07-28 13:45:09.877  1847  2171 I chatty  : uid=1000(system) android.display expire 11 lines
07-28 13:45:10.664  1847  4629 I chatty  : uid=1000(system) Binder_5 expire 3 lines
07-28 13:45:10.941 13075 13075 I chatty  : uid=1000(system) de.spiritcroc.syncsettings expire 6 lines
07-28 13:45:11.266  1847  4539 I chatty  : uid=1000(system) WifiStateMachin expire 2 lines
07-28 13:45:11.294   287  1306 E NetlinkEvent: NetlinkEvent::FindParam(): Parameter 'TIME_NS' not found
07-28 13:45:11.294   287  1306 E NetlinkEvent: NetlinkEvent::FindParam(): Parameter 'UID' not found
07-28 13:45:11.421  1847  2130 I chatty  : uid=1000(system) ActivityManager expire 10 lines
07-28 13:45:12.317  1847  5300 I chatty  : uid=1000(system) Binder_A expire 4 lines
07-28 13:45:12.935  1847  4628 I chatty  : uid=1000(system) Binder_4 expire 4 lines
07-28 13:45:12.937  1847  5484 I chatty  : uid=1000(system) Binder_D expire 6 lines
07-28 13:45:13.149  1847  5223 I chatty  : uid=1000(system) Binder_6 expire 6 lines
07-28 13:45:13.160  1847  5331 I chatty  : uid=1000(system) Binder_C expire 5 lines
07-28 13:45:13.188  1847  5224 I chatty  : uid=1000(system) Binder_7 expire 3 lines
07-28 13:45:13.199  1847  4159 I chatty  : uid=1000(system) Binder_3 expire 2 lines
07-28 13:45:41.624  1847  5235 I chatty  : uid=1000(system) Binder_8 expire 3 lines
07-28 13:45:41.642  1847  5521 I chatty  : uid=1000(system) Binder_10 expire 5 lines
07-28 13:46:27.137  1847  5307 I chatty  : uid=1000(system) Binder_B expire 5 lines
07-28 13:46:30.818   287  1306 E NetlinkEvent: NetlinkEvent::FindParam(): Parameter 'TIME_NS' not found
07-28 13:46:30.818   287  1306 E NetlinkEvent: NetlinkEvent::FindParam(): Parameter 'UID' not found
07-28 13:46:35.463  1847  4541 I chatty  : uid=1000(system) ConnectivitySer expire 34 lines
07-28 13:46:35.643   287  1306 E NetlinkEvent: NetlinkEvent::FindParam(): Parameter 'TIME_NS' not found
07-28 13:46:35.643   287  1306 E NetlinkEvent: NetlinkEvent::FindParam(): Parameter 'UID' not found
07-28 13:46:35.888  1847  5519 I chatty  : uid=1000(system) Binder_F expire 3 lines
07-28 13:46:38.516  1847  1874 I chatty  : uid=1000(system) Binder_2 expire 3 lines
07-28 13:46:40.069  1847  4537 I chatty  : uid=1000(system) NetworkPolicy expire 2 lines
07-28 13:47:04.729   287  1306 E NetlinkEvent: NetlinkEvent::FindParam(): Parameter 'TIME_NS' not found
07-28 13:47:04.729   287  1306 E NetlinkEvent: NetlinkEvent::FindParam(): Parameter 'UID' not found
07-28 13:47:17.102   287  1306 E NetlinkEvent: NetlinkEvent::FindParam(): Parameter 'TIME_NS' not found
07-28 13:47:17.102   287  1306 E NetlinkEvent: NetlinkEvent::FindParam(): Parameter 'UID' not found
07-28 13:47:24.371  1847  2186 I chatty  : uid=1000(system) PowerManagerSer expire 11 lines
07-28 13:47:26.402  1847  2131 I chatty  : uid=1000(system) android.ui expire 1 line
07-28 13:47:46.852   287  1306 E NetlinkEvent: NetlinkEvent::FindParam(): Parameter 'TIME_NS' not found
07-28 13:47:46.852   287  1306 E NetlinkEvent: NetlinkEvent::FindParam(): Parameter 'UID' not found
07-28 13:48:12.496  1847  4541 I chatty  : uid=1000(system) ConnectivitySer expire 38 lines
07-28 13:49:52.618   287  1306 E NetlinkEvent: NetlinkEvent::FindParam(): Parameter 'TIME_NS' not found
07-28 13:49:52.618   287  1306 E NetlinkEvent: NetlinkEvent::FindParam(): Parameter 'UID' not found
07-28 13:49:53.685  1847  5502 I chatty  : uid=1000(system) Binder_E expire 1 line
07-28 13:53:53.590   287  1306 E NetlinkEvent: NetlinkEvent::FindParam(): Parameter 'TIME_NS' not found
07-28 13:53:53.590   287  1306 E NetlinkEvent: NetlinkEvent::FindParam(): Parameter 'UID' not found
07-28 14:01:54.507  1847  4541 I chatty  : uid=1000(system) ConnectivitySer expire 3 lines
07-28 14:01:54.994 16500 16500 W ActivityThread: ClassLoader.loadClass: The class loader returned by Thread.getContextClassLoader() may fail for processes that host multiple applications. You should explicitly specify a context class loader. For example: Thread.setContextClassLoader(getClass().getClassLoader());
07-28 14:03:08.587  1847  4244 I chatty  : uid=1000(system) InputReader expire 1 line
07-28 14:03:08.642  1847  2186 I chatty  : uid=1000(system) PowerManagerSer expire 2 lines
07-28 14:03:08.648  1847  2171 I chatty  : uid=1000(system) android.display expire 16 lines
07-28 14:03:15.603  1847  4541 I chatty  : uid=1000(system) ConnectivitySer expire 17 lines
07-28 14:03:15.648  1847  5521 I chatty  : uid=1000(system) Binder_10 expire 4 lines
07-28 14:03:34.232  1847  4629 I chatty  : uid=1000(system) Binder_5 expire 13 lines
07-28 14:03:52.860  1847  1874 I chatty  : uid=1000(system) Binder_2 expire 10 lines
07-28 14:03:52.879  1847  5235 I chatty  : uid=1000(system) Binder_8 expire 8 lines
07-28 14:03:52.900  1847  5223 I chatty  : uid=1000(system) Binder_6 expire 8 lines
07-28 14:05:02.374  1847  4159 I chatty  : uid=1000(system) Binder_3 expire 11 lines
07-28 14:05:15.967  1847  5519 I chatty  : uid=1000(system) Binder_F expire 11 lines
07-28 14:05:41.630  1847  5300 I chatty  : uid=1000(system) Binder_A expire 7 lines
07-28 14:06:29.912  1847  2200 I chatty  : uid=1000(system) PackageManager expire 1 line
07-28 14:06:34.658  1847  5484 I chatty  : uid=1000(system) Binder_D expire 10 lines
07-28 14:06:34.755  1847  5502 I chatty  : uid=1000(system) Binder_E expire 8 lines
07-28 14:06:34.867  1847  1871 I chatty  : uid=1000(system) Binder_1 expire 10 lines
07-28 14:06:34.999  1847  4540 I chatty  : uid=1000(system) WifiService expire 3 lines
07-28 14:06:35.815  1847  2130 I chatty  : uid=1000(system) ActivityManager expire 11 lines
07-28 14:06:45.598  1847  5224 I chatty  : uid=1000(system) Binder_7 expire 8 lines
07-28 14:06:45.680  1847  4628 I chatty  : uid=1000(system) Binder_4 expire 6 lines
07-28 14:07:01.647  1847  2186 I chatty  : uid=1000(system) PowerManagerSer expire 10 lines
07-28 14:07:56.364  1847  4227 I chatty  : uid=1000(system) AlarmManager expire 1 line
07-28 14:08:16.418  1847  5331 I chatty  : uid=1000(system) Binder_C expire 5 lines
07-28 14:08:19.112  1847  4244 I chatty  : uid=1000(system) InputReader expire 10 lines
07-28 14:12:44.226  1847  5296 I chatty  : uid=1000(system) Binder_9 expire 4 lines
07-28 14:12:47.680 22793 22813 D ActivityThread: Loading provider com.google.android.gmail.provider;com.android.mail.notifier;com.google.android.gm.email.provider;com.google.android.gm.tasks.provider;com.google.android.gm.email.notifier: com.android.email.provider.EmailProvider
07-28 14:12:49.317 22858 22858 W ActivityThread: ClassLoader.loadClass: The class loader returned by Thread.getContextClassLoader() may fail for processes that host multiple applications. You should explicitly specify a context class loader. For example: Thread.setContextClassLoader(getClass().getClassLoader());
07-28 14:12:51.643 22958 22979 W ActivityThread: ClassLoader.loadClass: The class loader returned by Thread.getContextClassLoader() may fail for processes that host multiple applications. You should explicitly specify a context class loader. For example: Thread.setContextClassLoader(getClass().getClassLoader());
07-28 14:12:51.955 23021 23021 W ActivityThread: ClassLoader.loadClass: The class loader returned by Thread.getContextClassLoader() may fail for processes that host multiple applications. You should explicitly specify a context class loader. For example: Thread.setContextClassLoader(getClass().getClassLoader());
07-28 14:12:54.134  1847  4541 I chatty  : uid=1000(system) ConnectivitySer expire 19 lines
07-28 14:12:56.423  1847  5307 I chatty  : uid=1000(system) Binder_B expire 6 lines
07-28 14:14:47.667  1847  4243 I chatty  : uid=1000(system) InputDispatcher expire 1 line
07-28 14:15:03.122  1847  2186 I chatty  : uid=1000(system) PowerManagerSer expire 27 lines
07-28 14:22:39.530 27644 27644 D ActivityThread: Loading provider com.whatsapp.provider.contact: com.whatsapp.contact.ContactProvider
07-28 14:23:20.043  1847  4541 I chatty  : uid=1000(system) ConnectivitySer expire 3 lines
07-28 14:23:51.626  1847  2130 I chatty  : uid=1000(system) ActivityManager expire 2 lines
07-28 14:24:12.381  1847  2186 I chatty  : uid=1000(system) PowerManagerSer expire 4 lines
07-28 14:24:12.388  1847  2171 I chatty  : uid=1000(system) android.display expire 12 lines
07-28 14:29:38.702 28576 28576 W ActivityThread: ClassLoader.loadClass: The class loader returned by Thread.getContextClassLoader() may fail for processes that host multiple applications. You should explicitly specify a context class loader. For example: Thread.setContextClassLoader(getClass().getClassLoader());
07-28 14:30:06.130  1847  5502 I chatty  : uid=1000(system) Binder_E expire 10 lines
07-28 14:30:32.216 28682 28682 W ActivityThread: ClassLoader.loadClass: The class loader returned by Thread.getContextClassLoader() may fail for processes that host multiple applications. You should explicitly specify a context class loader. For example: Thread.setContextClassLoader(getClass().getClassLoader());
07-28 14:32:43.615  1847  5484 I chatty  : uid=1000(system) Binder_D expire 10 lines
07-28 14:40:59.760  1847  5223 I chatty  : uid=1000(system) Binder_6 expire 8 lines
07-28 14:41:00.707  1847  2130 I chatty  : uid=1000(system) ActivityManager expire 9 lines
07-28 14:43:11.146  1847  4629 I chatty  : uid=1000(system) Binder_5 expire 9 lines
07-28 14:43:11.168  1847  5224 I chatty  : uid=1000(system) Binder_7 expire 11 lines
07-28 14:47:34.370  1847  4244 I chatty  : uid=1000(system) InputReader expire 10 lines
07-28 14:47:34.385  1847  2186 I chatty  : uid=1000(system) PowerManagerSer expire 23 lines
07-28 14:47:34.487  1847  4541 I chatty  : uid=1000(system) ConnectivitySer expire 32 lines
07-28 14:47:34.619  1847  4628 I chatty  : uid=1000(system) Binder_4 expire 9 lines
07-28 14:47:36.750  1847  1874 I chatty  : uid=1000(system) Binder_2 expire 10 lines
07-28 14:47:36.803  1847  4159 I chatty  : uid=1000(system) Binder_3 expire 7 lines
07-28 14:47:39.223  1847  5235 I chatty  : uid=1000(system) Binder_8 expire 4 lines
07-28 14:47:52.373  1847  5300 I chatty  : uid=1000(system) Binder_A expire 3 lines
07-28 14:47:55.532  1847  5521 I chatty  : uid=1000(system) Binder_10 expire 5 lines
07-28 14:47:55.606  1847  5519 I chatty  : uid=1000(system) Binder_F expire 9 lines
07-28 14:47:59.983  1847  5296 I chatty  : uid=1000(system) Binder_9 expire 2 lines
07-28 14:48:00.509  1847  5331 I chatty  : uid=1000(system) Binder_C expire 4 lines
07-28 14:48:01.850  1847  1871 I chatty  : uid=1000(system) Binder_1 expire 4 lines
07-28 14:49:20.741  1847  5307 I chatty  : uid=1000(system) Binder_B expire 2 lines
07-28 14:53:39.137   287  1306 E NetlinkEvent: NetlinkEvent::FindParam(): Parameter 'TIME_NS' not found
07-28 14:53:39.137   287  1306 E NetlinkEvent: NetlinkEvent::FindParam(): Parameter 'UID' not found
07-28 14:53:42.248  1847  4541 I chatty  : uid=1000(system) ConnectivitySer expire 28 lines
07-28 14:53:45.931  1847  4537 I chatty  : uid=1000(system) NetworkPolicy expire 2 lines
07-28 14:53:52.779  1847  4540 I chatty  : uid=1000(system) WifiService expire 1 line
07-28 14:54:13.392  1847  2186 I chatty  : uid=1000(system) PowerManagerSer expire 2 lines
07-28 14:54:13.399  1847  2171 I chatty  : uid=1000(system) android.display expire 1 line
07-28 14:54:13.759   287  1306 E NetlinkEvent: NetlinkEvent::FindParam(): Parameter 'TIME_NS' not found
07-28 14:54:13.759   287  1306 E NetlinkEvent: NetlinkEvent::FindParam(): Parameter 'UID' not found
07-28 14:54:17.683  1847  2129 I chatty  : uid=1000(system) android.bg expire 1 line
07-28 14:54:20.829  5485  5485 D MccTable: updateMccMncConfiguration mccmnc='null' fromServiceState=true
07-28 14:54:20.829  5485  5485 D MccTable: WIFI_COUNTRY_CODE set to 
07-28 14:54:20.847  1847  4541 I chatty  : uid=1000(system) ConnectivitySer expire 10 lines
07-28 14:54:33.431  5485  5485 D MccTable: updateMccMncConfiguration mccmnc='40486' fromServiceState=true
07-28 14:54:33.433  5485  5485 D MccTable: updateMccMncConfiguration defaultMccMnc=40486
07-28 14:54:33.433  5485  5485 D MccTable: updateMccMncConfiguration: mcc=404, mnc=86
07-28 14:54:33.433  5485  5485 D MccTable: WIFI_COUNTRY_CODE set to in
07-28 14:54:33.666  1847  4541 I chatty  : uid=1000(system) ConnectivitySer expire 18 lines
07-28 14:54:39.908  5485  5485 D MccTable: updateMccMncConfiguration mccmnc='null' fromServiceState=true
07-28 14:54:39.908  5485  5485 D MccTable: WIFI_COUNTRY_CODE set to 
07-28 14:54:39.909  1847  5484 I chatty  : uid=1000(system) Binder_D expire 5 lines
07-28 14:54:40.106  1847  5331 I chatty  : uid=1000(system) Binder_C expire 10 lines
07-28 14:54:40.131  1847  1874 I chatty  : uid=1000(system) Binder_2 expire 9 lines
07-28 14:54:40.188  1847  5502 I chatty  : uid=1000(system) Binder_E expire 12 lines
07-28 14:54:40.216  1847  4628 I chatty  : uid=1000(system) Binder_4 expire 6 lines
07-28 14:54:40.692  1847  5300 I chatty  : uid=1000(system) Binder_A expire 10 lines
07-28 14:54:40.720  1847  5235 I chatty  : uid=1000(system) Binder_8 expire 7 lines
07-28 14:54:40.736  1847  5307 I chatty  : uid=1000(system) Binder_B expire 6 lines
07-28 14:54:48.593  1847  4243 I chatty  : uid=1000(system) InputDispatcher expire 1 line
07-28 14:54:48.735  1847  2130 I chatty  : uid=1000(system) ActivityManager expire 4 lines
07-28 14:54:48.796  1847  5521 I chatty  : uid=1000(system) Binder_10 expire 8 lines
07-28 14:54:50.718  1847  1871 I chatty  : uid=1000(system) Binder_1 expire 7 lines
07-28 14:55:01.016  1847  4541 I chatty  : uid=1000(system) ConnectivitySer expire 13 lines
07-28 14:55:17.113  1847  4244 I chatty  : uid=1000(system) InputReader expire 6 lines
07-28 14:55:17.544  1847  2171 I chatty  : uid=1000(system) android.display expire 8 lines
07-28 14:55:17.844  1847  2186 I chatty  : uid=1000(system) PowerManagerSer expire 13 lines
07-28 14:56:13.839  5485  5485 D MccTable: updateMccMncConfiguration mccmnc='40486' fromServiceState=true
07-28 14:56:13.847  5485  5485 D MccTable: updateMccMncConfiguration defaultMccMnc=40486
07-28 14:56:13.847  5485  5485 D MccTable: updateMccMncConfiguration: mcc=404, mnc=86
07-28 14:56:13.847  5485  5485 D MccTable: WIFI_COUNTRY_CODE set to in
07-28 14:56:13.847  1847  5296 I chatty  : uid=1000(system) Binder_9 expire 5 lines
07-28 14:56:13.968  1847  5224 I chatty  : uid=1000(system) Binder_7 expire 7 lines
07-28 14:56:14.133  1847  5519 I chatty  : uid=1000(system) Binder_F expire 8 lines
07-28 14:56:14.328  1847  5223 I chatty  : uid=1000(system) Binder_6 expire 2 lines
07-28 14:56:58.163   287  1306 E NetlinkEvent: NetlinkEvent::FindParam(): Parameter 'TIME_NS' not found
07-28 14:56:58.163   287  1306 E NetlinkEvent: NetlinkEvent::FindParam(): Parameter 'UID' not found
07-28 14:57:03.836  1847  4541 I chatty  : uid=1000(system) ConnectivitySer expire 17 lines
07-28 14:57:06.858   287  1306 E NetlinkEvent: NetlinkEvent::FindParam(): Parameter 'TIME_NS' not found
07-28 14:57:06.859   287  1306 E NetlinkEvent: NetlinkEvent::FindParam(): Parameter 'UID' not found
07-28 15:02:33.349  1847  4227 I chatty  : uid=1000(system) AlarmManager expire 1 line
07-28 15:04:38.872  1847  4629 I chatty  : uid=1000(system) Binder_5 expire 8 lines
07-28 15:05:10.538  1847  4159 I chatty  : uid=1000(system) Binder_3 expire 5 lines
07-28 15:05:11.103  1847  4540 I chatty  : uid=1000(system) WifiService expire 1 line
07-28 15:06:03.166  1847  4539 I chatty  : uid=1000(system) WifiStateMachin expire 1 line
07-28 15:06:03.191   287  1306 E NetlinkEvent: NetlinkEvent::FindParam(): Parameter 'TIME_NS' not found
07-28 15:06:03.191   287  1306 E NetlinkEvent: NetlinkEvent::FindParam(): Parameter 'UID' not found
07-28 15:06:03.197  1847  4541 I chatty  : uid=1000(system) ConnectivitySer expire 35 lines
07-28 15:06:05.772  1847  4537 I chatty  : uid=1000(system) NetworkPolicy expire 1 line
07-28 15:08:11.655   287  1306 E NetlinkEvent: NetlinkEvent::FindParam(): Parameter 'TIME_NS' not found
07-28 15:08:11.656   287  1306 E NetlinkEvent: NetlinkEvent::FindParam(): Parameter 'UID' not found
07-28 15:08:14.555  1847  4541 I chatty  : uid=1000(system) ConnectivitySer expire 33 lines
07-28 15:17:04.614  6685  6685 W ActivityThread: ClassLoader.loadClass: The class loader returned by Thread.getContextClassLoader() may fail for processes that host multiple applications. You should explicitly specify a context class loader. For example: Thread.setContextClassLoader(getClass().getClassLoader());
07-28 15:17:06.733  6752  6752 W ActivityThread: ClassLoader.loadClass: The class loader returned by Thread.getContextClassLoader() may fail for processes that host multiple applications. You should explicitly specify a context class loader. For example: Thread.setContextClassLoader(getClass().getClassLoader());
07-28 15:17:07.184  6795  6795 W ActivityThread: ClassLoader.loadClass: The class loader returned by Thread.getContextClassLoader() may fail for processes that host multiple applications. You should explicitly specify a context class loader. For example: Thread.setContextClassLoader(getClass().getClassLoader());
07-28 15:18:00.018  1847  1847 I chatty  : uid=1000 system_server expire 1 line
07-28 15:18:57.048  1847  2186 I chatty  : uid=1000(system) PowerManagerSer expire 5 lines
07-28 15:22:32.942  1847  2200 I chatty  : uid=1000(system) PackageManager expire 10 lines
07-28 15:22:36.772  1847  5331 I chatty  : uid=1000(system) Binder_C expire 12 lines
07-28 15:22:37.930  1847  1871 I chatty  : uid=1000(system) Binder_1 expire 9 lines
07-28 15:22:37.971  1847  4540 I chatty  : uid=1000(system) WifiService expire 2 lines
07-28 15:22:37.986  1847  5484 I chatty  : uid=1000(system) Binder_D expire 12 lines
07-28 15:22:38.189  1847  5307 I chatty  : uid=1000(system) Binder_B expire 6 lines
07-28 15:22:38.219  1847  4629 I chatty  : uid=1000(system) Binder_5 expire 9 lines
07-28 15:22:39.962  1847  5300 I chatty  : uid=1000(system) Binder_A expire 11 lines
07-28 15:22:40.160  1847  5519 I chatty  : uid=1000(system) Binder_F expire 10 lines
07-28 15:22:56.638  1847  2130 I chatty  : uid=1000(system) ActivityManager expire 6 lines
07-28 15:22:57.471  1847  1847 I chatty  : uid=1000 system_server expire 2 lines
07-28 15:22:57.914 10091 10091 I chatty  : uid=1000(system) org.cyanogenmod.providers.datausage expire 4 lines
07-28 15:22:57.958  1847  5502 I chatty  : uid=1000(system) Binder_E expire 12 lines
07-28 15:22:58.284  1847  2129 I chatty  : uid=1000(system) android.bg expire 1 line
07-28 15:22:58.672 10109 10109 W ActivityThread: ClassLoader.loadClass: The class loader returned by Thread.getContextClassLoader() may fail for processes that host multiple applications. You should explicitly specify a context class loader. For example: Thread.setContextClassLoader(getClass().getClassLoader());
07-28 15:22:58.722  1847  1874 I chatty  : uid=1000(system) Binder_2 expire 7 lines
07-28 15:22:59.317 10128 10157 D ActivityThread: Loading provider com.google.android.gmail.provider;com.android.mail.notifier;com.google.android.gm.email.provider;com.google.android.gm.tasks.provider;com.google.android.gm.email.notifier: com.android.email.provider.EmailProvider
07-28 15:22:59.346 10140 10140 I chatty  : uid=1000(system) com.android.keychain expire 1 line
07-28 15:22:59.443  1847  4628 I chatty  : uid=1000(system) Binder_4 expire 13 lines
07-28 15:22:59.871 10163 10163 W ActivityThread: ClassLoader.loadClass: The class loader returned by Thread.getContextClassLoader() may fail for processes that host multiple applications. You should explicitly specify a context class loader. For example: Thread.setContextClassLoader(getClass().getClassLoader());
07-28 15:22:59.914  1847  5521 I chatty  : uid=1000(system) Binder_10 expire 8 lines
07-28 15:23:02.120  1847  5224 I chatty  : uid=1000(system) Binder_7 expire 6 lines
07-28 15:23:02.122  5225 10334 E ActivityThread: Failed to find provider info for com.modoohut.provider.geocoder
07-28 15:23:04.862  1847  4159 I chatty  : uid=1000(system) Binder_3 expire 9 lines
07-28 15:23:05.311 10417 10417 E AndroidRuntime: FATAL EXCEPTION: main
07-28 15:23:05.311 10417 10417 E AndroidRuntime: Process: dev.ukanth.iconmanager, PID: 10417
07-28 15:23:05.311 10417 10417 E AndroidRuntime: Theme: themes:{default=overlay:system, fontPkg:system, com.android.systemui=overlay:net.darkion.theme.maker.DarkOnyx, com.android.systemui.navbar=overlay:net.darkion.theme.maker.SimpleDark}
07-28 15:23:05.311 10417 10417 E AndroidRuntime: java.lang.RuntimeException: Unable to start receiver dev.ukanth.iconmgr.UninstallReceiver: java.lang.NullPointerException: Attempt to invoke interface method 'java.util.Iterator java.util.List.iterator()' on a null object reference
07-28 15:23:05.311 10417 10417 E AndroidRuntime: 	at android.app.ActivityThread.handleReceiver(ActivityThread.java:2766)
07-28 15:23:05.311 10417 10417 E AndroidRuntime: 	at de.robv.android.xposed.XposedBridge.invokeOriginalMethodNative(Native Method)
07-28 15:23:05.311 10417 10417 E AndroidRuntime: 	at de.robv.android.xposed.XposedBridge.handleHookedMethod(XposedBridge.java:334)
07-28 15:23:05.311 10417 10417 E AndroidRuntime: 	at android.app.ActivityThread.handleReceiver(<Xposed>)
07-28 15:23:05.311 10417 10417 E AndroidRuntime: 	at android.app.ActivityThread.-wrap14(ActivityThread.java)
07-28 15:23:05.311 10417 10417 E AndroidRuntime: 	at android.app.ActivityThread$H.handleMessage(ActivityThread.java:1440)
07-28 15:23:05.311 10417 10417 E AndroidRuntime: 	at android.os.Handler.dispatchMessage(Handler.java:102)
07-28 15:23:05.311 10417 10417 E AndroidRuntime: 	at android.os.Looper.loop(Looper.java:148)
07-28 15:23:05.311 10417 10417 E AndroidRuntime: 	at android.app.ActivityThread.main(ActivityThread.java:5461)
07-28 15:23:05.311 10417 10417 E AndroidRuntime: 	at java.lang.reflect.Method.invoke(Native Method)
07-28 15:23:05.311 10417 10417 E AndroidRuntime: 	at com.android.internal.os.ZygoteInit$MethodAndArgsCaller.run(ZygoteInit.java:726)
07-28 15:23:05.311 10417 10417 E AndroidRuntime: 	at com.android.internal.os.ZygoteInit.main(ZygoteInit.java:616)
07-28 15:23:05.311 10417 10417 E AndroidRuntime: 	at de.robv.android.xposed.XposedBridge.main(XposedBridge.java:102)
07-28 15:23:05.311 10417 10417 E AndroidRuntime: Caused by: java.lang.NullPointerException: Attempt to invoke interface method 'java.util.Iterator java.util.List.iterator()' on a null object reference
07-28 15:23:05.311 10417 10417 E AndroidRuntime: 	at dev.ukanth.iconmgr.UninstallReceiver.onReceive(UninstallReceiver.java:15)
07-28 15:23:05.311 10417 10417 E AndroidRuntime: 	at android.app.ActivityThread.handleReceiver(ActivityThread.java:2759)
07-28 15:23:05.311 10417 10417 E AndroidRuntime: 	... 12 more
07-28 15:23:05.415  1847  5296 I chatty  : uid=1000(system) Binder_9 expire 10 lines
07-28 15:23:05.849  1847  5223 I chatty  : uid=1000(system) Binder_6 expire 3 lines
07-28 15:23:06.599  1847  5235 I chatty  : uid=1000(system) Binder_8 expire 7 lines
07-28 15:23:06.618  1847  2171 I chatty  : uid=1000(system) android.display expire 7 lines
07-28 15:23:07.063  5225 10334 E ActivityThread: Failed to find provider info for com.modoohut.provider.geocoder
07-28 15:23:08.434  5225 10334 E ActivityThread: Failed to find provider info for com.modoohut.provider.geocoder
07-28 15:23:12.985  1847  4243 I chatty  : uid=1000(system) InputDispatcher expire 5 lines
07-28 15:23:13.459 10806 10822 D ActivityThread: Loading provider com.google.android.gmail.provider;com.android.mail.notifier;com.google.android.gm.email.provider;com.google.android.gm.tasks.provider;com.google.android.gm.email.notifier: com.android.email.provider.EmailProvider
07-28 15:23:19.077  1847  4541 I chatty  : uid=1000(system) ConnectivitySer expire 22 lines
07-28 15:25:37.075  1847  2186 I chatty  : uid=1000(system) PowerManagerSer expire 16 lines
07-28 15:26:36.642  1847  4244 I chatty  : uid=1000(system) InputReader expire 3 lines
07-28 15:27:27.151  1847  2185 I chatty  : uid=1000(system) CpuTracker expire 1 line
07-28 15:28:01.862  2866  2866 W ViewRootImpl: Cancelling event due to no window focus: MotionEvent { action=ACTION_CANCEL, actionButton=0, id[0]=1, x[0]=94.91212, y[0]=1577.1785, toolType[0]=TOOL_TYPE_FINGER, buttonState=0, metaState=0, flags=0x0, edgeFlags=0x0, pointerCount=1, historySize=0, eventTime=244882470, downTime=244863538, deviceId=7, source=0x1002 }
07-28 15:28:01.862  2866  2866 W ViewRootImpl: Cancelling event due to no window focus: MotionEvent { action=ACTION_CANCEL, actionButton=0, id[0]=1, x[0]=94.91212, y[0]=1577.1785, toolType[0]=TOOL_TYPE_FINGER, buttonState=0, metaState=0, flags=0x0, edgeFlags=0x0, pointerCount=1, historySize=0, eventTime=244882470, downTime=244863538, deviceId=7, source=0x1002 }
07-28 15:28:01.862  2866  2866 W ViewRootImpl: Cancelling event due to no window focus: MotionEvent { action=ACTION_CANCEL, actionButton=0, id[0]=1, x[0]=94.91212, y[0]=1577.1785, toolType[0]=TOOL_TYPE_FINGER, buttonState=0, metaState=0, flags=0x0, edgeFlags=0x0, pointerCount=1, historySize=0, eventTime=244882470, downTime=244863538, deviceId=7, source=0x1002 }
07-28 15:28:01.863  2866  2866 W ViewRootImpl: Cancelling event due to no window focus: MotionEvent { action=ACTION_CANCEL, actionButton=0, id[0]=1, x[0]=94.91212, y[0]=1577.1785, toolType[0]=TOOL_TYPE_FINGER, buttonState=0, metaState=0, flags=0x0, edgeFlags=0x0, pointerCount=1, historySize=0, eventTime=244882470, downTime=244863538, deviceId=7, source=0x1002 }
07-28 15:28:14.437  1847  4541 I chatty  : uid=1000(system) ConnectivitySer expire 14 lines
07-28 15:29:13.744  1847  4628 I chatty  : uid=1000(system) Binder_4 expire 5 lines
07-28 15:29:24.548  1847  5502 I chatty  : uid=1000(system) Binder_E expire 2 lines
07-28 15:29:35.360  1847  2200 I chatty  : uid=1000(system) PackageManager expire 8 lines
07-28 15:29:37.593 16730 16730 I chatty  : uid=1000(system) com.android.keychain expire 1 line
07-28 15:29:37.613  1847  5484 I chatty  : uid=1000(system) Binder_D expire 1 line
07-28 15:29:37.636  1847  5300 I chatty  : uid=1000(system) Binder_A expire 8 lines
07-28 15:29:40.075  5225 16880 E ActivityThread: Failed to find provider info for com.modoohut.provider.geocoder
07-28 15:29:40.991  1847  1874 I chatty  : uid=1000(system) Binder_2 expire 4 lines
07-28 15:29:41.391 10091 10091 I chatty  : uid=1000(system) org.cyanogenmod.providers.datausage expire 3 lines
07-28 15:29:41.445  1847  1847 I chatty  : uid=1000 system_server expire 25 lines
07-28 15:29:41.638  1847  1871 I chatty  : uid=1000(system) Binder_1 expire 14 lines
07-28 15:29:41.723  1847  5224 I chatty  : uid=1000(system) Binder_7 expire 6 lines
07-28 15:29:41.756  1847  4159 I chatty  : uid=1000(system) Binder_3 expire 6 lines
07-28 15:29:41.808  1847  5519 I chatty  : uid=1000(system) Binder_F expire 7 lines
07-28 15:29:41.888  1847  5235 I chatty  : uid=1000(system) Binder_8 expire 5 lines
07-28 15:29:42.022  1847  5521 I chatty  : uid=1000(system) Binder_10 expire 13 lines
07-28 15:29:42.108  1847  4629 I chatty  : uid=1000(system) Binder_5 expire 9 lines
07-28 15:29:42.229  1847  5502 I chatty  : uid=1000(system) Binder_E expire 9 lines
07-28 15:29:42.735  1847  4628 I chatty  : uid=1000(system) Binder_4 expire 4 lines
07-28 15:29:42.763  1847  5331 I chatty  : uid=1000(system) Binder_C expire 10 lines
07-28 15:29:42.788  1847  4541 I chatty  : uid=1000(system) ConnectivitySer expire 18 lines
07-28 15:29:52.559  1847  5223 I chatty  : uid=1000(system) Binder_6 expire 12 lines
07-28 15:29:53.547  1847  2130 I chatty  : uid=1000(system) ActivityManager expire 14 lines
07-28 15:29:53.882  1847  2200 I chatty  : uid=1000(system) PackageManager expire 3 lines
07-28 15:29:54.153 16730 16730 I chatty  : uid=1000(system) com.android.keychain expire 1 line
07-28 15:29:54.994  5225 16880 E ActivityThread: Failed to find provider info for com.modoohut.provider.geocoder
07-28 15:29:57.529  1847  5307 I chatty  : uid=1000(system) Binder_B expire 5 lines
07-28 15:30:40.620  1847  4244 I chatty  : uid=1000(system) InputReader expire 10 lines
07-28 15:30:41.039  1847  2171 I chatty  : uid=1000(system) android.display expire 11 lines
07-28 15:30:41.334  1847  2186 I chatty  : uid=1000(system) PowerManagerSer expire 24 lines
07-28 15:33:19.089  1847  5296 I chatty  : uid=1000(system) Binder_9 expire 12 lines
07-28 15:33:21.941  1847  5484 I chatty  : uid=1000(system) Binder_D expire 9 lines
07-28 15:33:30.054 18554 18554 W ActivityThread: ClassLoader.loadClass: The class loader returned by Thread.getContextClassLoader() may fail for processes that host multiple applications. You should explicitly specify a context class loader. For example: Thread.setContextClassLoader(getClass().getClassLoader());
07-28 15:33:37.003 18678 18678 W ActivityThread: ClassLoader.loadClass: The class loader returned by Thread.getContextClassLoader() may fail for processes that host multiple applications. You should explicitly specify a context class loader. For example: Thread.setContextClassLoader(getClass().getClassLoader());
07-28 15:33:47.591  1847  4541 I chatty  : uid=1000(system) ConnectivitySer expire 7 lines
07-28 15:39:06.711  1847  4540 I chatty  : uid=1000(system) WifiService expire 1 line
07-28 15:39:55.086  1847  4243 I chatty  : uid=1000(system) InputDispatcher expire 1 line
07-28 15:52:20.594 23049 23049 W ActivityThread: ClassLoader.loadClass: The class loader returned by Thread.getContextClassLoader() may fail for processes that host multiple applications. You should explicitly specify a context class loader. For example: Thread.setContextClassLoader(getClass().getClassLoader());
07-28 15:57:47.004  1847  5783 I chatty  : uid=1000(system) AsyncQueryWorke expire 2 lines
07-28 15:57:47.640  1847 23322 I chatty  : uid=1000 system_server expire 2 lines
07-28 15:57:47.675  1847  5223 I chatty  : uid=1000(system) Binder_6 expire 10 lines
07-28 15:57:47.694 23274 23303 W ActivityThread: ClassLoader.loadClass: The class loader returned by Thread.getContextClassLoader() may fail for processes that host multiple applications. You should explicitly specify a context class loader. For example: Thread.setContextClassLoader(getClass().getClassLoader());
07-28 15:57:47.829  1847  4159 I chatty  : uid=1000(system) Binder_3 expire 5 lines
07-28 15:57:48.150 23338 23338 W ActivityThread: ClassLoader.loadClass: The class loader returned by Thread.getContextClassLoader() may fail for processes that host multiple applications. You should explicitly specify a context class loader. For example: Thread.setContextClassLoader(getClass().getClassLoader());
07-28 15:57:48.190  1847  1847 I chatty  : uid=1000 system_server expire 11 lines
07-28 15:57:48.209  1847  4629 I chatty  : uid=1000(system) Binder_5 expire 7 lines
07-28 15:57:48.620  1847  5300 I chatty  : uid=1000(system) Binder_A expire 13 lines
07-28 15:57:49.132  1847  2130 I chatty  : uid=1000(system) ActivityManager expire 13 lines
07-28 15:57:49.640  1847  2171 I chatty  : uid=1000(system) android.display expire 11 lines
07-28 15:57:49.652  1847  2186 I chatty  : uid=1000(system) PowerManagerSer expire 19 lines
07-28 15:57:49.714  1847  4541 I chatty  : uid=1000(system) ConnectivitySer expire 11 lines
07-28 15:57:50.074  1847  5235 I chatty  : uid=1000(system) Binder_8 expire 11 lines
07-28 15:57:50.110  1847  5484 I chatty  : uid=1000(system) Binder_D expire 5 lines
07-28 15:57:50.802  1847 23322 I chatty  : uid=1000 system_server expire 6 lines
07-28 15:57:53.955  1847  1871 I chatty  : uid=1000(system) Binder_1 expire 5 lines
07-28 15:57:54.579  1847  5296 I chatty  : uid=1000(system) Binder_9 expire 5 lines
07-28 15:57:54.779  1847  5307 I chatty  : uid=1000(system) Binder_B expire 3 lines
07-28 15:57:54.924  1847  5519 I chatty  : uid=1000(system) Binder_F expire 7 lines
07-28 15:57:54.930  1847  1874 I chatty  : uid=1000(system) Binder_2 expire 5 lines
07-28 15:57:54.934  1847  5224 I chatty  : uid=1000(system) Binder_7 expire 23 lines
07-28 15:57:56.189  1847  5521 I chatty  : uid=1000(system) Binder_10 expire 17 lines
07-28 15:57:58.583  1847  4628 I chatty  : uid=1000(system) Binder_4 expire 4 lines
07-28 15:58:03.954  1847  5331 I chatty  : uid=1000(system) Binder_C expire 3 lines
07-28 15:58:17.464 23923 23923 E ActivityThread: Service com.android.services.callrecorder.CallRecorderService has leaked ServiceConnection android.media.MediaScannerConnection@84ff29f that was originally bound here
07-28 15:58:17.464 23923 23923 E ActivityThread: android.app.ServiceConnectionLeaked: Service com.android.services.callrecorder.CallRecorderService has leaked ServiceConnection android.media.MediaScannerConnection@84ff29f that was originally bound here
07-28 15:58:17.464 23923 23923 E ActivityThread: 	at android.app.LoadedApk$ServiceDispatcher.<init>(LoadedApk.java:1093)
07-28 15:58:17.464 23923 23923 E ActivityThread: 	at android.app.LoadedApk.getServiceDispatcher(LoadedApk.java:987)
07-28 15:58:17.464 23923 23923 E ActivityThread: 	at android.app.ContextImpl.bindServiceCommon(ContextImpl.java:1313)
07-28 15:58:17.464 23923 23923 E ActivityThread: 	at android.app.ContextImpl.bindService(ContextImpl.java:1296)
07-28 15:58:17.464 23923 23923 E ActivityThread: 	at android.content.ContextWrapper.bindService(ContextWrapper.java:610)
07-28 15:58:17.464 23923 23923 E ActivityThread: 	at android.media.MediaScannerConnection.connect(MediaScannerConnection.java:119)
07-28 15:58:17.464 23923 23923 E ActivityThread: 	at android.media.MediaScannerConnection.scanFile(MediaScannerConnection.java:238)
07-28 15:58:17.464 23923 23923 E ActivityThread: 	at com.android.services.callrecorder.CallRecorderService.stopRecordingInternal(CallRecorderService.java:208)
07-28 15:58:17.464 23923 23923 E ActivityThread: 	at com.android.services.callrecorder.CallRecorderService.-wrap3(CallRecorderService.java)
07-28 15:58:17.464 23923 23923 E ActivityThread: 	at com.android.services.callrecorder.CallRecorderService$1.stopRecording(CallRecorderService.java:64)
07-28 15:58:17.464 23923 23923 E ActivityThread: 	at com.android.services.callrecorder.common.ICallRecorderService$Stub.onTransact(ICallRecorderService.java:64)
07-28 15:58:17.464 23923 23923 E ActivityThread: 	at android.os.Binder.execTransact(Binder.java:453)
07-28 15:58:17.464 23923 23923 E ActivityThread: 	at de.robv.android.xposed.XposedBridge.invokeOriginalMethodNative(Native Method)
07-28 15:58:17.464 23923 23923 E ActivityThread: 	at de.robv.android.xposed.XposedBridge.handleHookedMethod(XposedBridge.java:334)
07-28 15:58:17.464 23923 23923 E ActivityThread: 	at android.os.Binder.execTransact(<Xposed>)
07-28 15:58:17.509  1847  2130 I chatty  : uid=1000(system) ActivityManager expire 5 lines
07-28 15:58:17.954 24256 24256 W ActivityThread: ClassLoader.loadClass: The class loader returned by Thread.getContextClassLoader() may fail for processes that host multiple applications. You should explicitly specify a context class loader. For example: Thread.setContextClassLoader(getClass().getClassLoader());
07-28 15:58:17.970  1847  5224 I chatty  : uid=1000(system) Binder_7 expire 6 lines
07-28 15:58:18.487  1847  4244 I chatty  : uid=1000(system) InputReader expire 4 lines
07-28 15:58:19.412  1847  5502 I chatty  : uid=1000(system) Binder_E expire 7 lines
07-28 16:00:50.781  1847  4540 I chatty  : uid=1000(system) WifiService expire 2 lines
07-28 16:01:02.628 24843 24843 W ActivityThread: ClassLoader.loadClass: The class loader returned by Thread.getContextClassLoader() may fail for processes that host multiple applications. You should explicitly specify a context class loader. For example: Thread.setContextClassLoader(getClass().getClassLoader());
07-28 16:01:02.958  1847  1847 I chatty  : uid=1000 system_server expire 1 line
07-28 16:01:02.992  1847  4541 I chatty  : uid=1000(system) ConnectivitySer expire 16 lines
07-28 16:01:03.386 24866 24866 D ActivityThread: Loading provider com.whatsapp.provider.contact: com.whatsapp.contact.ContactProvider
07-28 16:01:04.299  1847  5300 I chatty  : uid=1000(system) Binder_A expire 4 lines
07-28 16:01:05.486 24986 24986 W ActivityThread: ClassLoader.loadClass: The class loader returned by Thread.getContextClassLoader() may fail for processes that host multiple applications. You should explicitly specify a context class loader. For example: Thread.setContextClassLoader(getClass().getClassLoader());
07-28 16:01:08.780  1847  5223 I chatty  : uid=1000(system) Binder_6 expire 6 lines
07-28 16:01:09.533  1847  5521 I chatty  : uid=1000(system) Binder_10 expire 9 lines
07-28 16:01:09.665  1847  2131 I chatty  : uid=1000(system) android.ui expire 1 line
07-28 16:02:30.114  1847  2129 I chatty  : uid=1000(system) android.bg expire 2 lines
07-28 16:06:39.487  1847  1871 I chatty  : uid=1000(system) Binder_1 expire 10 lines
07-28 16:06:39.489  1847  4541 I chatty  : uid=1000(system) ConnectivitySer expire 30 lines
07-28 16:06:39.525   287  1306 E NetlinkEvent: NetlinkEvent::FindParam(): Parameter 'TIME_NS' not found
07-28 16:06:39.525   287  1306 E NetlinkEvent: NetlinkEvent::FindParam(): Parameter 'UID' not found
07-28 16:06:40.067  1847  5296 I chatty  : uid=1000(system) Binder_9 expire 7 lines
07-28 16:06:40.095  1847  4629 I chatty  : uid=1000(system) Binder_5 expire 4 lines
07-28 16:06:40.176  1847  5502 I chatty  : uid=1000(system) Binder_E expire 5 lines
07-28 16:06:40.502  1847  5300 I chatty  : uid=1000(system) Binder_A expire 4 lines
07-28 16:06:40.537  1847  5235 I chatty  : uid=1000(system) Binder_8 expire 9 lines
07-28 16:06:40.560  1847  5519 I chatty  : uid=1000(system) Binder_F expire 7 lines
07-28 16:06:41.100  1847  4628 I chatty  : uid=1000(system) Binder_4 expire 10 lines
07-28 16:06:41.217  1847  5224 I chatty  : uid=1000(system) Binder_7 expire 6 lines
07-28 16:06:42.296  1847  5484 I chatty  : uid=1000(system) Binder_D expire 9 lines
07-28 16:06:42.407  1847  5521 I chatty  : uid=1000(system) Binder_10 expire 7 lines
07-28 16:06:43.584  1847  5307 I chatty  : uid=1000(system) Binder_B expire 10 lines
07-28 16:06:44.286  1847  5223 I chatty  : uid=1000(system) Binder_6 expire 6 lines
07-28 16:06:44.637  1847  4159 I chatty  : uid=1000(system) Binder_3 expire 10 lines
07-28 16:06:48.426  1847  4244 I chatty  : uid=1000(system) InputReader expire 5 lines
07-28 16:06:48.464  1847  2186 I chatty  : uid=1000(system) PowerManagerSer expire 12 lines
07-28 16:06:48.471  1847  2171 I chatty  : uid=1000(system) android.display expire 9 lines
07-28 16:06:57.343   287  1306 E NetlinkEvent: NetlinkEvent::FindParam(): Parameter 'TIME_NS' not found
07-28 16:06:57.343   287  1306 E NetlinkEvent: NetlinkEvent::FindParam(): Parameter 'UID' not found
07-28 16:06:59.206  1847  2130 I chatty  : uid=1000(system) ActivityManager expire 24 lines
07-28 16:06:59.598  1847  4541 I chatty  : uid=1000(system) ConnectivitySer expire 12 lines
07-28 16:07:08.706  1847  1874 I chatty  : uid=1000(system) Binder_2 expire 9 lines
07-28 16:11:00.861   287  1306 E NetlinkEvent: NetlinkEvent::FindParam(): Parameter 'TIME_NS' not found
07-28 16:11:00.861   287  1306 E NetlinkEvent: NetlinkEvent::FindParam(): Parameter 'UID' not found
07-28 16:11:03.553   287  1306 E NetlinkEvent: NetlinkEvent::FindParam(): Parameter 'TIME_NS' not found
07-28 16:11:03.553   287  1306 E NetlinkEvent: NetlinkEvent::FindParam(): Parameter 'UID' not found
07-28 16:11:06.467  1847  4540 I chatty  : uid=1000(system) WifiService expire 2 lines
07-28 16:11:17.579   287  1306 E NetlinkEvent: NetlinkEvent::FindParam(): Parameter 'TIME_NS' not found
07-28 16:11:17.579   287  1306 E NetlinkEvent: NetlinkEvent::FindParam(): Parameter 'UID' not found
07-28 16:11:19.803   287  1306 E NetlinkEvent: NetlinkEvent::FindParam(): Parameter 'TIME_NS' not found
07-28 16:11:19.803   287  1306 E NetlinkEvent: NetlinkEvent::FindParam(): Parameter 'UID' not found
07-28 16:11:37.382  1847  5331 I chatty  : uid=1000(system) Binder_C expire 4 lines
07-28 16:13:10.832   287  1306 E NetlinkEvent: NetlinkEvent::FindParam(): Parameter 'TIME_NS' not found
07-28 16:13:10.832   287  1306 E NetlinkEvent: NetlinkEvent::FindParam(): Parameter 'UID' not found
07-28 16:13:48.841   287  1306 E NetlinkEvent: NetlinkEvent::FindParam(): Parameter 'TIME_NS' not found
07-28 16:13:48.841   287  1306 E NetlinkEvent: NetlinkEvent::FindParam(): Parameter 'UID' not found
07-28 16:13:58.062  1847  1847 I chatty  : uid=1000 system_server expire 2 lines
07-28 16:14:05.338   287  1306 E NetlinkEvent: NetlinkEvent::FindParam(): Parameter 'TIME_NS' not found
07-28 16:14:05.338   287  1306 E NetlinkEvent: NetlinkEvent::FindParam(): Parameter 'UID' not found
07-28 16:14:07.965   287  1306 E NetlinkEvent: NetlinkEvent::FindParam(): Parameter 'TIME_NS' not found
07-28 16:14:07.965   287  1306 E NetlinkEvent: NetlinkEvent::FindParam(): Parameter 'UID' not found
07-28 16:14:08.222  1847  4541 I chatty  : uid=1000(system) ConnectivitySer expire 12 lines
07-28 16:16:44.273  1847  4628 I chatty  : uid=1000(system) Binder_4 expire 5 lines
07-28 16:17:56.248   287  1306 E NetlinkEvent: NetlinkEvent::FindParam(): Parameter 'TIME_NS' not found
07-28 16:17:56.248   287  1306 E NetlinkEvent: NetlinkEvent::FindParam(): Parameter 'UID' not found
07-28 16:18:19.879   287  1306 E NetlinkEvent: NetlinkEvent::FindParam(): Parameter 'TIME_NS' not found
07-28 16:18:19.879   287  1306 E NetlinkEvent: NetlinkEvent::FindParam(): Parameter 'UID' not found
07-28 16:18:30.647   287  1306 E NetlinkEvent: NetlinkEvent::FindParam(): Parameter 'TIME_NS' not found
07-28 16:18:30.647   287  1306 E NetlinkEvent: NetlinkEvent::FindParam(): Parameter 'UID' not found
07-28 16:18:34.716  1847  2130 I chatty  : uid=1000(system) ActivityManager expire 14 lines
07-28 16:18:37.574   287  1306 E NetlinkEvent: NetlinkEvent::FindParam(): Parameter 'TIME_NS' not found
07-28 16:18:37.574   287  1306 E NetlinkEvent: NetlinkEvent::FindParam(): Parameter 'UID' not found
07-28 16:21:49.362 32431 32431 W ActivityThread: ClassLoader.loadClass: The class loader returned by Thread.getContextClassLoader() may fail for processes that host multiple applications. You should explicitly specify a context class loader. For example: Thread.setContextClassLoader(getClass().getClassLoader());
07-28 16:22:02.411   287  1306 E NetlinkEvent: NetlinkEvent::FindParam(): Parameter 'TIME_NS' not found
07-28 16:22:02.412   287  1306 E NetlinkEvent: NetlinkEvent::FindParam(): Parameter 'UID' not found
07-28 16:22:16.050   287  1306 E NetlinkEvent: NetlinkEvent::FindParam(): Parameter 'TIME_NS' not found
07-28 16:22:16.050   287  1306 E NetlinkEvent: NetlinkEvent::FindParam(): Parameter 'UID' not found
07-28 16:22:26.312  1847  2186 I chatty  : uid=1000(system) PowerManagerSer expire 10 lines
07-28 16:22:26.738   287  1306 E NetlinkEvent: NetlinkEvent::FindParam(): Parameter 'TIME_NS' not found
07-28 16:22:26.738   287  1306 E NetlinkEvent: NetlinkEvent::FindParam(): Parameter 'UID' not found
07-28 16:22:38.644   287  1306 E NetlinkEvent: NetlinkEvent::FindParam(): Parameter 'TIME_NS' not found
07-28 16:22:38.644   287  1306 E NetlinkEvent: NetlinkEvent::FindParam(): Parameter 'UID' not found
07-28 16:26:08.265  1847  4244 I chatty  : uid=1000(system) InputReader expire 4 lines
07-28 16:26:08.766  1847  2171 I chatty  : uid=1000(system) android.display expire 7 lines
07-28 16:26:09.056  1847  2186 I chatty  : uid=1000(system) PowerManagerSer expire 15 lines
07-28 16:26:11.285   287  1306 E NetlinkEvent: NetlinkEvent::FindParam(): Parameter 'TIME_NS' not found
07-28 16:26:11.285   287  1306 E NetlinkEvent: NetlinkEvent::FindParam(): Parameter 'UID' not found
07-28 16:26:15.865   287  1306 E NetlinkEvent: NetlinkEvent::FindParam(): Parameter 'TIME_NS' not found
07-28 16:26:15.865   287  1306 E NetlinkEvent: NetlinkEvent::FindParam(): Parameter 'UID' not found
07-28 16:26:32.248   287  1306 E NetlinkEvent: NetlinkEvent::FindParam(): Parameter 'TIME_NS' not found
07-28 16:26:32.248   287  1306 E NetlinkEvent: NetlinkEvent::FindParam(): Parameter 'UID' not found
07-28 16:26:52.290  1847  2130 I chatty  : uid=1000(system) ActivityManager expire 10 lines
07-28 16:26:52.348  1847  5484 I chatty  : uid=1000(system) Binder_D expire 9 lines
07-28 16:26:56.719  1847  1871 I chatty  : uid=1000(system) Binder_1 expire 5 lines
07-28 16:26:56.733  1847  4628 I chatty  : uid=1000(system) Binder_4 expire 8 lines
07-28 16:26:56.835  1847  5235 I chatty  : uid=1000(system) Binder_8 expire 10 lines
07-28 16:26:56.857   287  1306 E NetlinkEvent: NetlinkEvent::FindParam(): Parameter 'TIME_NS' not found
07-28 16:26:56.857   287  1306 E NetlinkEvent: NetlinkEvent::FindParam(): Parameter 'UID' not found
07-28 16:26:57.612  1847  4541 I chatty  : uid=1000(system) ConnectivitySer expire 13 lines
07-28 16:26:57.740  1847  5296 I chatty  : uid=1000(system) Binder_9 expire 7 lines
07-28 16:27:08.033   287  1306 E NetlinkEvent: NetlinkEvent::FindParam(): Parameter 'TIME_NS' not found
07-28 16:27:08.033   287  1306 E NetlinkEvent: NetlinkEvent::FindParam(): Parameter 'UID' not found
07-28 16:27:27.738   287  1306 E NetlinkEvent: NetlinkEvent::FindParam(): Parameter 'TIME_NS' not found
07-28 16:27:27.738   287  1306 E NetlinkEvent: NetlinkEvent::FindParam(): Parameter 'UID' not found
07-28 16:28:42.109  1847  5224 I chatty  : uid=1000(system) Binder_7 expire 13 lines
07-28 16:28:42.781  1847  5331 I chatty  : uid=1000(system) Binder_C expire 11 lines
07-28 16:28:44.086  1847  5307 I chatty  : uid=1000(system) Binder_B expire 8 lines
07-28 16:28:46.050  1847  4243 I chatty  : uid=1000(system) InputDispatcher expire 1 line
07-28 16:28:46.180  1847  5300 I chatty  : uid=1000(system) Binder_A expire 4 lines
07-28 16:28:46.280  1847  5519 I chatty  : uid=1000(system) Binder_F expire 9 lines
07-28 16:28:49.482  1847  5502 I chatty  : uid=1000(system) Binder_E expire 11 lines
07-28 16:28:49.641  1847  1874 I chatty  : uid=1000(system) Binder_2 expire 7 lines
07-28 16:29:11.066   287  1306 E NetlinkEvent: NetlinkEvent::FindParam(): Parameter 'TIME_NS' not found
07-28 16:29:11.066   287  1306 E NetlinkEvent: NetlinkEvent::FindParam(): Parameter 'UID' not found
07-28 16:29:44.581   287  1306 E NetlinkEvent: NetlinkEvent::FindParam(): Parameter 'TIME_NS' not found
07-28 16:29:44.581   287  1306 E NetlinkEvent: NetlinkEvent::FindParam(): Parameter 'UID' not found
07-28 16:31:05.333   287  1306 E NetlinkEvent: NetlinkEvent::FindParam(): Parameter 'TIME_NS' not found
07-28 16:31:05.333   287  1306 E NetlinkEvent: NetlinkEvent::FindParam(): Parameter 'UID' not found
07-28 16:31:05.411   287  1306 E NetlinkEvent: NetlinkEvent::FindParam(): Parameter 'TIME_NS' not found
07-28 16:31:05.411   287  1306 E NetlinkEvent: NetlinkEvent::FindParam(): Parameter 'UID' not found
07-28 16:31:15.440   287  1306 E NetlinkEvent: NetlinkEvent::FindParam(): Parameter 'TIME_NS' not found
07-28 16:31:15.440   287  1306 E NetlinkEvent: NetlinkEvent::FindParam(): Parameter 'UID' not found
07-28 16:31:37.425   287  1306 E NetlinkEvent: NetlinkEvent::FindParam(): Parameter 'TIME_NS' not found
07-28 16:31:37.425   287  1306 E NetlinkEvent: NetlinkEvent::FindParam(): Parameter 'UID' not found
07-28 16:33:04.655  1847  4541 I chatty  : uid=1000(system) ConnectivitySer expire 18 lines
07-28 16:34:04.727  5485  5485 D MccTable: updateMccMncConfiguration mccmnc='null' fromServiceState=true
07-28 16:34:04.727  5485  5485 D MccTable: WIFI_COUNTRY_CODE set to 
07-28 16:34:04.727  1847  4159 I chatty  : uid=1000(system) Binder_3 expire 8 lines
07-28 16:34:05.059  1847  5223 I chatty  : uid=1000(system) Binder_6 expire 6 lines
07-28 16:34:05.384  1847  4540 I chatty  : uid=1000(system) WifiService expire 5 lines
07-28 16:34:12.223  5485  5485 D MccTable: updateMccMncConfiguration mccmnc='40486' fromServiceState=true
07-28 16:34:12.224  5485  5485 D MccTable: updateMccMncConfiguration defaultMccMnc=40486
07-28 16:34:12.224  5485  5485 D MccTable: updateMccMncConfiguration: mcc=404, mnc=86
07-28 16:34:12.224  5485  5485 D MccTable: WIFI_COUNTRY_CODE set to in
07-28 16:34:12.246  1847  4541 I chatty  : uid=1000(system) ConnectivitySer expire 13 lines
07-28 16:34:12.612  1847  4629 I chatty  : uid=1000(system) Binder_5 expire 6 lines
07-28 16:34:58.844   287  1306 E NetlinkEvent: NetlinkEvent::FindParam(): Parameter 'TIME_NS' not found
07-28 16:34:58.844   287  1306 E NetlinkEvent: NetlinkEvent::FindParam(): Parameter 'UID' not found
07-28 16:35:02.255   287  1306 E NetlinkEvent: NetlinkEvent::FindParam(): Parameter 'TIME_NS' not found
07-28 16:35:02.255   287  1306 E NetlinkEvent: NetlinkEvent::FindParam(): Parameter 'UID' not found
07-28 16:35:03.377  1847  4541 I chatty  : uid=1000(system) ConnectivitySer expire 13 lines
07-28 16:35:18.338  1847  5521 I chatty  : uid=1000(system) Binder_10 expire 6 lines
07-28 16:35:26.885   287  1306 E NetlinkEvent: NetlinkEvent::FindParam(): Parameter 'TIME_NS' not found
07-28 16:35:26.886   287  1306 E NetlinkEvent: NetlinkEvent::FindParam(): Parameter 'UID' not found
07-28 16:35:44.568   287  1306 E NetlinkEvent: NetlinkEvent::FindParam(): Parameter 'TIME_NS' not found
07-28 16:35:44.568   287  1306 E NetlinkEvent: NetlinkEvent::FindParam(): Parameter 'UID' not found
07-28 16:35:55.205   287  1306 E NetlinkEvent: NetlinkEvent::FindParam(): Parameter 'TIME_NS' not found
07-28 16:35:55.205   287  1306 E NetlinkEvent: NetlinkEvent::FindParam(): Parameter 'UID' not found
07-28 16:35:59.451   287  1306 E NetlinkEvent: NetlinkEvent::FindParam(): Parameter 'TIME_NS' not found
07-28 16:35:59.451   287  1306 E NetlinkEvent: NetlinkEvent::FindParam(): Parameter 'UID' not found
07-28 16:36:34.674  1847  2200 I chatty  : uid=1000(system) PackageManager expire 1 line
07-28 16:36:48.102  1847  2130 I chatty  : uid=1000(system) ActivityManager expire 10 lines
07-28 16:37:34.327  1847  2186 I chatty  : uid=1000(system) PowerManagerSer expire 4 lines
07-28 16:38:03.445   287  1306 E NetlinkEvent: NetlinkEvent::FindParam(): Parameter 'TIME_NS' not found
07-28 16:38:03.445   287  1306 E NetlinkEvent: NetlinkEvent::FindParam(): Parameter 'UID' not found
07-28 16:38:06.364   287  1306 E NetlinkEvent: NetlinkEvent::FindParam(): Parameter 'TIME_NS' not found
07-28 16:38:06.364   287  1306 E NetlinkEvent: NetlinkEvent::FindParam(): Parameter 'UID' not found
07-28 16:38:23.240   287  1306 E NetlinkEvent: NetlinkEvent::FindParam(): Parameter 'TIME_NS' not found
07-28 16:38:23.240   287  1306 E NetlinkEvent: NetlinkEvent::FindParam(): Parameter 'UID' not found
07-28 16:38:24.972  1847  4541 I chatty  : uid=1000(system) ConnectivitySer expire 10 lines
07-28 16:38:24.979   287  1306 E NetlinkEvent: NetlinkEvent::FindParam(): Parameter 'TIME_NS' not found
07-28 16:38:24.979   287  1306 E NetlinkEvent: NetlinkEvent::FindParam(): Parameter 'UID' not found
07-28 16:38:34.992   287  1306 E NetlinkEvent: NetlinkEvent::FindParam(): Parameter 'TIME_NS' not found
07-28 16:38:34.992   287  1306 E NetlinkEvent: NetlinkEvent::FindParam(): Parameter 'UID' not found
07-28 16:38:52.366  1847  5502 I chatty  : uid=1000(system) Binder_E expire 1 line
07-28 16:38:53.676   287  1306 E NetlinkEvent: NetlinkEvent::FindParam(): Parameter 'TIME_NS' not found
07-28 16:38:53.676   287  1306 E NetlinkEvent: NetlinkEvent::FindParam(): Parameter 'UID' not found
07-28 16:38:54.540  1847  5235 I chatty  : uid=1000(system) Binder_8 expire 1 line
07-28 16:39:07.473   287  1306 E NetlinkEvent: NetlinkEvent::FindParam(): Parameter 'TIME_NS' not found
07-28 16:39:07.473   287  1306 E NetlinkEvent: NetlinkEvent::FindParam(): Parameter 'UID' not found
07-28 16:39:23.380   287  1306 E NetlinkEvent: NetlinkEvent::FindParam(): Parameter 'TIME_NS' not found
07-28 16:39:23.380   287  1306 E NetlinkEvent: NetlinkEvent::FindParam(): Parameter 'UID' not found
07-28 16:40:25.041  1847  4539 I chatty  : uid=1000(system) WifiStateMachin expire 2 lines
07-28 16:40:25.068   287  1306 E NetlinkEvent: NetlinkEvent::FindParam(): Parameter 'TIME_NS' not found
07-28 16:40:25.068   287  1306 E NetlinkEvent: NetlinkEvent::FindParam(): Parameter 'UID' not found
07-28 16:40:31.031   287  1306 E NetlinkEvent: NetlinkEvent::FindParam(): Parameter 'TIME_NS' not found
07-28 16:40:31.031   287  1306 E NetlinkEvent: NetlinkEvent::FindParam(): Parameter 'UID' not found
07-28 16:40:39.524   287  1306 E NetlinkEvent: NetlinkEvent::FindParam(): Parameter 'TIME_NS' not found
07-28 16:40:39.524   287  1306 E NetlinkEvent: NetlinkEvent::FindParam(): Parameter 'UID' not found
07-28 16:40:39.624  1847  4541 I chatty  : uid=1000(system) ConnectivitySer expire 19 lines
07-28 16:40:39.907  1847  5519 I chatty  : uid=1000(system) Binder_F expire 4 lines
07-28 16:40:54.479  1847  4537 I chatty  : uid=1000(system) NetworkPolicy expire 2 lines
07-28 16:40:54.698  1847  5502 I chatty  : uid=1000(system) Binder_E expire 5 lines
07-28 16:40:54.724  1847  1871 I chatty  : uid=1000(system) Binder_1 expire 11 lines
07-28 16:40:55.038  1847  5331 I chatty  : uid=1000(system) Binder_C expire 8 lines
07-28 16:40:55.142  1847  5521 I chatty  : uid=1000(system) Binder_10 expire 7 lines
07-28 16:40:55.232  1847  4629 I chatty  : uid=1000(system) Binder_5 expire 7 lines
07-28 16:40:56.669  1847  5224 I chatty  : uid=1000(system) Binder_7 expire 10 lines
07-28 16:40:56.820  1847  4628 I chatty  : uid=1000(system) Binder_4 expire 7 lines
07-28 16:40:57.184  1847  1847 I chatty  : uid=1000 system_server expire 1 line
07-28 16:40:57.203  1847  5484 I chatty  : uid=1000(system) Binder_D expire 7 lines
07-28 16:40:57.490  1847  5300 I chatty  : uid=1000(system) Binder_A expire 3 lines
07-28 16:40:57.627 13827 13827 W ActivityThread: ClassLoader.loadClass: The class loader returned by Thread.getContextClassLoader() may fail for processes that host multiple applications. You should explicitly specify a context class loader. For example: Thread.setContextClassLoader(getClass().getClassLoader());
07-28 16:40:57.863  1847  4159 I chatty  : uid=1000(system) Binder_3 expire 7 lines
07-28 16:40:57.878  1847  5235 I chatty  : uid=1000(system) Binder_8 expire 2 lines
07-28 16:40:58.695  1847  2130 I chatty  : uid=1000(system) ActivityManager expire 15 lines
07-28 16:40:58.739  1847  5307 I chatty  : uid=1000(system) Binder_B expire 8 lines
07-28 16:40:59.062  1847  1874 I chatty  : uid=1000(system) Binder_2 expire 7 lines
07-28 16:40:59.584 13922 13922 W ActivityThread: ClassLoader.loadClass: The class loader returned by Thread.getContextClassLoader() may fail for processes that host multiple applications. You should explicitly specify a context class loader. For example: Thread.setContextClassLoader(getClass().getClassLoader());
07-28 16:41:01.798  1847  4541 I chatty  : uid=1000(system) ConnectivitySer expire 46 lines
07-28 16:41:09.407  1847  4540 I chatty  : uid=1000(system) WifiService expire 3 lines
07-28 16:41:36.102   287  1306 E NetlinkEvent: NetlinkEvent::FindParam(): Parameter 'TIME_NS' not found
07-28 16:41:36.102   287  1306 E NetlinkEvent: NetlinkEvent::FindParam(): Parameter 'UID' not found
07-28 16:42:22.544   287  1306 E NetlinkEvent: NetlinkEvent::FindParam(): Parameter 'TIME_NS' not found
07-28 16:42:22.544   287  1306 E NetlinkEvent: NetlinkEvent::FindParam(): Parameter 'UID' not found
07-28 16:42:24.307  1847  2130 I chatty  : uid=1000(system) ActivityManager expire 4 lines
07-28 16:42:24.804  1847  4244 I chatty  : uid=1000(system) InputReader expire 5 lines
07-28 16:42:24.817  1847  2186 I chatty  : uid=1000(system) PowerManagerSer expire 10 lines
07-28 16:42:24.823  1847  2171 I chatty  : uid=1000(system) android.display expire 5 lines
07-28 16:42:25.087  1847  5223 I chatty  : uid=1000(system) Binder_6 expire 7 lines
07-28 16:42:25.120  1847  5296 I chatty  : uid=1000(system) Binder_9 expire 2 lines
07-28 16:43:33.225 15302 15302 D ActivityThread: Loading provider com.whatsapp.provider.contact: com.whatsapp.contact.ContactProvider
07-28 16:43:33.332   287  1306 E NetlinkEvent: NetlinkEvent::FindParam(): Parameter 'TIME_NS' not found
07-28 16:43:33.332   287  1306 E NetlinkEvent: NetlinkEvent::FindParam(): Parameter 'UID' not found
07-28 16:43:34.373  1847  4541 I chatty  : uid=1000(system) ConnectivitySer expire 10 lines
07-28 16:43:36.340 15455 15474 D ActivityThread: Loading provider com.google.android.gmail.provider;com.android.mail.notifier;com.google.android.gm.email.provider;com.google.android.gm.tasks.provider;com.google.android.gm.email.notifier: com.android.email.provider.EmailProvider
07-28 16:43:36.800 15481 15481 W ActivityThread: ClassLoader.loadClass: The class loader returned by Thread.getContextClassLoader() may fail for processes that host multiple applications. You should explicitly specify a context class loader. For example: Thread.setContextClassLoader(getClass().getClassLoader());
07-28 16:43:36.915 15430 15444 W ActivityThread: ClassLoader.loadClass: The class loader returned by Thread.getContextClassLoader() may fail for processes that host multiple applications. You should explicitly specify a context class loader. For example: Thread.setContextClassLoader(getClass().getClassLoader());
07-28 16:47:54.582   287  1306 E NetlinkEvent: NetlinkEvent::FindParam(): Parameter 'TIME_NS' not found
07-28 16:47:54.582   287  1306 E NetlinkEvent: NetlinkEvent::FindParam(): Parameter 'UID' not found
07-28 16:47:55.219   287  1306 E NetlinkEvent: NetlinkEvent::FindParam(): Parameter 'TIME_NS' not found
07-28 16:47:55.219   287  1306 E NetlinkEvent: NetlinkEvent::FindParam(): Parameter 'UID' not found
07-28 16:48:13.489   287  1306 E NetlinkEvent: NetlinkEvent::FindParam(): Parameter 'TIME_NS' not found
07-28 16:48:13.489   287  1306 E NetlinkEvent: NetlinkEvent::FindParam(): Parameter 'UID' not found
07-28 16:48:14.646   287  1306 E NetlinkEvent: NetlinkEvent::FindParam(): Parameter 'TIME_NS' not found
07-28 16:48:14.646   287  1306 E NetlinkEvent: NetlinkEvent::FindParam(): Parameter 'UID' not found
07-28 16:54:17.503   287  1306 E NetlinkEvent: NetlinkEvent::FindParam(): Parameter 'TIME_NS' not found
07-28 16:54:17.503   287  1306 E NetlinkEvent: NetlinkEvent::FindParam(): Parameter 'UID' not found
07-28 16:54:17.516  1847  4541 I chatty  : uid=1000(system) ConnectivitySer expire 29 lines
07-28 16:54:28.046   287  1306 E NetlinkEvent: NetlinkEvent::FindParam(): Parameter 'TIME_NS' not found
07-28 16:54:28.046   287  1306 E NetlinkEvent: NetlinkEvent::FindParam(): Parameter 'UID' not found
07-28 16:54:48.245  1847  4541 I chatty  : uid=1000(system) ConnectivitySer expire 19 lines
07-28 16:54:48.364   287  1306 E NetlinkEvent: NetlinkEvent::FindParam(): Parameter 'TIME_NS' not found
07-28 16:54:48.364   287  1306 E NetlinkEvent: NetlinkEvent::FindParam(): Parameter 'UID' not found
07-28 16:58:15.066   287  1306 E NetlinkEvent: NetlinkEvent::FindParam(): Parameter 'TIME_NS' not found
07-28 16:58:15.066   287  1306 E NetlinkEvent: NetlinkEvent::FindParam(): Parameter 'UID' not found
07-28 16:59:53.658  1847  5519 I chatty  : uid=1000(system) Binder_F expire 11 lines
07-28 16:59:54.194  1847  4244 I chatty  : uid=1000(system) InputReader expire 10 lines
07-28 16:59:54.413  1847  5296 I chatty  : uid=1000(system) Binder_9 expire 5 lines
07-28 16:59:54.414  1847  1874 I chatty  : uid=1000(system) Binder_2 expire 5 lines
07-28 16:59:54.417  1847  4629 I chatty  : uid=1000(system) Binder_5 expire 5 lines
07-28 16:59:54.418  1847  5223 I chatty  : uid=1000(system) Binder_6 expire 14 lines
07-28 16:59:54.420  1847  5484 I chatty  : uid=1000(system) Binder_D expire 10 lines
07-28 16:59:54.422  1847  4159 I chatty  : uid=1000(system) Binder_3 expire 7 lines
07-28 16:59:54.496  1847  2171 I chatty  : uid=1000(system) android.display expire 11 lines
07-28 16:59:54.651  1847  5235 I chatty  : uid=1000(system) Binder_8 expire 7 lines
07-28 16:59:54.793  1847  2186 I chatty  : uid=1000(system) PowerManagerSer expire 11 lines
07-28 16:59:55.017  1847  1871 I chatty  : uid=1000(system) Binder_1 expire 7 lines
07-28 16:59:57.102  1847  5300 I chatty  : uid=1000(system) Binder_A expire 5 lines
07-28 17:00:39.182  1847  5331 I chatty  : uid=1000(system) Binder_C expire 7 lines
07-28 17:00:39.249  1847  5224 I chatty  : uid=1000(system) Binder_7 expire 5 lines
07-28 17:00:44.264   287  1306 E NetlinkEvent: NetlinkEvent::FindParam(): Parameter 'TIME_NS' not found
07-28 17:00:44.264   287  1306 E NetlinkEvent: NetlinkEvent::FindParam(): Parameter 'UID' not found
07-28 17:00:45.328   287  1306 E NetlinkEvent: NetlinkEvent::FindParam(): Parameter 'TIME_NS' not found
07-28 17:00:45.328   287  1306 E NetlinkEvent: NetlinkEvent::FindParam(): Parameter 'UID' not found
07-28 17:02:00.712 18625 18625 W ActivityThread: ClassLoader.loadClass: The class loader returned by Thread.getContextClassLoader() may fail for processes that host multiple applications. You should explicitly specify a context class loader. For example: Thread.setContextClassLoader(getClass().getClassLoader());
07-28 17:07:10.578  1847  1847 I chatty  : uid=1000 system_server expire 5 lines
07-28 17:09:28.188  1847  2186 I chatty  : uid=1000(system) PowerManagerSer expire 12 lines
07-28 17:09:31.874  1847  5521 I chatty  : uid=1000(system) Binder_10 expire 7 lines
07-28 17:10:01.935  1847  2130 I chatty  : uid=1000(system) ActivityManager expire 18 lines
07-28 17:10:26.829   287  1306 E NetlinkEvent: NetlinkEvent::FindParam(): Parameter 'TIME_NS' not found
07-28 17:10:26.829   287  1306 E NetlinkEvent: NetlinkEvent::FindParam(): Parameter 'UID' not found
07-28 17:10:27.367 19743 19743 W ActivityThread: ClassLoader.loadClass: The class loader returned by Thread.getContextClassLoader() may fail for processes that host multiple applications. You should explicitly specify a context class loader. For example: Thread.setContextClassLoader(getClass().getClassLoader());
07-28 17:10:27.569  1847  5307 I chatty  : uid=1000(system) Binder_B expire 4 lines
07-28 17:10:29.356  1847  4541 I chatty  : uid=1000(system) ConnectivitySer expire 26 lines
07-28 17:10:29.454 19856 19856 W ActivityThread: ClassLoader.loadClass: The class loader returned by Thread.getContextClassLoader() may fail for processes that host multiple applications. You should explicitly specify a context class loader. For example: Thread.setContextClassLoader(getClass().getClassLoader());
07-28 17:10:30.226  1847  4628 I chatty  : uid=1000(system) Binder_4 expire 7 lines
07-28 17:10:48.415   287  1306 E NetlinkEvent: NetlinkEvent::FindParam(): Parameter 'TIME_NS' not found
07-28 17:10:48.416   287  1306 E NetlinkEvent: NetlinkEvent::FindParam(): Parameter 'UID' not found
07-28 17:10:51.919  1847  4541 I chatty  : uid=1000(system) ConnectivitySer expire 12 lines
07-28 17:13:22.297  1847  5502 I chatty  : uid=1000(system) Binder_E expire 7 lines
07-28 17:13:22.811  1847  4540 I chatty  : uid=1000(system) WifiService expire 2 lines
07-28 17:13:33.871 20857 20879 D ActivityThread: Loading provider com.google.android.gmail.provider;com.android.mail.notifier;com.google.android.gm.email.provider;com.google.android.gm.tasks.provider;com.google.android.gm.email.notifier: com.android.email.provider.EmailProvider
07-28 17:13:34.397 20908 20908 W ActivityThread: ClassLoader.loadClass: The class loader returned by Thread.getContextClassLoader() may fail for processes that host multiple applications. You should explicitly specify a context class loader. For example: Thread.setContextClassLoader(getClass().getClassLoader());
07-28 17:13:34.539 20827 20848 W ActivityThread: ClassLoader.loadClass: The class loader returned by Thread.getContextClassLoader() may fail for processes that host multiple applications. You should explicitly specify a context class loader. For example: Thread.setContextClassLoader(getClass().getClassLoader());
07-28 17:20:32.814  1847  2129 I chatty  : uid=1000(system) android.bg expire 1 line
07-28 17:20:58.402   287  1306 E NetlinkEvent: NetlinkEvent::FindParam(): Parameter 'TIME_NS' not found
07-28 17:20:58.402   287  1306 E NetlinkEvent: NetlinkEvent::FindParam(): Parameter 'UID' not found
07-28 17:21:00.450   287  1306 E NetlinkEvent: NetlinkEvent::FindParam(): Parameter 'TIME_NS' not found
07-28 17:21:00.450   287  1306 E NetlinkEvent: NetlinkEvent::FindParam(): Parameter 'UID' not found
07-28 17:21:01.463  1847  4541 I chatty  : uid=1000(system) ConnectivitySer expire 16 lines
07-28 17:21:32.988  1847  4539 I chatty  : uid=1000(system) WifiStateMachin expire 1 line
07-28 17:21:33.022   287  1306 E NetlinkEvent: NetlinkEvent::FindParam(): Parameter 'TIME_NS' not found
07-28 17:21:33.022   287  1306 E NetlinkEvent: NetlinkEvent::FindParam(): Parameter 'UID' not found
07-28 17:21:36.832  1847  2130 I chatty  : uid=1000(system) ActivityManager expire 10 lines
07-28 17:21:36.858  1847  4541 I chatty  : uid=1000(system) ConnectivitySer expire 23 lines
07-28 17:21:37.027  1847  5519 I chatty  : uid=1000(system) Binder_F expire 11 lines
07-28 17:21:37.284  1847  4540 I chatty  : uid=1000(system) WifiService expire 4 lines
07-28 17:21:37.304  1847  4159 I chatty  : uid=1000(system) Binder_3 expire 13 lines
07-28 17:21:37.349  1847  5296 I chatty  : uid=1000(system) Binder_9 expire 10 lines
07-28 17:21:37.365   287 23221 W SocketClient: write error (Broken pipe)
07-28 17:21:37.761  1847  1871 I chatty  : uid=1000(system) Binder_1 expire 10 lines
07-28 17:21:37.938  1847  4629 I chatty  : uid=1000(system) Binder_5 expire 10 lines
07-28 17:21:38.062  1847  1874 I chatty  : uid=1000(system) Binder_2 expire 10 lines
07-28 17:21:38.151  1847  5331 I chatty  : uid=1000(system) Binder_C expire 10 lines
07-28 17:21:38.225  1847  5502 I chatty  : uid=1000(system) Binder_E expire 7 lines
07-28 17:21:38.252  1847  5235 I chatty  : uid=1000(system) Binder_8 expire 10 lines
07-28 17:21:39.497  1847  5224 I chatty  : uid=1000(system) Binder_7 expire 9 lines
07-28 17:21:40.322  1847  5484 I chatty  : uid=1000(system) Binder_D expire 10 lines
07-28 17:21:40.412  1847  5307 I chatty  : uid=1000(system) Binder_B expire 10 lines
07-28 17:21:40.528  1847  5521 I chatty  : uid=1000(system) Binder_10 expire 8 lines
07-28 17:21:40.853  1847  5223 I chatty  : uid=1000(system) Binder_6 expire 10 lines
07-28 17:21:41.242  1847  2129 I chatty  : uid=1000(system) android.bg expire 3 lines
07-28 17:21:41.461  1847  4628 I chatty  : uid=1000(system) Binder_4 expire 7 lines
07-28 17:21:41.505  1847  5300 I chatty  : uid=1000(system) Binder_A expire 9 lines
07-28 17:21:41.601 23714 23714 W ActivityThread: ClassLoader.loadClass: The class loader returned by Thread.getContextClassLoader() may fail for processes that host multiple applications. You should explicitly specify a context class loader. For example: Thread.setContextClassLoader(getClass().getClassLoader());
07-28 17:21:42.394 23811 23849 W ActivityThread: ClassLoader.loadClass: The class loader returned by Thread.getContextClassLoader() may fail for processes that host multiple applications. You should explicitly specify a context class loader. For example: Thread.setContextClassLoader(getClass().getClassLoader());
07-28 17:27:48.364   287  1306 E NetlinkEvent: NetlinkEvent::FindParam(): Parameter 'TIME_NS' not found
07-28 17:27:48.364   287  1306 E NetlinkEvent: NetlinkEvent::FindParam(): Parameter 'UID' not found
07-28 17:30:51.472  6119 24589 D DownloadManager: Removed 0 stale downloads
07-28 17:30:51.521  6119 24589 D DownloadManager: Found 82 files in database
07-28 17:30:51.521  6119 24589 D DownloadManager: Found 1 files on disk
07-28 17:31:06.809   287  1306 E NetlinkEvent: NetlinkEvent::FindParam(): Parameter 'TIME_NS' not found
07-28 17:31:06.810   287  1306 E NetlinkEvent: NetlinkEvent::FindParam(): Parameter 'UID' not found
07-28 17:31:38.508   287  1306 E NetlinkEvent: NetlinkEvent::FindParam(): Parameter 'TIME_NS' not found
07-28 17:31:38.508   287  1306 E NetlinkEvent: NetlinkEvent::FindParam(): Parameter 'UID' not found
07-28 17:36:26.672  1847  4244 I chatty  : uid=1000(system) InputReader expire 3 lines
07-28 17:36:26.702  1847  2186 I chatty  : uid=1000(system) PowerManagerSer expire 11 lines
07-28 17:36:26.709  1847  2171 I chatty  : uid=1000(system) android.display expire 5 lines
07-28 17:36:29.731  1847  4541 I chatty  : uid=1000(system) ConnectivitySer expire 8 lines
07-28 17:36:30.203  1847  2130 I chatty  : uid=1000(system) ActivityManager expire 9 lines
07-28 17:36:30.908  1847  4243 I chatty  : uid=1000(system) InputDispatcher expire 1 line
07-28 17:42:38.231  1847  1847 I chatty  : uid=1000 system_server expire 6 lines
07-28 17:44:04.061 26608 26608 W ActivityThread: ClassLoader.loadClass: The class loader returned by Thread.getContextClassLoader() may fail for processes that host multiple applications. You should explicitly specify a context class loader. For example: Thread.setContextClassLoader(getClass().getClassLoader());
07-28 17:44:32.872   287  1306 E NetlinkEvent: NetlinkEvent::FindParam(): Parameter 'TIME_NS' not found
07-28 17:44:32.873   287  1306 E NetlinkEvent: NetlinkEvent::FindParam(): Parameter 'UID' not found
07-28 17:44:51.218   287  1306 E NetlinkEvent: NetlinkEvent::FindParam(): Parameter 'TIME_NS' not found
07-28 17:44:51.218   287  1306 E NetlinkEvent: NetlinkEvent::FindParam(): Parameter 'UID' not found
07-28 17:45:06.258   287  1306 E NetlinkEvent: NetlinkEvent::FindParam(): Parameter 'TIME_NS' not found
07-28 17:45:06.258   287  1306 E NetlinkEvent: NetlinkEvent::FindParam(): Parameter 'UID' not found
07-28 17:45:44.345 27829 27829 W ActivityThread: ClassLoader.loadClass: The class loader returned by Thread.getContextClassLoader() may fail for processes that host multiple applications. You should explicitly specify a context class loader. For example: Thread.setContextClassLoader(getClass().getClassLoader());
07-28 17:45:44.568 27851 27851 W ActivityThread: ClassLoader.loadClass: The class loader returned by Thread.getContextClassLoader() may fail for processes that host multiple applications. You should explicitly specify a context class loader. For example: Thread.setContextClassLoader(getClass().getClassLoader());
07-28 17:45:45.090   287  1306 E NetlinkEvent: NetlinkEvent::FindParam(): Parameter 'TIME_NS' not found
07-28 17:45:45.090   287  1306 E NetlinkEvent: NetlinkEvent::FindParam(): Parameter 'UID' not found
07-28 17:46:07.431   287  1306 E NetlinkEvent: NetlinkEvent::FindParam(): Parameter 'TIME_NS' not found
07-28 17:46:07.431   287  1306 E NetlinkEvent: NetlinkEvent::FindParam(): Parameter 'UID' not found
07-28 17:46:54.503   287  1306 E NetlinkEvent: NetlinkEvent::FindParam(): Parameter 'TIME_NS' not found
07-28 17:46:54.504   287  1306 E NetlinkEvent: NetlinkEvent::FindParam(): Parameter 'UID' not found
07-28 17:47:21.076  1847  2200 I chatty  : uid=1000(system) PackageManager expire 6 lines
07-28 17:47:21.528 29117 29127 D DefContainer: Copying /data/local/tmp/dev.ukanth.iconmanager to base.apk
07-28 17:47:26.863 29251 29251 I chatty  : uid=1000(system) org.cyanogenmod.providers.datausage expire 3 lines
07-28 17:47:27.241 29270 29270 I chatty  : uid=1000(system) com.android.keychain expire 1 line
07-28 17:47:29.524  5225 29415 E ActivityThread: Failed to find provider info for com.modoohut.provider.geocoder
07-28 17:47:33.281  5225 29415 E ActivityThread: Failed to find provider info for com.modoohut.provider.geocoder
07-28 17:47:34.392  1847  4629 I chatty  : uid=1000(system) Binder_5 expire 3 lines
07-28 17:47:34.394  5225 29415 E ActivityThread: Failed to find provider info for com.modoohut.provider.geocoder
07-28 17:47:35.045  1847  5296 I chatty  : uid=1000(system) Binder_9 expire 1 line
07-28 17:47:37.259 29699 29699 W ActivityThread: ClassLoader.loadClass: The class loader returned by Thread.getContextClassLoader() may fail for processes that host multiple applications. You should explicitly specify a context class loader. For example: Thread.setContextClassLoader(getClass().getClassLoader());
07-28 17:47:37.975  1847  4159 I chatty  : uid=1000(system) Binder_3 expire 2 lines
07-28 17:47:38.132  1847  5484 I chatty  : uid=1000(system) Binder_D expire 1 line
07-28 17:47:48.774 29977 29977 W ActivityThread: ClassLoader.loadClass: The class loader returned by Thread.getContextClassLoader() may fail for processes that host multiple applications. You should explicitly specify a context class loader. For example: Thread.setContextClassLoader(getClass().getClassLoader());
07-28 17:47:49.025  1847  5223 I chatty  : uid=1000(system) Binder_6 expire 1 line
07-28 17:47:49.070  1847  4536 I chatty  : uid=1000(system) NetworkStats expire 1 line
07-28 17:47:49.319  1847  5223 I chatty  : uid=1000(system) Binder_6 expire 10 lines
07-28 17:47:49.407  1847  4540 I chatty  : uid=1000(system) WifiService expire 1 line
07-28 17:47:49.454 29998 29998 D ActivityThread: Loading provider com.whatsapp.provider.contact: com.whatsapp.contact.ContactProvider
07-28 17:47:49.826  1847  5521 I chatty  : uid=1000(system) Binder_10 expire 10 lines
07-28 17:47:49.862  1847  4628 I chatty  : uid=1000(system) Binder_4 expire 10 lines
07-28 17:47:50.251  1847  1874 I chatty  : uid=1000(system) Binder_2 expire 13 lines
07-28 17:47:50.278  1847  5307 I chatty  : uid=1000(system) Binder_B expire 11 lines
07-28 17:47:50.290  1847  5519 I chatty  : uid=1000(system) Binder_F expire 13 lines
07-28 17:47:50.309  1847  5224 I chatty  : uid=1000(system) Binder_7 expire 6 lines
07-28 17:47:50.742  1847  4159 I chatty  : uid=1000(system) Binder_3 expire 9 lines
07-28 17:47:51.174  1847  5331 I chatty  : uid=1000(system) Binder_C expire 10 lines
07-28 17:47:51.212  1847  5235 I chatty  : uid=1000(system) Binder_8 expire 11 lines
07-28 17:47:51.339 30110 30110 W ActivityThread: ClassLoader.loadClass: The class loader returned by Thread.getContextClassLoader() may fail for processes that host multiple applications. You should explicitly specify a context class loader. For example: Thread.setContextClassLoader(getClass().getClassLoader());
07-28 17:47:51.848  1847  5484 I chatty  : uid=1000(system) Binder_D expire 10 lines
07-28 17:47:53.336  1847  2186 I chatty  : uid=1000(system) PowerManagerSer expire 13 lines
07-28 17:47:53.789  1847  2171 I chatty  : uid=1000(system) android.display expire 6 lines
07-28 17:48:06.459  1847  2130 I chatty  : uid=1000(system) ActivityManager expire 9 lines
07-28 17:48:09.566   287  1306 E NetlinkEvent: NetlinkEvent::FindParam(): Parameter 'TIME_NS' not found
07-28 17:48:09.566   287  1306 E NetlinkEvent: NetlinkEvent::FindParam(): Parameter 'UID' not found
07-28 17:48:12.785   287  1306 E NetlinkEvent: NetlinkEvent::FindParam(): Parameter 'TIME_NS' not found
07-28 17:48:12.785   287  1306 E NetlinkEvent: NetlinkEvent::FindParam(): Parameter 'UID' not found
07-28 17:48:15.747  1847  2200 I chatty  : uid=1000(system) PackageManager expire 12 lines
07-28 17:48:16.062 30536 30547 D DefContainer: Copying /data/local/tmp/dev.ukanth.iconmanager to base.apk
07-28 17:48:16.767  1847  4244 I chatty  : uid=1000(system) InputReader expire 3 lines
07-28 17:48:16.774  1847  1847 I chatty  : uid=1000 system_server expire 5 lines
07-28 17:48:16.830  1847  1871 I chatty  : uid=1000(system) Binder_1 expire 9 lines
07-28 17:48:18.060  1847  5296 I chatty  : uid=1000(system) Binder_9 expire 11 lines
07-28 17:48:21.259 30651 30651 I chatty  : uid=1000(system) org.cyanogenmod.providers.datausage expire 6 lines
07-28 17:48:21.390  1847  2129 I chatty  : uid=1000(system) android.bg expire 2 lines
07-28 17:48:21.713 30669 30669 I chatty  : uid=1000(system) com.android.keychain expire 1 line
07-28 17:48:23.605  5225 30850 E ActivityThread: Failed to find provider info for com.modoohut.provider.geocoder
07-28 17:48:23.979  1847  5300 I chatty  : uid=1000(system) Binder_A expire 8 lines
07-28 17:48:25.638  1847  5502 I chatty  : uid=1000(system) Binder_E expire 6 lines
07-28 17:48:25.972  1847  4629 I chatty  : uid=1000(system) Binder_5 expire 7 lines
07-28 17:48:26.843  5225 30850 E ActivityThread: Failed to find provider info for com.modoohut.provider.geocoder
07-28 17:48:26.915  1847  5223 I chatty  : uid=1000(system) Binder_6 expire 6 lines
07-28 17:48:27.896  5225 30850 E ActivityThread: Failed to find provider info for com.modoohut.provider.geocoder
07-28 17:48:30.322 31116 31116 W ActivityThread: ClassLoader.loadClass: The class loader returned by Thread.getContextClassLoader() may fail for processes that host multiple applications. You should explicitly specify a context class loader. For example: Thread.setContextClassLoader(getClass().getClassLoader());
07-28 17:48:30.450  1847  5307 I chatty  : uid=1000(system) Binder_B expire 10 lines
07-28 17:49:46.258   287  1306 E NetlinkEvent: NetlinkEvent::FindParam(): Parameter 'TIME_NS' not found
07-28 17:49:46.259   287  1306 E NetlinkEvent: NetlinkEvent::FindParam(): Parameter 'UID' not found
07-28 17:50:35.242   287  1306 E NetlinkEvent: NetlinkEvent::FindParam(): Parameter 'TIME_NS' not found
07-28 17:50:35.242   287  1306 E NetlinkEvent: NetlinkEvent::FindParam(): Parameter 'UID' not found
07-28 17:50:40.973  1847  2186 I chatty  : uid=1000(system) PowerManagerSer expire 2 lines
07-28 17:50:43.292   643   654 D DefContainer: Copying /data/local/tmp/dev.ukanth.iconmanager to base.apk
07-28 17:50:44.704  1847  5331 I chatty  : uid=1000(system) Binder_C expire 5 lines
07-28 17:50:48.559   903   903 I chatty  : uid=1000(system) com.android.keychain expire 1 line
07-28 17:50:50.251  5225  1021 E ActivityThread: Failed to find provider info for com.modoohut.provider.geocoder
07-28 17:50:51.609  1847  5519 I chatty  : uid=1000(system) Binder_F expire 4 lines
07-28 17:50:51.634  1847  5235 I chatty  : uid=1000(system) Binder_8 expire 3 lines
07-28 17:50:51.995  1847  5296 I chatty  : uid=1000(system) Binder_9 expire 1 line
07-28 17:50:52.047  1847  1874 I chatty  : uid=1000(system) Binder_2 expire 4 lines
07-28 17:50:52.647  5225  1021 E ActivityThread: Failed to find provider info for com.modoohut.provider.geocoder
07-28 17:50:53.694  5225  1021 E ActivityThread: Failed to find provider info for com.modoohut.provider.geocoder
07-28 17:50:54.130  1847  4628 I chatty  : uid=1000(system) Binder_4 expire 2 lines
07-28 17:50:54.131  1847  4541 I chatty  : uid=1000(system) ConnectivitySer expire 4 lines
07-28 17:50:55.888  1240  1240 W ActivityThread: ClassLoader.loadClass: The class loader returned by Thread.getContextClassLoader() may fail for processes that host multiple applications. You should explicitly specify a context class loader. For example: Thread.setContextClassLoader(getClass().getClassLoader());
07-28 17:50:56.035  1847  5484 I chatty  : uid=1000(system) Binder_D expire 10 lines
07-28 17:50:56.554  1847  5296 I chatty  : uid=1000(system) Binder_9 expire 9 lines
07-28 17:50:58.943  1847  2186 I chatty  : uid=1000(system) PowerManagerSer expire 10 lines
07-28 17:50:59.319  1847  2171 I chatty  : uid=1000(system) android.display expire 8 lines
07-28 17:51:07.678  1847  5307 I chatty  : uid=1000(system) Binder_B expire 10 lines
07-28 17:51:27.539   287  1306 E NetlinkEvent: NetlinkEvent::FindParam(): Parameter 'TIME_NS' not found
07-28 17:51:27.539   287  1306 E NetlinkEvent: NetlinkEvent::FindParam(): Parameter 'UID' not found
07-28 17:51:29.610  1847  5300 I chatty  : uid=1000(system) Binder_A expire 11 lines
07-28 17:51:29.627  1847  5224 I chatty  : uid=1000(system) Binder_7 expire 8 lines
07-28 17:51:29.710  1847  4628 I chatty  : uid=1000(system) Binder_4 expire 11 lines
07-28 17:51:29.779   287  1306 E NetlinkEvent: NetlinkEvent::FindParam(): Parameter 'TIME_NS' not found
07-28 17:51:29.779   287  1306 E NetlinkEvent: NetlinkEvent::FindParam(): Parameter 'UID' not found
07-28 17:51:29.821  1847  5521 I chatty  : uid=1000(system) Binder_10 expire 10 lines
07-28 17:51:29.822  1847  5235 I chatty  : uid=1000(system) Binder_8 expire 10 lines
07-28 17:51:30.206  1847  2130 I chatty  : uid=1000(system) ActivityManager expire 10 lines
07-28 17:51:31.307  1847  4244 I chatty  : uid=1000(system) InputReader expire 4 lines
07-28 17:51:31.310  1847  1847 I chatty  : uid=1000 system_server expire 5 lines
07-28 17:51:32.676  1847  5519 I chatty  : uid=1000(system) Binder_F expire 11 lines
07-28 17:51:32.715  1847  4629 I chatty  : uid=1000(system) Binder_5 expire 10 lines
07-28 17:51:35.477   643   655 D DefContainer: Copying /data/local/tmp/dev.ukanth.iconmanager to base.apk
07-28 17:51:39.287  1847  2200 I chatty  : uid=1000(system) PackageManager expire 10 lines
07-28 17:51:39.864 30651 30651 I chatty  : uid=1000(system) org.cyanogenmod.providers.datausage expire 6 lines
07-28 17:51:40.162  1847  2129 I chatty  : uid=1000(system) android.bg expire 2 lines
07-28 17:51:40.252  2057  2057 I chatty  : uid=1000(system) com.android.keychain expire 1 line
07-28 17:51:40.280  1847  1871 I chatty  : uid=1000(system) Binder_1 expire 10 lines
07-28 17:51:41.588  1847  1874 I chatty  : uid=1000(system) Binder_2 expire 12 lines
07-28 17:51:42.109  1847  5223 I chatty  : uid=1000(system) Binder_6 expire 7 lines
07-28 17:51:42.152  1847  4159 I chatty  : uid=1000(system) Binder_3 expire 12 lines
07-28 17:51:42.158  5225  2241 E ActivityThread: Failed to find provider info for com.modoohut.provider.geocoder
07-28 17:51:43.168  1847  5502 I chatty  : uid=1000(system) Binder_E expire 13 lines
07-28 17:51:43.549  1847  5331 I chatty  : uid=1000(system) Binder_C expire 7 lines
07-28 17:51:44.237  5225  2241 E ActivityThread: Failed to find provider info for com.modoohut.provider.geocoder
07-28 17:51:45.313  5225  2241 E ActivityThread: Failed to find provider info for com.modoohut.provider.geocoder
07-28 17:51:47.872  2482  2482 W ActivityThread: ClassLoader.loadClass: The class loader returned by Thread.getContextClassLoader() may fail for processes that host multiple applications. You should explicitly specify a context class loader. For example: Thread.setContextClassLoader(getClass().getClassLoader());
07-28 17:52:22.099   287  1306 E NetlinkEvent: NetlinkEvent::FindParam(): Parameter 'TIME_NS' not found
07-28 17:52:22.099   287  1306 E NetlinkEvent: NetlinkEvent::FindParam(): Parameter 'UID' not found
07-28 17:52:33.628   287  1306 E NetlinkEvent: NetlinkEvent::FindParam(): Parameter 'TIME_NS' not found
07-28 17:52:33.628   287  1306 E NetlinkEvent: NetlinkEvent::FindParam(): Parameter 'UID' not found
07-28 17:53:18.167   643   655 D DefContainer: Copying /data/local/tmp/dev.ukanth.iconmanager to base.apk
07-28 17:53:18.916  1847  4541 I chatty  : uid=1000(system) ConnectivitySer expire 4 lines
07-28 17:53:22.519  1847  1874 I chatty  : uid=1000(system) Binder_2 expire 4 lines
07-28 17:53:22.889  3916  3916 I chatty  : uid=1000(system) com.android.keychain expire 1 line
07-28 17:53:24.579  5225  4178 E ActivityThread: Failed to find provider info for com.modoohut.provider.geocoder
07-28 17:53:25.312  1847  5519 I chatty  : uid=1000(system) Binder_F expire 2 lines
07-28 17:53:26.712  5225  4178 E ActivityThread: Failed to find provider info for com.modoohut.provider.geocoder
07-28 17:53:26.765  1847  5235 I chatty  : uid=1000(system) Binder_8 expire 5 lines
07-28 17:53:27.784  5225  4178 E ActivityThread: Failed to find provider info for com.modoohut.provider.geocoder
07-28 17:53:30.531  4420  4420 W ActivityThread: ClassLoader.loadClass: The class loader returned by Thread.getContextClassLoader() may fail for processes that host multiple applications. You should explicitly specify a context class loader. For example: Thread.setContextClassLoader(getClass().getClassLoader());
07-28 17:53:42.358  1847  5521 I chatty  : uid=1000(system) Binder_10 expire 2 lines
07-28 17:54:09.390  1847  2186 I chatty  : uid=1000(system) PowerManagerSer expire 10 lines
07-28 17:54:37.458   287  1306 E NetlinkEvent: NetlinkEvent::FindParam(): Parameter 'TIME_NS' not found
07-28 17:54:37.458   287  1306 E NetlinkEvent: NetlinkEvent::FindParam(): Parameter 'UID' not found
07-28 17:54:38.656   287  1306 E NetlinkEvent: NetlinkEvent::FindParam(): Parameter 'TIME_NS' not found
07-28 17:54:38.656   287  1306 E NetlinkEvent: NetlinkEvent::FindParam(): Parameter 'UID' not found
07-28 17:55:01.885   287  1306 E NetlinkEvent: NetlinkEvent::FindParam(): Parameter 'TIME_NS' not found
07-28 17:55:01.885   287  1306 E NetlinkEvent: NetlinkEvent::FindParam(): Parameter 'UID' not found
07-28 17:55:13.087  1847  4628 I chatty  : uid=1000(system) Binder_4 expire 1 line
07-28 17:55:13.096   287  1306 E NetlinkEvent: NetlinkEvent::FindParam(): Parameter 'TIME_NS' not found
07-28 17:55:13.096   287  1306 E NetlinkEvent: NetlinkEvent::FindParam(): Parameter 'UID' not found
07-28 17:55:16.549  1847  2130 I chatty  : uid=1000(system) ActivityManager expire 3 lines
07-28 17:55:35.485   287  1306 E NetlinkEvent: NetlinkEvent::FindParam(): Parameter 'TIME_NS' not found
07-28 17:55:35.485   287  1306 E NetlinkEvent: NetlinkEvent::FindParam(): Parameter 'UID' not found
07-28 17:55:35.792  1847  1871 I chatty  : uid=1000(system) Binder_1 expire 2 lines
07-28 17:55:35.808   287  1306 E NetlinkEvent: NetlinkEvent::FindParam(): Parameter 'TIME_NS' not found
07-28 17:55:35.808   287  1306 E NetlinkEvent: NetlinkEvent::FindParam(): Parameter 'UID' not found
07-28 17:55:39.836  6472  6472 W ActivityThread: ClassLoader.loadClass: The class loader returned by Thread.getContextClassLoader() may fail for processes that host multiple applications. You should explicitly specify a context class loader. For example: Thread.setContextClassLoader(getClass().getClassLoader());
07-28 17:56:09.672   287  1306 E NetlinkEvent: NetlinkEvent::FindParam(): Parameter 'TIME_NS' not found
07-28 17:56:09.672   287  1306 E NetlinkEvent: NetlinkEvent::FindParam(): Parameter 'UID' not found
07-28 17:56:09.688  1847  5300 I chatty  : uid=1000(system) Binder_A expire 2 lines
07-28 17:56:20.286  1847  4159 I chatty  : uid=1000(system) Binder_3 expire 1 line
07-28 17:56:23.562   287  1306 E NetlinkEvent: NetlinkEvent::FindParam(): Parameter 'TIME_NS' not found
07-28 17:56:23.562   287  1306 E NetlinkEvent: NetlinkEvent::FindParam(): Parameter 'UID' not found
07-28 17:56:28.723   643   654 D DefContainer: Copying /data/local/tmp/dev.ukanth.iconmanager to base.apk
07-28 17:56:32.918  1847  2200 I chatty  : uid=1000(system) PackageManager expire 10 lines
07-28 17:56:33.472  1847  1847 I chatty  : uid=1000 system_server expire 4 lines
07-28 17:56:33.496 30651 30651 I chatty  : uid=1000(system) org.cyanogenmod.providers.datausage expire 8 lines
07-28 17:56:33.624  1847  5296 I chatty  : uid=1000(system) Binder_9 expire 10 lines
07-28 17:56:33.839  1847  2129 I chatty  : uid=1000(system) android.bg expire 3 lines
07-28 17:56:33.924  7436  7436 I chatty  : uid=1000(system) com.android.keychain expire 1 line
07-28 17:56:33.949  1847  5307 I chatty  : uid=1000(system) Binder_B expire 10 lines
07-28 17:56:34.200  1847  4159 I chatty  : uid=1000(system) Binder_3 expire 10 lines
07-28 17:56:34.267  1847  5331 I chatty  : uid=1000(system) Binder_C expire 10 lines
07-28 17:56:34.623  1847  5223 I chatty  : uid=1000(system) Binder_6 expire 10 lines
07-28 17:56:34.808  1847  5502 I chatty  : uid=1000(system) Binder_E expire 8 lines
07-28 17:56:35.118  1847  1871 I chatty  : uid=1000(system) Binder_1 expire 10 lines
07-28 17:56:35.200  1847  5484 I chatty  : uid=1000(system) Binder_D expire 10 lines
07-28 17:56:35.269  1847  5235 I chatty  : uid=1000(system) Binder_8 expire 16 lines
07-28 17:56:35.672  1847  5519 I chatty  : uid=1000(system) Binder_F expire 10 lines
07-28 17:56:35.678  5225  7583 E ActivityThread: Failed to find provider info for com.modoohut.provider.geocoder
07-28 17:56:36.755  1847  1874 I chatty  : uid=1000(system) Binder_2 expire 9 lines
07-28 17:56:37.126  1847  4629 I chatty  : uid=1000(system) Binder_5 expire 10 lines
07-28 17:56:37.912  5225  7583 E ActivityThread: Failed to find provider info for com.modoohut.provider.geocoder
07-28 17:56:38.818  1847  5521 I chatty  : uid=1000(system) Binder_10 expire 12 lines
07-28 17:56:38.986  1847  5224 I chatty  : uid=1000(system) Binder_7 expire 9 lines
07-28 17:56:39.098  5225  7583 E ActivityThread: Failed to find provider info for com.modoohut.provider.geocoder
07-28 17:56:39.632  1847  4628 I chatty  : uid=1000(system) Binder_4 expire 10 lines
07-28 17:56:41.468  7477  7477 E AndroidRuntime: FATAL EXCEPTION: main
07-28 17:56:41.468  7477  7477 E AndroidRuntime: Process: dev.ukanth.iconmanager, PID: 7477
07-28 17:56:41.468  7477  7477 E AndroidRuntime: Theme: themes:{default=overlay:system, fontPkg:system, com.android.systemui=overlay:net.darkion.theme.maker.DarkOnyx, com.android.systemui.navbar=overlay:net.darkion.theme.maker.SimpleDark}
07-28 17:56:41.468  7477  7477 E AndroidRuntime: java.lang.RuntimeException: Unable to start activity ComponentInfo{dev.ukanth.iconmanager/dev.ukanth.iconmgr.SettingsActivity}: java.lang.IllegalStateException: Dependency "calc_prec" not found for preference "include_system" (title: "Include system applications"
07-28 17:56:41.468  7477  7477 E AndroidRuntime: 	at android.app.ActivityThread.performLaunchActivity(ActivityThread.java:2450)
07-28 17:56:41.468  7477  7477 E AndroidRuntime: 	at android.app.ActivityThread.handleLaunchActivity(ActivityThread.java:2510)
07-28 17:56:41.468  7477  7477 E AndroidRuntime: 	at android.app.ActivityThread.-wrap11(ActivityThread.java)
07-28 17:56:41.468  7477  7477 E AndroidRuntime: 	at android.app.ActivityThread$H.handleMessage(ActivityThread.java:1363)
07-28 17:56:41.468  7477  7477 E AndroidRuntime: 	at android.os.Handler.dispatchMessage(Handler.java:102)
07-28 17:56:41.468  7477  7477 E AndroidRuntime: 	at android.os.Looper.loop(Looper.java:148)
07-28 17:56:41.468  7477  7477 E AndroidRuntime: 	at android.app.ActivityThread.main(ActivityThread.java:5461)
07-28 17:56:41.468  7477  7477 E AndroidRuntime: 	at java.lang.reflect.Method.invoke(Native Method)
07-28 17:56:41.468  7477  7477 E AndroidRuntime: 	at com.android.internal.os.ZygoteInit$MethodAndArgsCaller.run(ZygoteInit.java:726)
07-28 17:56:41.468  7477  7477 E AndroidRuntime: 	at com.android.internal.os.ZygoteInit.main(ZygoteInit.java:616)
07-28 17:56:41.468  7477  7477 E AndroidRuntime: 	at de.robv.android.xposed.XposedBridge.main(XposedBridge.java:102)
07-28 17:56:41.468  7477  7477 E AndroidRuntime: Caused by: java.lang.IllegalStateException: Dependency "calc_prec" not found for preference "include_system" (title: "Include system applications"
07-28 17:56:41.468  7477  7477 E AndroidRuntime: 	at android.preference.Preference.registerDependency(Preference.java:1205)
07-28 17:56:41.468  7477  7477 E AndroidRuntime: 	at android.preference.Preference.onAttachedToActivity(Preference.java:1194)
07-28 17:56:41.468  7477  7477 E AndroidRuntime: 	at android.preference.PreferenceGroup.onAttachedToActivity(PreferenceGroup.java:277)
07-28 17:56:41.468  7477  7477 E AndroidRuntime: 	at android.preference.PreferenceScreen.bind(PreferenceScreen.java:146)
07-28 17:56:41.468  7477  7477 E AndroidRuntime: 	at android.preference.PreferenceFragment.bindPreferences(PreferenceFragment.java:349)
07-28 17:56:41.468  7477  7477 E AndroidRuntime: 	at android.preference.PreferenceFragment.onActivityCreated(PreferenceFragment.java:186)
07-28 17:56:41.468  7477  7477 E AndroidRuntime: 	at android.app.Fragment.performActivityCreated(Fragment.java:2228)
07-28 17:56:41.468  7477  7477 E AndroidRuntime: 	at android.app.FragmentManagerImpl.moveToState(FragmentManager.java:992)
07-28 17:56:41.468  7477  7477 E AndroidRuntime: 	at android.app.FragmentManagerImpl.moveToState(FragmentManager.java:1148)
07-28 17:56:41.468  7477  7477 E AndroidRuntime: 	at android.app.BackStackRecord.run(BackStackRecord.java:793)
07-28 17:56:41.468  7477  7477 E AndroidRuntime: 	at android.app.FragmentManagerImpl.execPendingActions(FragmentManager.java:1535)
07-28 17:56:41.468  7477  7477 E AndroidRuntime: 	at android.app.FragmentController.execPendingActions(FragmentController.java:325)
07-28 17:56:41.468  7477  7477 E AndroidRuntime: 	at android.app.Activity.performStart(Activity.java:6267)
07-28 17:56:41.468  7477  7477 E AndroidRuntime: 	at android.app.ActivityThread.performLaunchActivity(ActivityThread.java:2413)
07-28 17:56:41.468  7477  7477 E AndroidRuntime: 	... 10 more
07-28 17:56:41.823  7861  7861 W ActivityThread: ClassLoader.loadClass: The class loader returned by Thread.getContextClassLoader() may fail for processes that host multiple applications. You should explicitly specify a context class loader. For example: Thread.setContextClassLoader(getClass().getClassLoader());
07-28 17:56:41.983  1847  2130 I chatty  : uid=1000(system) ActivityManager expire 9 lines
07-28 17:56:42.384  1847  5300 I chatty  : uid=1000(system) Binder_A expire 10 lines
07-28 17:56:43.418  1847  2171 I chatty  : uid=1000(system) android.display expire 5 lines
07-28 17:56:44.359  1847  4541 I chatty  : uid=1000(system) ConnectivitySer expire 1 line
07-28 17:56:58.064  1847  2186 I chatty  : uid=1000(system) PowerManagerSer expire 10 lines
07-28 17:57:13.458   287  1306 E NetlinkEvent: NetlinkEvent::FindParam(): Parameter 'TIME_NS' not found
07-28 17:57:13.458   287  1306 E NetlinkEvent: NetlinkEvent::FindParam(): Parameter 'UID' not found
07-28 17:57:17.281  1847  4244 I chatty  : uid=1000(system) InputReader expire 2 lines
07-28 17:57:17.684   287  1306 E NetlinkEvent: NetlinkEvent::FindParam(): Parameter 'TIME_NS' not found
07-28 17:57:17.684   287  1306 E NetlinkEvent: NetlinkEvent::FindParam(): Parameter 'UID' not found
07-28 17:57:18.553   643   654 D DefContainer: Copying /data/local/tmp/dev.ukanth.iconmanager to base.apk
07-28 17:57:23.722  8576  8576 I chatty  : uid=1000(system) com.android.keychain expire 1 line
07-28 17:57:25.100  5225  8710 E ActivityThread: Failed to find provider info for com.modoohut.provider.geocoder
07-28 17:57:27.347  5225  8710 E ActivityThread: Failed to find provider info for com.modoohut.provider.geocoder
07-28 17:57:28.453  5225  8710 E ActivityThread: Failed to find provider info for com.modoohut.provider.geocoder
07-28 17:57:31.066  8974  8974 W ActivityThread: ClassLoader.loadClass: The class loader returned by Thread.getContextClassLoader() may fail for processes that host multiple applications. You should explicitly specify a context class loader. For example: Thread.setContextClassLoader(getClass().getClassLoader());
07-28 17:57:52.318  1847  4540 I chatty  : uid=1000(system) WifiService expire 2 lines
07-28 17:58:14.792   287  1306 E NetlinkEvent: NetlinkEvent::FindParam(): Parameter 'TIME_NS' not found
07-28 17:58:14.792   287  1306 E NetlinkEvent: NetlinkEvent::FindParam(): Parameter 'UID' not found
07-28 17:58:16.467   287  1306 E NetlinkEvent: NetlinkEvent::FindParam(): Parameter 'TIME_NS' not found
07-28 17:58:16.467   287  1306 E NetlinkEvent: NetlinkEvent::FindParam(): Parameter 'UID' not found
07-28 17:58:32.286   287  1306 E NetlinkEvent: NetlinkEvent::FindParam(): Parameter 'TIME_NS' not found
07-28 17:58:32.286   287  1306 E NetlinkEvent: NetlinkEvent::FindParam(): Parameter 'UID' not found
07-28 17:58:34.589   287  1306 E NetlinkEvent: NetlinkEvent::FindParam(): Parameter 'TIME_NS' not found
07-28 17:58:34.589   287  1306 E NetlinkEvent: NetlinkEvent::FindParam(): Parameter 'UID' not found
07-28 17:58:34.973 10022 10022 D ActivityThread: Loading provider com.whatsapp.provider.contact: com.whatsapp.contact.ContactProvider
07-28 17:58:35.841  1847  4628 I chatty  : uid=1000(system) Binder_4 expire 2 lines
07-28 17:58:35.847  1847  4629 I chatty  : uid=1000(system) Binder_5 expire 3 lines
07-28 17:58:52.658   287  1306 E NetlinkEvent: NetlinkEvent::FindParam(): Parameter 'TIME_NS' not found
07-28 17:58:52.658   287  1306 E NetlinkEvent: NetlinkEvent::FindParam(): Parameter 'UID' not found
07-28 17:59:01.081  1847  5307 I chatty  : uid=1000(system) Binder_B expire 2 lines
07-28 17:59:01.845  1847  4227 I chatty  : uid=1000(system) AlarmManager expire 1 line
07-28 17:59:01.887   287  1306 E NetlinkEvent: NetlinkEvent::FindParam(): Parameter 'TIME_NS' not found
07-28 17:59:01.887   287  1306 E NetlinkEvent: NetlinkEvent::FindParam(): Parameter 'UID' not found
07-28 17:59:02.491  1847  5521 I chatty  : uid=1000(system) Binder_10 expire 3 lines
07-28 17:59:02.495  1847  5519 I chatty  : uid=1000(system) Binder_F expire 4 lines
07-28 17:59:02.500  1847  5223 I chatty  : uid=1000(system) Binder_6 expire 6 lines
07-28 17:59:07.324   643   655 D DefContainer: Copying /data/local/tmp/dev.ukanth.iconmanager to base.apk
07-28 17:59:11.779  1847  4159 I chatty  : uid=1000(system) Binder_3 expire 4 lines
07-28 17:59:11.781  1847  2200 I chatty  : uid=1000(system) PackageManager expire 5 lines
07-28 17:59:12.384  1847  5235 I chatty  : uid=1000(system) Binder_8 expire 2 lines
07-28 17:59:12.850 10887 10887 I chatty  : uid=1000(system) com.android.keychain expire 1 line
07-28 17:59:14.664  1847  5296 I chatty  : uid=1000(system) Binder_9 expire 1 line
07-28 17:59:14.689  5225 11050 E ActivityThread: Failed to find provider info for com.modoohut.provider.geocoder
07-28 17:59:15.699  1847  5300 I chatty  : uid=1000(system) Binder_A expire 2 lines
07-28 17:59:16.018  1847  5484 I chatty  : uid=1000(system) Binder_D expire 11 lines
07-28 17:59:16.793  5225 11050 E ActivityThread: Failed to find provider info for com.modoohut.provider.geocoder
07-28 17:59:17.571  1847  4159 I chatty  : uid=1000(system) Binder_3 expire 10 lines
07-28 17:59:17.829  1847  5223 I chatty  : uid=1000(system) Binder_6 expire 7 lines
07-28 17:59:17.851  1847  5224 I chatty  : uid=1000(system) Binder_7 expire 10 lines
07-28 17:59:17.859 30651 30651 I chatty  : uid=1000(system) org.cyanogenmod.providers.datausage expire 1 line
07-28 17:59:17.948  1847  4629 I chatty  : uid=1000(system) Binder_5 expire 10 lines
07-28 17:59:17.950  5225 11050 E ActivityThread: Failed to find provider info for com.modoohut.provider.geocoder
07-28 17:59:18.371  1847  5296 I chatty  : uid=1000(system) Binder_9 expire 10 lines
07-28 17:59:18.400  1847  5331 I chatty  : uid=1000(system) Binder_C expire 11 lines
07-28 17:59:18.400  1847  4541 I chatty  : uid=1000(system) ConnectivitySer expire 10 lines
07-28 17:59:18.431  1847  1871 I chatty  : uid=1000(system) Binder_1 expire 10 lines
07-28 17:59:19.243  1847  5502 I chatty  : uid=1000(system) Binder_E expire 7 lines
07-28 17:59:19.385  1847  5235 I chatty  : uid=1000(system) Binder_8 expire 10 lines
07-28 17:59:19.413  1847  5300 I chatty  : uid=1000(system) Binder_A expire 10 lines
07-28 17:59:19.843  1847  5519 I chatty  : uid=1000(system) Binder_F expire 10 lines
07-28 17:59:20.772 11325 11325 W ActivityThread: ClassLoader.loadClass: The class loader returned by Thread.getContextClassLoader() may fail for processes that host multiple applications. You should explicitly specify a context class loader. For example: Thread.setContextClassLoader(getClass().getClassLoader());
07-28 17:59:20.925  1847  4628 I chatty  : uid=1000(system) Binder_4 expire 7 lines
07-28 17:59:24.593  1847  5521 I chatty  : uid=1000(system) Binder_10 expire 7 lines
07-28 17:59:31.419  1847  1874 I chatty  : uid=1000(system) Binder_2 expire 7 lines
07-28 17:59:32.657  1847  5307 I chatty  : uid=1000(system) Binder_B expire 10 lines
07-28 18:00:01.027  1847  2130 I chatty  : uid=1000(system) ActivityManager expire 12 lines
07-28 18:00:11.633 12378 12378 W ActivityThread: ClassLoader.loadClass: The class loader returned by Thread.getContextClassLoader() may fail for processes that host multiple applications. You should explicitly specify a context class loader. For example: Thread.setContextClassLoader(getClass().getClassLoader());
07-28 18:00:23.919  1847  2129 I chatty  : uid=1000(system) android.bg expire 3 lines
07-28 18:00:46.791   287  1306 E NetlinkEvent: NetlinkEvent::FindParam(): Parameter 'TIME_NS' not found
07-28 18:00:46.792   287  1306 E NetlinkEvent: NetlinkEvent::FindParam(): Parameter 'UID' not found
07-28 18:00:47.705   287  1306 E NetlinkEvent: NetlinkEvent::FindParam(): Parameter 'TIME_NS' not found
07-28 18:00:47.706   287  1306 E NetlinkEvent: NetlinkEvent::FindParam(): Parameter 'UID' not found
07-28 18:01:26.794   287  1306 E NetlinkEvent: NetlinkEvent::FindParam(): Parameter 'TIME_NS' not found
07-28 18:01:26.794   287  1306 E NetlinkEvent: NetlinkEvent::FindParam(): Parameter 'UID' not found
07-28 18:01:28.567   287  1306 E NetlinkEvent: NetlinkEvent::FindParam(): Parameter 'TIME_NS' not found
07-28 18:01:28.567   287  1306 E NetlinkEvent: NetlinkEvent::FindParam(): Parameter 'UID' not found
07-28 18:01:56.532  1847  1847 I chatty  : uid=1000 system_server expire 4 lines
07-28 18:02:04.555  1847  2200 I chatty  : uid=1000(system) PackageManager expire 12 lines
07-28 18:02:04.860 14089 14099 D DefContainer: Copying /data/local/tmp/dev.ukanth.iconmanager to base.apk
07-28 18:02:10.122 14210 14210 I chatty  : uid=1000(system) org.cyanogenmod.providers.datausage expire 6 lines
07-28 18:02:10.464 14229 14229 I chatty  : uid=1000(system) com.android.keychain expire 1 line
07-28 18:02:12.326  5225 14359 E ActivityThread: Failed to find provider info for com.modoohut.provider.geocoder
07-28 18:02:13.919  1847  5235 I chatty  : uid=1000(system) Binder_8 expire 9 lines
07-28 18:02:14.957  1847  5224 I chatty  : uid=1000(system) Binder_7 expire 5 lines
07-28 18:02:15.567  5225 14359 E ActivityThread: Failed to find provider info for com.modoohut.provider.geocoder
07-28 18:02:16.800  5225 14359 E ActivityThread: Failed to find provider info for com.modoohut.provider.geocoder
07-28 18:02:19.336  1847  5484 I chatty  : uid=1000(system) Binder_D expire 7 lines
07-28 18:02:19.455 14702 14702 W ActivityThread: ClassLoader.loadClass: The class loader returned by Thread.getContextClassLoader() may fail for processes that host multiple applications. You should explicitly specify a context class loader. For example: Thread.setContextClassLoader(getClass().getClassLoader());
07-28 18:02:19.652  1847  5296 I chatty  : uid=1000(system) Binder_9 expire 9 lines
07-28 18:02:51.112   287  1306 E NetlinkEvent: NetlinkEvent::FindParam(): Parameter 'TIME_NS' not found
07-28 18:02:51.112   287  1306 E NetlinkEvent: NetlinkEvent::FindParam(): Parameter 'UID' not found
07-28 18:02:51.208  1847  2186 I chatty  : uid=1000(system) PowerManagerSer expire 10 lines
07-28 18:02:51.541  1847  2171 I chatty  : uid=1000(system) android.display expire 4 lines
07-28 18:02:51.791   287  1306 E NetlinkEvent: NetlinkEvent::FindParam(): Parameter 'TIME_NS' not found
07-28 18:02:51.791   287  1306 E NetlinkEvent: NetlinkEvent::FindParam(): Parameter 'UID' not found
07-28 18:03:05.906  1847  4244 I chatty  : uid=1000(system) InputReader expire 2 lines
07-28 18:03:31.005   287  1306 E NetlinkEvent: NetlinkEvent::FindParam(): Parameter 'TIME_NS' not found
07-28 18:03:31.005   287  1306 E NetlinkEvent: NetlinkEvent::FindParam(): Parameter 'UID' not found
07-28 18:03:36.066   287  1306 E NetlinkEvent: NetlinkEvent::FindParam(): Parameter 'TIME_NS' not found
07-28 18:03:36.066   287  1306 E NetlinkEvent: NetlinkEvent::FindParam(): Parameter 'UID' not found
07-28 18:04:05.286  1847  5331 I chatty  : uid=1000(system) Binder_C expire 4 lines
07-28 18:04:12.570  1847  5519 I chatty  : uid=1000(system) Binder_F expire 2 lines
07-28 18:04:13.309 16328 16340 D DefContainer: Copying /data/local/tmp/dev.ukanth.iconmanager to base.apk
07-28 18:04:17.155  1847  5300 I chatty  : uid=1000(system) Binder_A expire 3 lines
07-28 18:04:18.220 16448 16448 I chatty  : uid=1000(system) com.android.keychain expire 1 line
07-28 18:04:20.288  5225 16602 E ActivityThread: Failed to find provider info for com.modoohut.provider.geocoder
07-28 18:04:21.723  1847  5307 I chatty  : uid=1000(system) Binder_B expire 2 lines
07-28 18:04:21.726  1847  1871 I chatty  : uid=1000(system) Binder_1 expire 1 line
07-28 18:04:22.469  5225 16602 E ActivityThread: Failed to find provider info for com.modoohut.provider.geocoder
07-28 18:04:23.571  1847  4159 I chatty  : uid=1000(system) Binder_3 expire 11 lines
07-28 18:04:23.650  5225 16602 E ActivityThread: Failed to find provider info for com.modoohut.provider.geocoder
07-28 18:04:24.554  1847  5502 I chatty  : uid=1000(system) Binder_E expire 13 lines
07-28 18:04:24.575  1847  4629 I chatty  : uid=1000(system) Binder_5 expire 6 lines
07-28 18:04:24.902  1847  5521 I chatty  : uid=1000(system) Binder_10 expire 3 lines
07-28 18:04:24.955  1847  5519 I chatty  : uid=1000(system) Binder_F expire 9 lines
07-28 18:04:25.023  1847  4628 I chatty  : uid=1000(system) Binder_4 expire 10 lines
07-28 18:04:25.655  1847  1871 I chatty  : uid=1000(system) Binder_1 expire 11 lines
07-28 18:04:25.692  1847  5224 I chatty  : uid=1000(system) Binder_7 expire 10 lines
07-28 18:04:26.387 16812 16812 W ActivityThread: ClassLoader.loadClass: The class loader returned by Thread.getContextClassLoader() may fail for processes that host multiple applications. You should explicitly specify a context class loader. For example: Thread.setContextClassLoader(getClass().getClassLoader());
07-28 18:04:26.543  1847  5235 I chatty  : uid=1000(system) Binder_8 expire 12 lines
07-28 18:04:26.936  1847  5307 I chatty  : uid=1000(system) Binder_B expire 10 lines
07-28 18:04:26.974  1847  5223 I chatty  : uid=1000(system) Binder_6 expire 11 lines
07-28 18:04:28.677  1847  5484 I chatty  : uid=1000(system) Binder_D expire 12 lines
07-28 18:04:38.260  1847  5300 I chatty  : uid=1000(system) Binder_A expire 14 lines
07-28 18:04:38.590  1847  4541 I chatty  : uid=1000(system) ConnectivitySer expire 10 lines
07-28 18:04:40.703  1847  2186 I chatty  : uid=1000(system) PowerManagerSer expire 10 lines
07-28 18:04:41.132  1847  2171 I chatty  : uid=1000(system) android.display expire 5 lines
07-28 18:04:50.203  1847  4244 I chatty  : uid=1000(system) InputReader expire 2 lines
07-28 18:04:50.259  1847  1847 I chatty  : uid=1000 system_server expire 9 lines
07-28 18:05:18.877 16328 16340 D DefContainer: Copying /data/local/tmp/dev.ukanth.iconmanager to base.apk
07-28 18:05:22.880  1847  2130 I chatty  : uid=1000(system) ActivityManager expire 10 lines
07-28 18:05:23.018  1847  2200 I chatty  : uid=1000(system) PackageManager expire 13 lines
07-28 18:05:23.634 14210 14210 I chatty  : uid=1000(system) org.cyanogenmod.providers.datausage expire 6 lines
07-28 18:05:23.999  1847  2129 I chatty  : uid=1000(system) android.bg expire 2 lines
07-28 18:05:24.072 17857 17857 I chatty  : uid=1000(system) com.android.keychain expire 1 line
07-28 18:05:24.523  1847  1874 I chatty  : uid=1000(system) Binder_2 expire 5 lines
07-28 18:05:26.056  5225 18021 E ActivityThread: Failed to find provider info for com.modoohut.provider.geocoder
07-28 18:05:27.521  1847  5296 I chatty  : uid=1000(system) Binder_9 expire 10 lines
07-28 18:05:27.609  1847  5331 I chatty  : uid=1000(system) Binder_C expire 11 lines
07-28 18:05:28.267  5225 18021 E ActivityThread: Failed to find provider info for com.modoohut.provider.geocoder
07-28 18:05:29.351  5225 18021 E ActivityThread: Failed to find provider info for com.modoohut.provider.geocoder
07-28 18:05:31.830 18262 18262 W ActivityThread: ClassLoader.loadClass: The class loader returned by Thread.getContextClassLoader() may fail for processes that host multiple applications. You should explicitly specify a context class loader. For example: Thread.setContextClassLoader(getClass().getClassLoader());
07-28 18:05:34.585  1847  4628 I chatty  : uid=1000(system) Binder_4 expire 8 lines
07-28 18:06:24.622 19189 19189 I chatty  : uid=1000(system) com.android.keychain expire 1 line
07-28 18:06:26.780  5225 19335 E ActivityThread: Failed to find provider info for com.modoohut.provider.geocoder
07-28 18:06:27.226  1847  5300 I chatty  : uid=1000(system) Binder_A expire 5 lines
07-28 18:06:30.196  1847  5502 I chatty  : uid=1000(system) Binder_E expire 2 lines
07-28 18:06:30.993 19538 19538 W ActivityThread: ClassLoader.loadClass: The class loader returned by Thread.getContextClassLoader() may fail for processes that host multiple applications. You should explicitly specify a context class loader. For example: Thread.setContextClassLoader(getClass().getClassLoader());
07-28 18:07:24.637  1847  5331 I chatty  : uid=1000(system) Binder_C expire 1 line
07-28 18:07:40.483  1847  2186 I chatty  : uid=1000(system) PowerManagerSer expire 3 lines
07-28 18:08:17.973 22744 22744 E ActivityThread: Performing stop of activity that is not resumed: {com.xda.labs/com.xda.labs.one.ui.MainActivity}
07-28 18:08:17.973 22744 22744 E ActivityThread: java.lang.RuntimeException: Performing stop of activity that is not resumed: {com.xda.labs/com.xda.labs.one.ui.MainActivity}
07-28 18:08:17.973 22744 22744 E ActivityThread: 	at android.app.ActivityThread.performStopActivityInner(ActivityThread.java:3499)
07-28 18:08:17.973 22744 22744 E ActivityThread: 	at android.app.ActivityThread.handleStopActivity(ActivityThread.java:3584)
07-28 18:08:17.973 22744 22744 E ActivityThread: 	at android.app.ActivityThread.-wrap20(ActivityThread.java)
07-28 18:08:17.973 22744 22744 E ActivityThread: 	at android.app.ActivityThread$H.handleMessage(ActivityThread.java:1392)
07-28 18:08:17.973 22744 22744 E ActivityThread: 	at android.os.Handler.dispatchMessage(Handler.java:102)
07-28 18:08:17.973 22744 22744 E ActivityThread: 	at android.os.Looper.loop(Looper.java:148)
07-28 18:08:17.973 22744 22744 E ActivityThread: 	at android.app.ActivityThread.main(ActivityThread.java:5461)
07-28 18:08:17.973 22744 22744 E ActivityThread: 	at java.lang.reflect.Method.invoke(Native Method)
07-28 18:08:17.973 22744 22744 E ActivityThread: 	at com.android.internal.os.ZygoteInit$MethodAndArgsCaller.run(ZygoteInit.java:726)
07-28 18:08:17.973 22744 22744 E ActivityThread: 	at com.android.internal.os.ZygoteInit.main(ZygoteInit.java:616)
07-28 18:08:17.973 22744 22744 E ActivityThread: 	at de.robv.android.xposed.XposedBridge.main(XposedBridge.java:102)
07-28 18:08:24.864 21265 21275 D DefContainer: Copying /data/local/tmp/dev.ukanth.iconmanager to base.apk
07-28 18:08:30.199 21348 21348 W ActivityThread: ClassLoader.loadClass: The class loader returned by Thread.getContextClassLoader() may fail for processes that host multiple applications. You should explicitly specify a context class loader. For example: Thread.setContextClassLoader(getClass().getClassLoader());
07-28 18:08:30.238  1847  5235 I chatty  : uid=1000(system) Binder_8 expire 2 lines
07-28 18:08:30.271  1847  5484 I chatty  : uid=1000(system) Binder_D expire 2 lines
07-28 18:08:30.475 21366 21418 D ActivityThread: Loading provider com.google.android.gmail.provider;com.android.mail.notifier;com.google.android.gm.email.provider;com.google.android.gm.tasks.provider;com.google.android.gm.email.notifier: com.android.email.provider.EmailProvider
07-28 18:08:30.594 21401 21401 I chatty  : uid=1000(system) com.android.keychain expire 1 line
07-28 18:08:30.608  1847  5296 I chatty  : uid=1000(system) Binder_9 expire 1 line
07-28 18:08:30.714  1847  4159 I chatty  : uid=1000(system) Binder_3 expire 1 line
07-28 18:08:30.771  1847  2130 I chatty  : uid=1000(system) ActivityManager expire 1 line
07-28 18:08:31.097 21422 21422 W ActivityThread: ClassLoader.loadClass: The class loader returned by Thread.getContextClassLoader() may fail for processes that host multiple applications. You should explicitly specify a context class loader. For example: Thread.setContextClassLoader(getClass().getClassLoader());
07-28 18:08:31.563  1847  5224 I chatty  : uid=1000(system) Binder_7 expire 1 line
07-28 18:08:31.793  1847  5223 I chatty  : uid=1000(system) Binder_6 expire 13 lines
07-28 18:08:31.953  1847  4244 I chatty  : uid=1000(system) InputReader expire 5 lines
07-28 18:08:31.954  1847  2186 I chatty  : uid=1000(system) PowerManagerSer expire 10 lines
07-28 18:08:31.954  1847  1847 I chatty  : uid=1000 system_server expire 4 lines
07-28 18:08:31.960  1847  2171 I chatty  : uid=1000(system) android.display expire 9 lines
07-28 18:08:32.079  1847  4159 I chatty  : uid=1000(system) Binder_3 expire 10 lines
07-28 18:08:32.116  1847  5224 I chatty  : uid=1000(system) Binder_7 expire 10 lines
07-28 18:08:32.632  1847  5307 I chatty  : uid=1000(system) Binder_B expire 11 lines
07-28 18:08:32.695  1847  5331 I chatty  : uid=1000(system) Binder_C expire 11 lines
07-28 18:08:32.697  5225 21579 E ActivityThread: Failed to find provider info for com.modoohut.provider.geocoder
07-28 18:08:33.218  1847  5484 I chatty  : uid=1000(system) Binder_D expire 14 lines
07-28 18:08:33.222  1847  4629 I chatty  : uid=1000(system) Binder_5 expire 7 lines
07-28 18:08:33.251  1847  5521 I chatty  : uid=1000(system) Binder_10 expire 7 lines
07-28 18:08:34.193 14210 14210 I chatty  : uid=1000(system) org.cyanogenmod.providers.datausage expire 2 lines
07-28 18:08:34.668  1847  1871 I chatty  : uid=1000(system) Binder_1 expire 12 lines
07-28 18:08:34.688  1847  5502 I chatty  : uid=1000(system) Binder_E expire 6 lines
07-28 18:08:34.998  1847  5519 I chatty  : uid=1000(system) Binder_F expire 7 lines
07-28 18:08:35.005  1847  5235 I chatty  : uid=1000(system) Binder_8 expire 7 lines
07-28 18:08:35.027  1847  4628 I chatty  : uid=1000(system) Binder_4 expire 11 lines
07-28 18:08:35.086  1847  5296 I chatty  : uid=1000(system) Binder_9 expire 16 lines
07-28 18:08:35.836  5225 21579 E ActivityThread: Failed to find provider info for com.modoohut.provider.geocoder
07-28 18:08:37.133  1847  5300 I chatty  : uid=1000(system) Binder_A expire 5 lines
07-28 18:08:37.136  5225 21579 E ActivityThread: Failed to find provider info for com.modoohut.provider.geocoder
07-28 18:08:37.632  1847  1874 I chatty  : uid=1000(system) Binder_2 expire 20 lines
07-28 18:08:40.926 21956 21980 D ActivityThread: Loading provider com.google.android.gmail.provider;com.android.mail.notifier;com.google.android.gm.email.provider;com.google.android.gm.tasks.provider;com.google.android.gm.email.notifier: com.android.email.provider.EmailProvider
07-28 18:08:49.404   287  1306 E NetlinkEvent: NetlinkEvent::FindParam(): Parameter 'TIME_NS' not found
07-28 18:08:49.404   287  1306 E NetlinkEvent: NetlinkEvent::FindParam(): Parameter 'UID' not found
07-28 18:08:50.055   287  1306 E NetlinkEvent: NetlinkEvent::FindParam(): Parameter 'TIME_NS' not found
07-28 18:08:50.055   287  1306 E NetlinkEvent: NetlinkEvent::FindParam(): Parameter 'UID' not found
07-28 18:09:30.734 22841 22841 W ActivityThread: ClassLoader.loadClass: The class loader returned by Thread.getContextClassLoader() may fail for processes that host multiple applications. You should explicitly specify a context class loader. For example: Thread.setContextClassLoader(getClass().getClassLoader());
07-28 18:09:52.765   287  1306 E NetlinkEvent: NetlinkEvent::FindParam(): Parameter 'TIME_NS' not found
07-28 18:09:52.765   287  1306 E NetlinkEvent: NetlinkEvent::FindParam(): Parameter 'UID' not found
07-28 18:09:53.571  1847  2186 I chatty  : uid=1000(system) PowerManagerSer expire 13 lines
07-28 18:10:02.735   287  1306 E NetlinkEvent: NetlinkEvent::FindParam(): Parameter 'TIME_NS' not found
07-28 18:10:02.735   287  1306 E NetlinkEvent: NetlinkEvent::FindParam(): Parameter 'UID' not found
07-28 18:10:03.364  1847  4540 I chatty  : uid=1000(system) WifiService expire 6 lines
07-28 18:10:20.695 23397 23397 W ActivityThread: ClassLoader.loadClass: The class loader returned by Thread.getContextClassLoader() may fail for processes that host multiple applications. You should explicitly specify a context class loader. For example: Thread.setContextClassLoader(getClass().getClassLoader());
07-28 18:10:42.366  1847  2130 I chatty  : uid=1000(system) ActivityManager expire 13 lines
07-28 18:10:55.052 23499 23499 W ActivityThread: ClassLoader.loadClass: The class loader returned by Thread.getContextClassLoader() may fail for processes that host multiple applications. You should explicitly specify a context class loader. For example: Thread.setContextClassLoader(getClass().getClassLoader());
07-28 18:13:05.679 24132 24132 D ActivityThread: Loading provider com.whatsapp.provider.contact: com.whatsapp.contact.ContactProvider
07-28 18:13:06.541  1847  4159 I chatty  : uid=1000(system) Binder_3 expire 2 lines
07-28 18:13:09.050 24268 24268 W ActivityThread: ClassLoader.loadClass: The class loader returned by Thread.getContextClassLoader() may fail for processes that host multiple applications. You should explicitly specify a context class loader. For example: Thread.setContextClassLoader(getClass().getClassLoader());
07-28 18:13:09.167 24247 24262 W ActivityThread: ClassLoader.loadClass: The class loader returned by Thread.getContextClassLoader() may fail for processes that host multiple applications. You should explicitly specify a context class loader. For example: Thread.setContextClassLoader(getClass().getClassLoader());
07-28 18:14:42.588  1847  5224 I chatty  : uid=1000(system) Binder_7 expire 8 lines
07-28 18:16:17.885  1847  2200 I chatty  : uid=1000(system) PackageManager expire 10 lines
07-28 18:16:34.146 26174 26174 D ActivityThread: Loading provider com.whatsapp.provider.contact: com.whatsapp.contact.ContactProvider
07-28 18:16:35.028  1847  5296 I chatty  : uid=1000(system) Binder_9 expire 2 lines
07-28 18:16:35.136  1847  1871 I chatty  : uid=1000(system) Binder_1 expire 1 line
07-28 18:16:36.761  1847  4628 I chatty  : uid=1000(system) Binder_4 expire 1 line
07-28 18:16:37.059 26297 26336 D ActivityThread: Loading provider com.google.android.gmail.provider;com.android.mail.notifier;com.google.android.gm.email.provider;com.google.android.gm.tasks.provider;com.google.android.gm.email.notifier: com.android.email.provider.EmailProvider
07-28 18:16:37.492 26340 26340 W ActivityThread: ClassLoader.loadClass: The class loader returned by Thread.getContextClassLoader() may fail for processes that host multiple applications. You should explicitly specify a context class loader. For example: Thread.setContextClassLoader(getClass().getClassLoader());
07-28 18:16:37.618 26358 26358 W ActivityThread: ClassLoader.loadClass: The class loader returned by Thread.getContextClassLoader() may fail for processes that host multiple applications. You should explicitly specify a context class loader. For example: Thread.setContextClassLoader(getClass().getClassLoader());
07-28 18:16:37.793 26259 26273 W ActivityThread: ClassLoader.loadClass: The class loader returned by Thread.getContextClassLoader() may fail for processes that host multiple applications. You should explicitly specify a context class loader. For example: Thread.setContextClassLoader(getClass().getClassLoader());
07-28 18:16:37.892  1847  5307 I chatty  : uid=1000(system) Binder_B expire 1 line
07-28 18:16:40.193  1847  2130 I chatty  : uid=1000(system) ActivityManager expire 11 lines
07-28 18:16:41.804  1847  2200 I chatty  : uid=1000(system) PackageManager expire 12 lines
07-28 18:16:41.835  1847  1847 I chatty  : uid=1000 system_server expire 4 lines
07-28 18:16:42.449  1847  2129 I chatty  : uid=1000(system) android.bg expire 3 lines
07-28 18:16:42.554 26694 26694 I chatty  : uid=1000(system) org.cyanogenmod.providers.datausage expire 3 lines
07-28 18:16:42.603  1847  5224 I chatty  : uid=1000(system) Binder_7 expire 9 lines
07-28 18:16:42.691  1847  5521 I chatty  : uid=1000(system) Binder_10 expire 8 lines
07-28 18:16:42.764  1847  5235 I chatty  : uid=1000(system) Binder_8 expire 14 lines
07-28 18:16:43.060 26711 26711 I chatty  : uid=1000(system) com.android.keychain expire 1 line
07-28 18:16:44.048  1847  5307 I chatty  : uid=1000(system) Binder_B expire 10 lines
07-28 18:16:45.211  5225 26832 E ActivityThread: Failed to find provider info for com.modoohut.provider.geocoder
07-28 18:16:45.727  1847  5519 I chatty  : uid=1000(system) Binder_F expire 11 lines
07-28 18:16:46.451  1847  5223 I chatty  : uid=1000(system) Binder_6 expire 9 lines
07-28 18:16:48.066  1847  4540 I chatty  : uid=1000(system) WifiService expire 1 line
07-28 18:16:48.487  1847  4244 I chatty  : uid=1000(system) InputReader expire 3 lines
07-28 18:16:48.710 26944 26944 E AndroidRuntime: FATAL EXCEPTION: main
07-28 18:16:48.710 26944 26944 E AndroidRuntime: Process: dev.ukanth.iconmanager, PID: 26944
07-28 18:16:48.710 26944 26944 E AndroidRuntime: Theme: themes:{default=overlay:system, fontPkg:system, com.android.systemui=overlay:net.darkion.theme.maker.DarkOnyx, com.android.systemui.navbar=overlay:net.darkion.theme.maker.SimpleDark}
07-28 18:16:48.710 26944 26944 E AndroidRuntime: java.lang.RuntimeException: Unable to start receiver dev.ukanth.iconmgr.UninstallReceiver: java.lang.NullPointerException: Attempt to invoke interface method 'java.util.Iterator java.util.List.iterator()' on a null object reference
07-28 18:16:48.710 26944 26944 E AndroidRuntime: 	at android.app.ActivityThread.handleReceiver(ActivityThread.java:2766)
07-28 18:16:48.710 26944 26944 E AndroidRuntime: 	at de.robv.android.xposed.XposedBridge.invokeOriginalMethodNative(Native Method)
07-28 18:16:48.710 26944 26944 E AndroidRuntime: 	at de.robv.android.xposed.XposedBridge.handleHookedMethod(XposedBridge.java:334)
07-28 18:16:48.710 26944 26944 E AndroidRuntime: 	at android.app.ActivityThread.handleReceiver(<Xposed>)
07-28 18:16:48.710 26944 26944 E AndroidRuntime: 	at android.app.ActivityThread.-wrap14(ActivityThread.java)
07-28 18:16:48.710 26944 26944 E AndroidRuntime: 	at android.app.ActivityThread$H.handleMessage(ActivityThread.java:1440)
07-28 18:16:48.710 26944 26944 E AndroidRuntime: 	at android.os.Handler.dispatchMessage(Handler.java:102)
07-28 18:16:48.710 26944 26944 E AndroidRuntime: 	at android.os.Looper.loop(Looper.java:148)
07-28 18:16:48.710 26944 26944 E AndroidRuntime: 	at android.app.ActivityThread.main(ActivityThread.java:5461)
07-28 18:16:48.710 26944 26944 E AndroidRuntime: 	at java.lang.reflect.Method.invoke(Native Method)
07-28 18:16:48.710 26944 26944 E AndroidRuntime: 	at com.android.internal.os.ZygoteInit$MethodAndArgsCaller.run(ZygoteInit.java:726)
07-28 18:16:48.710 26944 26944 E AndroidRuntime: 	at com.android.internal.os.ZygoteInit.main(ZygoteInit.java:616)
07-28 18:16:48.710 26944 26944 E AndroidRuntime: 	at de.robv.android.xposed.XposedBridge.main(XposedBridge.java:102)
07-28 18:16:48.710 26944 26944 E AndroidRuntime: Caused by: java.lang.NullPointerException: Attempt to invoke interface method 'java.util.Iterator java.util.List.iterator()' on a null object reference
07-28 18:16:48.710 26944 26944 E AndroidRuntime: 	at dev.ukanth.iconmgr.UninstallReceiver.onReceive(UninstallReceiver.java:15)
07-28 18:16:48.710 26944 26944 E AndroidRuntime: 	at android.app.ActivityThread.handleReceiver(ActivityThread.java:2759)
07-28 18:16:48.710 26944 26944 E AndroidRuntime: 	... 12 more
07-28 18:16:48.755  1847  4629 I chatty  : uid=1000(system) Binder_5 expire 7 lines
07-28 18:16:48.892  1847  2171 I chatty  : uid=1000(system) android.display expire 4 lines
07-28 18:16:49.200  1847  2186 I chatty  : uid=1000(system) PowerManagerSer expire 9 lines
07-28 18:16:49.319  1847  5300 I chatty  : uid=1000(system) Binder_A expire 6 lines
07-28 18:16:49.324  1847  5502 I chatty  : uid=1000(system) Binder_E expire 10 lines
07-28 18:16:49.370  1847  1874 I chatty  : uid=1000(system) Binder_2 expire 11 lines
07-28 18:16:50.795  5225 26832 E ActivityThread: Failed to find provider info for com.modoohut.provider.geocoder
07-28 18:16:51.116  1847  2131 I chatty  : uid=1000(system) android.ui expire 2 lines
07-28 18:16:52.980 27161 27174 W ActivityThread: ClassLoader.loadClass: The class loader returned by Thread.getContextClassLoader() may fail for processes that host multiple applications. You should explicitly specify a context class loader. For example: Thread.setContextClassLoader(getClass().getClassLoader());
07-28 18:16:53.235  5225 26832 E ActivityThread: Failed to find provider info for com.modoohut.provider.geocoder
07-28 18:16:54.307  1847  5331 I chatty  : uid=1000(system) Binder_C expire 10 lines
07-28 18:16:54.724  1847  5484 I chatty  : uid=1000(system) Binder_D expire 10 lines
07-28 18:16:54.865  1847  4159 I chatty  : uid=1000(system) Binder_3 expire 12 lines
07-28 18:16:56.610  1847  5296 I chatty  : uid=1000(system) Binder_9 expire 8 lines
07-28 18:16:56.666  1847  1871 I chatty  : uid=1000(system) Binder_1 expire 7 lines
07-28 18:16:57.008  1847  4628 I chatty  : uid=1000(system) Binder_4 expire 10 lines
07-28 18:17:17.955 27928 27928 I chatty  : uid=1000(system) org.cyanogenmod.providers.datausage expire 3 lines
07-28 18:17:18.423 27943 27943 I chatty  : uid=1000(system) com.android.keychain expire 1 line
07-28 18:17:20.713  5225 26832 E ActivityThread: Failed to find provider info for com.modoohut.provider.geocoder
07-28 18:17:22.355 28140 28140 E AndroidRuntime: FATAL EXCEPTION: main
07-28 18:17:22.355 28140 28140 E AndroidRuntime: Process: dev.ukanth.iconmanager, PID: 28140
07-28 18:17:22.355 28140 28140 E AndroidRuntime: Theme: themes:{default=overlay:system, fontPkg:system, com.android.systemui=overlay:net.darkion.theme.maker.DarkOnyx, com.android.systemui.navbar=overlay:net.darkion.theme.maker.SimpleDark}
07-28 18:17:22.355 28140 28140 E AndroidRuntime: java.lang.RuntimeException: Unable to start receiver dev.ukanth.iconmgr.UninstallReceiver: java.lang.NullPointerException: Attempt to invoke interface method 'java.util.Iterator java.util.List.iterator()' on a null object reference
07-28 18:17:22.355 28140 28140 E AndroidRuntime: 	at android.app.ActivityThread.handleReceiver(ActivityThread.java:2766)
07-28 18:17:22.355 28140 28140 E AndroidRuntime: 	at de.robv.android.xposed.XposedBridge.invokeOriginalMethodNative(Native Method)
07-28 18:17:22.355 28140 28140 E AndroidRuntime: 	at de.robv.android.xposed.XposedBridge.handleHookedMethod(XposedBridge.java:334)
07-28 18:17:22.355 28140 28140 E AndroidRuntime: 	at android.app.ActivityThread.handleReceiver(<Xposed>)
07-28 18:17:22.355 28140 28140 E AndroidRuntime: 	at android.app.ActivityThread.-wrap14(ActivityThread.java)
07-28 18:17:22.355 28140 28140 E AndroidRuntime: 	at android.app.ActivityThread$H.handleMessage(ActivityThread.java:1440)
07-28 18:17:22.355 28140 28140 E AndroidRuntime: 	at android.os.Handler.dispatchMessage(Handler.java:102)
07-28 18:17:22.355 28140 28140 E AndroidRuntime: 	at android.os.Looper.loop(Looper.java:148)
07-28 18:17:22.355 28140 28140 E AndroidRuntime: 	at android.app.ActivityThread.main(ActivityThread.java:5461)
07-28 18:17:22.355 28140 28140 E AndroidRuntime: 	at java.lang.reflect.Method.invoke(Native Method)
07-28 18:17:22.355 28140 28140 E AndroidRuntime: 	at com.android.internal.os.ZygoteInit$MethodAndArgsCaller.run(ZygoteInit.java:726)
07-28 18:17:22.355 28140 28140 E AndroidRuntime: 	at com.android.internal.os.ZygoteInit.main(ZygoteInit.java:616)
07-28 18:17:22.355 28140 28140 E AndroidRuntime: 	at de.robv.android.xposed.XposedBridge.main(XposedBridge.java:102)
07-28 18:17:22.355 28140 28140 E AndroidRuntime: Caused by: java.lang.NullPointerException: Attempt to invoke interface method 'java.util.Iterator java.util.List.iterator()' on a null object reference
07-28 18:17:22.355 28140 28140 E AndroidRuntime: 	at dev.ukanth.iconmgr.UninstallReceiver.onReceive(UninstallReceiver.java:15)
07-28 18:17:22.355 28140 28140 E AndroidRuntime: 	at android.app.ActivityThread.handleReceiver(ActivityThread.java:2759)
07-28 18:17:22.355 28140 28140 E AndroidRuntime: 	... 12 more
07-28 18:17:24.297  5225 26832 E ActivityThread: Failed to find provider info for com.modoohut.provider.geocoder
07-28 18:17:25.814 28301 28328 W ActivityThread: ClassLoader.loadClass: The class loader returned by Thread.getContextClassLoader() may fail for processes that host multiple applications. You should explicitly specify a context class loader. For example: Thread.setContextClassLoader(getClass().getClassLoader());
07-28 18:17:26.125  5225 26832 E ActivityThread: Failed to find provider info for com.modoohut.provider.geocoder
07-28 18:17:27.359  1847  5331 I chatty  : uid=1000(system) Binder_C expire 7 lines
07-28 18:17:34.264  1847  2200 I chatty  : uid=1000(system) PackageManager expire 6 lines
07-28 18:17:41.292 28701 28701 W ActivityThread: ClassLoader.loadClass: The class loader returned by Thread.getContextClassLoader() may fail for processes that host multiple applications. You should explicitly specify a context class loader. For example: Thread.setContextClassLoader(getClass().getClassLoader());
07-28 18:17:41.313  1847  4159 I chatty  : uid=1000(system) Binder_3 expire 8 lines
07-28 18:17:48.706  1847  1874 I chatty  : uid=1000(system) Binder_2 expire 7 lines
07-28 18:17:49.266  1847  5519 I chatty  : uid=1000(system) Binder_F expire 4 lines
07-28 18:17:50.136 28879 28879 I chatty  : uid=1000(system) org.cyanogenmod.providers.datausage expire 3 lines
07-28 18:17:50.168  1847  4628 I chatty  : uid=1000(system) Binder_4 expire 2 lines
07-28 18:17:51.307 28902 28902 W ActivityThread: ClassLoader.loadClass: The class loader returned by Thread.getContextClassLoader() may fail for processes that host multiple applications. You should explicitly specify a context class loader. For example: Thread.setContextClassLoader(getClass().getClassLoader());
07-28 18:17:51.535 28923 28991 D ActivityThread: Loading provider com.google.android.gmail.provider;com.android.mail.notifier;com.google.android.gm.email.provider;com.google.android.gm.tasks.provider;com.google.android.gm.email.notifier: com.android.email.provider.EmailProvider
07-28 18:17:51.890 28960 28960 I chatty  : uid=1000(system) com.android.keychain expire 1 line
07-28 18:17:52.294 29001 29001 W ActivityThread: ClassLoader.loadClass: The class loader returned by Thread.getContextClassLoader() may fail for processes that host multiple applications. You should explicitly specify a context class loader. For example: Thread.setContextClassLoader(getClass().getClassLoader());
07-28 18:17:53.068  1847  5307 I chatty  : uid=1000(system) Binder_B expire 5 lines
07-28 18:17:54.333  1847  5502 I chatty  : uid=1000(system) Binder_E expire 3 lines
07-28 18:17:54.362  5225 26832 E ActivityThread: Failed to find provider info for com.modoohut.provider.geocoder
07-28 18:17:56.317  1847  5235 I chatty  : uid=1000(system) Binder_8 expire 10 lines
07-28 18:17:58.365  5225 26832 E ActivityThread: Failed to find provider info for com.modoohut.provider.geocoder
07-28 18:17:59.959 29317 29331 W ActivityThread: ClassLoader.loadClass: The class loader returned by Thread.getContextClassLoader() may fail for processes that host multiple applications. You should explicitly specify a context class loader. For example: Thread.setContextClassLoader(getClass().getClassLoader());
07-28 18:18:00.215  5225 26832 E ActivityThread: Failed to find provider info for com.modoohut.provider.geocoder
07-28 18:18:01.340  1847  5331 I chatty  : uid=1000(system) Binder_C expire 10 lines
07-28 18:18:01.372  1847  5502 I chatty  : uid=1000(system) Binder_E expire 10 lines
07-28 18:18:01.742  1847  5519 I chatty  : uid=1000(system) Binder_F expire 12 lines
07-28 18:18:01.766  1847  5521 I chatty  : uid=1000(system) Binder_10 expire 7 lines
07-28 18:18:01.876  1847  1871 I chatty  : uid=1000(system) Binder_1 expire 10 lines
07-28 18:18:02.589  1847  5223 I chatty  : uid=1000(system) Binder_6 expire 10 lines
07-28 18:18:02.624  1847  5307 I chatty  : uid=1000(system) Binder_B expire 12 lines
07-28 18:18:04.400  1847  1874 I chatty  : uid=1000(system) Binder_2 expire 9 lines
07-28 18:18:04.678  1847  5296 I chatty  : uid=1000(system) Binder_9 expire 7 lines
07-28 18:18:04.927 29506 29526 D ActivityThread: Loading provider com.google.android.gmail.provider;com.android.mail.notifier;com.google.android.gm.email.provider;com.google.android.gm.tasks.provider;com.google.android.gm.email.notifier: com.android.email.provider.EmailProvider
07-28 18:18:05.665  1847  5224 I chatty  : uid=1000(system) Binder_7 expire 9 lines
07-28 18:18:11.114  1847  2200 I chatty  : uid=1000(system) PackageManager expire 13 lines
07-28 18:18:15.597  1847  4159 I chatty  : uid=1000(system) Binder_3 expire 11 lines
07-28 18:18:28.526  1847  2130 I chatty  : uid=1000(system) ActivityManager expire 16 lines
07-28 18:18:30.204  1847  1847 I chatty  : uid=1000 system_server expire 2 lines
07-28 18:18:30.836 30145 30145 I chatty  : uid=1000(system) org.cyanogenmod.providers.datausage expire 3 lines
07-28 18:18:30.955  1847  2129 I chatty  : uid=1000(system) android.bg expire 2 lines
07-28 18:18:31.045  1847  5484 I chatty  : uid=1000(system) Binder_D expire 10 lines
07-28 18:18:31.311 30162 30162 I chatty  : uid=1000(system) com.android.keychain expire 1 line
07-28 18:18:32.987  1847  5300 I chatty  : uid=1000(system) Binder_A expire 11 lines
07-28 18:18:33.476  1847  2186 I chatty  : uid=1000(system) PowerManagerSer expire 5 lines
07-28 18:18:33.688  5225 30322 E ActivityThread: Failed to find provider info for com.modoohut.provider.geocoder
07-28 18:18:33.845  1847  2171 I chatty  : uid=1000(system) android.display expire 2 lines
07-28 18:18:35.636  1847  4628 I chatty  : uid=1000(system) Binder_4 expire 11 lines
07-28 18:18:36.079  1847  4244 I chatty  : uid=1000(system) InputReader expire 1 line
07-28 18:18:37.120  1847  2131 I chatty  : uid=1000(system) android.ui expire 1 line
07-28 18:18:37.197  7109  7109 W ViewRootImpl: Dropping event due to no window focus: MotionEvent { action=ACTION_MOVE, actionButton=0, id[0]=0, x[0]=788.27014, y[0]=1131.4106, toolType[0]=TOOL_TYPE_FINGER, buttonState=0, metaState=0, flags=0x0, edgeFlags=0x0, pointerCount=1, historySize=1, eventTime=248755524, downTime=248755429, deviceId=7, source=0x1002 }
07-28 18:18:37.200  7109  7109 W ViewRootImpl: Cancelling event due to no window focus: MotionEvent { action=ACTION_CANCEL, actionButton=0, id[0]=0, x[0]=788.27014, y[0]=1131.4106, toolType[0]=TOOL_TYPE_FINGER, buttonState=0, metaState=0, flags=0x0, edgeFlags=0x0, pointerCount=1, historySize=0, eventTime=248755535, downTime=248755429, deviceId=7, source=0x1002 }
07-28 18:18:37.200  7109  7109 W ViewRootImpl: Cancelling event due to no window focus: MotionEvent { action=ACTION_CANCEL, actionButton=0, id[0]=0, x[0]=788.27014, y[0]=1131.4106, toolType[0]=TOOL_TYPE_FINGER, buttonState=0, metaState=0, flags=0x0, edgeFlags=0x0, pointerCount=1, historySize=0, eventTime=248755535, downTime=248755429, deviceId=7, source=0x1002 }
07-28 18:18:37.200  7109  7109 W ViewRootImpl: Cancelling event due to no window focus: MotionEvent { action=ACTION_CANCEL, actionButton=0, id[0]=0, x[0]=788.27014, y[0]=1131.4106, toolType[0]=TOOL_TYPE_FINGER, buttonState=0, metaState=0, flags=0x0, edgeFlags=0x0, pointerCount=1, historySize=0, eventTime=248755535, downTime=248755429, deviceId=7, source=0x1002 }
07-28 18:18:37.994  5225 30322 E ActivityThread: Failed to find provider info for com.modoohut.provider.geocoder
07-28 18:18:38.109  1847  5223 I chatty  : uid=1000(system) Binder_6 expire 11 lines
07-28 18:18:39.893 30574 30589 W ActivityThread: ClassLoader.loadClass: The class loader returned by Thread.getContextClassLoader() may fail for processes that host multiple applications. You should explicitly specify a context class loader. For example: Thread.setContextClassLoader(getClass().getClassLoader());
07-28 18:18:40.152  5225 30322 E ActivityThread: Failed to find provider info for com.modoohut.provider.geocoder
07-28 18:18:43.357 30742 30742 W ActivityThread: ClassLoader.loadClass: The class loader returned by Thread.getContextClassLoader() may fail for processes that host multiple applications. You should explicitly specify a context class loader. For example: Thread.setContextClassLoader(getClass().getClassLoader());
07-28 18:18:44.067  1847  4629 I chatty  : uid=1000(system) Binder_5 expire 7 lines
07-28 18:18:44.913 30790 30790 W ActivityThread: ClassLoader.loadClass: The class loader returned by Thread.getContextClassLoader() may fail for processes that host multiple applications. You should explicitly specify a context class loader. For example: Thread.setContextClassLoader(getClass().getClassLoader());
07-28 18:18:45.212 30809 30809 W ActivityThread: ClassLoader.loadClass: The class loader returned by Thread.getContextClassLoader() may fail for processes that host multiple applications. You should explicitly specify a context class loader. For example: Thread.setContextClassLoader(getClass().getClassLoader());
07-28 18:18:52.482 31043 31043 W ActivityThread: ClassLoader.loadClass: The class loader returned by Thread.getContextClassLoader() may fail for processes that host multiple applications. You should explicitly specify a context class loader. For example: Thread.setContextClassLoader(getClass().getClassLoader());
07-28 18:18:53.597  1847  2200 I chatty  : uid=1000(system) PackageManager expire 14 lines
07-28 18:19:10.384  1847  4541 I chatty  : uid=1000(system) ConnectivitySer expire 2 lines
07-28 18:19:12.753 31635 31635 I chatty  : uid=1000(system) org.cyanogenmod.providers.datausage expire 3 lines
07-28 18:19:13.691 31651 31651 W ActivityThread: ClassLoader.loadClass: The class loader returned by Thread.getContextClassLoader() may fail for processes that host multiple applications. You should explicitly specify a context class loader. For example: Thread.setContextClassLoader(getClass().getClassLoader());
07-28 18:19:13.785 31669 31690 D ActivityThread: Loading provider com.google.android.gmail.provider;com.android.mail.notifier;com.google.android.gm.email.provider;com.google.android.gm.tasks.provider;com.google.android.gm.email.notifier: com.android.email.provider.EmailProvider
07-28 18:19:13.789  1847  5307 I chatty  : uid=1000(system) Binder_B expire 3 lines
07-28 18:19:14.267 31692 31692 I chatty  : uid=1000(system) com.android.keychain expire 1 line
07-28 18:19:14.455 31707 31707 W ActivityThread: ClassLoader.loadClass: The class loader returned by Thread.getContextClassLoader() may fail for processes that host multiple applications. You should explicitly specify a context class loader. For example: Thread.setContextClassLoader(getClass().getClassLoader());
07-28 18:19:15.863  1847  1871 I chatty  : uid=1000(system) Binder_1 expire 5 lines
07-28 18:19:15.896  1847  5519 I chatty  : uid=1000(system) Binder_F expire 4 lines
07-28 18:19:16.527  1847  4540 I chatty  : uid=1000(system) WifiService expire 2 lines
07-28 18:19:16.531  1847  4159 I chatty  : uid=1000(system) Binder_3 expire 3 lines
07-28 18:19:16.561  5225 31896 E ActivityThread: Failed to find provider info for com.modoohut.provider.geocoder
07-28 18:19:19.014  1847  5300 I chatty  : uid=1000(system) Binder_A expire 2 lines
07-28 18:19:20.884  5225 31896 E ActivityThread: Failed to find provider info for com.modoohut.provider.geocoder
07-28 18:19:21.945  1847  5331 I chatty  : uid=1000(system) Binder_C expire 2 lines
07-28 18:19:22.476 32108 32137 W ActivityThread: ClassLoader.loadClass: The class loader returned by Thread.getContextClassLoader() may fail for processes that host multiple applications. You should explicitly specify a context class loader. For example: Thread.setContextClassLoader(getClass().getClassLoader());
07-28 18:19:22.730  1847  4628 I chatty  : uid=1000(system) Binder_4 expire 2 lines
07-28 18:19:22.730  5225 31896 E ActivityThread: Failed to find provider info for com.modoohut.provider.geocoder
07-28 18:19:24.922  1847  5235 I chatty  : uid=1000(system) Binder_8 expire 10 lines
07-28 18:19:24.949  1847  5484 I chatty  : uid=1000(system) Binder_D expire 10 lines
07-28 18:19:25.268  1847  5331 I chatty  : uid=1000(system) Binder_C expire 10 lines
07-28 18:19:25.389  1847  4629 I chatty  : uid=1000(system) Binder_5 expire 10 lines
07-28 18:19:26.196  1847  4159 I chatty  : uid=1000(system) Binder_3 expire 11 lines
07-28 18:19:26.271  1847  5296 I chatty  : uid=1000(system) Binder_9 expire 10 lines
07-28 18:19:26.620  1847  5224 I chatty  : uid=1000(system) Binder_7 expire 17 lines
07-28 18:19:26.621  1847  5519 I chatty  : uid=1000(system) Binder_F expire 10 lines
07-28 18:19:26.664  1847  1871 I chatty  : uid=1000(system) Binder_1 expire 7 lines
07-28 18:19:26.840  1847  1874 I chatty  : uid=1000(system) Binder_2 expire 10 lines
07-28 18:19:26.846  1847  4628 I chatty  : uid=1000(system) Binder_4 expire 9 lines
07-28 18:19:27.159  1847  1847 I chatty  : uid=1000 system_server expire 6 lines
07-28 18:19:27.409 32353 32408 D ActivityThread: Loading provider com.google.android.gmail.provider;com.android.mail.notifier;com.google.android.gm.email.provider;com.google.android.gm.tasks.provider;com.google.android.gm.email.notifier: com.android.email.provider.EmailProvider
07-28 18:19:27.588  1847  4541 I chatty  : uid=1000(system) ConnectivitySer expire 6 lines
07-28 18:19:27.987  1847  5300 I chatty  : uid=1000(system) Binder_A expire 11 lines
07-28 18:19:34.925  1847  4227 I chatty  : uid=1000(system) AlarmManager expire 1 line
07-28 18:19:48.209  1847  2200 I chatty  : uid=1000(system) PackageManager expire 10 lines
07-28 18:19:57.108  1847  2130 I chatty  : uid=1000(system) ActivityManager expire 9 lines
07-28 18:19:58.846  1847  5307 I chatty  : uid=1000(system) Binder_B expire 11 lines
07-28 18:19:59.588  1847  2129 I chatty  : uid=1000(system) android.bg expire 2 lines
07-28 18:19:59.623   819   819 I chatty  : uid=1000(system) org.cyanogenmod.providers.datausage expire 3 lines
07-28 18:20:00.236   843   857 W ActivityThread: ClassLoader.loadClass: The class loader returned by Thread.getContextClassLoader() may fail for processes that host multiple applications. You should explicitly specify a context class loader. For example: Thread.setContextClassLoader(getClass().getClassLoader());
07-28 18:20:00.650   861   861 W ActivityThread: ClassLoader.loadClass: The class loader returned by Thread.getContextClassLoader() may fail for processes that host multiple applications. You should explicitly specify a context class loader. For example: Thread.setContextClassLoader(getClass().getClassLoader());
07-28 18:20:00.956   878   878 I chatty  : uid=1000(system) com.android.keychain expire 1 line
07-28 18:20:01.573  1847  2186 I chatty  : uid=1000(system) PowerManagerSer expire 25 lines
07-28 18:20:01.950  1847  2171 I chatty  : uid=1000(system) android.display expire 10 lines
07-28 18:20:03.077  1847  5223 I chatty  : uid=1000(system) Binder_6 expire 7 lines
07-28 18:20:03.127  1847  4244 I chatty  : uid=1000(system) InputReader expire 5 lines
07-28 18:20:03.141  5225  1060 E ActivityThread: Failed to find provider info for com.modoohut.provider.geocoder
07-28 18:20:03.624  1847  5521 I chatty  : uid=1000(system) Binder_10 expire 6 lines
07-28 18:20:04.164  1847  2131 I chatty  : uid=1000(system) android.ui expire 3 lines
07-28 18:20:06.846  5225  1060 E ActivityThread: Failed to find provider info for com.modoohut.provider.geocoder
07-28 18:20:08.589  1293  1311 W ActivityThread: ClassLoader.loadClass: The class loader returned by Thread.getContextClassLoader() may fail for processes that host multiple applications. You should explicitly specify a context class loader. For example: Thread.setContextClassLoader(getClass().getClassLoader());
07-28 18:20:08.847  5225  1060 E ActivityThread: Failed to find provider info for com.modoohut.provider.geocoder
07-28 18:20:11.958  1481  1481 W ActivityThread: ClassLoader.loadClass: The class loader returned by Thread.getContextClassLoader() may fail for processes that host multiple applications. You should explicitly specify a context class loader. For example: Thread.setContextClassLoader(getClass().getClassLoader());
07-28 18:20:12.567  1847  5502 I chatty  : uid=1000(system) Binder_E expire 2 lines
07-28 18:21:19.040  1847  2200 I chatty  : uid=1000(system) PackageManager expire 10 lines
07-28 18:22:23.471  3944  3944 I chatty  : uid=1000(system) org.cyanogenmod.providers.datausage expire 1 line
07-28 18:22:25.739  1847  4243 I chatty  : uid=1000(system) InputDispatcher expire 1 line
07-28 18:22:26.733 25869 25869 E ActivityThread: Performing stop of activity that is not resumed: {dev.ukanth.ufirewall/dev.ukanth.ufirewall.MainActivity}
07-28 18:22:26.733 25869 25869 E ActivityThread: java.lang.RuntimeException: Performing stop of activity that is not resumed: {dev.ukanth.ufirewall/dev.ukanth.ufirewall.MainActivity}
07-28 18:22:26.733 25869 25869 E ActivityThread: 	at android.app.ActivityThread.performStopActivityInner(ActivityThread.java:3499)
07-28 18:22:26.733 25869 25869 E ActivityThread: 	at android.app.ActivityThread.handleStopActivity(ActivityThread.java:3584)
07-28 18:22:26.733 25869 25869 E ActivityThread: 	at android.app.ActivityThread.-wrap20(ActivityThread.java)
07-28 18:22:26.733 25869 25869 E ActivityThread: 	at android.app.ActivityThread$H.handleMessage(ActivityThread.java:1392)
07-28 18:22:26.733 25869 25869 E ActivityThread: 	at android.os.Handler.dispatchMessage(Handler.java:102)
07-28 18:22:26.733 25869 25869 E ActivityThread: 	at android.os.Looper.loop(Looper.java:148)
07-28 18:22:26.733 25869 25869 E ActivityThread: 	at android.app.ActivityThread.main(ActivityThread.java:5461)
07-28 18:22:26.733 25869 25869 E ActivityThread: 	at java.lang.reflect.Method.invoke(Native Method)
07-28 18:22:26.733 25869 25869 E ActivityThread: 	at com.android.internal.os.ZygoteInit$MethodAndArgsCaller.run(ZygoteInit.java:726)
07-28 18:22:26.733 25869 25869 E ActivityThread: 	at com.android.internal.os.ZygoteInit.main(ZygoteInit.java:616)
07-28 18:22:26.733 25869 25869 E ActivityThread: 	at de.robv.android.xposed.XposedBridge.main(XposedBridge.java:102)
07-28 18:22:27.481  1847  5331 I chatty  : uid=1000(system) Binder_C expire 3 lines
07-28 18:22:27.526  5225  4192 E ActivityThread: Failed to find provider info for com.modoohut.provider.geocoder
07-28 18:22:30.565  1847  4629 I chatty  : uid=1000(system) Binder_5 expire 3 lines
07-28 18:22:31.623  1847  5235 I chatty  : uid=1000(system) Binder_8 expire 3 lines
07-28 18:22:31.677  1847  5296 I chatty  : uid=1000(system) Binder_9 expire 1 line
07-28 18:22:56.903  1847  1874 I chatty  : uid=1000(system) Binder_2 expire 1 line
07-28 18:23:01.899  1847  4159 I chatty  : uid=1000(system) Binder_3 expire 10 lines
07-28 18:23:11.680  1847  2200 I chatty  : uid=1000(system) PackageManager expire 15 lines
07-28 18:23:12.689  1847  1847 I chatty  : uid=1000 system_server expire 14 lines
07-28 18:23:12.692  1847  5296 I chatty  : uid=1000(system) Binder_9 expire 10 lines
07-28 18:23:12.714  1847  1874 I chatty  : uid=1000(system) Binder_2 expire 10 lines
07-28 18:23:14.845  1847  4628 I chatty  : uid=1000(system) Binder_4 expire 8 lines
07-28 18:23:14.875  1847  5223 I chatty  : uid=1000(system) Binder_6 expire 12 lines
07-28 18:23:14.901  1847  5484 I chatty  : uid=1000(system) Binder_D expire 10 lines
07-28 18:23:14.924  1847  1871 I chatty  : uid=1000(system) Binder_1 expire 11 lines
07-28 18:23:14.939  1847  4629 I chatty  : uid=1000(system) Binder_5 expire 11 lines
07-28 18:23:14.970  1847  5331 I chatty  : uid=1000(system) Binder_C expire 11 lines
07-28 18:23:15.016  1847  5521 I chatty  : uid=1000(system) Binder_10 expire 11 lines
07-28 18:23:15.037  1847  5224 I chatty  : uid=1000(system) Binder_7 expire 13 lines
07-28 18:23:15.059  1847  5519 I chatty  : uid=1000(system) Binder_F expire 10 lines
07-28 18:23:15.074  1847  5502 I chatty  : uid=1000(system) Binder_E expire 12 lines
07-28 18:23:15.091  1847  5235 I chatty  : uid=1000(system) Binder_8 expire 11 lines
07-28 18:23:15.261  1847  5307 I chatty  : uid=1000(system) Binder_B expire 10 lines
07-28 18:23:15.355  1847  5300 I chatty  : uid=1000(system) Binder_A expire 10 lines
07-28 18:23:21.125  3944  3944 I chatty  : uid=1000(system) org.cyanogenmod.providers.datausage expire 3 lines
07-28 18:23:21.234  1847  2186 I chatty  : uid=1000(system) PowerManagerSer expire 5 lines
07-28 18:23:21.648  1847  2171 I chatty  : uid=1000(system) android.display expire 2 lines
07-28 18:23:21.832  5453  5541 D ActivityThread: Loading provider com.google.android.gmail.provider;com.android.mail.notifier;com.google.android.gm.email.provider;com.google.android.gm.tasks.provider;com.google.android.gm.email.notifier: com.android.email.provider.EmailProvider
07-28 18:23:21.958  5440  5440 I chatty  : uid=1000(system) com.android.keychain expire 1 line
07-28 18:23:22.058  1847  2129 I chatty  : uid=1000(system) android.bg expire 1 line
07-28 18:23:22.570  5562  5562 W ActivityThread: ClassLoader.loadClass: The class loader returned by Thread.getContextClassLoader() may fail for processes that host multiple applications. You should explicitly specify a context class loader. For example: Thread.setContextClassLoader(getClass().getClassLoader());
07-28 18:23:23.076  5225  5595 E ActivityThread: Failed to find provider info for com.modoohut.provider.geocoder
07-28 18:23:25.844  5225  5595 E ActivityThread: Failed to find provider info for com.modoohut.provider.geocoder
07-28 18:23:26.653  1847  5296 I chatty  : uid=1000(system) Binder_9 expire 6 lines
07-28 18:23:27.001  1847  1871 I chatty  : uid=1000(system) Binder_1 expire 3 lines
07-28 18:23:27.178  5746  5770 W ActivityThread: ClassLoader.loadClass: The class loader returned by Thread.getContextClassLoader() may fail for processes that host multiple applications. You should explicitly specify a context class loader. For example: Thread.setContextClassLoader(getClass().getClassLoader());
07-28 18:23:27.324  5225  5595 E ActivityThread: Failed to find provider info for com.modoohut.provider.geocoder
07-28 18:23:29.667  1847  5307 I chatty  : uid=1000(system) Binder_B expire 6 lines
07-28 18:23:30.812  1847  4629 I chatty  : uid=1000(system) Binder_5 expire 3 lines
07-28 18:23:30.873  1847  4244 I chatty  : uid=1000(system) InputReader expire 1 line
07-28 18:23:31.352  1847  5519 I chatty  : uid=1000(system) Binder_F expire 4 lines
07-28 18:23:31.720  1847  2130 I chatty  : uid=1000(system) ActivityManager expire 5 lines
07-28 18:23:33.405  6121  6121 W ActivityThread: ClassLoader.loadClass: The class loader returned by Thread.getContextClassLoader() may fail for processes that host multiple applications. You should explicitly specify a context class loader. For example: Thread.setContextClassLoader(getClass().getClassLoader());
07-28 18:23:35.687  6231  6231 W ActivityThread: ClassLoader.loadClass: The class loader returned by Thread.getContextClassLoader() may fail for processes that host multiple applications. You should explicitly specify a context class loader. For example: Thread.setContextClassLoader(getClass().getClassLoader());
07-28 18:23:36.655  1847  2200 I chatty  : uid=1000(system) PackageManager expire 7 lines
07-28 18:23:40.113  1847  5331 I chatty  : uid=1000(system) Binder_C expire 1 line
07-28 18:23:40.347  1847  5223 I chatty  : uid=1000(system) Binder_6 expire 3 lines
07-28 18:23:41.019  1847  4159 I chatty  : uid=1000(system) Binder_3 expire 2 lines
07-28 18:23:41.089  1847  5300 I chatty  : uid=1000(system) Binder_A expire 2 lines
07-28 18:23:41.125  1847  5521 I chatty  : uid=1000(system) Binder_10 expire 1 line
07-28 18:23:45.976  1847  1874 I chatty  : uid=1000(system) Binder_2 expire 11 lines
07-28 18:23:50.933  1847  2129 I chatty  : uid=1000(system) android.bg expire 1 line
07-28 18:23:51.009  1847  5331 I chatty  : uid=1000(system) Binder_C expire 15 lines
07-28 18:23:51.031  6592  6592 I chatty  : uid=1000(system) org.cyanogenmod.providers.datausage expire 3 lines
07-28 18:23:51.071  1847  5519 I chatty  : uid=1000(system) Binder_F expire 13 lines
07-28 18:23:51.093  1847  4159 I chatty  : uid=1000(system) Binder_3 expire 18 lines
07-28 18:23:51.969  6609  6624 W ActivityThread: ClassLoader.loadClass: The class loader returned by Thread.getContextClassLoader() may fail for processes that host multiple applications. You should explicitly specify a context class loader. For example: Thread.setContextClassLoader(getClass().getClassLoader());
07-28 18:23:52.013  1847  5224 I chatty  : uid=1000(system) Binder_7 expire 11 lines
07-28 18:23:52.064  1847  5307 I chatty  : uid=1000(system) Binder_B expire 11 lines
07-28 18:23:52.073  1847  5502 I chatty  : uid=1000(system) Binder_E expire 18 lines
07-28 18:23:52.103  1847  5521 I chatty  : uid=1000(system) Binder_10 expire 12 lines
07-28 18:23:52.536  6630  6630 W ActivityThread: ClassLoader.loadClass: The class loader returned by Thread.getContextClassLoader() may fail for processes that host multiple applications. You should explicitly specify a context class loader. For example: Thread.setContextClassLoader(getClass().getClassLoader());
07-28 18:23:52.570  6643  6643 I chatty  : uid=1000(system) com.android.keychain expire 1 line
07-28 18:23:52.645  1847  5296 I chatty  : uid=1000(system) Binder_9 expire 10 lines
07-28 18:23:53.438  1847  5300 I chatty  : uid=1000(system) Binder_A expire 13 lines
07-28 18:23:53.985  1847  5223 I chatty  : uid=1000(system) Binder_6 expire 15 lines
07-28 18:23:54.079  1847  5235 I chatty  : uid=1000(system) Binder_8 expire 13 lines
07-28 18:23:54.596  1847  1871 I chatty  : uid=1000(system) Binder_1 expire 12 lines
07-28 18:23:54.598  5225  5595 E ActivityThread: Failed to find provider info for com.modoohut.provider.geocoder
07-28 18:23:55.091  6464  6464 W ViewRootImpl: Dropping event due to root view being removed: MotionEvent { action=ACTION_MOVE, actionButton=0, id[0]=0, x[0]=630.34503, y[0]=1037.1733, toolType[0]=TOOL_TYPE_FINGER, buttonState=0, metaState=0, flags=0x0, edgeFlags=0x0, pointerCount=1, historySize=0, eventTime=249051133, downTime=249051112, deviceId=7, source=0x1002 }
07-28 18:23:56.492  1847  5484 I chatty  : uid=1000(system) Binder_D expire 11 lines
07-28 18:23:57.026  1847  4629 I chatty  : uid=1000(system) Binder_5 expire 17 lines
07-28 18:23:58.394  5225  5595 E ActivityThread: Failed to find provider info for com.modoohut.provider.geocoder
07-28 18:24:00.112  6983  6997 W ActivityThread: ClassLoader.loadClass: The class loader returned by Thread.getContextClassLoader() may fail for processes that host multiple applications. You should explicitly specify a context class loader. For example: Thread.setContextClassLoader(getClass().getClassLoader());
07-28 18:24:00.322  5225  5595 E ActivityThread: Failed to find provider info for com.modoohut.provider.geocoder
07-28 18:24:01.353  1847  4628 I chatty  : uid=1000(system) Binder_4 expire 9 lines
07-28 18:24:03.241  7101  7101 W ActivityThread: ClassLoader.loadClass: The class loader returned by Thread.getContextClassLoader() may fail for processes that host multiple applications. You should explicitly specify a context class loader. For example: Thread.setContextClassLoader(getClass().getClassLoader());
07-28 18:24:12.242  1847  2130 I chatty  : uid=1000(system) ActivityManager expire 9 lines
07-28 18:24:13.609  1847  4243 I chatty  : uid=1000(system) InputDispatcher expire 1 line
07-28 18:24:15.776  7487  7487 W ActivityThread: ClassLoader.loadClass: The class loader returned by Thread.getContextClassLoader() may fail for processes that host multiple applications. You should explicitly specify a context class loader. For example: Thread.setContextClassLoader(getClass().getClassLoader());
07-28 18:24:16.909  1847  2200 I chatty  : uid=1000(system) PackageManager expire 7 lines
07-28 18:24:17.329  1847  5296 I chatty  : uid=1000(system) Binder_9 expire 10 lines
07-28 18:24:17.841  7552  7552 W ActivityThread: ClassLoader.loadClass: The class loader returned by Thread.getContextClassLoader() may fail for processes that host multiple applications. You should explicitly specify a context class loader. For example: Thread.setContextClassLoader(getClass().getClassLoader());
07-28 18:24:28.184  1847  4541 I chatty  : uid=1000(system) ConnectivitySer expire 5 lines
07-28 18:24:30.962   287  1306 E NetlinkEvent: NetlinkEvent::FindParam(): Parameter 'TIME_NS' not found
07-28 18:24:30.962   287  1306 E NetlinkEvent: NetlinkEvent::FindParam(): Parameter 'UID' not found
07-28 18:24:33.429   287  1306 E NetlinkEvent: NetlinkEvent::FindParam(): Parameter 'TIME_NS' not found
07-28 18:24:33.429   287  1306 E NetlinkEvent: NetlinkEvent::FindParam(): Parameter 'UID' not found
07-28 18:24:38.156  1847  5224 I chatty  : uid=1000(system) Binder_7 expire 1 line
07-28 18:24:38.220  1847  5300 I chatty  : uid=1000(system) Binder_A expire 1 line
07-28 18:24:38.348  1847  1874 I chatty  : uid=1000(system) Binder_2 expire 1 line
07-28 18:24:40.133  1847  5484 I chatty  : uid=1000(system) Binder_D expire 1 line
07-28 18:24:40.332  1847  5235 I chatty  : uid=1000(system) Binder_8 expire 1 line
07-28 18:24:40.426  1847  5307 I chatty  : uid=1000(system) Binder_B expire 1 line
07-28 18:24:51.236  1847  5521 I chatty  : uid=1000(system) Binder_10 expire 1 line
07-28 18:24:51.236  1847  5223 I chatty  : uid=1000(system) Binder_6 expire 1 line
07-28 18:24:51.237  1847  4540 I chatty  : uid=1000(system) WifiService expire 1 line
07-28 18:24:51.301  1847  5331 I chatty  : uid=1000(system) Binder_C expire 1 line
07-28 18:24:51.638  1847  2200 I PackageManager: Un-granting permission android.permission.WRITE_MEDIA_STORAGE from package com.keramidas.TitaniumBackup (protectionLevel=18 flags=0x3888be44)
07-28 18:24:52.039  1847  2200 I PackageManager: Un-granting permission android.permission.WRITE_MEDIA_STORAGE from package com.google.android.apps.photos (protectionLevel=18 flags=0x38d9be44)
07-28 18:24:52.143  1847  2200 I PackageManager: Un-granting permission android.permission.WRITE_MEDIA_STORAGE from package eu.thedarken.sdm (protectionLevel=18 flags=0x3898be44)
07-28 18:24:52.319  1847  4541 D ConnectivityService: notifyType CAP_CHANGED for NetworkAgentInfo [WIFI () - 259]
07-28 18:24:52.402  1847  2200 W PackageManager: Unknown permission com.samsung.permission.USE_MHDR_SERVICE in package com.amazon.avod.thirdpartyclient
07-28 18:24:52.402  1847  2200 W PackageManager: Unknown permission amazon.permission.COLLECT_METRICS in package com.amazon.avod.thirdpartyclient
07-28 18:24:52.402  1847  2200 W PackageManager: Unknown permission com.amazon.dcp.metrics.permission.METRICS_PERMISSION in package com.amazon.avod.thirdpartyclient
07-28 18:24:52.402  1847  2200 W PackageManager: Unknown permission com.amazon.dcp.config.permission.DYN_CONFIG_VALUES_UPDATED in package com.amazon.avod.thirdpartyclient
07-28 18:24:52.403  1847  2200 W PackageManager: Unknown permission com.amazon.identity.permission.GENERIC_IPC in package com.amazon.avod.thirdpartyclient
07-28 18:24:52.403  1847  2200 W PackageManager: Unknown permission com.amazon.dcp.sso.permission.USE_DEVICE_CREDENTIALS in package com.amazon.avod.thirdpartyclient
07-28 18:24:52.403  1847  2200 W PackageManager: Unknown permission com.amazon.dcp.sso.permission.MANAGE_COR_PFM in package com.amazon.avod.thirdpartyclient
07-28 18:24:52.403  1847  2200 W PackageManager: Unknown permission com.amazon.dcp.sso.permission.CUSTOMER_ATTRIBUTE_SERVICE in package com.amazon.avod.thirdpartyclient
07-28 18:24:52.403  1847  2200 W PackageManager: Not granting permission android.permission.INTERACT_ACROSS_USERS to package com.amazon.avod.thirdpartyclient (protectionLevel=50 flags=0x3818be44)
07-28 18:24:52.569  1847  4159 I ActivityManager: Killing 7000:eu.thedarken.sdm/u0a112 (adj 15): empty #17
07-28 18:24:52.605  1847  4629 D ActivityManager: cleanUpApplicationRecord -- 7000
07-28 18:24:52.749  1847  2200 W PackageManager: Couldn't remove dex file for package:  at location /data/app/com.amazon.avod.thirdpartyclient-1/base.apk, retcode=-1
07-28 18:24:52.753  1847  2200 I ActivityManager: Force stopping com.amazon.avod.thirdpartyclient appid=10398 user=0: pkg removed
07-28 18:24:52.847  1847  1847 D JobSchedulerService: Receieved: android.intent.action.PACKAGE_REMOVED
07-28 18:24:52.894  1847  2130 I ActivityManager: Start proc 8364:org.cyanogenmod.providers.datausage/1000 for broadcast org.cyanogenmod.providers.datausage/.DataUsageAppInstallReceiver
07-28 18:24:53.364  1847  2129 W VoiceInteractionManagerService: no available voice recognition services found for user 0
07-28 18:24:53.396  8364  8364 W ContextImpl: Calling a method in the system process without a qualified user: android.app.ContextImpl.startService:1231 android.content.ContextWrapper.startService:587 android.content.ContextWrapper.startService:587 org.cyanogenmod.providers.datausage.DataUsageAppInstallReceiver.onReceive:47 android.app.ActivityThread.handleReceiver:2759 
07-28 18:24:53.424  1847  5307 I ActivityManager: Start proc 8406:android.process.acore/u0a4 for broadcast com.android.providers.contacts/.PackageIntentReceiver
07-28 18:24:53.477  1847  5502 W BackupManagerService: dataChanged but no participant pkg='com.teslacoilsw.launcher' uid=10077
07-28 18:24:53.494  1847  5223 I ActivityManager: Killing 7019:stericson.busybox/u0a104 (adj 15): empty #17
07-28 18:24:53.546  1847  1871 D ActivityManager: cleanUpApplicationRecord -- 7019
07-28 18:24:54.173  1847  5224 I ActivityManager: Start proc 8448:com.google.android.gm/u0a108 for content provider com.google.android.gm/com.android.exchange.provider.ExchangeDirectoryProvider
07-28 18:24:54.242  8406  8406 W ActivityThread: ClassLoader.loadClass: The class loader returned by Thread.getContextClassLoader() may fail for processes that host multiple applications. You should explicitly specify a context class loader. For example: Thread.setContextClassLoader(getClass().getClassLoader());
07-28 18:24:54.268  1847  5502 I ActivityManager: Start proc 8460:com.android.keychain/1000 for broadcast com.android.keychain/.KeyChainBroadcastReceiver
07-28 18:24:54.270  1847  5502 I ActivityManager: Killing 7034:com.suyashsrijan.forcedoze/u0a552 (adj 15): empty #17
07-28 18:24:54.308  1847  5502 I ActivityManager: Killing 6801:biz.bokhorst.xprivacy/u0a170 (adj 15): empty #18
07-28 18:24:54.345  1847  5519 D ActivityManager: cleanUpApplicationRecord -- 7034
07-28 18:24:54.347  1847  5521 D ActivityManager: cleanUpApplicationRecord -- 6801
07-28 18:24:54.500  8448  8482 D ActivityThread: Loading provider com.google.android.gmail.provider;com.android.mail.notifier;com.google.android.gm.email.provider;com.google.android.gm.tasks.provider;com.google.android.gm.email.notifier: com.android.email.provider.EmailProvider
07-28 18:24:54.641  1847  4159 W ActivityManager: Unable to start service Intent { cmp=com.google.android.gm/com.android.email.service.AttachmentService } U=0: not found
07-28 18:24:54.671  1847  1874 I ActivityManager: Start proc 8491:com.google.process.gapps/u0a69 for content provider com.google.android.syncadapters.contacts/.GalProvider
07-28 18:24:54.697  1847  2186 I PowerManagerService: Going to sleep due to screen timeout (uid 1000)...
07-28 18:24:54.727  8460  8460 W ContextImpl: Calling a method in the system process without a qualified user: android.app.ContextImpl.startService:1231 android.content.ContextWrapper.startService:587 android.content.ContextWrapper.startService:587 com.android.keychain.KeyChainBroadcastReceiver.onReceive:12 android.app.ActivityThread.handleReceiver:2759 
07-28 18:24:54.753  1847  5502 I ActivityManager: Killing 6819:com.keramidas.TitaniumBackup/u0a83 (adj 15): empty #17
07-28 18:24:54.788  1847  5296 D ActivityManager: cleanUpApplicationRecord -- 6819
07-28 18:24:55.057  1847  2171 I DisplayManagerService: Display device changed state: "Built-in Screen", OFF
07-28 18:24:55.325  8491  8491 W ActivityThread: ClassLoader.loadClass: The class loader returned by Thread.getContextClassLoader() may fail for processes that host multiple applications. You should explicitly specify a context class loader. For example: Thread.setContextClassLoader(getClass().getClassLoader());
07-28 18:24:55.364  1847  2186 I PowerManagerService: Sleeping (uid 1000)...
07-28 18:24:55.383  1847  5502 W ActivityManager: Unable to start service Intent { cmp=com.google.android.gm.exchange/com.android.exchange.service.EasService } U=0: not found
07-28 18:24:55.884  1847  4628 I ActivityManager: Start proc 8567:com.quickoffice.android/u0a105 for broadcast com.quickoffice.android/com.qo.android.quickoffice.QOBroadcastReceiver
07-28 18:24:56.149  1847  5296 I ActivityManager: Start proc 8582:tw.fatminmin.xposed.minminguard/u0a172 for content provider tw.fatminmin.xposed.minminguard/.MinMinProvider
07-28 18:24:56.462  1847  5300 I ActivityManager: Start proc 8607:de.robv.android.xposed.installer/u0a143 for broadcast de.robv.android.xposed.installer/.receivers.PackageChangeReceiver
07-28 18:24:56.464  1847  5300 I ActivityManager: Killing 7050:com.topjohnwu.magisk/u0a54 (adj 15): empty #17
07-28 18:24:56.464  1847  5300 I libprocessgroup: Killing pid 7074 in uid 10054 as part of process group 7050
07-28 18:24:56.506  1847  4159 D ActivityManager: cleanUpApplicationRecord -- 7050
07-28 18:24:56.615  1847  4159 I ActivityManager: Start proc 8622:com.android.externalstorage/u0a8 for content provider com.android.externalstorage/.ExternalStorageProvider
07-28 18:24:56.643  1847  5235 I ActivityManager: Killing 7081:com.google.android.apps.photos/u0a26 (adj 15): empty #17
07-28 18:24:56.695  1847  1874 D ActivityManager: cleanUpApplicationRecord -- 7081
07-28 18:24:57.068  1847  5484 I ActivityManager: Killing 31937:net.dinglisch.android.tasker/u0a568 (adj 15): empty #17
07-28 18:24:57.082  1847  4540 D WifiService: Client connection lost with reason: 4
07-28 18:24:57.104  1847  5224 D ActivityManager: cleanUpApplicationRecord -- 31937
07-28 18:24:57.135  1847  5296 I ActivityManager: Start proc 8656:biz.bokhorst.xprivacy/u0a170 for broadcast biz.bokhorst.xprivacy/.PackageChange
07-28 18:24:57.137  5225  8652 E ActivityThread: Failed to find provider info for com.modoohut.provider.geocoder
07-28 18:24:57.364  1847  2186 W PowerManagerService: Sandman unresponsive, releasing suspend blocker
07-28 18:24:57.561  1847  5296 I ActivityManager: Killing 7552:com.google.android.calendar/u0a73 (adj 15): empty #17
07-28 18:24:57.583  1847  5224 D ActivityManager: cleanUpApplicationRecord -- 7552
07-28 18:24:57.618  1847  1871 I ActivityManager: Start proc 8672:com.keramidas.TitaniumBackup/u0a83 for broadcast com.keramidas.TitaniumBackup/.PackageEventsReceiver
07-28 18:24:58.194  1847  5484 I ActivityManager: Start proc 8690:net.dinglisch.android.tasker/u0a568 for broadcast net.dinglisch.android.tasker/.ReceiverStaticAlwaysOn
07-28 18:24:58.195  1847  5484 I ActivityManager: Killing 7487:com.android.providers.calendar/u0a2 (adj 15): empty #17
07-28 18:24:58.212  1847  4628 D ActivityManager: cleanUpApplicationRecord -- 7487
07-28 18:24:59.386  1847  4540 D WifiService: New client listening to asynchronous messages
07-28 18:24:59.495  1847  1874 I ActivityManager: Killing 7507:com.android.calendar/u0a42 (adj 15): empty #17
07-28 18:24:59.510  1847  5300 D ActivityManager: cleanUpApplicationRecord -- 7507
07-28 18:24:59.523  8364  8364 W ContextImpl: Calling a method in the system process without a qualified user: android.app.ContextImpl.startService:1231 android.content.ContextWrapper.startService:587 android.content.ContextWrapper.startService:587 org.cyanogenmod.providers.datausage.DataUsageAppInstallReceiver.onReceive:47 android.app.ActivityThread.handleReceiver:2759 
07-28 18:24:59.563  1847  5519 I ActivityManager: Start proc 8768:com.google.android.partnersetup/u0a29 for broadcast com.google.android.partnersetup/.RlzPingBroadcastReceiver
07-28 18:25:00.028  1847  5519 I ActivityManager: Start proc 8787:com.svox.pico/u0a59 for broadcast com.svox.pico/.VoiceDataInstallerReceiver
07-28 18:25:00.096  1847  1871 I ActivityManager: Killing 7465:mikado.bizcalpro/u0a147 (adj 15): empty #17
07-28 18:25:00.163  1847  5223 D ActivityManager: cleanUpApplicationRecord -- 7465
07-28 18:25:00.459  1847  5235 I ActivityManager: Killing 7894:com.chrome.beta/u0a370 (adj 15): empty #17
07-28 18:25:00.543  1847  5300 D ConnectivityService: ConnectivityService NetworkRequestInfo binderDied(NetworkRequest [ id=996, legacyType=-1, [ Capabilities: INTERNET&NOT_RESTRICTED&TRUSTED] ], android.os.BinderProxy@8f98c55)
07-28 18:25:00.544  1847  4541 D ConnectivityService: releasing NetworkRequest NetworkRequest [ id=996, legacyType=-1, [ Capabilities: INTERNET&NOT_RESTRICTED&TRUSTED] ]
07-28 18:25:00.548  1847  4541 E ConnectivityService: RemoteException caught trying to send a callback msg for NetworkRequest [ id=996, legacyType=-1, [ Capabilities: INTERNET&NOT_RESTRICTED&TRUSTED] ]
07-28 18:25:00.566  1847  5519 D ActivityManager: cleanUpApplicationRecord -- 7894
07-28 18:25:00.572  1847  5484 W ActivityManager: Unable to start service Intent { dat=wearsupportservice://auto_install_uninstall/com.amazon.avod.thirdpartyclient cmp=com.android.vending/com.google.android.finsky.wear.WearSupportService (has extras) } U=0: not found
07-28 18:25:00.660  1847  5223 W ActivityManager: Unable to start service Intent { act=com.google.android.gms.wearable.ACTION_PACKAGE_ADDED dat=package:com.amazon.avod.thirdpartyclient cmp=com.google.android.gms/.wearable.service.WearableControlService } U=0: not found
07-28 18:25:01.443  5225  8652 E ActivityThread: Failed to find provider info for com.modoohut.provider.geocoder
07-28 18:25:01.521  1847  5521 I ActivityManager: Start proc 8853:com.ceco.marshmallow.gravitybox/u0a119 for broadcast com.ceco.marshmallow.gravitybox/.UnlockActivity$PkgManagerReceiver
07-28 18:25:02.520  1847  5484 I ActivityManager: Killing 7519:com.android.defcontainer/u0a7 (adj 15): empty #17
07-28 18:25:02.532  1847  5235 D ActivityManager: cleanUpApplicationRecord -- 7519
07-28 18:25:02.539  8364  8364 W ContextImpl: Calling a method in the system process without a qualified user: android.app.ContextImpl.startService:1231 android.content.ContextWrapper.startService:587 android.content.ContextWrapper.startService:587 org.cyanogenmod.providers.datausage.DataUsageAppInstallReceiver.onReceive:47 android.app.ActivityThread.handleReceiver:2759 
07-28 18:25:02.596  1847  4628 I ActivityManager: Start proc 8882:org.mozilla.firefox/u0a82 for broadcast org.mozilla.firefox/org.mozilla.gecko.notifications.WhatsNewReceiver
07-28 18:25:02.840  8882  8900 W ActivityThread: ClassLoader.loadClass: The class loader returned by Thread.getContextClassLoader() may fail for processes that host multiple applications. You should explicitly specify a context class loader. For example: Thread.setContextClassLoader(getClass().getClassLoader());
07-28 18:25:03.057  5225  8652 E ActivityThread: Failed to find provider info for com.modoohut.provider.geocoder
07-28 18:25:03.085  1847  1874 I ActivityManager: Start proc 8911:eu.thedarken.sdm/u0a112 for broadcast eu.thedarken.sdm/.scheduler.SchedulerWard
07-28 18:25:03.625  1847  4629 I ActivityManager: Start proc 8976:stericson.busybox/u0a104 for broadcast stericson.busybox/.receivers.OnUpgradeReceiver
07-28 18:25:03.627  1847  4629 I ActivityManager: Killing 8448:com.google.android.gm/u0a108 (adj 15): empty #17
07-28 18:25:03.664  1847  5296 D ActivityManager: cleanUpApplicationRecord -- 8448
07-28 18:25:15.527  1847  5484 I ActivityManager: Start proc 9014:com.suyashsrijan.forcedoze/u0a552 for broadcast com.suyashsrijan.forcedoze/.AutoRestartOnUpdate
07-28 18:25:15.528  1847  5484 I ActivityManager: Killing 8491:com.google.process.gapps/u0a69 (adj 15): empty #17
07-28 18:25:15.559  1847  5519 D ActivityManager: cleanUpApplicationRecord -- 8491
07-28 18:25:15.971  1847  5224 I ActivityManager: Killing 8460:com.android.keychain/1000 (adj 15): empty #17
07-28 18:25:15.997  1847  5307 D ActivityManager: cleanUpApplicationRecord -- 8460
07-28 18:25:16.082  1847  5300 I ActivityManager: Start proc 9035:com.topjohnwu.magisk/u0a54 for broadcast com.topjohnwu.magisk/.receivers.PackageReceiver
07-28 18:25:16.695  1847  5519 I ActivityManager: Start proc 9058:com.google.android.apps.photos/u0a26 for broadcast com.google.android.apps.photos/.backgroundsignin.BackgroundSignInBroadcastReceiver
07-28 18:25:16.697  1847  5519 I ActivityManager: Killing 8622:com.android.externalstorage/u0a8 (adj 15): empty #17
07-28 18:25:16.712  1847  5224 D ActivityManager: cleanUpApplicationRecord -- 8622
07-28 18:25:17.664  1847  4159 D PowerManagerService: acquireWakeLock: ignoring request from com.google.android.apps.photos
07-28 18:25:17.719  1847  4159 D PowerManagerService: acquireWakeLock: ignoring request from com.google.android.apps.photos
07-28 18:25:18.050  1847  5223 D PowerManagerService: acquireWakeLock: ignoring request from com.google.android.apps.photos
07-28 18:25:18.051  1847  4159 D PowerManagerService: acquireWakeLock: ignoring request from com.google.android.apps.photos
07-28 18:25:18.081  1847  5502 D PowerManagerService: acquireWakeLock: ignoring request from com.google.android.apps.photos
07-28 18:25:18.099  1847  4629 D PowerManagerService: acquireWakeLock: ignoring request from com.google.android.apps.photos
07-28 18:25:18.222  1847  5224 D PowerManagerService: acquireWakeLock: ignoring request from com.google.android.apps.photos
07-28 18:25:18.223  1847  4159 D PowerManagerService: acquireWakeLock: ignoring request from com.google.android.apps.photos
07-28 18:25:18.242  1847  4159 D PowerManagerService: acquireWakeLock: ignoring request from com.google.android.apps.photos
07-28 18:25:18.441  1847  1871 I ActivityManager: Start proc 9112:com.amazon.avod.thirdpartyclient/u0a398 for broadcast com.amazon.avod.thirdpartyclient/.updater.ApplicationUpdatedBroadcastReceiver
07-28 18:25:18.670  1847  5484 W ActivityManager: Permission Denial: getCurrentUser() from pid=9112, uid=10398 requires android.permission.INTERACT_ACROSS_USERS
07-28 18:25:19.112  1847  4540 D WifiService: New client listening to asynchronous messages
07-28 18:25:19.210  1847  5502 I ActivityManager: Start proc 9138:com.google.android.gm/u0a108 for broadcast com.google.android.gm/.widget.GmailWidgetProvider
07-28 18:25:19.221  1847  5223 I ActivityManager: Killing 8768:com.google.android.partnersetup/u0a29 (adj 15): empty #17
07-28 18:25:19.273  1847  5307 D ActivityManager: cleanUpApplicationRecord -- 8768
07-28 18:25:19.375  1847  5519 D WifiService: acquireWifiLockLocked: WifiLock{HTTPMetricsTransport type=3 binder=android.os.BinderProxy@19204da}
07-28 18:25:19.375  1847  5224 W ActivityManager: Permission Denial: getCurrentUser() from pid=9112, uid=10398 requires android.permission.INTERACT_ACROSS_USERS
07-28 18:25:19.378  1847  1874 D WifiService: acquireWifiLockLocked: WifiLock{HTTPMetricsTransport type=3 binder=android.os.BinderProxy@342ad0b}
07-28 18:25:19.399  1847  4628 D WifiService: releaseWifiLockLocked: WifiLock{HTTPMetricsTransport type=3 binder=android.os.BinderProxy@342ad0b}
07-28 18:25:19.401  1847  5502 D WifiService: releaseWifiLockLocked: WifiLock{HTTPMetricsTransport type=3 binder=android.os.BinderProxy@19204da}
07-28 18:25:19.504  9138  9196 D ActivityThread: Loading provider com.google.android.gmail.provider;com.android.mail.notifier;com.google.android.gm.email.provider;com.google.android.gm.tasks.provider;com.google.android.gm.email.notifier: com.android.email.provider.EmailProvider
07-28 18:25:19.680  1847  5502 W ActivityManager: Unable to start service Intent { cmp=com.google.android.gm/com.android.email.service.AttachmentService } U=0: not found
07-28 18:25:19.725  1847  5331 D WifiService: acquireWifiLockLocked: WifiLock{BoltHttp.WifiLockHolder type=1 binder=android.os.BinderProxy@b12f3df}
07-28 18:25:20.188  1847  5307 W ActivityManager: Unable to start service Intent { cmp=com.google.android.gm.exchange/com.android.exchange.service.EasService } U=0: not found
07-28 18:25:21.144  1847  5223 I ActivityManager: Killing 8787:com.svox.pico/u0a59 (adj 15): empty #17
07-28 18:25:21.182  1847  1871 D ActivityManager: cleanUpApplicationRecord -- 8787
07-28 18:25:23.509  1847  1871 D WifiService: releaseWifiLockLocked: WifiLock{BoltHttp.WifiLockHolder type=1 binder=android.os.BinderProxy@b12f3df}
07-28 18:26:37.191  1847  2200 I ActivityManager: Start proc 9495:com.android.defcontainer/u0a7 for service com.android.defcontainer/.DefaultContainerService
07-28 18:26:37.278  1847  5519 W ActivityManager: Unable to start service Intent { cmp=com.whatsapp/.service.WebClientService } U=0: not found
07-28 18:26:37.280  1847  1871 I ActivityManager: Killing 26174:com.whatsapp/u0a115 (adj 15): empty #17
07-28 18:26:37.302  1847  4540 D WifiService: Client connection lost with reason: 4
07-28 18:26:37.618  1847  5521 D ActivityManager: cleanUpApplicationRecord -- 26174
07-28 18:27:41.244  1847  2200 W PackageParser: Ignoring duplicate uses-permissions/uses-permissions-sdk-m: android.permission.CAMERA in package: com.csam.icici.bank.imobile at: Binary XML file line #28
07-28 18:27:41.245  1847  2200 W PackageParser: Ignoring duplicate uses-permissions/uses-permissions-sdk-m: android.permission.RECEIVE_BOOT_COMPLETED in package: com.csam.icici.bank.imobile at: Binary XML file line #58
07-28 18:29:22.351  1847  4244 I PowerManagerService: Waking up from sleep (uid 1000)...
07-28 18:29:22.367  1847  2186 I DisplayPowerController: Blocking screen on until initial contents have been drawn.
07-28 18:29:22.376  1847  2171 I DisplayManagerService: Display device changed state: "Built-in Screen", ON
07-28 18:29:22.393  1847  4541 D ConnectivityService: notifyType CAP_CHANGED for NetworkAgentInfo [WIFI () - 259]
07-28 18:29:22.505  1847  5300 I ActivityManager: Killing 8567:com.quickoffice.android/u0a105 (adj 15): empty #17
07-28 18:29:22.551  1847  2186 I DisplayPowerController: Unblocked screen on after 183 ms
07-28 18:29:22.553  1847  5307 D ActivityManager: cleanUpApplicationRecord -- 8567
07-28 18:29:22.863  1847  2130 W ProcessCpuTracker: Skipping unknown process pid 9775
07-28 18:29:23.615  1847  5484 I ActivityManager: START u0 {flg=0x10000000 cmp=com.teslacoilsw.notifier/.BlankActivity} from uid 10077 on display 0
07-28 18:29:23.621  1847  4628 W InputMethodManagerService: Window already focused, ignoring focus gain of: com.android.internal.view.IInputMethodClient$Stub$Proxy@d579981 attribute=android.view.inputmethod.EditorInfo@9d7da26, token = android.os.BinderProxy@ad3689f
07-28 18:29:23.655  1847  4159 I ActivityManager: Start proc 9806:mikado.bizcalpro/u0a147 for broadcast mikado.bizcalpro/.alerts.OngoingNotificationReceiver
07-28 18:29:23.706  1847  5235 W InputMethodManagerService: Window already focused, ignoring focus gain of: com.android.internal.view.IInputMethodClient$Stub$Proxy@f5a4203 attribute=null, token = android.os.BinderProxy@ad3689f
07-28 18:29:24.107  1847  5224 I ActivityManager: Killing 8607:de.robv.android.xposed.installer/u0a143 (adj 15): empty #17
07-28 18:29:24.137  1847  5502 D ActivityManager: cleanUpApplicationRecord -- 8607
07-28 18:29:25.413  1847  4541 D ConnectivityService: notifyType CAP_CHANGED for NetworkAgentInfo [WIFI () - 259]
07-28 18:29:26.304  1847  5235 W InputMethodManagerService: Window already focused, ignoring focus gain of: com.android.internal.view.IInputMethodClient$Stub$Proxy@8e5df2d attribute=null, token = android.os.BinderProxy@ad3689f
07-28 18:29:33.767  1847  2130 I ActivityManager: Force stopping com.csam.icici.bank.imobile appid=10081 user=-1: uninstall pkg
07-28 18:29:33.768  1847  2130 I ActivityManager: Killing 8853:com.ceco.marshmallow.gravitybox/u0a119 (adj 15): empty #17
07-28 18:29:33.801  1847  5331 D ActivityManager: cleanUpApplicationRecord -- 8853
07-28 18:29:33.905  1847  2200 I PackageManager: Package com.csam.icici.bank.imobile codePath changed from /data/app/com.csam.icici.bank.imobile-2 to /data/app/com.csam.icici.bank.imobile-1; Retaining data and using new
07-28 18:29:33.910  1847  2200 W PackageManager: Code path for com.csam.icici.bank.imobile changing from /data/app/com.csam.icici.bank.imobile-2 to /data/app/com.csam.icici.bank.imobile-1
07-28 18:29:33.910  1847  2130 I ActivityManager: Force stopping com.csam.icici.bank.imobile appid=10081 user=-1: replace pkg
07-28 18:29:33.910  1847  2200 W PackageManager: Resource path for com.csam.icici.bank.imobile changing from /data/app/com.csam.icici.bank.imobile-2 to /data/app/com.csam.icici.bank.imobile-1
07-28 18:29:34.107  1847  2200 I PackageManager: Un-granting permission android.permission.WRITE_MEDIA_STORAGE from package org.cyanogenmod.gello.browser (protectionLevel=18 flags=0x3889be45)
07-28 18:29:34.125  1847  2200 I PackageManager: Un-granting permission android.permission.WRITE_MEDIA_STORAGE from package com.keramidas.TitaniumBackup (protectionLevel=18 flags=0x3888be44)
07-28 18:29:34.851  1847  2200 I PackageManager: Un-granting permission android.permission.WRITE_MEDIA_STORAGE from package com.google.android.apps.photos (protectionLevel=18 flags=0x38d9be44)
07-28 18:29:35.006  1847  2200 I PackageManager: Un-granting permission android.permission.WRITE_MEDIA_STORAGE from package eu.thedarken.sdm (protectionLevel=18 flags=0x3898be44)
07-28 18:29:35.285  1847  2200 W PackageManager: Unknown permission android.hardware.camera.autofocus in package com.csam.icici.bank.imobile
07-28 18:29:35.286  1847  2200 W PackageManager: Unknown permission com.samsung.android.providers.context.permission.WRITE_USE_APP_FEATURE_SURVEY in package com.csam.icici.bank.imobile
07-28 18:29:35.286  1847  2200 W PackageManager: Not granting permission com.google.android.c2dm.permission.SEND to package com.csam.icici.bank.imobile (protectionLevel=18 flags=0x18083444)
07-28 18:29:35.482  1847  5502 I ActivityManager: Killing 8582:tw.fatminmin.xposed.minminguard/u0a172 (adj 15): empty #17
07-28 18:29:35.516  1847  5502 I ActivityManager: Killing 8364:org.cyanogenmod.providers.datausage/1000 (adj 15): empty #18
07-28 18:29:35.550  1847  5521 D ActivityManager: cleanUpApplicationRecord -- 8582
07-28 18:29:35.551  1847  5235 D ActivityManager: cleanUpApplicationRecord -- 8364
07-28 18:29:35.670  1847  2200 W PackageManager: Couldn't remove dex file for package:  at location /data/app/com.csam.icici.bank.imobile-2/base.apk, retcode=-1
07-28 18:29:35.673  1847  2200 I ActivityManager: Force stopping com.csam.icici.bank.imobile appid=10081 user=0: pkg removed
07-28 18:29:35.724  1847  1847 D JobSchedulerService: Receieved: android.intent.action.PACKAGE_REMOVED
07-28 18:29:35.787  1847  2130 I ActivityManager: Start proc 10200:org.cyanogenmod.providers.datausage/1000 for broadcast org.cyanogenmod.providers.datausage/.DataUsageAppInstallReceiver
07-28 18:29:36.153  1847  2129 W VoiceInteractionManagerService: no available voice recognition services found for user 0
07-28 18:29:36.161 10200 10200 W ContextImpl: Calling a method in the system process without a qualified user: android.app.ContextImpl.startService:1231 android.content.ContextWrapper.startService:587 android.content.ContextWrapper.startService:587 org.cyanogenmod.providers.datausage.DataUsageAppInstallReceiver.onReceive:47 android.app.ActivityThread.handleReceiver:2759 
07-28 18:29:36.190  1847  5484 I ActivityManager: Start proc 10218:com.android.keychain/1000 for broadcast com.android.keychain/.KeyChainBroadcastReceiver
07-28 18:29:36.256  1847  5235 I ActivityManager: Killing 8882:org.mozilla.firefox/u0a82 (adj 15): empty #17
07-28 18:29:36.273  1847  5502 D ActivityManager: cleanUpApplicationRecord -- 8882
07-28 18:29:36.326  1847  5307 W BackupManagerService: dataChanged but no participant pkg='com.teslacoilsw.launcher' uid=10077
07-28 18:29:36.508 10218 10218 W ContextImpl: Calling a method in the system process without a qualified user: android.app.ContextImpl.startService:1231 android.content.ContextWrapper.startService:587 android.content.ContextWrapper.startService:587 com.android.keychain.KeyChainBroadcastReceiver.onReceive:12 android.app.ActivityThread.handleReceiver:2759 
07-28 18:29:36.536  1847  5521 I ActivityManager: Killing 8911:eu.thedarken.sdm/u0a112 (adj 15): empty #17
07-28 18:29:36.562  1847  4159 D ActivityManager: cleanUpApplicationRecord -- 8911
07-28 18:29:37.413  1847  5331 I ActivityManager: Killing 8976:stericson.busybox/u0a104 (adj 15): empty #17
07-28 18:29:37.438  1847  4629 D ActivityManager: cleanUpApplicationRecord -- 8976
07-28 18:29:37.491  1847  5300 I ActivityManager: Start proc 10264:com.quickoffice.android/u0a105 for broadcast com.quickoffice.android/com.qo.android.quickoffice.QOBroadcastReceiver
07-28 18:29:37.702  1847  5502 I ActivityManager: Start proc 10279:tw.fatminmin.xposed.minminguard/u0a172 for content provider tw.fatminmin.xposed.minminguard/.MinMinProvider
07-28 18:29:38.023  1847  5519 I ActivityManager: Start proc 10327:de.robv.android.xposed.installer/u0a143 for broadcast de.robv.android.xposed.installer/.receivers.PackageChangeReceiver
07-28 18:29:38.025  1847  5519 I ActivityManager: Killing 9014:com.suyashsrijan.forcedoze/u0a552 (adj 15): empty #17
07-28 18:29:38.053  1847  5519 I ActivityManager: Killing 8656:biz.bokhorst.xprivacy/u0a170 (adj 15): empty #18
07-28 18:29:38.103  1847  5223 D ActivityManager: cleanUpApplicationRecord -- 8656
07-28 18:29:38.105  1847  5521 D ActivityManager: cleanUpApplicationRecord -- 9014
07-28 18:29:38.163  1847  5223 I ActivityManager: Start proc 10360:com.android.externalstorage/u0a8 for content provider com.android.externalstorage/.ExternalStorageProvider
07-28 18:29:38.199  1847  5296 I ActivityManager: Killing 8672:com.keramidas.TitaniumBackup/u0a83 (adj 15): empty #17
07-28 18:29:38.236  1847  1871 D ActivityManager: cleanUpApplicationRecord -- 8672
07-28 18:29:38.597  1847  5296 I ActivityManager: Killing 9035:com.topjohnwu.magisk/u0a54 (adj 15): empty #17
07-28 18:29:38.598  1847  5296 I libprocessgroup: Killing pid 9053 in uid 10054 as part of process group 9035
07-28 18:29:38.623  1847  5484 D ActivityManager: cleanUpApplicationRecord -- 9035
07-28 18:29:38.661  1847  5223 I ActivityManager: Start proc 10394:biz.bokhorst.xprivacy/u0a170 for broadcast biz.bokhorst.xprivacy/.PackageChange
07-28 18:29:38.663  5225 10393 E ActivityThread: Failed to find provider info for com.modoohut.provider.geocoder
07-28 18:29:39.087  1847  4628 I ActivityManager: Killing 9058:com.google.android.apps.photos/u0a26 (adj 15): empty #17
07-28 18:29:39.113  1847  5521 D ActivityManager: cleanUpApplicationRecord -- 9058
07-28 18:29:39.144  1847  5300 I ActivityManager: Start proc 10416:com.keramidas.TitaniumBackup/u0a83 for broadcast com.keramidas.TitaniumBackup/.PackageEventsReceiver
07-28 18:29:40.240  1847  4629 I ActivityManager: Killing 9138:com.google.android.gm/u0a108 (adj 15): empty #17
07-28 18:29:40.274  1847  5521 D ActivityManager: cleanUpApplicationRecord -- 9138
07-28 18:29:40.288 10200 10200 W ContextImpl: Calling a method in the system process without a qualified user: android.app.ContextImpl.startService:1231 android.content.ContextWrapper.startService:587 android.content.ContextWrapper.startService:587 org.cyanogenmod.providers.datausage.DataUsageAppInstallReceiver.onReceive:47 android.app.ActivityThread.handleReceiver:2759 
07-28 18:29:40.330  1847  5224 I ActivityManager: Start proc 10442:com.google.android.partnersetup/u0a29 for broadcast com.google.android.partnersetup/.RlzPingBroadcastReceiver
07-28 18:29:40.723  1847  5307 I ActivityManager: Start proc 10464:com.svox.pico/u0a59 for broadcast com.svox.pico/.VoiceDataInstallerReceiver
07-28 18:29:40.731  1847  5331 I ActivityManager: Killing 7101:com.google.process.gapps/u0a27 (adj 15): empty #17
07-28 18:29:40.749  1847  2186 I PowerManagerService: Going to sleep due to screen timeout (uid 1000)...
07-28 18:29:40.753  1847  4629 D ActivityManager: cleanUpApplicationRecord -- 7101
07-28 18:29:41.061  1847  5296 I ActivityManager: Killing 9112:com.amazon.avod.thirdpartyclient/u0a398 (adj 15): empty #17
07-28 18:29:41.083  1847  4540 D WifiService: Client connection lost with reason: 4
07-28 18:29:41.088  1847  1874 D ActivityManager: cleanUpApplicationRecord -- 9112
07-28 18:29:41.129  1847  5223 W ActivityManager: Unable to start service Intent { dat=wearsupportservice://auto_install_uninstall/com.csam.icici.bank.imobile cmp=com.android.vending/com.google.android.finsky.wear.WearSupportService (has extras) } U=0: not found
07-28 18:29:41.143  1847  2171 I DisplayManagerService: Display device changed state: "Built-in Screen", OFF
07-28 18:29:41.226  1847  5296 W ActivityManager: Unable to start service Intent { act=com.google.android.gms.wearable.ACTION_PACKAGE_ADDED dat=package:com.csam.icici.bank.imobile cmp=com.google.android.gms/.wearable.service.WearableControlService } U=0: not found
07-28 18:29:41.437  1847  2186 I PowerManagerService: Sleeping (uid 1000)...
07-28 18:29:42.020  5225 10393 E ActivityThread: Failed to find provider info for com.modoohut.provider.geocoder
07-28 18:29:42.092  1847  5296 I ActivityManager: Start proc 10511:com.ceco.marshmallow.gravitybox/u0a119 for broadcast com.ceco.marshmallow.gravitybox/.UnlockActivity$PkgManagerReceiver
07-28 18:29:43.007  1847  4159 I ActivityManager: Killing 9806:mikado.bizcalpro/u0a147 (adj 15): empty #17
07-28 18:29:43.031  1847  5519 D ActivityManager: cleanUpApplicationRecord -- 9806
07-28 18:29:43.036 10200 10200 W ContextImpl: Calling a method in the system process without a qualified user: android.app.ContextImpl.startService:1231 android.content.ContextWrapper.startService:587 android.content.ContextWrapper.startService:587 org.cyanogenmod.providers.datausage.DataUsageAppInstallReceiver.onReceive:47 android.app.ActivityThread.handleReceiver:2759 
07-28 18:29:43.086  1847  5296 I ActivityManager: Start proc 10577:org.mozilla.firefox/u0a82 for broadcast org.mozilla.firefox/org.mozilla.gecko.notifications.WhatsNewReceiver
07-28 18:29:43.369 10577 10598 W ActivityThread: ClassLoader.loadClass: The class loader returned by Thread.getContextClassLoader() may fail for processes that host multiple applications. You should explicitly specify a context class loader. For example: Thread.setContextClassLoader(getClass().getClassLoader());
07-28 18:29:43.438  1847  2186 W PowerManagerService: Sandman unresponsive, releasing suspend blocker
07-28 18:29:43.584  1847  5300 I ActivityManager: Start proc 10601:eu.thedarken.sdm/u0a112 for broadcast eu.thedarken.sdm/.scheduler.SchedulerWard
07-28 18:29:43.585  5225 10393 E ActivityThread: Failed to find provider info for com.modoohut.provider.geocoder
07-28 18:29:44.190  1847  5307 I ActivityManager: Start proc 10622:stericson.busybox/u0a104 for broadcast stericson.busybox/.receivers.OnUpgradeReceiver
07-28 18:29:44.192  1847  5307 I ActivityManager: Killing 9495:com.android.defcontainer/u0a7 (adj 15): empty #17
07-28 18:29:44.220  1847  4629 D ActivityManager: cleanUpApplicationRecord -- 9495
07-28 18:29:44.670  1847  1874 I ActivityManager: Start proc 10641:com.suyashsrijan.forcedoze/u0a552 for broadcast com.suyashsrijan.forcedoze/.AutoRestartOnUpdate
07-28 18:29:44.672  1847  1874 I ActivityManager: Killing 10218:com.android.keychain/1000 (adj 15): empty #17
07-28 18:29:44.703  1847  5224 D ActivityManager: cleanUpApplicationRecord -- 10218
07-28 18:29:44.980  1847  4159 I ActivityManager: Killing 10360:com.android.externalstorage/u0a8 (adj 15): empty #17
07-28 18:29:44.995  1847  5502 D ActivityManager: cleanUpApplicationRecord -- 10360
07-28 18:29:45.090  1847  5223 I ActivityManager: Start proc 10654:com.topjohnwu.magisk/u0a54 for broadcast com.topjohnwu.magisk/.receivers.PackageReceiver
07-28 18:29:45.600  1847  5331 I ActivityManager: Start proc 10673:com.google.android.apps.photos/u0a26 for broadcast com.google.android.apps.photos/.backgroundsignin.BackgroundSignInBroadcastReceiver
07-28 18:29:45.601  1847  5331 I ActivityManager: Killing 10442:com.google.android.partnersetup/u0a29 (adj 15): empty #17
07-28 18:29:45.620  1847  5307 D ActivityManager: cleanUpApplicationRecord -- 10442
07-28 18:29:46.134  1847  5502 I ActivityManager: Start proc 10697:com.google.process.gapps/u0a27 for content provider com.google.android.gsf/.gservices.GservicesProvider
07-28 18:29:46.698 10697 10697 W ActivityThread: ClassLoader.loadClass: The class loader returned by Thread.getContextClassLoader() may fail for processes that host multiple applications. You should explicitly specify a context class loader. For example: Thread.setContextClassLoader(getClass().getClassLoader());
07-28 18:29:56.446  1847  5235 D PowerManagerService: acquireWakeLock: ignoring request from com.google.android.apps.photos
07-28 18:29:56.525  1847  4628 D PowerManagerService: acquireWakeLock: ignoring request from com.google.android.apps.photos
07-28 18:30:21.885  1847  4244 I PowerManagerService: Waking up from sleep (uid 1000)...
07-28 18:30:21.896  1847  2186 I DisplayPowerController: Blocking screen on until initial contents have been drawn.
07-28 18:30:21.906  1847  2171 I DisplayManagerService: Display device changed state: "Built-in Screen", ON
07-28 18:30:22.016  1847  2186 I DisplayPowerController: Unblocked screen on after 120 ms
07-28 18:30:22.350  1847  5300 D PowerManagerService: acquireWakeLock: ignoring request from com.google.android.apps.photos
07-28 18:30:22.353  1847  5307 D PowerManagerService: acquireWakeLock: ignoring request from com.google.android.apps.photos
07-28 18:30:22.365  1847  4628 D PowerManagerService: acquireWakeLock: ignoring request from com.google.android.apps.photos
07-28 18:30:22.399  1847  5296 D PowerManagerService: acquireWakeLock: ignoring request from com.google.android.apps.photos
07-28 18:30:22.520  1847  4628 D PowerManagerService: acquireWakeLock: ignoring request from com.google.android.apps.photos
07-28 18:30:22.524  1847  5307 D PowerManagerService: acquireWakeLock: ignoring request from com.google.android.apps.photos
07-28 18:30:22.546  1847  5521 D PowerManagerService: acquireWakeLock: ignoring request from com.google.android.apps.photos
07-28 18:30:22.904  1847  5235 I ActivityManager: Start proc 10932:com.android.deskclock/u0a47 for broadcast com.android.deskclock/com.android.alarmclock.DigitalAppWidgetProvider
07-28 18:30:23.339  1847  5521 I ActivityManager: START u0 {flg=0x10000000 cmp=com.teslacoilsw.notifier/.BlankActivity} from uid 10077 on display 0
07-28 18:30:23.345  1847  5224 W InputMethodManagerService: Window already focused, ignoring focus gain of: com.android.internal.view.IInputMethodClient$Stub$Proxy@1fd1146 attribute=android.view.inputmethod.EditorInfo@627df07, token = android.os.BinderProxy@ad3689f
07-28 18:30:23.392  1847  5331 W InputMethodManagerService: Window already focused, ignoring focus gain of: com.android.internal.view.IInputMethodClient$Stub$Proxy@2d964a3 attribute=null, token = android.os.BinderProxy@ad3689f
07-28 18:30:23.422  1847  1871 I ActivityManager: Killing 10464:com.svox.pico/u0a59 (adj 15): empty #17
07-28 18:30:23.456  1847  1874 D ActivityManager: cleanUpApplicationRecord -- 10464
07-28 18:30:23.500  1847  5300 I ActivityManager: Start proc 10953:mikado.bizcalpro/u0a147 for broadcast mikado.bizcalpro/.alerts.OngoingNotificationReceiver
07-28 18:30:23.874  1847  5224 I ActivityManager: Killing 10264:com.quickoffice.android/u0a105 (adj 15): empty #17
07-28 18:30:23.911  1847  5519 D ActivityManager: cleanUpApplicationRecord -- 10264
07-28 18:30:25.040  1847  2200 I ActivityManager: Start proc 10988:com.android.defcontainer/u0a7 for service com.android.defcontainer/.DefaultContainerService
07-28 18:30:25.987  1847  4628 W InputMethodManagerService: Window already focused, ignoring focus gain of: com.android.internal.view.IInputMethodClient$Stub$Proxy@d1c8e8a attribute=null, token = android.os.BinderProxy@ad3689f
07-28 18:30:26.563  1847  2200 W PackageManager: Package com.teslacoilsw.launcher attempting to redeclare system permission com.android.launcher.permission.UNINSTALL_SHORTCUT; ignoring new declaration
07-28 18:30:26.563  1847  2200 W PackageManager: Package com.teslacoilsw.launcher attempting to redeclare system permission com.android.launcher.permission.INSTALL_SHORTCUT; ignoring new declaration
07-28 18:30:30.977  1847  4541 D ConnectivityService: updateNetworkScore for NetworkAgentInfo [WIFI () - 259] to 56
07-28 18:30:33.634  1847  1874 I ActivityManager: Killing 10327:de.robv.android.xposed.installer/u0a143 (adj 15): empty #17
07-28 18:30:33.648  1847  5223 D ActivityManager: cleanUpApplicationRecord -- 10327
07-28 18:30:33.920  1847  2130 I ActivityManager: Force stopping com.teslacoilsw.launcher appid=10077 user=-1: uninstall pkg
07-28 18:30:33.920  1847  2130 I ActivityManager: Killing 2866:com.teslacoilsw.launcher/u0a77 (adj 0): stop com.teslacoilsw.launcher
07-28 18:30:33.956  1847  1847 V NotificationListeners: notification listener connection lost: ComponentInfo{com.teslacoilsw.launcher/com.teslacoilsw.launcher.notificationlistener.NotificationListener}
07-28 18:30:33.957  1847  4628 W WindowManager: Attempted to remove non-existing token: android.os.Binder@51afe07
07-28 18:30:33.957  1847  4628 W WindowManager: Attempted to remove non-existing token: android.os.Binder@d0c4463
07-28 18:30:33.958  1847  5235 I WindowState: WIN DEATH: Window{fde2dec u0 com.teslacoilsw.launcher/com.teslacoilsw.launcher.NovaLauncher}
07-28 18:30:33.962  1847  4628 W WindowManager: Attempted to remove non-existing token: android.os.Binder@25d15e1
07-28 18:30:33.997  1847  2130 D ActivityManager: cleanUpApplicationRecord -- 2866
07-28 18:30:33.997  1847  2130 W ActivityManager: Scheduling restart of crashed service com.teslacoilsw.launcher/.notificationlistener.NotificationListener in 1000ms
07-28 18:30:33.997  1847  2130 W ActivityManager: Scheduling restart of crashed service com.teslacoilsw.launcher/.NovaAccessibilityService in 11000ms
07-28 18:30:33.997  1847  2130 W ActivityManager: Scheduling restart of crashed service com.teslacoilsw.launcher/.NovaService in 21000ms
07-28 18:30:34.080  1847  2200 I PackageManager: Package com.teslacoilsw.launcher codePath changed from /data/app/com.teslacoilsw.launcher-1 to /data/app/com.teslacoilsw.launcher-2; Retaining data and using new
07-28 18:30:34.095  1847  2130 I ActivityManager: Start proc 11128:com.teslacoilsw.launcher/u0a77 for activity com.teslacoilsw.launcher/.NovaLauncher
07-28 18:30:34.095  1847  2130 I ActivityManager:   Force finishing activity ActivityRecord{94247a3 u0 com.teslacoilsw.launcher/.NovaLauncher t59625}
07-28 18:30:34.105  1847  2130 I ActivityManager:   Force stopping service ServiceRecord{8e29076 u0 com.teslacoilsw.launcher/.NovaService}
07-28 18:30:34.105  1847  2130 I ActivityManager:   Force stopping service ServiceRecord{cbd437f u0 com.teslacoilsw.launcher/.notificationlistener.NotificationListener}
07-28 18:30:34.105  1847  2130 I ActivityManager:   Force stopping service ServiceRecord{c33f6c8 u0 com.teslacoilsw.launcher/.NovaAccessibilityService}
07-28 18:30:34.108  1847  2130 I ActivityManager: Force stopping com.teslacoilsw.launcher appid=10077 user=-1: replace pkg
07-28 18:30:34.108  1847  2130 I ActivityManager: Killing 11128:com.teslacoilsw.launcher/u0a77 (adj -100): stop com.teslacoilsw.launcher
07-28 18:30:34.114  1847  2130 D ActivityManager: cleanUpApplicationRecord -- 11128
07-28 18:30:34.115  1847  2130 I ActivityManager:   Force finishing activity ActivityRecord{94247a3 u0 com.teslacoilsw.launcher/.NovaLauncher t59625 f}
07-28 18:30:34.115  1847  2130 W ActivityManager: Duplicate finish request for ActivityRecord{94247a3 u0 com.teslacoilsw.launcher/.NovaLauncher t59625 f}
07-28 18:30:34.119  1847  5300 W ActivityManager: Spurious death for ProcessRecord{af08e5a 0:com.teslacoilsw.launcher/u0a77}, curProc for 2866: null
07-28 18:30:34.122  1847  2200 W PackageManager: Code path for com.teslacoilsw.launcher changing from /data/app/com.teslacoilsw.launcher-1 to /data/app/com.teslacoilsw.launcher-2
07-28 18:30:34.122  1847  2200 W PackageManager: Resource path for com.teslacoilsw.launcher changing from /data/app/com.teslacoilsw.launcher-1 to /data/app/com.teslacoilsw.launcher-2
07-28 18:30:34.124  1847  2200 W PackageManager: Permission com.teslacoilsw.launcherclientproxy.permission.QSB from package com.teslacoilsw.launcher in an unknown group android.permission-group.SYSTEM_TOOLS
07-28 18:30:34.124  1847  2200 W PackageManager: Permission com.teslacoilsw.launcher.permission.QSB from package com.teslacoilsw.launcher in an unknown group android.permission-group.SYSTEM_TOOLS
07-28 18:30:34.125  1847  2200 W PackageManager: Permission com.teslacoilsw.launcher.permission.READ_SETTINGS from package com.teslacoilsw.launcher in an unknown group android.permission-group.SYSTEM_TOOLS
07-28 18:30:34.125  1847  2200 W PackageManager: Permission com.teslacoilsw.launcher.permission.WRITE_SETTINGS from package com.teslacoilsw.launcher in an unknown group android.permission-group.SYSTEM_TOOLS
07-28 18:30:34.329  1847  2200 I PackageManager: Un-granting permission android.permission.WRITE_MEDIA_STORAGE from package org.cyanogenmod.gello.browser (protectionLevel=18 flags=0x3889be45)
07-28 18:30:34.353  1847  2200 I PackageManager: Un-granting permission android.permission.WRITE_MEDIA_STORAGE from package com.keramidas.TitaniumBackup (protectionLevel=18 flags=0x3888be44)
07-28 18:30:35.092  1847  2200 I PackageManager: Un-granting permission android.permission.WRITE_MEDIA_STORAGE from package com.google.android.apps.photos (protectionLevel=18 flags=0x38d9be44)
07-28 18:30:35.402  1847  2200 I PackageManager: Un-granting permission android.permission.WRITE_MEDIA_STORAGE from package eu.thedarken.sdm (protectionLevel=18 flags=0x3898be44)
07-28 18:30:35.508  1847  2200 W PackageManager: Not granting permission android.permission.BIND_APPWIDGET to package com.teslacoilsw.launcher (protectionLevel=18 flags=0x38483e44)
07-28 18:30:35.508  1847  2200 W PackageManager: Unknown permission com.htc.launcher.permission.READ_SETTINGS in package com.teslacoilsw.launcher
07-28 18:30:35.508  1847  2200 W PackageManager: Unknown permission com.cyanogenmod.trebuchet.permission.READ_SETTINGS in package com.teslacoilsw.launcher
07-28 18:30:35.508  1847  2200 W PackageManager: Unknown permission org.adw.launcher.permission.READ_SETTINGS in package com.teslacoilsw.launcher
07-28 18:30:35.508  1847  2200 W PackageManager: Unknown permission org.adwfreak.launcher.permission.READ_SETTINGS in package com.teslacoilsw.launcher
07-28 18:30:35.508  1847  2200 W PackageManager: Unknown permission org.adw.launcher.permission.v2.READ_SETTINGS in package com.teslacoilsw.launcher
07-28 18:30:35.508  1847  2200 W PackageManager: Unknown permission org.adw.launcher.one.permission.READ_SETTINGS in package com.teslacoilsw.launcher
07-28 18:30:35.508  1847  2200 W PackageManager: Unknown permission com.anddoes.launcher.permission.READ_SETTINGS in package com.teslacoilsw.launcher
07-28 18:30:35.508  1847  2200 W PackageManager: Unknown permission com.android.launcher.permission.READ_SETTINGS in package com.teslacoilsw.launcher
07-28 18:30:35.508  1847  2200 W PackageManager: Unknown permission com.android.launcher3.permission.READ_SETTINGS in package com.teslacoilsw.launcher
07-28 18:30:35.508  1847  2200 W PackageManager: Unknown permission com.google.android.launcher.permission.READ_SETTINGS in package com.teslacoilsw.launcher
07-28 18:30:35.508  1847  2200 W PackageManager: Unknown permission com.actionlauncher.playstore.permission.READ_SETTINGS in package com.teslacoilsw.launcher
07-28 18:30:35.508  1847  2200 W PackageManager: Unknown permission home.solo.launcher.free.permission.READ_SETTINGS in package com.teslacoilsw.launcher
07-28 18:30:35.508  1847  2200 W PackageManager: Unknown permission com.huawei.android.launcher.permission.READ_SETTINGS in package com.teslacoilsw.launcher
07-28 18:30:35.508  1847  2200 W PackageManager: Unknown permission com.lge.launcher3.permission.READ_SETTINGS in package com.teslacoilsw.launcher
07-28 18:30:35.508  1847  2200 W PackageManager: Unknown permission com.google.android.apps.nexuslauncher.permission.READ_SETTINGS in package com.teslacoilsw.launcher
07-28 18:30:35.508  1847  2200 W PackageManager: Unknown permission net.oneplus.launcher.permission.READ_SETTINGS in package com.teslacoilsw.launcher
07-28 18:30:35.508  1847  2200 W PackageManager: Unknown permission com.samsung.android.launcher.permission.READ_SETTINGS in package com.teslacoilsw.launcher
07-28 18:30:35.508  1847  2200 W PackageManager: Unknown permission android.permission.ACCESS_WEATHERCLOCK_PROVIDER in package com.teslacoilsw.launcher
07-28 18:30:35.508  1847  2200 W PackageManager: Unknown permission com.huawei.android.totemweather.permission.ACCESS_WEATHERCLOCK_PROVIDER in package com.teslacoilsw.launcher
07-28 18:30:35.672  1847  1847 I BrokerableCMSystemService: Connecting to implementation
07-28 18:30:35.672  1847  5484 I ActivityManager: Killing 10511:com.ceco.marshmallow.gravitybox/u0a119 (adj 15): empty #17
07-28 18:30:35.673  1847  1847 W ContextImpl: Calling a method in the system process without a qualified user: android.app.ContextImpl.bindService:1295 org.cyanogenmod.platform.internal.BrokerableCMSystemService.tryConnecting:199 org.cyanogenmod.platform.internal.BrokerableCMSystemService$1.handleMessage:165 android.os.Handler.dispatchMessage:102 android.os.Looper.loop:148 
07-28 18:30:35.684  1847  1847 W ActivityManager: Unable to start service Intent { cmp=org.cyanogenmod.themeservice/.ThemeManagerService } U=0: not found
07-28 18:30:35.684  1847  1847 E BrokerableCMSystemService: Failed to bind to implementation ComponentInfo{org.cyanogenmod.themeservice/org.cyanogenmod.themeservice.ThemeManagerService}
07-28 18:30:35.684  1847  5521 D ActivityManager: cleanUpApplicationRecord -- 10511
07-28 18:30:35.803  1847  5521 W InputMethodManagerService: Got RemoteException sending setActive(false) notification to pid 2866 uid 10077
07-28 18:30:37.871  1847  5519 I ActivityManager: START u0 {act=android.intent.action.MAIN cat=[android.intent.category.HOME] flg=0x10100000 cmp=com.teslacoilsw.launcher/.NovaLauncher} from uid 1000 on display 0
07-28 18:30:37.946  1847  5223 I ActivityManager: Start proc 11427:com.teslacoilsw.launcher/u0a77 for activity com.teslacoilsw.launcher/.NovaLauncher
07-28 18:30:37.949  1847  2130 I ActivityManager: Killing 10200:org.cyanogenmod.providers.datausage/1000 (adj 15): empty #17
07-28 18:30:37.992  1847  1871 D ActivityManager: cleanUpApplicationRecord -- 10200
07-28 18:30:39.859  1847  2200 W PackageManager: Couldn't remove dex file for package:  at location /data/app/com.teslacoilsw.launcher-1/base.apk, retcode=-1
07-28 18:30:39.862  1847  2200 I ActivityManager: Force stopping com.teslacoilsw.launcher appid=10077 user=0: pkg removed
07-28 18:30:39.862  1847  2200 I ActivityManager: Killing 11427:com.teslacoilsw.launcher/u0a77 (adj 0): stop com.teslacoilsw.launcher
07-28 18:30:39.878  1847  4159 I WindowState: WIN DEATH: Window{44d09b4 u0 com.teslacoilsw.launcher/com.teslacoilsw.launcher.NovaLauncher}
07-28 18:30:39.906  1847  2200 D ActivityManager: cleanUpApplicationRecord -- 11427
07-28 18:30:39.906  1847  2200 W ActivityManager: Scheduling restart of crashed service com.teslacoilsw.launcher/com.google.firebase.iid.FirebaseInstanceIdService in 3510ms
07-28 18:30:39.928  1847  2200 I ActivityManager: Start proc 11508:com.teslacoilsw.launcher/u0a77 for activity com.teslacoilsw.launcher/.NovaLauncher
07-28 18:30:39.930  1847  2200 I ActivityManager:   Force finishing activity ActivityRecord{7fffa89 u0 com.teslacoilsw.launcher/.NovaLauncher t59625}
07-28 18:30:39.937  1847  2200 I ActivityManager:   Force stopping service ServiceRecord{fe1e6bc u0 com.teslacoilsw.launcher/com.google.firebase.iid.FirebaseInstanceIdService}
07-28 18:30:39.959  1847  5484 W ActivityManager: Spurious death for ProcessRecord{8e4b645 0:com.teslacoilsw.launcher/u0a77}, curProc for 11427: null
07-28 18:30:39.962  1847  5224 I ActivityManager: Killing 8406:android.process.acore/u0a4 (adj 15): empty #17
07-28 18:30:40.005  1847  1847 V NotificationListeners: disabling notification listener for user 0: ComponentInfo{com.modoohut.dialer/com.modoohut.dialer.MissedCallNotificationListener}
07-28 18:30:40.020  1847  4541 D ConnectivityService: updateNetworkScore for NetworkAgentInfo [WIFI () - 259] to 60
07-28 18:30:40.046  1847  2130 I ActivityManager: Start proc 11520:org.cyanogenmod.providers.datausage/1000 for broadcast org.cyanogenmod.providers.datausage/.DataUsageAppInstallReceiver
07-28 18:30:40.047  1847  4628 D ActivityManager: cleanUpApplicationRecord -- 8406
07-28 18:30:40.054  1847  1847 V NotificationListeners: disabling notification listener for user 0: ComponentInfo{com.teslacoilsw.notifier/com.teslacoilsw.notifier.NotificationListener}
07-28 18:30:40.065  1847  1847 V NotificationListeners: disabling notification listener for user 0: ComponentInfo{com.laurencedawson.reddit_sync.pro/com.laurencedawson.reddit_sync.service.AllNotificationService}
07-28 18:30:40.067  1847  1847 V NotificationListeners: enabling notification listener for user 0: ComponentInfo{com.teslacoilsw.launcher/com.teslacoilsw.launcher.notificationlistener.NotificationListener}
07-28 18:30:40.094  1847  1847 V NotificationListeners: enabling notification listener for user 0: ComponentInfo{com.laurencedawson.reddit_sync.pro/com.laurencedawson.reddit_sync.service.AllNotificationService}
07-28 18:30:40.103  1847  1847 V NotificationListeners: enabling notification listener for user 0: ComponentInfo{com.modoohut.dialer/com.modoohut.dialer.MissedCallNotificationListener}
07-28 18:30:40.114  1847  1874 W InputMethodManagerService: Got RemoteException sending setActive(false) notification to pid 11427 uid 10077
07-28 18:30:40.140  1847  1847 V NotificationListeners: enabling notification listener for user 0: ComponentInfo{com.teslacoilsw.notifier/com.teslacoilsw.notifier.NotificationListener}
07-28 18:30:40.147  1847  1847 D JobSchedulerService: Receieved: android.intent.action.PACKAGE_REMOVED
07-28 18:30:40.336  1847  1847 V NotificationListeners: enabling notification listener for user 0: ComponentInfo{com.teslacoilsw.launcher/com.teslacoilsw.launcher.notificationlistener.NotificationListener}
07-28 18:30:40.337  1847  1847 V NotificationListeners: enabling notification listener for user 0: ComponentInfo{com.laurencedawson.reddit_sync.pro/com.laurencedawson.reddit_sync.service.AllNotificationService}
07-28 18:30:40.337  1847  1847 V NotificationListeners: enabling notification listener for user 0: ComponentInfo{com.modoohut.dialer/com.modoohut.dialer.MissedCallNotificationListener}
07-28 18:30:40.337  1847  1847 V NotificationListeners: enabling notification listener for user 0: ComponentInfo{com.teslacoilsw.notifier/com.teslacoilsw.notifier.NotificationListener}
07-28 18:30:40.545  1847  2129 W VoiceInteractionManagerService: no available voice recognition services found for user 0
07-28 18:30:40.552 11520 11520 W ContextImpl: Calling a method in the system process without a qualified user: android.app.ContextImpl.startService:1231 android.content.ContextWrapper.startService:587 android.content.ContextWrapper.startService:587 org.cyanogenmod.providers.datausage.DataUsageAppInstallReceiver.onReceive:47 android.app.ActivityThread.handleReceiver:2759 
07-28 18:30:40.583  1847  5484 I ActivityManager: Start proc 11561:android.process.acore/u0a4 for broadcast com.android.providers.contacts/.PackageIntentReceiver
07-28 18:30:41.121  1847  4628 I ActivityManager: Start proc 11591:com.google.android.gm/u0a108 for content provider com.google.android.gm/com.android.exchange.provider.ExchangeDirectoryProvider
07-28 18:30:41.210 11561 11561 W ActivityThread: ClassLoader.loadClass: The class loader returned by Thread.getContextClassLoader() may fail for processes that host multiple applications. You should explicitly specify a context class loader. For example: Thread.setContextClassLoader(getClass().getClassLoader());
07-28 18:30:41.251  1847  1871 I ActivityManager: Start proc 11604:com.android.keychain/1000 for broadcast com.android.keychain/.KeyChainBroadcastReceiver
07-28 18:30:41.252  1847  1871 I ActivityManager: Killing 10577:org.mozilla.firefox/u0a82 (adj 15): empty #17
07-28 18:30:41.291  1847  1871 I ActivityManager: Killing 10279:tw.fatminmin.xposed.minminguard/u0a172 (adj 15): empty #18
07-28 18:30:41.328  1847  5223 D ActivityManager: cleanUpApplicationRecord -- 10279
07-28 18:30:41.330  1847  5502 D ActivityManager: cleanUpApplicationRecord -- 10577
07-28 18:30:41.470  1847  5484 I ActivityManager: START u0 {act=android.intent.action.MAIN cat=[android.intent.category.HOME] flg=0x10000000 cmp=com.teslacoilsw.launcher/.NovaLauncher} from uid 0 on display 0
07-28 18:30:41.516 11591 11620 D ActivityThread: Loading provider com.google.android.gmail.provider;com.android.mail.notifier;com.google.android.gm.email.provider;com.google.android.gm.tasks.provider;com.google.android.gm.email.notifier: com.android.email.provider.EmailProvider
07-28 18:30:41.740  1847  5300 I ActivityManager: Start proc 11626:com.google.process.gapps/u0a69 for content provider com.google.android.syncadapters.contacts/.GalProvider
07-28 18:30:41.766  1847  5223 W ActivityManager: Unable to start service Intent { cmp=com.google.android.gm/com.android.email.service.AttachmentService } U=0: not found
07-28 18:30:41.958 11604 11604 W ContextImpl: Calling a method in the system process without a qualified user: android.app.ContextImpl.startService:1231 android.content.ContextWrapper.startService:587 android.content.ContextWrapper.startService:587 com.android.keychain.KeyChainBroadcastReceiver.onReceive:12 android.app.ActivityThread.handleReceiver:2759 
07-28 18:30:42.018  1847  5331 I ActivityManager: Killing 10601:eu.thedarken.sdm/u0a112 (adj 15): empty #17
07-28 18:30:42.096  1847  4628 D ActivityManager: cleanUpApplicationRecord -- 10601
07-28 18:30:42.321  1847  5223 I ActivityManager: Killing 10622:stericson.busybox/u0a104 (adj 15): empty #17
07-28 18:30:42.365  1847  5224 D ActivityManager: cleanUpApplicationRecord -- 10622
07-28 18:30:42.523 11626 11626 W ActivityThread: ClassLoader.loadClass: The class loader returned by Thread.getContextClassLoader() may fail for processes that host multiple applications. You should explicitly specify a context class loader. For example: Thread.setContextClassLoader(getClass().getClassLoader());
07-28 18:30:42.630  1847  5331 W ActivityManager: Unable to start service Intent { cmp=com.google.android.gm.exchange/com.android.exchange.service.EasService } U=0: not found
07-28 18:30:43.001  1847  4159 I ActivityManager: Start proc 11730:com.quickoffice.android/u0a105 for broadcast com.quickoffice.android/com.qo.android.quickoffice.QOBroadcastReceiver
07-28 18:30:43.039  1847  4541 D ConnectivityService: updateNetworkScore for NetworkAgentInfo [WIFI () - 259] to 56
07-28 18:30:43.226  1847  4628 I ActivityManager: Start proc 11745:tw.fatminmin.xposed.minminguard/u0a172 for content provider tw.fatminmin.xposed.minminguard/.MinMinProvider
07-28 18:30:43.499  1847  5224 I ActivityManager: Start proc 11768:de.robv.android.xposed.installer/u0a143 for broadcast de.robv.android.xposed.installer/.receivers.PackageChangeReceiver
07-28 18:30:43.504  1847  5224 I ActivityManager: Killing 10641:com.suyashsrijan.forcedoze/u0a552 (adj 15): empty #17
07-28 18:30:43.537  1847  5224 I ActivityManager: Killing 10394:biz.bokhorst.xprivacy/u0a170 (adj 15): empty #18
07-28 18:30:43.589  1847  4159 D ActivityManager: cleanUpApplicationRecord -- 10394
07-28 18:30:43.590  1847  1871 D ActivityManager: cleanUpApplicationRecord -- 10641
07-28 18:30:43.632  1847  5484 I ActivityManager: Start proc 11781:com.android.externalstorage/u0a8 for content provider com.android.externalstorage/.ExternalStorageProvider
07-28 18:30:43.664  1847  5502 I ActivityManager: Killing 10416:com.keramidas.TitaniumBackup/u0a83 (adj 15): empty #17
07-28 18:30:43.711  1847  5224 D ActivityManager: cleanUpApplicationRecord -- 10416
07-28 18:30:43.988  1847  1874 I ActivityManager: Start proc 11818:com.android.providers.calendar/u0a2 for content provider com.android.providers.calendar/.CalendarProvider2
07-28 18:30:44.144  5225 10393 E ActivityThread: Failed to find provider info for com.modoohut.provider.geocoder
07-28 18:30:44.156 11818 11818 W ActivityThread: ClassLoader.loadClass: The class loader returned by Thread.getContextClassLoader() may fail for processes that host multiple applications. You should explicitly specify a context class loader. For example: Thread.setContextClassLoader(getClass().getClassLoader());
07-28 18:30:44.168  1847  4628 I ActivityManager: Start proc 11836:biz.bokhorst.xprivacy/u0a170 for broadcast biz.bokhorst.xprivacy/.PackageChange
07-28 18:30:44.294  1847  5296 I ActivityManager: START u0 {flg=0x10000000 cmp=com.teslacoilsw.notifier/.BlankActivity} from uid 10077 on display 0
07-28 18:30:44.458  1847  5521 W InputMethodManagerService: Window already focused, ignoring focus gain of: com.android.internal.view.IInputMethodClient$Stub$Proxy@ee18ae4 attribute=null, token = android.os.BinderProxy@a382418
07-28 18:30:44.581  1847  5521 I ActivityManager: Start proc 11857:com.keramidas.TitaniumBackup/u0a83 for broadcast com.keramidas.TitaniumBackup/.PackageEventsReceiver
07-28 18:30:44.582  1847  5521 I ActivityManager: Killing 10654:com.topjohnwu.magisk/u0a54 (adj 15): empty #17
07-28 18:30:44.583  1847  5521 I libprocessgroup: Killing pid 10669 in uid 10054 as part of process group 10654
07-28 18:30:44.631  1847  5224 D ActivityManager: cleanUpApplicationRecord -- 10654
07-28 18:30:45.321  1847  4159 W BackupManagerService: dataChanged but no participant pkg='com.teslacoilsw.launcher' uid=10077
07-28 18:30:45.349  1847  5300 W BackupManagerService: dataChanged but no participant pkg='com.teslacoilsw.launcher' uid=10077
07-28 18:30:45.361  1847  5224 W BackupManagerService: dataChanged but no participant pkg='com.teslacoilsw.launcher' uid=10077
07-28 18:30:45.379  1847  5235 W BackupManagerService: dataChanged but no participant pkg='com.teslacoilsw.launcher' uid=10077
07-28 18:30:45.391  1847  5519 W BackupManagerService: dataChanged but no participant pkg='com.teslacoilsw.launcher' uid=10077
07-28 18:30:45.414  1847  5300 W BackupManagerService: dataChanged but no participant pkg='com.teslacoilsw.launcher' uid=10077
07-28 18:30:45.444  1847  5521 W BackupManagerService: dataChanged but no participant pkg='com.teslacoilsw.launcher' uid=10077
07-28 18:30:45.479  1847  4628 W BackupManagerService: dataChanged but no participant pkg='com.teslacoilsw.launcher' uid=10077
07-28 18:30:45.502  1847  5519 W BackupManagerService: dataChanged but no participant pkg='com.teslacoilsw.launcher' uid=10077
07-28 18:30:45.608  1847  5296 I ActivityManager: Killing 10673:com.google.android.apps.photos/u0a26 (adj 15): empty #17
07-28 18:30:45.630  1847  4628 D ActivityManager: cleanUpApplicationRecord -- 10673
07-28 18:30:45.699  1847  5300 I ActivityManager: Start proc 11885:com.teslacoilsw.launcher.prime/u0a169 for broadcast com.teslacoilsw.launcher.prime/.AnalyticsReceiver
07-28 18:30:46.148 11520 11520 W ContextImpl: Calling a method in the system process without a qualified user: android.app.ContextImpl.startService:1231 android.content.ContextWrapper.startService:587 android.content.ContextWrapper.startService:587 org.cyanogenmod.providers.datausage.DataUsageAppInstallReceiver.onReceive:47 android.app.ActivityThread.handleReceiver:2759 
07-28 18:30:46.196  1847  4629 I ActivityManager: Start proc 11900:com.google.android.partnersetup/u0a29 for broadcast com.google.android.partnersetup/.RlzPingBroadcastReceiver
07-28 18:30:46.201  1847  5224 I ActivityManager: Killing 10932:com.android.deskclock/u0a47 (adj 15): empty #17
07-28 18:30:46.261  1847  1874 D ActivityManager: cleanUpApplicationRecord -- 10932
07-28 18:30:46.573  1847  4628 I ActivityManager: Start proc 11919:com.svox.pico/u0a59 for broadcast com.svox.pico/.VoiceDataInstallerReceiver
07-28 18:30:46.578  1847  5235 I ActivityManager: Killing 10988:com.android.defcontainer/u0a7 (adj 15): empty #17
07-28 18:30:46.630  1847  5223 D ActivityManager: cleanUpApplicationRecord -- 10988
07-28 18:30:46.934  1847  5296 I ActivityManager: Killing 11591:com.google.android.gm/u0a108 (adj 15): empty #17
07-28 18:30:46.968  1847  5331 D ActivityManager: cleanUpApplicationRecord -- 11591
07-28 18:30:46.971  1847  5519 W ActivityManager: Unable to start service Intent { dat=wearsupportservice://auto_install_uninstall/com.teslacoilsw.launcher cmp=com.android.vending/com.google.android.finsky.wear.WearSupportService (has extras) } U=0: not found
07-28 18:30:47.030  1847  5484 W ActivityManager: Unable to start service Intent { act=com.google.android.gms.wearable.ACTION_PACKAGE_ADDED dat=package:com.teslacoilsw.launcher cmp=com.google.android.gms/.wearable.service.WearableControlService } U=0: not found
07-28 18:30:47.913  5225 10393 E ActivityThread: Failed to find provider info for com.modoohut.provider.geocoder
07-28 18:30:47.999  1847  5223 I ActivityManager: Start proc 11997:com.ceco.marshmallow.gravitybox/u0a119 for broadcast com.ceco.marshmallow.gravitybox/.UnlockActivity$PkgManagerReceiver
07-28 18:30:48.841  1847  5235 I ActivityManager: Killing 11626:com.google.process.gapps/u0a69 (adj 15): empty #17
07-28 18:30:48.865  1847  5484 D ActivityManager: cleanUpApplicationRecord -- 11626
07-28 18:30:48.871 11520 11520 W ContextImpl: Calling a method in the system process without a qualified user: android.app.ContextImpl.startService:1231 android.content.ContextWrapper.startService:587 android.content.ContextWrapper.startService:587 org.cyanogenmod.providers.datausage.DataUsageAppInstallReceiver.onReceive:47 android.app.ActivityThread.handleReceiver:2759 
07-28 18:30:48.923  1847  4159 I ActivityManager: Start proc 12035:org.mozilla.firefox/u0a82 for broadcast org.mozilla.firefox/org.mozilla.gecko.notifications.WhatsNewReceiver
07-28 18:30:49.169 12035 12059 W ActivityThread: ClassLoader.loadClass: The class loader returned by Thread.getContextClassLoader() may fail for processes that host multiple applications. You should explicitly specify a context class loader. For example: Thread.setContextClassLoader(getClass().getClassLoader());
07-28 18:30:49.332  1847  5296 I ActivityManager: Killing 11604:com.android.keychain/1000 (adj 15): empty #17
07-28 18:30:49.407  1847  5296 I ActivityManager: Start proc 12062:eu.thedarken.sdm/u0a112 for broadcast eu.thedarken.sdm/.scheduler.SchedulerWard
07-28 18:30:49.414  5225 10393 E ActivityThread: Failed to find provider info for com.modoohut.provider.geocoder
07-28 18:30:49.414  1847  5300 D ActivityManager: cleanUpApplicationRecord -- 11604
07-28 18:30:49.968  1847  5331 I ActivityManager: Start proc 12088:stericson.busybox/u0a104 for broadcast stericson.busybox/.receivers.OnUpgradeReceiver
07-28 18:30:49.969  1847  5331 I ActivityManager: Killing 11781:com.android.externalstorage/u0a8 (adj 15): empty #17
07-28 18:30:49.988  1847  5300 D ActivityManager: cleanUpApplicationRecord -- 11781
07-28 18:30:50.351  1847  5300 I ActivityManager: Start proc 12101:com.suyashsrijan.forcedoze/u0a552 for broadcast com.suyashsrijan.forcedoze/.AutoRestartOnUpdate
07-28 18:30:50.353  1847  5300 I ActivityManager: Killing 6464:dev.ukanth.iconmanager/u0a580 (adj 15): empty #17
07-28 18:30:50.392  1847  5521 D ActivityManager: cleanUpApplicationRecord -- 6464
07-28 18:30:50.778  1847  5300 I ActivityManager: Start proc 12115:com.topjohnwu.magisk/u0a54 for broadcast com.topjohnwu.magisk/.receivers.PackageReceiver
07-28 18:30:50.779  1847  5300 I ActivityManager: Killing 11885:com.teslacoilsw.launcher.prime/u0a169 (adj 15): empty #17
07-28 18:30:50.830  1847  1871 D ActivityManager: cleanUpApplicationRecord -- 11885
07-28 18:30:51.239  1847  5519 I ActivityManager: Start proc 12134:com.google.android.apps.photos/u0a26 for broadcast com.google.android.apps.photos/.backgroundsignin.BackgroundSignInBroadcastReceiver
07-28 18:30:51.240  1847  5519 I ActivityManager: Killing 11900:com.google.android.partnersetup/u0a29 (adj 15): empty #17
07-28 18:30:51.259  1847  1874 D ActivityManager: cleanUpApplicationRecord -- 11900
07-28 18:30:51.981  1847  5502 D PowerManagerService: acquireWakeLock: ignoring request from com.google.android.apps.photos
07-28 18:30:52.014  1847  5307 D PowerManagerService: acquireWakeLock: ignoring request from com.google.android.apps.photos
07-28 18:30:52.081  1847  4541 D ConnectivityService: updateNetworkScore for NetworkAgentInfo [WIFI () - 259] to 60
07-28 18:30:52.356  1847  5307 D PowerManagerService: acquireWakeLock: ignoring request from com.google.android.apps.photos
07-28 18:30:52.357  1847  4159 D PowerManagerService: acquireWakeLock: ignoring request from com.google.android.apps.photos
07-28 18:30:52.374  1847  4628 D PowerManagerService: acquireWakeLock: ignoring request from com.google.android.apps.photos
07-28 18:30:52.408  1847  1874 D PowerManagerService: acquireWakeLock: ignoring request from com.google.android.apps.photos
07-28 18:30:52.499  1847  5331 D PowerManagerService: acquireWakeLock: ignoring request from com.google.android.apps.photos
07-28 18:30:52.502  1847  5502 D PowerManagerService: acquireWakeLock: ignoring request from com.google.android.apps.photos
07-28 18:30:52.531  1847  5519 D PowerManagerService: acquireWakeLock: ignoring request from com.google.android.apps.photos
07-28 18:30:52.863  1847  4629 I ActivityManager: Start proc 12239:com.google.android.gm/u0a108 for broadcast com.google.android.gm/.widget.GmailWidgetProvider
07-28 18:30:53.172 12239 12255 D ActivityThread: Loading provider com.google.android.gmail.provider;com.android.mail.notifier;com.google.android.gm.email.provider;com.google.android.gm.tasks.provider;com.google.android.gm.email.notifier: com.android.email.provider.EmailProvider
07-28 18:30:53.371  1847  4629 W ActivityManager: Unable to start service Intent { cmp=com.google.android.gm/com.android.email.service.AttachmentService } U=0: not found
07-28 18:30:53.734  1847  5224 W ActivityManager: Unable to start service Intent { cmp=com.google.android.gm.exchange/com.android.exchange.service.EasService } U=0: not found
07-28 18:30:53.824  1847  5521 I ActivityManager: Start proc 12282:com.android.calendar/u0a42 for broadcast com.android.calendar/.alerts.AlertReceiver
07-28 18:30:53.869  1847  5223 I ActivityManager: Killing 11919:com.svox.pico/u0a59 (adj 15): empty #17
07-28 18:30:53.899  1847  5521 D ActivityManager: cleanUpApplicationRecord -- 11919
07-28 18:30:54.284  1847  1874 D PowerManagerService: acquireWakeLock: ignoring request from com.android.calendar
07-28 18:30:54.370  1847  4159 I ActivityManager: Start proc 12316:com.google.android.calendar/u0a73 for broadcast com.google.android.calendar/.alerts.AlertReceiver
07-28 18:30:54.730 12316 12316 W ActivityThread: ClassLoader.loadClass: The class loader returned by Thread.getContextClassLoader() may fail for processes that host multiple applications. You should explicitly specify a context class loader. For example: Thread.setContextClassLoader(getClass().getClassLoader());
07-28 18:30:55.084  1847  4541 D ConnectivityService: updateNetworkScore for NetworkAgentInfo [WIFI () - 259] to 56
07-28 18:30:56.282  1847  2186 I PowerManagerService: Going to sleep due to screen timeout (uid 1000)...
07-28 18:30:56.702  1847  2171 I DisplayManagerService: Display device changed state: "Built-in Screen", OFF
07-28 18:30:57.014  1847  2186 I PowerManagerService: Sleeping (uid 1000)...
07-28 18:30:59.013  1847  2186 W PowerManagerService: Sandman unresponsive, releasing suspend blocker
07-28 18:31:00.168  1847  1871 I ActivityManager: Killing 11730:com.quickoffice.android/u0a105 (adj 15): empty #17
07-28 18:31:00.208  1847  5296 D ActivityManager: cleanUpApplicationRecord -- 11730
07-28 18:31:00.214  1847  5331 I ActivityManager: Killing 11768:de.robv.android.xposed.installer/u0a143 (adj 15): empty #17
07-28 18:31:00.242  1847  4629 D ActivityManager: cleanUpApplicationRecord -- 11768
07-28 18:31:03.653  1847  5519 I ActivityManager: Killing 11520:org.cyanogenmod.providers.datausage/1000 (adj 15): empty #17
07-28 18:31:03.671  1847  5519 I ActivityManager: Killing 11997:com.ceco.marshmallow.gravitybox/u0a119 (adj 15): empty #18
07-28 18:31:03.688  1847  5224 D ActivityManager: cleanUpApplicationRecord -- 11520
07-28 18:31:03.690  1847  5223 D ActivityManager: cleanUpApplicationRecord -- 11997
07-28 18:31:35.989  1847  2129 I UsageStatsService: User[0] Flushing usage stats to disk
07-28 18:32:15.139  1847  4244 I PowerManagerService: Waking up from sleep (uid 1000)...
07-28 18:32:15.173  1847  2186 I DisplayPowerController: Blocking screen on until initial contents have been drawn.
07-28 18:32:15.177  1847  1847 I ActivityManager: Killing 12035:org.mozilla.firefox/u0a82 (adj 15): empty #17
07-28 18:32:15.235  1847  1847 I ActivityManager: Killing 11745:tw.fatminmin.xposed.minminguard/u0a172 (adj 15): empty #18
07-28 18:32:15.248  1847  1847 I ActivityManager: Killing 11561:android.process.acore/u0a4 (adj 15): empty #19
07-28 18:32:15.269  1847  5484 D ActivityManager: cleanUpApplicationRecord -- 11561
07-28 18:32:15.278  1847  1871 D ActivityManager: cleanUpApplicationRecord -- 12035
07-28 18:32:15.280  1847  2171 I DisplayManagerService: Display device changed state: "Built-in Screen", ON
07-28 18:32:15.283  1847  5224 D ActivityManager: cleanUpApplicationRecord -- 11745
07-28 18:32:15.376  1847  2186 I DisplayPowerController: Unblocked screen on after 202 ms
07-28 18:32:16.443  1847  5502 I ActivityManager: START u0 {flg=0x10000000 cmp=com.teslacoilsw.notifier/.BlankActivity} from uid 10077 on display 0
07-28 18:32:16.449  1847  4159 W InputMethodManagerService: Window already focused, ignoring focus gain of: com.android.internal.view.IInputMethodClient$Stub$Proxy@4a194c0 attribute=android.view.inputmethod.EditorInfo@9f05f9, token = android.os.BinderProxy@a382418
07-28 18:32:16.518  1847  5307 W InputMethodManagerService: Window already focused, ignoring focus gain of: com.android.internal.view.IInputMethodClient$Stub$Proxy@4cf8abb attribute=null, token = android.os.BinderProxy@a382418
07-28 18:32:18.298  1847  4541 D ConnectivityService: updateNetworkScore for NetworkAgentInfo [WIFI () - 259] to 60
07-28 18:32:18.488  1847  5224 W InputMethodManagerService: Window already focused, ignoring focus gain of: com.android.internal.view.IInputMethodClient$Stub$Proxy@580cdee attribute=null, token = android.os.BinderProxy@a382418
07-28 18:32:21.328  1847  4541 D ConnectivityService: updateNetworkScore for NetworkAgentInfo [WIFI () - 259] to 56
07-28 18:32:33.994   287  1306 E NetlinkEvent: NetlinkEvent::FindParam(): Parameter 'TIME_NS' not found
07-28 18:32:33.994   287  1306 E NetlinkEvent: NetlinkEvent::FindParam(): Parameter 'UID' not found
07-28 18:32:34.709  1847  5307 I ActivityManager: START u0 {act=android.intent.action.MAIN cat=[android.intent.category.LAUNCHER] flg=0x10200000 cmp=dev.ukanth.iconmanager/dev.ukanth.iconmgr.MainActivity (has extras)} from uid 10077 on display 0
07-28 18:32:35.235  1847  2130 W ActivityManager: Activity pause timeout for ActivityRecord{8b19ace u0 com.teslacoilsw.launcher/.NovaLauncher t62472}
07-28 18:32:35.266  1847  2130 I ActivityManager: Start proc 13488:dev.ukanth.iconmanager/u0a580 for activity dev.ukanth.iconmanager/dev.ukanth.iconmgr.MainActivity
07-28 18:32:37.999   287  1306 E NetlinkEvent: NetlinkEvent::FindParam(): Parameter 'TIME_NS' not found
07-28 18:32:37.999   287  1306 E NetlinkEvent: NetlinkEvent::FindParam(): Parameter 'UID' not found
07-28 18:32:43.519  1847  5331 I ActivityManager: START u0 {act=android.intent.action.UNINSTALL_PACKAGE dat=package:com.xda.miroex flg=0x14000000 cmp=com.google.android.packageinstaller/com.android.packageinstaller.UninstallerActivity} from uid 10580 on display 0
07-28 18:32:43.621  1847  5296 I ActivityManager: Start proc 13681:com.google.android.packageinstaller/u0a32 for activity com.google.android.packageinstaller/com.android.packageinstaller.UninstallerActivity
07-28 18:32:44.918  1847  4159 I ActivityManager: START u0 {act=android.intent.action.VIEW cmp=com.google.android.packageinstaller/com.android.packageinstaller.UninstallAppProgress (has extras)} from uid 10032 on display 0
07-28 18:32:45.023  1847  2130 I ActivityManager: Force stopping com.xda.miroex appid=10596 user=-1: uninstall pkg
07-28 18:32:45.433  1847  2200 W PackageManager: Couldn't remove dex file for package:  at location /data/app/com.xda.miroex-1/base.apk, retcode=-1
07-28 18:32:45.472  1847  2200 I ActivityManager: Start proc 13754:com.android.defcontainer/u0a7 for service com.android.defcontainer/.DefaultContainerService
07-28 18:32:45.475  1847  2200 I ActivityManager: Force stopping com.xda.miroex appid=10596 user=0: pkg removed
07-28 18:32:45.655  1847  2130 I ActivityManager: Start proc 13774:org.cyanogenmod.providers.datausage/1000 for broadcast org.cyanogenmod.providers.datausage/.DataUsageAppInstallReceiver
07-28 18:32:45.740  1847  1847 D JobSchedulerService: Receieved: android.intent.action.PACKAGE_REMOVED
07-28 18:32:45.805  1847  5331 W InputMethodManagerService: Starting input on non-focused client com.android.internal.view.IInputMethodClient$Stub$Proxy@7acdb1f (uid=10032 pid=13681)
07-28 18:32:46.004  1847  5519 I ActivityManager: Killing 12062:eu.thedarken.sdm/u0a112 (adj 15): empty #17
07-28 18:32:46.050  1847  4628 D ActivityManager: cleanUpApplicationRecord -- 12062
07-28 18:32:46.066 13774 13774 W ContextImpl: Calling a method in the system process without a qualified user: android.app.ContextImpl.startService:1231 android.content.ContextWrapper.startService:587 android.content.ContextWrapper.startService:587 org.cyanogenmod.providers.datausage.DataUsageAppInstallReceiver.onReceive:47 android.app.ActivityThread.handleReceiver:2759 
07-28 18:32:46.093  1847  5521 I ActivityManager: Start proc 13799:android.process.acore/u0a4 for broadcast com.android.providers.contacts/.PackageIntentReceiver
07-28 18:32:46.097  1847  4629 I ActivityManager: Killing 12088:stericson.busybox/u0a104 (adj 15): empty #17
07-28 18:32:46.142  1847  5223 D ActivityManager: cleanUpApplicationRecord -- 12088
07-28 18:32:46.563 13799 13813 W ActivityThread: ClassLoader.loadClass: The class loader returned by Thread.getContextClassLoader() may fail for processes that host multiple applications. You should explicitly specify a context class loader. For example: Thread.setContextClassLoader(getClass().getClassLoader());
07-28 18:32:46.595  1847  4628 I ActivityManager: Start proc 13818:com.google.process.gapps/u0a69 for content provider com.google.android.syncadapters.contacts/.GalProvider
07-28 18:32:46.686  1847  5502 I ActivityManager: Start proc 13840:com.android.keychain/1000 for broadcast com.android.keychain/.KeyChainBroadcastReceiver
07-28 18:32:46.796  1847  5224 I ActivityManager: Killing 11836:biz.bokhorst.xprivacy/u0a170 (adj 15): empty #17
07-28 18:32:46.821  1847  5223 D ActivityManager: cleanUpApplicationRecord -- 11836
07-28 18:32:46.890 13818 13818 W ActivityThread: ClassLoader.loadClass: The class loader returned by Thread.getContextClassLoader() may fail for processes that host multiple applications. You should explicitly specify a context class loader. For example: Thread.setContextClassLoader(getClass().getClassLoader());
07-28 18:32:47.035 13840 13840 W ContextImpl: Calling a method in the system process without a qualified user: android.app.ContextImpl.startService:1231 android.content.ContextWrapper.startService:587 android.content.ContextWrapper.startService:587 com.android.keychain.KeyChainBroadcastReceiver.onReceive:12 android.app.ActivityThread.handleReceiver:2759 
07-28 18:32:47.076  1847  5235 W ActivityManager: Unable to start service Intent { dat=wearsupportservice://auto_install_uninstall/com.xda.miroex cmp=com.android.vending/com.google.android.finsky.wear.WearSupportService (has extras) } U=0: not found
07-28 18:32:47.077  1847  5307 W ActivityManager: Unable to start service Intent { dat=wearsupportservice://send_installed_apps cmp=com.android.vending/com.google.android.finsky.wear.WearSupportService (has extras) } U=0: not found
07-28 18:32:47.222  1847  4628 W ActivityManager: Unable to start service Intent { act=com.google.android.gms.wearable.ACTION_PACKAGE_REMOVED dat=package:com.xda.miroex cmp=com.google.android.gms/.wearable.service.WearableControlService } U=0: not found
07-28 18:32:47.899  1847  4628 I ActivityManager: Start proc 13920:com.quickoffice.android/u0a105 for broadcast com.quickoffice.android/com.qo.android.quickoffice.QOBroadcastReceiver
07-28 18:32:48.108  1847  5235 I ActivityManager: Start proc 13939:tw.fatminmin.xposed.minminguard/u0a172 for content provider tw.fatminmin.xposed.minminguard/.MinMinProvider
07-28 18:32:48.358  1847  5502 I ActivityManager: Start proc 13961:de.robv.android.xposed.installer/u0a143 for broadcast de.robv.android.xposed.installer/.receivers.PackageChangeReceiver
07-28 18:32:48.360  1847  5502 I ActivityManager: Killing 11857:com.keramidas.TitaniumBackup/u0a83 (adj 15): empty #17
07-28 18:32:48.415  1847  5502 I ActivityManager: Killing 12101:com.suyashsrijan.forcedoze/u0a552 (adj 15): empty #18
07-28 18:32:48.446  1847  5331 D ActivityManager: cleanUpApplicationRecord -- 11857
07-28 18:32:48.450  1847  4159 D ActivityManager: cleanUpApplicationRecord -- 12101
07-28 18:32:48.506  1847  5331 I ActivityManager: Start proc 13976:com.android.externalstorage/u0a8 for content provider com.android.externalstorage/.ExternalStorageProvider
07-28 18:32:48.536  1847  5307 I ActivityManager: Killing 12115:com.topjohnwu.magisk/u0a54 (adj 15): empty #17
07-28 18:32:48.537  1847  5307 I libprocessgroup: Killing pid 12130 in uid 10054 as part of process group 12115
07-28 18:32:48.589  1847  5223 D ActivityManager: cleanUpApplicationRecord -- 12115
07-28 18:32:48.841  1847  5519 I ActivityManager: Killing 12134:com.google.android.apps.photos/u0a26 (adj 15): empty #17
07-28 18:32:48.866  1847  5223 D ActivityManager: cleanUpApplicationRecord -- 12134
07-28 18:32:48.890  1847  5307 I ActivityManager: Start proc 14012:biz.bokhorst.xprivacy/u0a170 for broadcast biz.bokhorst.xprivacy/.PackageChange
07-28 18:32:48.891  5225 14011 E ActivityThread: Failed to find provider info for com.modoohut.provider.geocoder
07-28 18:32:48.977  1847  1847 I ActivityManager: Killing 10697:com.google.process.gapps/u0a27 (adj 15): empty #17
07-28 18:32:49.009  1847  5307 D ActivityManager: cleanUpApplicationRecord -- 10697
07-28 18:32:49.391  1847  5296 I ActivityManager: Start proc 14032:com.keramidas.TitaniumBackup/u0a83 for broadcast com.keramidas.TitaniumBackup/.PackageEventsReceiver
07-28 18:32:49.393  1847  5296 I ActivityManager: Killing 12316:com.google.android.calendar/u0a73 (adj 15): empty #17
07-28 18:32:49.419  1847  5224 D ActivityManager: cleanUpApplicationRecord -- 12316
07-28 18:32:50.316  1847  5223 I ActivityManager: Killing 11818:com.android.providers.calendar/u0a2 (adj 15): empty #17
07-28 18:32:50.330  1847  5235 D ActivityManager: cleanUpApplicationRecord -- 11818
07-28 18:32:50.714 13774 13774 W ContextImpl: Calling a method in the system process without a qualified user: android.app.ContextImpl.startService:1231 android.content.ContextWrapper.startService:587 android.content.ContextWrapper.startService:587 org.cyanogenmod.providers.datausage.DataUsageAppInstallReceiver.onReceive:47 android.app.ActivityThread.handleReceiver:2759 
07-28 18:32:50.767  1847  1847 I ActivityManager: Start proc 14055:com.android.documentsui/u0a41 for broadcast com.android.documentsui/.PackageReceiver
07-28 18:32:50.963  1847  5296 I ActivityManager: Killing 12282:com.android.calendar/u0a42 (adj 15): empty #17
07-28 18:32:50.980  1847  4159 D ActivityManager: cleanUpApplicationRecord -- 12282
07-28 18:32:51.017  1847  5224 I ActivityManager: Start proc 14080:com.ceco.marshmallow.gravitybox/u0a119 for broadcast com.ceco.marshmallow.gravitybox/.UnlockActivity$PkgManagerReceiver
07-28 18:32:51.085  1847  4628 I ActivityManager: Start proc 14095:com.android.shell/2000 for content provider com.android.shell/.BugreportStorageProvider
07-28 18:32:51.137  1847  4629 I ActivityManager: Killing 10953:mikado.bizcalpro/u0a147 (adj 15): empty #17
07-28 18:32:51.156  1847  5521 D ActivityManager: cleanUpApplicationRecord -- 10953
07-28 18:32:51.354  1847  1871 I ActivityManager: Start proc 14109:com.google.android.apps.docs/u0a100 for content provider com.google.android.apps.docs/.storagebackend.StorageBackendContentProvider
07-28 18:32:51.408  1847  5235 I ActivityManager: Start proc 14122:com.topjohnwu.magisk/u0a54 for broadcast com.topjohnwu.magisk/.receivers.PackageReceiver
07-28 18:32:51.410  1847  5235 I ActivityManager: Killing 13754:com.android.defcontainer/u0a7 (adj 15): empty #17
07-28 18:32:51.456  1847  5502 I ActivityManager: Killing 13681:com.google.android.packageinstaller/u0a32 (adj 15): empty #17
07-28 18:32:51.522  1847  4628 D ActivityManager: cleanUpApplicationRecord -- 13754
07-28 18:32:51.526  1847  5307 D ActivityManager: cleanUpApplicationRecord -- 13681
07-28 18:32:52.015  1847  5502 I ActivityManager: Killing 13818:com.google.process.gapps/u0a69 (adj 15): empty #17
07-28 18:32:52.059  1847  5235 D ActivityManager: cleanUpApplicationRecord -- 13818
07-28 18:32:52.611  1847  5224 I ActivityManager: Start proc 14213:com.google.process.gapps/u0a27 for content provider com.google.android.gsf/.gservices.GservicesProvider
07-28 18:32:52.654  1847  5484 I ActivityManager: Killing 13840:com.android.keychain/1000 (adj 15): empty #17
07-28 18:32:52.697  1847  5521 D ActivityManager: cleanUpApplicationRecord -- 13840
07-28 18:32:52.793 14213 14213 W ActivityThread: ClassLoader.loadClass: The class loader returned by Thread.getContextClassLoader() may fail for processes that host multiple applications. You should explicitly specify a context class loader. For example: Thread.setContextClassLoader(getClass().getClassLoader());
07-28 18:32:57.598  1847  4541 D ConnectivityService: notifyType CAP_CHANGED for NetworkAgentInfo [WIFI () - 259]
07-28 18:33:02.136  1847  2130 I ActivityManager: Start proc 14370:com.google.android.apps.photos/u0a26 for broadcast com.google.android.apps.photos/.scheduler.AlarmReceiver
07-28 18:33:02.973  1847  5307 I ActivityManager: Killing 13920:com.quickoffice.android/u0a105 (adj 15): empty #17
07-28 18:33:02.992  1847  1874 D ActivityManager: cleanUpApplicationRecord -- 13920
07-28 18:33:06.601  1847  2186 I PowerManagerService: Going to sleep due to screen timeout (uid 1000)...
07-28 18:33:06.940  1847  2186 I ActivityManager: Killing 12239:com.google.android.gm/u0a108 (adj 15): empty #17
07-28 18:33:07.109  1847  2186 W ProcessCpuTracker: Skipping unknown process pid 14433
07-28 18:33:07.115  1847  2130 I ActivityManager: Killing 13799:android.process.acore/u0a4 (adj 15): empty #17
07-28 18:33:07.130  1847  2171 I DisplayManagerService: Display device changed state: "Built-in Screen", OFF
07-28 18:33:07.169  1847  4628 D ActivityManager: cleanUpApplicationRecord -- 12239
07-28 18:33:07.172  1847  5307 D ActivityManager: cleanUpApplicationRecord -- 13799
07-28 18:33:07.425  1847  2186 I PowerManagerService: Sleeping (uid 1000)...
07-28 18:33:09.427  1847  2186 W PowerManagerService: Sandman unresponsive, releasing suspend blocker
07-28 18:33:41.499  1847  4244 I PowerManagerService: Waking up from sleep (uid 1000)...
07-28 18:33:41.504  1847  5307 W InputMethodManagerService: Starting input on non-focused client com.android.internal.view.IInputMethodClient$Stub$Proxy@5a59efe (uid=10580 pid=13488)
07-28 18:33:41.515  1847  2186 I DisplayPowerController: Blocking screen on until initial contents have been drawn.
07-28 18:33:41.522  1847  2171 I DisplayManagerService: Display device changed state: "Built-in Screen", ON
07-28 18:33:41.700  1847  2186 I DisplayPowerController: Unblocked screen on after 185 ms
07-28 18:33:42.619  1847  1871 W InputMethodManagerService: Window already focused, ignoring focus gain of: com.android.internal.view.IInputMethodClient$Stub$Proxy@c769a86 attribute=android.view.inputmethod.EditorInfo@b38cf47, token = android.os.BinderProxy@c91b102
07-28 18:33:42.660  1847  5235 I ActivityManager: Start proc 14591:mikado.bizcalpro/u0a147 for broadcast mikado.bizcalpro/.alerts.OngoingNotificationReceiver
07-28 18:33:43.032  1847  5235 I ActivityManager: Killing 13939:tw.fatminmin.xposed.minminguard/u0a172 (adj 15): empty #17
07-28 18:33:43.055  1847  5521 D ActivityManager: cleanUpApplicationRecord -- 13939
07-28 18:33:44.563  1847  4541 D ConnectivityService: notifyType CAP_CHANGED for NetworkAgentInfo [WIFI () - 259]
07-28 18:33:50.604  1847  4541 D ConnectivityService: updateNetworkScore for NetworkAgentInfo [WIFI () - 259] to 60
07-28 18:33:50.948  1847  4159 I ActivityManager: START u0 {cmp=dev.ukanth.iconmanager/dev.ukanth.iconmgr.SettingsActivity} from uid 10580 on display 0
07-28 18:33:50.980  1847  5224 W InputMethodManagerService: Focus gain on non-focused client com.android.internal.view.IInputMethodClient$Stub$Proxy@5a59efe (uid=10580 pid=13488)
07-28 18:33:53.614  1847  4541 D ConnectivityService: updateNetworkScore for NetworkAgentInfo [WIFI () - 259] to 56
07-28 18:33:56.649  1847  4541 D ConnectivityService: updateNetworkScore for NetworkAgentInfo [WIFI () - 259] to 60
07-28 18:33:58.523  1847  5296 I ActivityManager: START u0 {cmp=dev.ukanth.iconmanager/dev.ukanth.iconmgr.SettingsActivity} from uid 10580 on display 0
07-28 18:34:00.349  1847  5300 I ActivityManager: START u0 {act=android.intent.action.MAIN cat=[android.intent.category.LAUNCHER] flg=0x14000000 pkg=dev.ukanth.iconmanager cmp=dev.ukanth.iconmanager/dev.ukanth.iconmgr.MainActivity} from uid 10580 on display 0
07-28 18:34:04.922  1847  5331 I ActivityManager: START u0 {cmp=dev.ukanth.iconmanager/dev.ukanth.iconmgr.SettingsActivity} from uid 10580 on display 0
07-28 18:34:05.690  1847  4541 D ConnectivityService: notifyType CAP_CHANGED for NetworkAgentInfo [WIFI () - 259]
07-28 18:34:07.605  1847  5521 I ActivityManager: START u0 {act=android.intent.action.MAIN cat=[android.intent.category.LAUNCHER] flg=0x14000000 pkg=dev.ukanth.iconmanager cmp=dev.ukanth.iconmanager/dev.ukanth.iconmgr.MainActivity} from uid 10580 on display 0
07-28 18:34:08.714  1847  4541 D ConnectivityService: notifyType CAP_CHANGED for NetworkAgentInfo [WIFI () - 259]
07-28 18:34:11.729  1847  4541 D ConnectivityService: updateNetworkScore for NetworkAgentInfo [WIFI () - 259] to 56
07-28 18:34:14.757  1847  4541 D ConnectivityService: updateNetworkScore for NetworkAgentInfo [WIFI () - 259] to 60
07-28 18:34:14.812  1847  5224 I ActivityManager: START u0 {cmp=dev.ukanth.iconmanager/dev.ukanth.iconmgr.SettingsActivity} from uid 10580 on display 0
07-28 18:34:16.603  1847  4159 I ActivityManager: START u0 {act=android.intent.action.MAIN cat=[android.intent.category.LAUNCHER] flg=0x14000000 pkg=dev.ukanth.iconmanager cmp=dev.ukanth.iconmanager/dev.ukanth.iconmgr.MainActivity} from uid 10580 on display 0
07-28 18:34:26.837  1847  4541 D ConnectivityService: updateNetworkScore for NetworkAgentInfo [WIFI () - 259] to 56
07-28 18:34:35.365  1847  2186 I PowerManagerService: Going to sleep due to screen timeout (uid 1000)...
07-28 18:34:35.839  1847  2171 I DisplayManagerService: Display device changed state: "Built-in Screen", OFF
07-28 18:34:36.145  1847  2186 I PowerManagerService: Sleeping (uid 1000)...
07-28 18:34:38.144  1847  2186 W PowerManagerService: Sandman unresponsive, releasing suspend blocker
07-28 18:34:48.434  1847  5224 D ConnectivityService: reportNetworkConnectivity(259, false) by 10027
07-28 18:34:48.438  1847  4541 D ConnectivityService: setProvNotificationVisibleIntent null visible=false networkType=MOBILE extraInfo=null highPriority=false
07-28 18:34:48.438  1847  4541 D ConnectivityService: NetworkAgentInfo [WIFI () - 259] validation  passed
07-28 18:39:19.340  1847  4244 I PowerManagerService: Waking up from sleep (uid 1000)...
07-28 18:39:19.369  1847  2186 I DisplayPowerController: Blocking screen on until initial contents have been drawn.
07-28 18:39:19.378  1847  2171 I DisplayManagerService: Display device changed state: "Built-in Screen", ON
07-28 18:39:19.592  1847  2186 I DisplayPowerController: Unblocked screen on after 223 ms
07-28 18:39:20.419  1847  4159 W InputMethodManagerService: Window already focused, ignoring focus gain of: com.android.internal.view.IInputMethodClient$Stub$Proxy@62285ea attribute=android.view.inputmethod.EditorInfo@e7c80db, token = android.os.BinderProxy@36a69fc
07-28 18:39:21.916  1847  5502 I ActivityManager: START u0 {flg=0x10000000 cmp=com.teslacoilsw.notifier/.BlankActivity} from uid 10077 on display 0
07-28 18:39:21.972  1847  5521 W InputMethodManagerService: Window already focused, ignoring focus gain of: com.android.internal.view.IInputMethodClient$Stub$Proxy@b4b7eaf attribute=null, token = android.os.BinderProxy@a382418
07-28 18:39:22.025  1847  5331 I ActivityManager: Killing 13961:de.robv.android.xposed.installer/u0a143 (adj 15): empty #17
07-28 18:39:22.056  1847  5235 D ActivityManager: cleanUpApplicationRecord -- 13961
07-28 18:39:23.508  1847  4244 I PowerManagerService: Going to sleep due to power button (uid 1000)...
07-28 18:39:23.862  1847  2171 I DisplayManagerService: Display device changed state: "Built-in Screen", OFF
07-28 18:39:24.151  1847  2186 I PowerManagerService: Sleeping (uid 1000)...
07-28 18:39:26.151  1847  2186 W PowerManagerService: Sandman unresponsive, releasing suspend blocker
07-28 18:39:43.209  1847  4244 I PowerManagerService: Waking up from sleep (uid 1000)...
07-28 18:39:43.220  1847  2186 I DisplayPowerController: Blocking screen on until initial contents have been drawn.
07-28 18:39:43.226  1847  2171 I DisplayManagerService: Display device changed state: "Built-in Screen", ON
07-28 18:39:43.362  1847  2186 I DisplayPowerController: Unblocked screen on after 142 ms
07-28 18:39:44.133  1847  1874 I ActivityManager: START u0 {flg=0x10000000 cmp=com.teslacoilsw.notifier/.BlankActivity} from uid 10077 on display 0
07-28 18:39:44.141  1847  5296 W InputMethodManagerService: Window already focused, ignoring focus gain of: com.android.internal.view.IInputMethodClient$Stub$Proxy@cb145dd attribute=android.view.inputmethod.EditorInfo@b24552, token = android.os.BinderProxy@a382418
07-28 18:39:44.190  1847  1874 W InputMethodManagerService: Window already focused, ignoring focus gain of: com.android.internal.view.IInputMethodClient$Stub$Proxy@e9c5395 attribute=null, token = android.os.BinderProxy@a382418
07-28 18:39:55.384  1847  4541 D ConnectivityService: notifyType CAP_CHANGED for NetworkAgentInfo [WIFI () - 259]
07-28 18:39:58.225  1847  4244 I PowerManagerService: Going to sleep due to power button (uid 1000)...
07-28 18:39:58.397  1847  4541 D ConnectivityService: notifyType CAP_CHANGED for NetworkAgentInfo [WIFI () - 259]
07-28 18:39:58.554  1847  4244 I PowerManagerService: Waking up from dozing (uid 1000)...
07-28 18:39:58.680  1847  2171 I DisplayManagerService: Display device changed state: "Built-in Screen", OFF
07-28 18:39:58.700  1847  2186 I DisplayPowerController: Blocking screen on until initial contents have been drawn.
07-28 18:39:58.738  1847  5296 I ActivityManager: START u0 {flg=0x10000000 cmp=com.teslacoilsw.notifier/.BlankActivity} from uid 10077 on display 0
07-28 18:39:58.984  1847  2171 I DisplayManagerService: Display device changed state: "Built-in Screen", ON
07-28 18:39:59.729  1847  2131 W WindowManager: Keyguard drawn timeout. Setting mKeyguardDrawComplete
07-28 18:40:00.731  1847  2171 W WindowManager: Timeout waiting for drawn: undrawn=[Window{77e3ecf u0 StatusBar}]
07-28 18:40:00.731  1847  2186 I DisplayPowerController: Unblocked screen on after 2031 ms
07-28 18:40:01.107  1847  1847 I PowerManagerService: Going to sleep by application request (uid 1000)...
07-28 18:40:01.215  1847  2171 W WindowManager: Window freeze timeout expired.
07-28 18:40:01.215  1847  2171 W WindowManager: Force clearing orientation change: Window{77e3ecf u0 StatusBar}
07-28 18:40:01.407  1847  2171 I DisplayManagerService: Display device changed state: "Built-in Screen", OFF
07-28 18:40:01.701  1847  2186 I PowerManagerService: Sleeping (uid 1000)...
07-28 18:40:02.109  1847  4244 I PowerManagerService: Waking up from sleep (uid 1000)...
07-28 18:40:02.127  1847  2186 I DisplayPowerController: Blocking screen on until initial contents have been drawn.
07-28 18:40:02.134  1847  2171 I DisplayManagerService: Display device changed state: "Built-in Screen", ON
07-28 18:40:03.127  1847  2131 W WindowManager: Keyguard drawn timeout. Setting mKeyguardDrawComplete
07-28 18:40:03.491  1847  2171 E WindowAnimator: Timeout waiting for animation to startup
07-28 18:40:03.702  1847  2186 W PowerManagerService: Sandman unresponsive, releasing suspend blocker
07-28 18:40:03.803  1847  5296 I ActivityManager: START u0 {flg=0x10000000 cmp=com.teslacoilsw.notifier/.BlankActivity} from uid 10077 on display 0
07-28 18:40:03.814  1847  1874 W InputMethodManagerService: Window already focused, ignoring focus gain of: com.android.internal.view.IInputMethodClient$Stub$Proxy@f52c7ba attribute=android.view.inputmethod.EditorInfo@2f5e66b, token = android.os.BinderProxy@a382418
07-28 18:40:03.821  1847  2186 I DisplayPowerController: Unblocked screen on after 1695 ms
07-28 18:40:03.886  1847  1871 W InputMethodManagerService: Window already focused, ignoring focus gain of: com.android.internal.view.IInputMethodClient$Stub$Proxy@805df5e attribute=null, token = android.os.BinderProxy@a382418
07-28 18:40:04.004  1847  4244 I PowerManagerService: Going to sleep due to power button (uid 1000)...
07-28 18:40:04.343  1847  2171 I DisplayManagerService: Display device changed state: "Built-in Screen", OFF
07-28 18:40:04.574  1847  4244 I PowerManagerService: Waking up from dozing (uid 1000)...
07-28 18:40:04.608  1847  2186 I DisplayPowerController: Blocking screen on until initial contents have been drawn.
07-28 18:40:04.643  1847  5223 I ActivityManager: START u0 {flg=0x10000000 cmp=com.teslacoilsw.notifier/.BlankActivity} from uid 10077 on display 0
07-28 18:40:04.672  1847  2171 I DisplayManagerService: Display device changed state: "Built-in Screen", ON
07-28 18:40:04.713  1847  4541 D ConnectivityService: notifyType CAP_CHANGED for NetworkAgentInfo [WIFI () - 259]
07-28 18:40:04.736  1847  5296 W InputMethodManagerService: Window already focused, ignoring focus gain of: com.android.internal.view.IInputMethodClient$Stub$Proxy@81b5209 attribute=android.view.inputmethod.EditorInfo@296dc0e, token = android.os.BinderProxy@a382418
07-28 18:40:05.637  1847  2131 W WindowManager: Keyguard drawn timeout. Setting mKeyguardDrawComplete
07-28 18:40:05.762  1847  2186 I DisplayPowerController: Unblocked screen on after 1154 ms
07-28 18:40:06.870  1847  4541 D ConnectivityService: notifyType CAP_CHANGED for NetworkAgentInfo [WIFI () - 259]
07-28 18:40:12.914  1847  4541 D ConnectivityService: updateNetworkScore for NetworkAgentInfo [WIFI () - 259] to 60
07-28 18:40:16.413  1847  2186 I PowerManagerService: Going to sleep due to screen timeout (uid 1000)...
07-28 18:40:16.789  1847  2171 I DisplayManagerService: Display device changed state: "Built-in Screen", OFF
07-28 18:40:17.106  1847  2186 I PowerManagerService: Sleeping (uid 1000)...
07-28 18:40:19.107  1847  2186 W PowerManagerService: Sandman unresponsive, releasing suspend blocker
07-28 18:40:28.175  1847  4244 I PowerManagerService: Waking up from sleep (uid 1000)...
07-28 18:40:28.222  1847  2186 I DisplayPowerController: Blocking screen on until initial contents have been drawn.
07-28 18:40:28.227  1847  2171 I DisplayManagerService: Display device changed state: "Built-in Screen", ON
07-28 18:40:28.409  1847  2186 I DisplayPowerController: Unblocked screen on after 187 ms
07-28 18:40:29.464  1847  5331 W InputMethodManagerService: Window already focused, ignoring focus gain of: com.android.internal.view.IInputMethodClient$Stub$Proxy@21432a0 attribute=android.view.inputmethod.EditorInfo@1c67e59, token = android.os.BinderProxy@a382418
07-28 18:40:29.465  1847  5484 I ActivityManager: START u0 {flg=0x10000000 cmp=com.teslacoilsw.notifier/.BlankActivity} from uid 10077 on display 0
07-28 18:40:29.525  1847  5224 W InputMethodManagerService: Window already focused, ignoring focus gain of: com.android.internal.view.IInputMethodClient$Stub$Proxy@1c04ef6 attribute=null, token = android.os.BinderProxy@a382418
07-28 18:40:31.284  1847  4541 D ConnectivityService: notifyType CAP_CHANGED for NetworkAgentInfo [WIFI () - 259]
07-28 18:40:31.325  1847  4541 D ConnectivityService: updateNetworkScore for NetworkAgentInfo [WIFI () - 259] to 56
07-28 18:40:31.678  1847  4159 I ActivityManager: START u0 {act=android.intent.action.MAIN cat=[android.intent.category.LAUNCHER] flg=0x10200000 cmp=org.cyanogenmod.snap/com.android.camera.CameraLauncher bnds=[810,1652][1080,1808] (has extras)} from uid 10077 on display 0
07-28 18:40:31.830  1847  5521 I ActivityManager: Start proc 17025:org.cyanogenmod.snap/u0a68 for activity org.cyanogenmod.snap/com.android.camera.CameraLauncher
07-28 18:40:34.312  1847  4541 D ConnectivityService: notifyType CAP_CHANGED for NetworkAgentInfo [WIFI () - 259]
07-28 18:40:37.873  1847  4243 I ActivityManager: START u0 {act=android.intent.action.MAIN cat=[android.intent.category.HOME] flg=0x10200000 cmp=com.teslacoilsw.launcher/.NovaLauncher (has extras)} from uid 1000 on display 0
07-28 18:40:38.065  1847  5223 I ActivityManager: START u0 {flg=0x10000000 cmp=com.teslacoilsw.notifier/.BlankActivity} from uid 10077 on display 0
07-28 18:40:38.160  1847  5307 W InputMethodManagerService: Window already focused, ignoring focus gain of: com.android.internal.view.IInputMethodClient$Stub$Proxy@661beb7 attribute=null, token = android.os.BinderProxy@a382418
07-28 18:40:40.346  1847  4541 D ConnectivityService: updateNetworkScore for NetworkAgentInfo [WIFI () - 259] to 60
07-28 18:40:41.776  1847  2130 I ProcessStatsService: Prepared write state in 5ms
07-28 18:40:49.401  1847  4541 D ConnectivityService: updateNetworkScore for NetworkAgentInfo [WIFI () - 259] to 56
07-28 18:40:51.906  1847  4159 I ActivityManager: START u0 {act=android.intent.action.MAIN cat=[android.intent.category.LAUNCHER] flg=0x10200000 cmp=com.alensw.PicFolder/.GalleryActivity (has extras)} from uid 10077 on display 0
07-28 18:40:52.059  1847  1874 I ActivityManager: Start proc 17423:com.alensw.PicFolder/u0a180 for activity com.alensw.PicFolder/.GalleryActivity
07-28 18:40:52.422  1847  4541 D ConnectivityService: updateNetworkScore for NetworkAgentInfo [WIFI () - 259] to 60
07-28 18:40:54.689  1847  1874 I ActivityManager: START u0 {flg=0x10000000 cmp=com.teslacoilsw.notifier/.BlankActivity} from uid 10077 on display 0
07-28 18:40:54.761  1847  5224 W InputMethodManagerService: Window already focused, ignoring focus gain of: com.android.internal.view.IInputMethodClient$Stub$Proxy@669cf8f attribute=null, token = android.os.BinderProxy@a382418
07-28 18:41:01.487  1847  4541 D ConnectivityService: updateNetworkScore for NetworkAgentInfo [WIFI () - 259] to 56
07-28 18:41:04.525  1847  4541 D ConnectivityService: notifyType CAP_CHANGED for NetworkAgentInfo [WIFI () - 259]
07-28 18:41:04.565  1847  4541 D ConnectivityService: updateNetworkScore for NetworkAgentInfo [WIFI () - 259] to 60
07-28 18:41:06.967  1847  4244 I PowerManagerService: Going to sleep due to power button (uid 1000)...
07-28 18:41:07.360  1847  2130 I ActivityManager: Killing 14012:biz.bokhorst.xprivacy/u0a170 (adj 15): empty #17
07-28 18:41:07.395  1847  2171 I DisplayManagerService: Display device changed state: "Built-in Screen", OFF
07-28 18:41:07.485  1847  1871 D ActivityManager: cleanUpApplicationRecord -- 14012
07-28 18:41:07.555  1847  4541 D ConnectivityService: notifyType CAP_CHANGED for NetworkAgentInfo [WIFI () - 259]
07-28 18:41:07.558  1847  4541 D ConnectivityService: updateNetworkScore for NetworkAgentInfo [WIFI () - 259] to 56
07-28 18:41:07.685  1847  2186 I PowerManagerService: Sleeping (uid 1000)...
07-28 18:41:09.685  1847  2186 W PowerManagerService: Sandman unresponsive, releasing suspend blocker
07-28 18:41:17.599  1847  4244 I PowerManagerService: Waking up from sleep (uid 1000)...
07-28 18:41:17.625  1847  2186 I DisplayPowerController: Blocking screen on until initial contents have been drawn.
07-28 18:41:17.639  1847  2171 I DisplayManagerService: Display device changed state: "Built-in Screen", ON
07-28 18:41:17.770  1847  2186 I DisplayPowerController: Unblocked screen on after 146 ms
07-28 18:41:23.686  1847  4541 D ConnectivityService: notifyType CAP_CHANGED for NetworkAgentInfo [WIFI () - 259]
07-28 18:41:26.706  1847  4541 D ConnectivityService: notifyType CAP_CHANGED for NetworkAgentInfo [WIFI () - 259]
07-28 18:41:28.315  1847  2186 I PowerManagerService: Going to sleep due to screen timeout (uid 1000)...
07-28 18:41:28.648  1847  2171 I DisplayManagerService: Display device changed state: "Built-in Screen", OFF
07-28 18:41:28.966  1847  2186 I PowerManagerService: Sleeping (uid 1000)...
07-28 18:41:30.966  1847  2186 W PowerManagerService: Sandman unresponsive, releasing suspend blocker
07-28 18:42:23.891  1847  4244 I PowerManagerService: Waking up from sleep (uid 1000)...
07-28 18:42:23.932  1847  2186 I DisplayPowerController: Blocking screen on until initial contents have been drawn.
07-28 18:42:23.937  1847  2171 I DisplayManagerService: Display device changed state: "Built-in Screen", ON
07-28 18:42:24.059  1847  2186 I DisplayPowerController: Unblocked screen on after 128 ms
07-28 18:42:24.439  1847  4244 I PowerManagerService: Going to sleep due to power button (uid 1000)...
07-28 18:42:24.726  1847  2171 I DisplayManagerService: Display device changed state: "Built-in Screen", OFF
07-28 18:42:25.024  1847  2186 I PowerManagerService: Sleeping (uid 1000)...
07-28 18:42:25.557  1847  2130 W ProcessCpuTracker: Skipping unknown process pid 18218
07-28 18:42:25.709  1847  4244 I PowerManagerService: Waking up from sleep (uid 1000)...
07-28 18:42:25.738  1847  2186 I DisplayPowerController: Blocking screen on until initial contents have been drawn.
07-28 18:42:25.746  1847  2171 I DisplayManagerService: Display device changed state: "Built-in Screen", ON
07-28 18:42:26.738  1847  2131 W WindowManager: Keyguard drawn timeout. Setting mKeyguardDrawComplete
07-28 18:42:27.023  1847  2186 W PowerManagerService: Sandman unresponsive, releasing suspend blocker
07-28 18:42:27.037  1847  2186 I DisplayPowerController: Unblocked screen on after 1299 ms
07-28 18:42:28.152  1847  5521 I ActivityManager: START u0 {flg=0x10000000 cmp=com.teslacoilsw.notifier/.BlankActivity} from uid 10077 on display 0
07-28 18:42:28.152  1847  1874 W InputMethodManagerService: Window already focused, ignoring focus gain of: com.android.internal.view.IInputMethodClient$Stub$Proxy@e1322ba attribute=android.view.inputmethod.EditorInfo@896a56b, token = android.os.BinderProxy@a382418
07-28 18:42:28.232  1847  5307 W InputMethodManagerService: Window already focused, ignoring focus gain of: com.android.internal.view.IInputMethodClient$Stub$Proxy@cf2230c attribute=null, token = android.os.BinderProxy@a382418
07-28 18:42:36.247  1847  4541 D ConnectivityService: updateNetworkScore for NetworkAgentInfo [WIFI () - 259] to 60
07-28 18:42:45.340  1847  4541 D ConnectivityService: updateNetworkScore for NetworkAgentInfo [WIFI () - 259] to 56
07-28 18:42:54.530  1847  2186 I PowerManagerService: Going to sleep due to screen timeout (uid 1000)...
07-28 18:42:54.932  1847  2171 I DisplayManagerService: Display device changed state: "Built-in Screen", OFF
07-28 18:42:55.220  1847  2186 I PowerManagerService: Sleeping (uid 1000)...
07-28 18:42:57.222  1847  2186 W PowerManagerService: Sandman unresponsive, releasing suspend blocker
07-28 18:43:26.856  1847  4244 I PowerManagerService: Waking up from sleep (uid 1000)...
07-28 18:43:26.911  1847  2186 I DisplayPowerController: Blocking screen on until initial contents have been drawn.
07-28 18:43:26.916  1847  2171 I DisplayManagerService: Display device changed state: "Built-in Screen", ON
07-28 18:43:27.120  1847  2186 I DisplayPowerController: Unblocked screen on after 209 ms
07-28 18:43:28.081  1847  5296 I ActivityManager: START u0 {flg=0x10000000 cmp=com.teslacoilsw.notifier/.BlankActivity} from uid 10077 on display 0
07-28 18:43:28.084  1847  5224 W InputMethodManagerService: Window already focused, ignoring focus gain of: com.android.internal.view.IInputMethodClient$Stub$Proxy@b6f9896 attribute=android.view.inputmethod.EditorInfo@905dc17, token = android.os.BinderProxy@a382418
07-28 18:43:28.156  1847  4159 W InputMethodManagerService: Window already focused, ignoring focus gain of: com.android.internal.view.IInputMethodClient$Stub$Proxy@a72370f attribute=null, token = android.os.BinderProxy@a382418
07-28 18:43:32.979  1847  4541 D ConnectivityService: notifyType CAP_CHANGED for NetworkAgentInfo [WIFI () - 259]
07-28 18:43:42.760  1847  2186 I PowerManagerService: Going to sleep due to screen timeout (uid 1000)...
07-28 18:43:43.112  1847  2186 W ProcessCpuTracker: Skipping unknown process pid 19045
07-28 18:43:43.128  1847  2171 I DisplayManagerService: Display device changed state: "Built-in Screen", OFF
07-28 18:43:43.433  1847  2186 I PowerManagerService: Sleeping (uid 1000)...
07-28 18:43:45.433  1847  2186 W PowerManagerService: Sandman unresponsive, releasing suspend blocker
07-28 18:43:49.164  1847  4244 I PowerManagerService: Waking up from sleep (uid 1000)...
07-28 18:43:49.170  1847  1874 W InputMethodManagerService: Starting input on non-focused client com.android.internal.view.IInputMethodClient$Stub$Proxy@1fb691 (uid=10077 pid=11508)
07-28 18:43:49.191  1847  2186 I DisplayPowerController: Blocking screen on until initial contents have been drawn.
07-28 18:43:49.205  1847  2171 I DisplayManagerService: Display device changed state: "Built-in Screen", ON
07-28 18:43:49.387  1847  2186 I DisplayPowerController: Unblocked screen on after 197 ms
07-28 18:43:50.052  1847  5224 I ActivityManager: START u0 {flg=0x10000000 cmp=com.teslacoilsw.notifier/.BlankActivity} from uid 10077 on display 0
07-28 18:43:50.055  1847  1874 W InputMethodManagerService: Window already focused, ignoring focus gain of: com.android.internal.view.IInputMethodClient$Stub$Proxy@8a6601 attribute=android.view.inputmethod.EditorInfo@bc7eca6, token = android.os.BinderProxy@a382418
07-28 18:43:50.134  1847  5331 W InputMethodManagerService: Window already focused, ignoring focus gain of: com.android.internal.view.IInputMethodClient$Stub$Proxy@e55ea7e attribute=null, token = android.os.BinderProxy@a382418
07-28 18:43:50.587  1847  2130 W ProcessCpuTracker: Skipping unknown process pid 19241
07-28 18:43:52.237  1847  4541 D ConnectivityService: notifyType CAP_CHANGED for NetworkAgentInfo [WIFI () - 259]
07-28 18:43:56.462  1847  5484 I ActivityManager: START u0 {act=android.intent.action.MAIN cat=[android.intent.category.LAUNCHER] flg=0x10200000 cmp=com.chrome.beta/com.google.android.apps.chrome.Main (has extras)} from uid 10077 on display 0
07-28 18:43:56.593  1847  5307 I ActivityManager: Start proc 19317:com.chrome.beta/u0a370 for activity com.chrome.beta/com.google.android.apps.chrome.Main
07-28 18:43:57.654  1847  4628 I ActivityManager: START u0 {act=android.intent.action.MAIN cat=[android.intent.category.LAUNCHER] flg=0x14002000 cmp=com.chrome.beta/org.chromium.chrome.browser.ChromeTabbedActivity bnds=[910,294][1058,474] (has extras)} from uid 10370 on display 0
07-28 18:43:58.147  1847  5235 I ActivityManager: Start proc 19378:com.chrome.beta:sandboxed_process0/u0i218 for service com.chrome.beta/org.chromium.content.app.SandboxedProcessService0
07-28 18:43:58.903  1847  1874 I ActivityManager: Start proc 19421:com.chrome.beta:privileged_process0/u0a370 for service com.chrome.beta/org.chromium.content.app.PrivilegedProcessService0
07-28 18:43:59.053  1847  4629 D ConnectivityService: listenForNetwork for Listen from uid/pid:10370/19317 for NetworkRequest [ id=997, legacyType=-1, [ Capabilities: INTERNET&NOT_RESTRICTED&TRUSTED] ]
07-28 18:43:59.109  1847  5519 D ConnectivityService: listenForNetwork for Listen from uid/pid:10370/19317 for NetworkRequest [ id=998, legacyType=-1, [ Capabilities: INTERNET&NOT_RESTRICTED&TRUSTED] ]
07-28 18:44:01.298  1847  4541 D ConnectivityService: updateNetworkScore for NetworkAgentInfo [WIFI () - 259] to 60
07-28 18:44:04.720  1847  4629 I ActivityManager: Start proc 19568:com.android.providers.calendar/u0a2 for content provider com.android.providers.calendar/.CalendarProvider2
07-28 18:44:04.894 19568 19568 W ActivityThread: ClassLoader.loadClass: The class loader returned by Thread.getContextClassLoader() may fail for processes that host multiple applications. You should explicitly specify a context class loader. For example: Thread.setContextClassLoader(getClass().getClassLoader());
07-28 18:44:06.004  1847  2130 I ActivityManager: Start proc 19611:com.android.calendar/u0a42 for broadcast com.android.calendar/.alerts.AlertReceiver
07-28 18:44:06.417  1847  1874 D PowerManagerService: acquireWakeLock: ignoring request from com.android.calendar
07-28 18:44:06.474  1847  5331 I ActivityManager: Start proc 19666:com.google.android.calendar/u0a73 for broadcast com.google.android.calendar/.alerts.AlertReceiver
07-28 18:44:06.849 19666 19666 W ActivityThread: ClassLoader.loadClass: The class loader returned by Thread.getContextClassLoader() may fail for processes that host multiple applications. You should explicitly specify a context class loader. For example: Thread.setContextClassLoader(getClass().getClassLoader());
07-28 18:44:10.348  1847  4541 D ConnectivityService: updateNetworkScore for NetworkAgentInfo [WIFI () - 259] to 56
07-28 18:44:12.501  1847  5296 I ActivityManager: Killing 14032:com.keramidas.TitaniumBackup/u0a83 (adj 15): empty #17
07-28 18:44:12.519  1847  5484 D ActivityManager: cleanUpApplicationRecord -- 14032
07-28 18:44:28.439  1847  4541 D ConnectivityService: updateNetworkScore for NetworkAgentInfo [WIFI () - 259] to 60
07-28 18:44:43.531  1847  4541 D ConnectivityService: updateNetworkScore for NetworkAgentInfo [WIFI () - 259] to 56
07-28 18:44:50.452  1847  2130 I ActivityManager: Killing 14055:com.android.documentsui/u0a41 (adj 15): empty #17
07-28 18:44:50.475  1847  2130 I ActivityManager: Killing 13774:org.cyanogenmod.providers.datausage/1000 (adj 15): empty #18
07-28 18:44:50.487  1847  5300 D ActivityManager: cleanUpApplicationRecord -- 14055
07-28 18:44:50.488  1847  5519 D ActivityManager: cleanUpApplicationRecord -- 13774
07-28 18:44:57.662  1847  2186 I PowerManagerService: Going to sleep due to screen timeout (uid 1000)...
07-28 18:44:58.096  1847  4541 D ConnectivityService: releasing NetworkRequest NetworkRequest [ id=998, legacyType=-1, [ Capabilities: INTERNET&NOT_RESTRICTED&TRUSTED] ]
07-28 18:44:58.104  1847  2171 I DisplayManagerService: Display device changed state: "Built-in Screen", OFF
07-28 18:44:58.384  1847  2186 I PowerManagerService: Sleeping (uid 1000)...
07-28 18:44:58.857  1847  4628 D ConnectivityService: reportNetworkConnectivity(259, false) by 10027
07-28 18:44:58.857  1847  4541 D ConnectivityService: setProvNotificationVisibleIntent null visible=false networkType=MOBILE extraInfo=null highPriority=false
07-28 18:44:58.858  1847  4541 D ConnectivityService: NetworkAgentInfo [WIFI () - 259] validation  passed
07-28 18:44:59.832  1847  2129 I ActivityManager: Start proc 20652:com.google.android.gm/u0a108 for service com.google.android.gm/.provider.MailSyncAdapterService
07-28 18:45:00.028 20652 20668 D ActivityThread: Loading provider com.google.android.gmail.provider;com.android.mail.notifier;com.google.android.gm.email.provider;com.google.android.gm.tasks.provider;com.google.android.gm.email.notifier: com.android.email.provider.EmailProvider
07-28 18:45:00.209  1847  5331 W ActivityManager: Unable to start service Intent { cmp=com.google.android.gm/com.android.email.service.AttachmentService } U=0: not found
07-28 18:45:00.384  1847  2186 W PowerManagerService: Sandman unresponsive, releasing suspend blocker
07-28 18:45:00.668  1847  5307 W ActivityManager: Unable to start service Intent { cmp=com.google.android.gm.exchange/com.android.exchange.service.EasService } U=0: not found
07-28 18:45:04.259  1847  5235 D PowerManagerService: acquireWakeLock: ignoring request from com.google.android.gm
07-28 18:45:04.271  1847  5502 D PowerManagerService: acquireWakeLock: ignoring request from com.google.android.gm
07-28 18:45:04.489  1847  5502 I ActivityManager: Start proc 20790:android.process.acore/u0a4 for content provider com.android.providers.contacts/.ContactsProvider2
07-28 18:45:04.518  1847  4244 I PowerManagerService: Waking up from sleep (uid 1000)...
07-28 18:45:04.540  1847  2186 I DisplayPowerController: Blocking screen on until initial contents have been drawn.
07-28 18:45:04.549  1847  2171 I DisplayManagerService: Display device changed state: "Built-in Screen", ON
07-28 18:45:04.601  1847  2130 I ActivityManager: Start proc 20826:com.android.deskclock/u0a47 for broadcast com.android.deskclock/com.android.alarmclock.DigitalAppWidgetProvider
07-28 18:45:04.638  1847  4541 D ConnectivityService: notifyType CAP_CHANGED for NetworkAgentInfo [WIFI () - 259]
07-28 18:45:04.696  1847  2186 I DisplayPowerController: Unblocked screen on after 156 ms
--------- beginning of main
07-28 18:45:05.240   293  3350 D ACDB-LOADER: ACDB -> send_asm_topology
07-28 18:45:05.240   293  3350 D ACDB-LOADER: ACDB -> ACDB_CMD_GET_AUDPROC_STREAM_TOPOLOGY_ID
07-28 18:45:05.240   293  3350 D ACDB-LOADER: ACDB -> send_audtable
07-28 18:45:05.240   293  3350 D ACDB-LOADER: ACDB -> ACDB_CMD_GET_AUDPROC_COMMON_TABLE
07-28 18:45:05.240   293  3350 D ACDB-LOADER: ACDB -> AUDIO_SET_AUDPROC_CAL
07-28 18:45:05.240   293  3350 D ACDB-LOADER: ACDB -> send_audvoltable
07-28 18:45:05.240   293  3350 D ACDB-LOADER: ACDB -> ACDB_CMD_GET_AUDPROC_GAIN_DEP_STEP_TABLE
07-28 18:45:05.240   293  3350 D ACDB-LOADER: ACDB -> AUDIO_SET_AUDPROC_VOL_CAL
07-28 18:45:05.240   293  3350 D ACDB-LOADER: ACDB -> send_afe_cal
07-28 18:45:05.240   293  3350 D ACDB-LOADER: ACDB -> ACDB_CMD_GET_AFE_COMMON_TABLE
07-28 18:45:05.240   293  3350 D ACDB-LOADER: ACDB -> AUDIO_SET_AFE_CAL
07-28 18:45:05.244   293  3350 D audio_hw_primary: select_devices: done
07-28 18:45:05.258  4576  4576 W asset   : failed to open idmap file /data/resource-cache/net.darkion.theme.maker.DarkOnyx/com.google.android.gm/idmap
07-28 18:45:05.336 20790 20865 E Parcel  : Reading a NULL string not supported here.
07-28 18:45:05.345 20790 20865 E Parcel  : Reading a NULL string not supported here.
07-28 18:45:05.354 20790 20865 E Parcel  : Reading a NULL string not supported here.
07-28 18:45:05.363 20790 20865 E Parcel  : Reading a NULL string not supported here.
07-28 18:45:05.374 20790 20865 E Parcel  : Reading a NULL string not supported here.
07-28 18:45:05.384 20790 20865 E Parcel  : Reading a NULL string not supported here.
07-28 18:45:05.400 20790 20865 E Parcel  : Reading a NULL string not supported here.
07-28 18:45:05.412 20790 20865 E Parcel  : Reading a NULL string not supported here.
07-28 18:45:05.423 20790 20865 E Parcel  : Reading a NULL string not supported here.
07-28 18:45:05.426  2889 17291 I Icing   : Indexing done D8A379175B3E6D95B69F95C7DE0FDCC1DD6FE20D
07-28 18:45:05.433 20790 20865 E Parcel  : Reading a NULL string not supported here.
07-28 18:45:05.443 20790 20865 D ContactDirectoryManager: Found com.google.android.gm.exchange.bundled.directory.provider
07-28 18:45:05.443 20790 20865 D ContactDirectoryManager: Found com.google.contacts.gal.provider
07-28 18:45:05.453 20790 20865 W ActivityThread: ClassLoader.loadClass: The class loader returned by Thread.getContextClassLoader() may fail for processes that host multiple applications. You should explicitly specify a context class loader. For example: Thread.setContextClassLoader(getClass().getClassLoader());
07-28 18:45:05.497  1847  5235 I ActivityManager: Start proc 20888:com.google.process.gapps/u0a69 for content provider com.google.android.syncadapters.contacts/.GalProvider
07-28 18:45:05.521  2889 17291 I Publisher: TcpProber has probed 2026e0bf56ddd7ef279077235f3c6f9d 3 times
07-28 18:45:05.595 20902 20902 E dex2oat : Failed to create oat file: /data/dalvik-cache/arm/system@app@GoogleContactsSyncAdapter@GoogleContactsSyncAdapter.apk@classes.dex: Permission denied
07-28 18:45:05.595 20902 20902 I dex2oat : dex2oat took 1.312ms (threads: 2) 
07-28 18:45:05.597 20888 20888 W art     : Failed execv(/system/bin/dex2oat --runtime-arg -classpath --runtime-arg /system/framework/XposedBridge.jar --instruction-set=arm --instruction-set-features=smp,-div,-atomic_ldrd_strd --runtime-arg -Xnorelocate --boot-image=/system/framework/boot.art --runtime-arg -Xms64m --runtime-arg -Xmx512m -j2 --instruction-set-variant=krait --instruction-set-features=default --dex-file=/system/app/GoogleContactsSyncAdapter/GoogleContactsSyncAdapter.apk --oat-file=/data/dalvik-cache/arm/system@app@GoogleContactsSyncAdapter@GoogleContactsSyncAdapter.apk@classes.dex) because non-0 exit status
07-28 18:45:05.640 20888 20888 W System  : ClassLoader referenced unknown path: /system/app/GoogleContactsSyncAdapter/lib/arm
07-28 18:45:05.675 20888 20888 W XPrivacy: Hooking package=com.google.android.syncadapters.contacts
07-28 18:45:05.689  4576  4576 D PhoneStatusBar: disable: < expand ICONS alerts SYSTEM_INFO back HOME RECENT clock SEARCH quick_settings >
07-28 18:45:05.723  4576  4576 D PhoneStatusBar: disable: < expand icons* alerts system_info* back HOME RECENT clock SEARCH quick_settings >
07-28 18:45:05.731  1847  5307 D ConnectivityService: listenForNetwork for Listen from uid/pid:10370/19317 for NetworkRequest [ id=999, legacyType=-1, [ Capabilities: INTERNET&NOT_RESTRICTED&TRUSTED] ]
07-28 18:45:05.840  1847  5484 W InputMethodManagerService: Window already focused, ignoring focus gain of: com.android.internal.view.IInputMethodClient$Stub$Proxy@26490dc attribute=android.view.inputmethod.EditorInfo@f1ce5e5, token = android.os.BinderProxy@266924
07-28 18:45:05.843  4576  4576 D PhoneStatusBar: disable: < expand icons alerts system_info back home* recent* clock search* quick_settings >
07-28 18:45:05.861  2889 20922 I Authzen : [DeviceStateSyncManager] The server is in sync with current state. Nothing to do
07-28 18:45:05.872  2922 20929 W ConfigurationChimeraProvider: Got null configs for com.google.android.gms.tapandpay_legacy_gservices
07-28 18:45:05.905 20888 20888 W ActivityThread: ClassLoader.loadClass: The class loader returned by Thread.getContextClassLoader() may fail for processes that host multiple applications. You should explicitly specify a context class loader. For example: Thread.setContextClassLoader(getClass().getClassLoader());
07-28 18:45:05.978 20888 20888 I GoogleHttpClient: GMS http client unavailable, use old client
07-28 18:45:05.980 20888 20888 W System  : ClassLoader referenced unknown path: /system/framework/tcmclient.jar
07-28 18:45:06.001 20790 20865 I ContactDirectoryManager: deleted 0 stale rows which don't have any relevant directory
07-28 18:45:06.002  1847  5224 I ActivityManager: Killing 13976:com.android.externalstorage/u0a8 (adj 15): empty #17
07-28 18:45:06.007 20790 20865 I ContactDirectoryManager: Discovered 0 contact directories in 743ms
07-28 18:45:06.046  1847  4629 D ActivityManager: cleanUpApplicationRecord -- 13976
07-28 18:45:06.561   293 20881 I NuPlayerDecoder: [audio] saw output EOS
07-28 18:45:06.575  4576  4576 D PhoneStatusBar: disable: < expand ICONS* alerts SYSTEM_INFO* back home recent clock search quick_settings >
07-28 18:45:06.575   293 20609 D NuPlayerDriver: stop(0xb21e4500)
07-28 18:45:06.575   293 20609 D NuPlayerDriver: notifyListener_l(0xb21e4500), (8, 0, 0)
07-28 18:45:06.576   293   994 D NuPlayerDriver: reset(0xb21e4500)
07-28 18:45:06.585   293 20877 D NuPlayerDriver: notifyResetComplete(0xb21e4500)
07-28 18:45:06.587  1847  4628 I chatty  : uid=1000(system) Binder_4 expire 1 line
07-28 18:45:07.560  4576  4576 D StatusBar: Clicked on content of 0|com.google.android.gm|1754063030|null|10108
07-28 18:45:07.600  1847  4628 W InputMethodManagerService: Window already focused, ignoring focus gain of: com.android.internal.view.IInputMethodClient$Stub$Proxy@980bd5b attribute=null, token = android.os.BinderProxy@266924
07-28 18:45:07.642  1847  4159 I ActivityManager: START u0 {act=android.intent.action.VIEW dat=content://com.android.gmail.ui/cumakt@gmail.com/conversation/1574172293685549286?appVersion=59434020&folderUri=content://com.android.gmail.ui/cumakt@gmail.com/label/%5Ei typ=application/gmail-ls flg=0x1000c000 cmp=com.google.android.gm/.ConversationListActivityGmail (has extras)} from uid 10108 on display 0
07-28 18:45:07.644  1847  4541 D ConnectivityService: notifyType CAP_CHANGED for NetworkAgentInfo [WIFI () - 259]
07-28 18:45:07.774  1847  4541 D ConnectivityService: releasing NetworkRequest NetworkRequest [ id=999, legacyType=-1, [ Capabilities: INTERNET&NOT_RESTRICTED&TRUSTED] ]
07-28 18:45:07.905  2889  1202 I Publisher: Triggered Adaptive Discovery
07-28 18:45:07.911  2889  1202 I Publisher: 1 Cast devices.
07-28 18:45:07.911  2889  1202 I Publisher: "g33kcast" (2026e0bf56ddd7ef279077235f3c6f9d) supported([]) notSupported([]) expired(true)
07-28 18:45:07.911  2889  1202 I Publisher: "g33kcast" (2026e0bf56ddd7ef279077235f3c6f9d) invoking TCP device prober. Missing filter criteria:[%urn:x-cast:com.google.cast.media]
07-28 18:45:07.911  2889  1202 I Publisher: TcpProber has probed 2026e0bf56ddd7ef279077235f3c6f9d 3 times
07-28 18:45:07.960  4576  4576 D PhoneStatusBar: disable: < expand icons* alerts system_info* back home recent clock search quick_settings >
07-28 18:45:08.065 20652 20652 W ActionBarDrawerToggle: DrawerToggle may not show up because NavigationIcon is not visible. You may need to call actionbar.setDisplayHomeAsUpEnabled(true);
07-28 18:45:08.150 20652 20652 V NFC     : this device does not have NFC support
07-28 18:45:08.230 20652 20998 D OpenGLRenderer: Use EGL_SWAP_BEHAVIOR_PRESERVED: true
07-28 18:45:08.241 20652 20667 W Gmail   : email_address in bundle is empty
07-28 18:45:08.410 20652 20652 I art     : Rejecting re-init on previously-failed class java.lang.Class<cph>
07-28 18:45:08.411 20652 20652 I art     : Rejecting re-init on previously-failed class java.lang.Class<cph>
07-28 18:45:08.411 20652 20652 I art     : Rejecting re-init on previously-failed class java.lang.Class<cph>
07-28 18:45:08.411 20652 20652 I art     : Rejecting re-init on previously-failed class java.lang.Class<cph>
07-28 18:45:08.448 20652 20652 I WebViewFactory: Loading com.android.webview version 51.0.2704.106 (code 1)
07-28 18:45:08.513 20652 20652 W System  : ClassLoader referenced unknown path: /system/app/webview/lib/arm
07-28 18:45:08.522 20652 20652 W XPrivacy: Hooking package=com.android.webview
07-28 18:45:08.566 20652 20652 I cr_LibraryLoader: Time to load native libraries: 12 ms (timestamps 3660-3672)
07-28 18:45:08.566 20652 20652 I cr_LibraryLoader: Expected native library version number "51.0.2704.106", actual native library version number "51.0.2704.106"
07-28 18:45:08.595 20652 20652 V WebViewChromiumFactoryProvider: Binding Chromium to main looper Looper (main, tid 1) {1c82734}
07-28 18:45:08.596 20652 20652 I cr_LibraryLoader: Expected native library version number "51.0.2704.106", actual native library version number "51.0.2704.106"
07-28 18:45:08.611 20652 20652 I chromium: [INFO:library_loader_hooks.cc(143)] Chromium logging enabled: level = 0, default verbosity = 0
07-28 18:45:08.650 20652 20652 I cr_BrowserStartup: Initializing chromium process, singleProcess=true
07-28 18:45:08.684 20652 20652 E ApkAssets: Error while loading asset assets/natives_blob_64.bin: java.io.FileNotFoundException: assets/natives_blob_64.bin
07-28 18:45:08.684 20652 20652 E ApkAssets: Error while loading asset assets/snapshot_blob_64.bin: java.io.FileNotFoundException: assets/snapshot_blob_64.bin
07-28 18:45:08.761 20652 20652 I Adreno-EGL: <qeglDrvAPI_eglInitialize:379>: EGL 1.4 QUALCOMM build: Nondeterministic_AU_msm8974_LA.BF.1.1.3_RB1__release_AU (I741a3d36ca)
07-28 18:45:08.761 20652 20652 I Adreno-EGL: OpenGL ES Shader Compiler Version: E031.29.00.00
07-28 18:45:08.761 20652 20652 I Adreno-EGL: Build Date: 04/04/16 Mon
07-28 18:45:08.761 20652 20652 I Adreno-EGL: Local Branch: mybranch19053788
07-28 18:45:08.761 20652 20652 I Adreno-EGL: Remote Branch: quic/LA.BF.1.1.3_rb1.12
07-28 18:45:08.761 20652 20652 I Adreno-EGL: Local Patches: NONE
07-28 18:45:08.761 20652 20652 I Adreno-EGL: Reconstruct Branch: NOTHING
07-28 18:45:08.832 20652 21015 W cr_media: Requires BLUETOOTH permission
07-28 18:45:08.843 20652 20652 I cr_DRP  : No DRP key due to exception:java.lang.ClassNotFoundException: com.android.webview.chromium.Drp
07-28 18:45:08.887  1847  4159 D ConnectivityService: listenForNetwork for Listen from uid/pid:10108/20652 for NetworkRequest [ id=1000, legacyType=-1, [ Capabilities: INTERNET&NOT_RESTRICTED&TRUSTED&NOT_VPN] ]
07-28 18:45:08.898 20652 20652 D cr_Ime  : [InputMethodManagerWrapper.java:30] Constructor
07-28 18:45:08.928 20652 20652 W cr_AwContents: onDetachedFromWindow called when already detached. Ignoring
07-28 18:45:08.930 20652 20652 D cr_Ime  : [InputMethodManagerWrapper.java:59] isActive: false
07-28 18:45:09.009 20652 20998 I OpenGLRenderer: Initialized EGL, version 1.4
07-28 18:45:09.098 20652 20652 W View    : requestLayout() improperly called by android.widget.ListView{2559763 VFED.VC.. ......ID 0,0-836,1808 #102000a android:id/list} during layout: running second layout pass
07-28 18:45:09.251 20652 20652 I Choreographer: Skipped 51 frames!  The application may be doing too much work on its main thread.
07-28 18:45:09.389 20652 20652 D cr_Ime  : [InputMethodManagerWrapper.java:30] Constructor
07-28 18:45:09.391 20652 20652 W cr_AwContents: onDetachedFromWindow called when already detached. Ignoring
07-28 18:45:09.392 20652 20652 D cr_Ime  : [InputMethodManagerWrapper.java:59] isActive: false
07-28 18:45:09.558  1847  5223 D ConnectivityService: listenForNetwork for Listen from uid/pid:10108/20652 for NetworkRequest [ id=1001, legacyType=-1, [ Capabilities: INTERNET&NOT_RESTRICTED&TRUSTED&NOT_VPN] ]
07-28 18:45:09.583   293  3350 D audio_hw_primary: out_standby: enter: stream (0xb60b6840) usecase(1: low-latency-playback)
07-28 18:45:09.651   293  3350 D hardware_info: hw_info_append_hw_type : device_name = speaker
07-28 18:45:09.765 20652 20652 W View    : requestLayout() improperly called by adz{2afac4a V.ED..... ......ID 154,39-387,92 #7f0d0297 app:id/drawer_footer_text} during second layout pass: posting in next frame
07-28 18:45:09.766 20652 20652 W View    : requestLayout() improperly called by adz{2857497 V.ED..... ......ID 154,39-529,92 #7f0d0297 app:id/drawer_footer_text} during second layout pass: posting in next frame
07-28 18:45:10.145 20652 20652 I cr_Ime  : ImeThread is not enabled.
07-28 18:45:10.319 20652 21050 E libEGL  : validate_display:255 error 3008 (EGL_BAD_DISPLAY)
07-28 18:45:10.353 20652 21050 W VideoCapabilities: Unrecognized profile 2130706433 for video/avc
07-28 18:45:10.366 20652 21050 W VideoCapabilities: Unrecognized profile/level 0/3 for video/mpeg2
07-28 18:45:10.367 20652 21050 W VideoCapabilities: Unrecognized profile/level 0/3 for video/mpeg2
07-28 18:45:10.372 20652 21050 W VideoCapabilities: Unsupported mime video/x-ms-wmv
07-28 18:45:10.374 20652 21050 W VideoCapabilities: Unsupported mime video/divx
07-28 18:45:10.375 20652 21050 W VideoCapabilities: Unsupported mime video/divx311
07-28 18:45:10.377 20652 21050 W VideoCapabilities: Unsupported mime video/divx4
07-28 18:45:10.383 20652 21050 W VideoCapabilities: Unsupported mime video/mp4v-esdp
07-28 18:45:10.401 20652 21050 I VideoCapabilities: Unsupported profile 4 for video/mp4v-es
07-28 18:45:10.407 20652 21050 W AudioCapabilities: Unsupported mime audio/x-ape
07-28 18:45:10.408 20652 21050 W AudioCapabilities: Unsupported mime audio/ffmpeg
07-28 18:45:10.410 20652 21050 W AudioCapabilities: Unsupported mime audio/dts
07-28 18:45:10.414 20652 21050 W AudioCapabilities: Unsupported mime audio/mpeg-L2
07-28 18:45:10.415 20652 21050 W AudioCapabilities: Unsupported mime audio/vnd.rn-realaudio
07-28 18:45:10.417 20652 21050 W AudioCapabilities: Unsupported mime audio/x-ms-wma
07-28 18:45:10.418 20652 21050 W VideoCapabilities: Unsupported mime video/divx
07-28 18:45:10.420 20652 21050 W VideoCapabilities: Unsupported mime video/x-flv
07-28 18:45:10.427 20652 21050 W VideoCapabilities: Unsupported mime video/vnd.rn-realvideo
07-28 18:45:10.428 20652 21050 W VideoCapabilities: Unsupported mime video/vc1
07-28 18:45:10.432 20652 21050 W VideoCapabilities: Unsupported mime video/ffmpeg
07-28 18:45:10.434 20652 21050 W VideoCapabilities: Unsupported mime video/x-ms-wmv
07-28 18:45:10.469 20652 20652 W cr_BindingManager: Cannot call determinedVisibility() - never saw a connection for the pid: 20652
07-28 18:45:10.469 20652 20652 D cr_Ime  : [InputMethodManagerWrapper.java:59] isActive: false
07-28 18:45:10.763  1847  4541 D ConnectivityService: notifyType CAP_CHANGED for NetworkAgentInfo [WIFI () - 259]
07-28 18:45:10.774  1847  4541 D ConnectivityService: updateNetworkScore for NetworkAgentInfo [WIFI () - 259] to 60
07-28 18:45:10.838 20652 20652 I art     : Rejecting re-init on previously-failed class java.lang.Class<cph>
07-28 18:45:10.838 20652 20652 I art     : Rejecting re-init on previously-failed class java.lang.Class<cph>
07-28 18:45:10.838 20652 20652 I art     : Rejecting re-init on previously-failed class java.lang.Class<cph>
07-28 18:45:10.838 20652 20652 I art     : Rejecting re-init on previously-failed class java.lang.Class<cph>
07-28 18:45:10.838 20652 20652 I art     : Rejecting re-init on previously-failed class java.lang.Class<cph>
07-28 18:45:10.838 20652 20652 I art     : Rejecting re-init on previously-failed class java.lang.Class<cph>
07-28 18:45:10.838 20652 20652 I art     : Rejecting re-init on previously-failed class java.lang.Class<cph>
07-28 18:45:10.839 20652 20652 I art     : Rejecting re-init on previously-failed class java.lang.Class<cph>
07-28 18:45:10.839 20652 20652 I art     : Rejecting re-init on previously-failed class java.lang.Class<cph>
07-28 18:45:10.839 20652 20652 I art     : Rejecting re-init on previously-failed class java.lang.Class<cph>
07-28 18:45:10.840 20652 20652 I art     : Rejecting re-init on previously-failed class java.lang.Class<cph>
07-28 18:45:10.840 20652 20652 I art     : Rejecting re-init on previously-failed class java.lang.Class<cph>
07-28 18:45:10.840 20652 20652 I art     : Rejecting re-init on previously-failed class java.lang.Class<cph>
07-28 18:45:10.840 20652 20652 I art     : Rejecting re-init on previously-failed class java.lang.Class<cph>
07-28 18:45:10.905 19317 19370 I cr_BindingManager: onTrimMemory: level=20, size=0
07-28 18:45:10.978 20652 20652 I cr_Ime  : ImeThread is not enabled.
07-28 18:45:11.007 20652 20652 W cr_BindingManager: Cannot call determinedVisibility() - never saw a connection for the pid: 20652
07-28 18:45:11.007 20652 20652 D cr_Ime  : [InputMethodManagerWrapper.java:59] isActive: false
07-28 18:45:11.036  1847  5223 D PowerManagerService: acquireWakeLock: ignoring request from com.google.android.gm
07-28 18:45:11.046  1847  5502 D PowerManagerService: acquireWakeLock: ignoring request from com.google.android.gm
07-28 18:45:11.102 20652 20652 W Gmail   : FLF->FolderItem.getFolderView: unread count mismatch (has 1 vs setting 0)
07-28 18:45:11.157 20652 20652 W Gmail   : FLF->FolderItem.getFolderView: unread count mismatch (has 1 vs setting 0)
07-28 18:45:11.165 20652 20661 I art     : Background partial concurrent mark sweep GC freed 91220(4MB) AllocSpace objects, 88(12MB) LOS objects, 40% free, 23MB/39MB, paused 6.107ms total 96.977ms
07-28 18:45:11.189 19317 19317 E cr_BkgrdTaskJS: Tried finishing non-current BackgroundTask.
07-28 18:45:11.641  1847  5331 I WindowState: WIN DEATH: Window{2ff0bf8 u0 com.github.andlyticsproject/com.github.andlyticsproject.Main}
07-28 18:45:11.658  1847  5235 I ActivityManager: Process com.github.andlyticsproject (pid 11437) has died
07-28 18:45:11.658  1847  5235 D ActivityManager: cleanUpApplicationRecord -- 11437
07-28 18:45:11.665  1847  4159 I ActivityManager: Process com.ceco.marshmallow.gravitybox (pid 14080) has died
07-28 18:45:11.665  1847  4159 D ActivityManager: cleanUpApplicationRecord -- 14080
07-28 18:45:12.990 20652 20652 D android.support.v7.widget.GridLayout: horizontal constraints: x2-x0>=838, x2-x0<=344, x2-x1<=0, x1-x0<=171 are inconsistent; permanently removing: x2-x0<=344, x2-x1<=0. 
07-28 18:45:13.789  1847  4541 D ConnectivityService: notifyType CAP_CHANGED for NetworkAgentInfo [WIFI () - 259]
07-28 18:45:16.031 19317 19326 E System  : Uncaught exception thrown by finalizer
07-28 18:45:16.036 19317 19326 E System  : java.lang.IllegalStateException: Warning: Router objects should be explicitly closed when no longer required otherwise you may leak handles.
07-28 18:45:16.036 19317 19326 E System  : 	at org.chromium.mojo.bindings.AutoCloseableRouter.finalize(AutoCloseableRouter.java:18)
07-28 18:45:16.036 19317 19326 E System  : 	at java.lang.Daemons$FinalizerDaemon.doFinalize(Daemons.java:202)
07-28 18:45:16.036 19317 19326 E System  : 	at java.lang.Daemons$FinalizerDaemon.run(Daemons.java:185)
07-28 18:45:16.036 19317 19326 E System  : 	at java.lang.Thread.run(Thread.java:818)
07-28 18:45:19.640 20652 20652 D cr_Ime  : [InputMethodManagerWrapper.java:59] isActive: false
07-28 18:45:19.818  1847  5331 I ActivityManager: START u0 {act=android.intent.action.VIEW dat=https://www.google.com/... pkg=com.chrome.beta cmp=com.chrome.beta/com.google.android.apps.chrome.Main (has extras)} from uid 10108 on display 0
07-28 18:45:19.939  1847  5331 D ConnectivityService: listenForNetwork for Listen from uid/pid:10370/19317 for NetworkRequest [ id=1002, legacyType=-1, [ Capabilities: INTERNET&NOT_RESTRICTED&TRUSTED] ]
07-28 18:45:20.096  1847  4159 I ActivityManager: START u0 {act=android.intent.action.VIEW dat=https://www.google.com/... flg=0x800000 pkg=com.chrome.beta cmp=com.chrome.beta/org.chromium.chrome.browser.customtabs.CustomTabActivity (has extras)} from uid 10370 on display 0
07-28 18:45:20.163 19317 19363 W cr_tabmodel: Starting to fetch tab list.
07-28 18:45:20.163 19317 19363 E cr_tabmodel: State file does not exist.
07-28 18:45:20.182  1847  5519 I ActivityManager: Start proc 21227:com.chrome.beta:sandboxed_process1/u0i219 for service com.chrome.beta/org.chromium.content.app.SandboxedProcessService1
07-28 18:45:20.289 21227 21227 W XPrivacy: Hooking package=com.chrome.beta
07-28 18:45:20.297 21227 21227 W XPrivacy: No client for 99219/SERIAL(null;88812f73) identification=!restricted?
07-28 18:45:20.300 21227 21227 W XPrivacy: No client for uid=0 /Log=null uid=99219 pid=21227
07-28 18:45:20.302 21227 21227 W XPrivacy: java.lang.Exception: StackTrace
07-28 18:45:20.302 21227 21227 W XPrivacy: 	at biz.bokhorst.xprivacy.er.d(SourceFile:269)
07-28 18:45:20.302 21227 21227 W XPrivacy: 	at biz.bokhorst.xprivacy.en.a(SourceFile:806)
07-28 18:45:20.302 21227 21227 W XPrivacy: 	at biz.bokhorst.xprivacy.en.c(SourceFile:781)
07-28 18:45:20.302 21227 21227 W XPrivacy: 	at biz.bokhorst.xprivacy.en.b(SourceFile:773)
07-28 18:45:20.302 21227 21227 W XPrivacy: 	at biz.bokhorst.xprivacy.fy.a(SourceFile:82)
07-28 18:45:20.302 21227 21227 W XPrivacy: 	at biz.bokhorst.xprivacy.en.a(SourceFile:416)
07-28 18:45:20.302 21227 21227 W XPrivacy: 	at biz.bokhorst.xprivacy.XPrivacy.hookPackage(SourceFile:378)
07-28 18:45:20.302 21227 21227 W XPrivacy: 	at biz.bokhorst.xprivacy.XPrivacy.handleLoadPackage(SourceFile:166)
07-28 18:45:20.302 21227 21227 W XPrivacy: 	at de.robv.android.xposed.IXposedHookLoadPackage$Wrapper.handleLoadPackage(IXposedHookLoadPackage.java:34)
07-28 18:45:20.302 21227 21227 W XPrivacy: 	at de.robv.android.xposed.callbacks.XC_LoadPackage.call(XC_LoadPackage.java:61)
07-28 18:45:20.302 21227 21227 W XPrivacy: 	at de.robv.android.xposed.callbacks.XCallback.callAll(XCallback.java:106)
07-28 18:45:20.302 21227 21227 W XPrivacy: 	at de.robv.android.xposed.XposedInit$2.beforeHookedMethod(XposedInit.java:116)
07-28 18:45:20.302 21227 21227 W XPrivacy: 	at de.robv.android.xposed.XposedBridge.handleHookedMethod(XposedBridge.java:314)
07-28 18:45:20.302 21227 21227 W XPrivacy: 	at android.app.ActivityThread.handleBindApplication(<Xposed>)
07-28 18:45:20.302 21227 21227 W XPrivacy: 	at android.app.ActivityThread.-wrap1(ActivityThread.java)
07-28 18:45:20.302 21227 21227 W XPrivacy: 	at android.app.ActivityThread$H.handleMessage(ActivityThread.java:1424)
07-28 18:45:20.302 21227 21227 W XPrivacy: 	at android.os.Handler.dispatchMessage(Handler.java:102)
07-28 18:45:20.302 21227 21227 W XPrivacy: 	at android.os.Looper.loop(Looper.java:148)
07-28 18:45:20.302 21227 21227 W XPrivacy: 	at android.app.ActivityThread.main(ActivityThread.java:5461)
07-28 18:45:20.302 21227 21227 W XPrivacy: 	at java.lang.reflect.Method.invoke(Native Method)
07-28 18:45:20.302 21227 21227 W XPrivacy: 	at com.android.internal.os.ZygoteInit$MethodAndArgsCaller.run(ZygoteInit.java:726)
07-28 18:45:20.302 21227 21227 W XPrivacy: 	at com.android.internal.os.ZygoteInit.main(ZygoteInit.java:616)
07-28 18:45:20.302 21227 21227 W XPrivacy: 	at de.robv.android.xposed.XposedBridge.main(XposedBridge.java:102)
07-28 18:45:20.328 21227 21227 W XPrivacy: No client for 99219/Configuration.MCC(null;null) phone=!restricted?
07-28 18:45:20.328 21227 21227 W XPrivacy: No client for 99219/Configuration.MNC(null;null) phone=!restricted?
07-28 18:45:20.336 21227 21227 W android.content.res.ThemeConfig: Could not get boot theme
07-28 18:45:20.590 21227 21227 I cr_ChildProcessService: Creating new ChildProcessService pid=21227
07-28 18:45:20.598 21227 21239 I cr_LibraryLoader: Using linker: org.chromium.base.library_loader.ModernLinker
07-28 18:45:20.599 21227 21264 W XPrivacy: No client for 99219/loadLibrary(chromium_android_linker;null) shell=!restricted?
07-28 18:45:20.621 21227 21264 I cr_LibraryLoader: Loading chrome from within /data/app/com.chrome.beta-1/base.apk
07-28 18:45:20.666 21227 21264 I cr_LibraryLoader: Time to load native libraries: 67 ms (timestamps 5705-5772)
07-28 18:45:20.666 21227 21264 I chromium: [INFO:library_loader_hooks.cc(144)] Chromium logging enabled: level = 0, default verbosity = 0
07-28 18:45:20.667 21227 21264 I cr_LibraryLoader: Expected native library version number "60.0.3112.78", actual native library version number "60.0.3112.78"
07-28 18:45:20.668 21227 21264 W XPrivacy: No client for 99219//proc(/proc/meminfo;null) identification=!restricted?
07-28 18:45:20.682 21227 21264 W chromium: [WARNING:renderer_main_platform_delegate_android.cc(102)] Seccomp support should be present, but detection failed. Continuing without Seccomp-BPF.
07-28 18:45:23.143 19317 19317 I chromium: [INFO:CONSOLE(6)] "Mixed Content: The page at 'https://pr4.saymails.com/myntrakart/?p=unsubscribe&mid=500&userid=24819876&email=cumakt@gmail.com&uid=24819876' was loaded over HTTPS, but requested an insecure stylesheet 'http://myntrakart.ftrans03.com/myntrakart/admin/assets/css/unsubscribe.css?ver=4.2.2'. This request has been blocked; the content must be served over HTTPS.", source: https://pr4.saymails.com/myntrakart/?p=unsubscribe&mid=500&userid=24819876&email=cumakt@gmail.com&uid=24819876 (6)
07-28 18:45:23.144 19317 19317 I chromium: [INFO:CONSOLE(0)] "Mixed Content: The page at 'https://pr4.saymails.com/myntrakart/?p=unsubscribe&mid=500&userid=24819876&email=cumakt@gmail.com&uid=24819876' was loaded over HTTPS, but requested an insecure script 'http://myntrakart.ftrans03.com/myntrakart/admin/assets/js/jquery-1.8.2.min.js?ver=4.2.2'. This request has been blocked; the content must be served over HTTPS.", source: https://pr4.saymails.com/myntrakart/?p=unsubscribe&mid=500&userid=24819876&email=cumakt@gmail.com&uid=24819876 (0)
07-28 18:45:23.153  2889 17291 W Herrevad: [34610] tfk.a: On wifi, but couldn't get security type
07-28 18:45:23.219 19317 19317 I chromium: [INFO:CONSOLE(9)] "Uncaught ReferenceError: $ is not defined", source: https://pr4.saymails.com/myntrakart/?p=unsubscribe&mid=500&userid=24819876&email=cumakt@gmail.com&uid=24819876 (9)
07-28 18:45:23.229  5485 24880 D PhoneInterfaceManager: [PhoneIntfMgr] getCellLocation: returning null; mode != allowed
07-28 18:45:26.784 19317 19317 I chromium: [INFO:CONSOLE(6)] "Mixed Content: The page at 'https://pr4.saymails.com/myntrakart/?p=unsubscribe_2' was loaded over HTTPS, but requested an insecure stylesheet 'http://myntrakart.ftrans03.com/myntrakart/admin/assets/css/unsubscribe.css?ver=4.2.2'. This request has been blocked; the content must be served over HTTPS.", source: https://pr4.saymails.com/myntrakart/?p=unsubscribe_2 (6)
07-28 18:45:26.790  2889 17291 W Herrevad: [34610] tfk.a: On wifi, but couldn't get security type
07-28 18:45:26.867  5485  6322 D PhoneInterfaceManager: [PhoneIntfMgr] getCellLocation: returning null; mode != allowed
07-28 18:45:29.978  1847  4541 D ConnectivityService: releasing NetworkRequest NetworkRequest [ id=1002, legacyType=-1, [ Capabilities: INTERNET&NOT_RESTRICTED&TRUSTED] ]
07-28 18:45:30.134 20652 20667 W Gmail   : email_address in bundle is empty
07-28 18:45:30.348  1847  5224 I ActivityManager: Process com.chrome.beta:sandboxed_process1 (pid 21227) has died
07-28 18:45:30.348  1847  5224 D ActivityManager: cleanUpApplicationRecord -- 21227
07-28 18:45:30.349  1847  5224 W ActivityManager: Scheduling restart of crashed service com.chrome.beta/org.chromium.content.app.SandboxedProcessService1 in 1000ms
07-28 18:45:30.356 19317 19317 W cr_ContextualSearch: Warning, the UNDEFINED state was aborted.
07-28 18:45:30.372 19317 19370 I cr_BindingManager: onTrimMemory: level=20, size=0
07-28 18:45:30.381 19317 19370 W cr_ChildProcessConn: onServiceDisconnected (crash or killed by oom): pid=21227
07-28 18:45:30.418 19317 19317 E cr_BkgrdTaskJS: Tried finishing non-current BackgroundTask.
07-28 18:45:30.479  1847  5296 I ActivityManager: Start proc 21474:com.chrome.beta:sandboxed_process2/u0i220 for service com.chrome.beta/org.chromium.content.app.SandboxedProcessService2
07-28 18:45:30.578 21474 21474 W XPrivacy: Hooking package=com.chrome.beta
07-28 18:45:30.581 21474 21474 W XPrivacy: No client for 99220/SERIAL(null;88812f73) identification=!restricted?
07-28 18:45:30.582 21474 21474 W XPrivacy: No client for uid=0 /Log=null uid=99220 pid=21474
07-28 18:45:30.583 21474 21474 W XPrivacy: java.lang.Exception: StackTrace
07-28 18:45:30.583 21474 21474 W XPrivacy: 	at biz.bokhorst.xprivacy.er.d(SourceFile:269)
07-28 18:45:30.583 21474 21474 W XPrivacy: 	at biz.bokhorst.xprivacy.en.a(SourceFile:806)
07-28 18:45:30.583 21474 21474 W XPrivacy: 	at biz.bokhorst.xprivacy.en.c(SourceFile:781)
07-28 18:45:30.583 21474 21474 W XPrivacy: 	at biz.bokhorst.xprivacy.en.b(SourceFile:773)
07-28 18:45:30.583 21474 21474 W XPrivacy: 	at biz.bokhorst.xprivacy.fy.a(SourceFile:82)
07-28 18:45:30.583 21474 21474 W XPrivacy: 	at biz.bokhorst.xprivacy.en.a(SourceFile:416)
07-28 18:45:30.583 21474 21474 W XPrivacy: 	at biz.bokhorst.xprivacy.XPrivacy.hookPackage(SourceFile:378)
07-28 18:45:30.583 21474 21474 W XPrivacy: 	at biz.bokhorst.xprivacy.XPrivacy.handleLoadPackage(SourceFile:166)
07-28 18:45:30.583 21474 21474 W XPrivacy: 	at de.robv.android.xposed.IXposedHookLoadPackage$Wrapper.handleLoadPackage(IXposedHookLoadPackage.java:34)
07-28 18:45:30.583 21474 21474 W XPrivacy: 	at de.robv.android.xposed.callbacks.XC_LoadPackage.call(XC_LoadPackage.java:61)
07-28 18:45:30.583 21474 21474 W XPrivacy: 	at de.robv.android.xposed.callbacks.XCallback.callAll(XCallback.java:106)
07-28 18:45:30.583 21474 21474 W XPrivacy: 	at de.robv.android.xposed.XposedInit$2.beforeHookedMethod(XposedInit.java:116)
07-28 18:45:30.583 21474 21474 W XPrivacy: 	at de.robv.android.xposed.XposedBridge.handleHookedMethod(XposedBridge.java:314)
07-28 18:45:30.583 21474 21474 W XPrivacy: 	at android.app.ActivityThread.handleBindApplication(<Xposed>)
07-28 18:45:30.583 21474 21474 W XPrivacy: 	at android.app.ActivityThread.-wrap1(ActivityThread.java)
07-28 18:45:30.583 21474 21474 W XPrivacy: 	at android.app.ActivityThread$H.handleMessage(ActivityThread.java:1424)
07-28 18:45:30.583 21474 21474 W XPrivacy: 	at android.os.Handler.dispatchMessage(Handler.java:102)
07-28 18:45:30.583 21474 21474 W XPrivacy: 	at android.os.Looper.loop(Looper.java:148)
07-28 18:45:30.583 21474 21474 W XPrivacy: 	at android.app.ActivityThread.main(ActivityThread.java:5461)
07-28 18:45:30.583 21474 21474 W XPrivacy: 	at java.lang.reflect.Method.invoke(Native Method)
07-28 18:45:30.583 21474 21474 W XPrivacy: 	at com.android.internal.os.ZygoteInit$MethodAndArgsCaller.run(ZygoteInit.java:726)
07-28 18:45:30.583 21474 21474 W XPrivacy: 	at com.android.internal.os.ZygoteInit.main(ZygoteInit.java:616)
07-28 18:45:30.583 21474 21474 W XPrivacy: 	at de.robv.android.xposed.XposedBridge.main(XposedBridge.java:102)
07-28 18:45:30.594   276   276 I chatty  : uid=1000(system) /system/bin/servicemanager expire 4 lines
07-28 18:45:30.594 21474 21474 W XPrivacy: No client for 99220/Configuration.MCC(null;null) phone=!restricted?
07-28 18:45:30.595 21474 21474 W XPrivacy: No client for 99220/Configuration.MNC(null;null) phone=!restricted?
07-28 18:45:30.602 21474 21474 W android.content.res.ThemeConfig: Could not get boot theme
07-28 18:45:30.819 21474 21474 I cr_ChildProcessService: Creating new ChildProcessService pid=21474
07-28 18:45:30.831 21474 21484 I cr_LibraryLoader: Using linker: org.chromium.base.library_loader.ModernLinker
07-28 18:45:30.832 21474 21494 W XPrivacy: No client for 99220/loadLibrary(chromium_android_linker;null) shell=!restricted?
07-28 18:45:30.858 21474 21494 I cr_LibraryLoader: Loading chrome from within /data/app/com.chrome.beta-1/base.apk
07-28 18:45:30.902 21474 21494 I cr_LibraryLoader: Time to load native libraries: 69 ms (timestamps 5939-6008)
07-28 18:45:30.903 21474 21494 I chromium: [INFO:library_loader_hooks.cc(144)] Chromium logging enabled: level = 0, default verbosity = 0
07-28 18:45:30.903 21474 21494 I cr_LibraryLoader: Expected native library version number "60.0.3112.78", actual native library version number "60.0.3112.78"
07-28 18:45:30.905 21474 21494 W XPrivacy: No client for 99220//proc(/proc/meminfo;null) identification=!restricted?
07-28 18:45:30.909 20652 20652 W Gmail   : OPC.onViewModeChanged: Animating back to thread list
07-28 18:45:30.926 21474 21494 W chromium: [WARNING:renderer_main_platform_delegate_android.cc(102)] Seccomp support should be present, but detection failed. Continuing without Seccomp-BPF.
07-28 18:45:31.402  1847  4628 W ActivityManager: Unable to start service Intent { cmp=com.google.android.gm.exchange/com.android.exchange.service.EasService } U=0: not found
07-28 18:45:31.527 20652 20652 D cr_Ime  : [InputMethodManagerWrapper.java:30] Constructor
07-28 18:45:31.529 20652 20652 W cr_AwContents: onDetachedFromWindow called when already detached. Ignoring
07-28 18:45:31.530 20652 20652 D cr_Ime  : [InputMethodManagerWrapper.java:59] isActive: false
07-28 18:45:31.603 20652 20652 W Gmail   : OPC.mAnimateFromConvViewToListRunnable: Animating CV close, hide pager=true
07-28 18:45:31.615 20652 20652 W Gmail   : CVF.animateClosed: Starting CV close animations ---
07-28 18:45:31.779 20652 20652 W Gmail   : CVF.animateClosed: Finished CV close animation
07-28 18:45:31.869 20652 20652 W Gmail   : OPC.mAnimateFromConvViewToListRunnable: Finished TL close animation
07-28 18:45:32.462 20652 20652 D cr_Ime  : [InputMethodManagerWrapper.java:30] Constructor
07-28 18:45:32.466 20652 20652 W cr_AwContents: onDetachedFromWindow called when already detached. Ignoring
07-28 18:45:32.467 20652 20652 D cr_Ime  : [InputMethodManagerWrapper.java:59] isActive: false
07-28 18:45:32.552 20652 20652 D cr_Ime  : [InputMethodManagerWrapper.java:30] Constructor
07-28 18:45:32.556 20652 20652 W cr_AwContents: onDetachedFromWindow called when already detached. Ignoring
07-28 18:45:32.557 20652 20652 D cr_Ime  : [InputMethodManagerWrapper.java:59] isActive: false
07-28 18:45:32.865 20652 20652 I cr_Ime  : ImeThread is not enabled.
07-28 18:45:32.886 20652 20652 W cr_BindingManager: Cannot call determinedVisibility() - never saw a connection for the pid: 20652
07-28 18:45:32.887 20652 20652 D cr_Ime  : [InputMethodManagerWrapper.java:59] isActive: false
07-28 18:45:33.442 20652 20652 I cr_Ime  : ImeThread is not enabled.
07-28 18:45:33.479 20652 20652 W cr_BindingManager: Cannot call determinedVisibility() - never saw a connection for the pid: 20652
07-28 18:45:33.480 20652 20652 D cr_Ime  : [InputMethodManagerWrapper.java:59] isActive: false
07-28 18:45:34.628 20652 20652 W Gmail   : OPC.onViewModeChanged: Animating back to thread list
07-28 18:45:34.894 20652 20998 D OpenGLRenderer: endAllStagingAnimators on 0xa0ae9b80 (RippleDrawable) with handle 0xa309ccd0
07-28 18:45:35.049  1847  1874 W ActivityManager: Unable to start service Intent { cmp=com.google.android.gm.exchange/com.android.exchange.service.EasService } U=0: not found
07-28 18:45:35.066  1847  4629 W InputMethodManagerService: Window already focused, ignoring focus gain of: com.android.internal.view.IInputMethodClient$Stub$Proxy@59df298 attribute=null, token = android.os.BinderProxy@fecede9
07-28 18:45:35.265 20652 20652 W Gmail   : OPC.mAnimateFromConvViewToListRunnable: Animating CV close, hide pager=false
07-28 18:45:35.461 20652 21619 W Gmail   : About to clean 0 undo operations. sequenceNum:3 mLastSequence: -1
07-28 18:45:35.541 20652 20652 W Gmail   : OPC.mAnimateFromConvViewToListRunnable: Finished TL close animation
07-28 18:45:38.542 20652 20652 W Gmail   : AbstractActivityController: Set cursor to null
07-28 18:45:39.149  1847  5484 W ActivityManager: Unable to start service Intent { cmp=com.google.android.gm.exchange/com.android.exchange.service.EasService } U=0: not found
07-28 18:45:39.819 20652 20652 W Gmail   : FLF->FolderItem.getFolderView: unread count mismatch (has 1 vs setting 0)
07-28 18:45:39.857 20652 20652 W Gmail   : FLF->FolderItem.getFolderView: unread count mismatch (has 1 vs setting 0)
07-28 18:45:39.968  2889  2889 I IcingInternalCorpora: Contacts corpus disabled.
07-28 18:45:40.057  2889 17291 I Icing   : Usage reports 0 indexed 0 rejected 0 imm upload false
07-28 18:45:40.081  2889 17291 I Icing   : Usage reports 0 indexed 0 rejected 0 imm upload false
07-28 18:45:40.158 14213 21727 I SubscribedFeeds: Received message
07-28 18:45:41.101  2889 17291 I Icing   : Indexing D8A379175B3E6D95B69F95C7DE0FDCC1DD6FE20D from com.google.android.gm
07-28 18:45:41.200  2889 17291 I Icing   : Indexing done D8A379175B3E6D95B69F95C7DE0FDCC1DD6FE20D
07-28 18:45:41.263  2889 17291 I Icing   : Usage reports 0 indexed 0 rejected 0 imm upload false
07-28 18:45:41.279 20652 21728 W Gmail   : Sync complete for account: account:1071413408
07-28 18:45:41.298  2889 17291 I Icing   : Usage reports 0 indexed 0 rejected 0 imm upload false
07-28 18:45:41.792  2889 19228 I Icing   : Usage reports 0 indexed 0 rejected 0 imm upload false
07-28 18:45:41.824 20652 21784 W Gmail   : Sync complete for account: account:-459413867
07-28 18:45:41.832  2889 19228 I Icing   : Usage reports 0 indexed 0 rejected 0 imm upload false
07-28 18:45:42.076  2889 17291 I Icing   : Usage reports 0 indexed 0 rejected 0 imm upload false
07-28 18:45:42.090 20652 21790 W Gmail   : Sync complete for account: account:-1417309545
07-28 18:45:42.106  2889 17291 I Icing   : Usage reports 0 indexed 0 rejected 0 imm upload false
07-28 18:45:42.314  2889 17291 I Icing   : Indexing D8A379175B3E6D95B69F95C7DE0FDCC1DD6FE20D from com.google.android.gm
07-28 18:45:42.367  2889 17291 I Icing   : Indexing done D8A379175B3E6D95B69F95C7DE0FDCC1DD6FE20D
07-28 18:45:42.536  2889 17291 I Icing   : Usage reports 0 indexed 0 rejected 0 imm upload false
07-28 18:45:42.558 20652 21783 W Gmail   : Sync complete for account: account:1071413408
07-28 18:45:42.576  2889 17291 I Icing   : Usage reports 0 indexed 0 rejected 0 imm upload false
07-28 18:45:42.846  2889 17291 I Icing   : Indexing 7631BC57D1A9264EE69D1DC1A7916DDDCE2CFCB0 from com.google.android.gm
07-28 18:45:42.903  2889 17291 I Icing   : Indexing done 7631BC57D1A9264EE69D1DC1A7916DDDCE2CFCB0
07-28 18:45:43.114  2889 17291 I Icing   : Indexing 9DCC183355A235B1446CA8E9A53744BE81421300 from com.google.android.gm
07-28 18:45:43.169  2889 17291 I Icing   : Indexing done 9DCC183355A235B1446CA8E9A53744BE81421300
07-28 18:45:43.602  2889 17291 I Icing   : Indexing D8A379175B3E6D95B69F95C7DE0FDCC1DD6FE20D from com.google.android.gm
07-28 18:45:43.637  2889 17291 I Icing   : Indexing done D8A379175B3E6D95B69F95C7DE0FDCC1DD6FE20D
07-28 18:45:44.952  7109  7145 I chatty  : uid=10033(com.android.vending) ndroid.play.a.g expire 3 lines
07-28 18:45:47.911  1847  4243 I ActivityManager: START u0 {act=android.intent.action.MAIN cat=[android.intent.category.HOME] flg=0x10200000 cmp=com.teslacoilsw.launcher/.NovaLauncher (has extras)} from uid 1000 on display 0
07-28 18:45:48.213  1847  4629 I ActivityManager: START u0 {flg=0x10000000 cmp=com.teslacoilsw.notifier/.BlankActivity} from uid 10077 on display 0
07-28 18:45:48.271  5210  5210 D TeslaUnread.Blank: onCreate()
07-28 18:45:48.290  1847  4628 W InputMethodManagerService: Window already focused, ignoring focus gain of: com.android.internal.view.IInputMethodClient$Stub$Proxy@836fbdb attribute=null, token = android.os.BinderProxy@a382418
07-28 18:45:48.661 11508 11694 W OpenGLRenderer: Incorrectly called buildLayer on View: PageIndicatorView, destroying layer...
07-28 18:45:52.464  1847  5484 I ActivityManager: START u0 {act=android.intent.action.MAIN cat=[android.intent.category.LAUNCHER] flg=0x10200000 cmp=com.xda.labs/.ForumLauncher (has extras)} from uid 10077 on display 0
07-28 18:45:52.722  1847  5519 W ActivityManager: Unable to start service Intent { cmp=com.xda.labs/.services.PushService } U=0: not found
07-28 18:45:53.128  2889  2889 I IcingInternalCorpora: Contacts corpus disabled.
07-28 18:45:53.185  2889 19228 I Icing   : Usage reports 0 indexed 0 rejected 0 imm upload false
07-28 18:45:53.420 22744 22744 I Choreographer: Skipped 49 frames!  The application may be doing too much work on its main thread.
07-28 18:45:54.201  2889 19228 I Icing   : Indexing F8E8212B491E1EC9C470BE7D5D909159D980D2AB from com.chrome.beta
07-28 18:45:54.450  2889 19228 I Icing   : Indexing done F8E8212B491E1EC9C470BE7D5D909159D980D2AB
07-28 18:45:54.640 22744 22077 W System  : ClassLoader referenced unknown path: /system/framework/tcmclient.jar
07-28 18:45:55.589  2889 19228 I Icing   : Usage reports 2 indexed 0 rejected 0 imm upload false
07-28 18:45:56.623  2889 19228 I Icing   : Usage reports 0 indexed 0 rejected 0 imm upload false
07-28 18:46:14.303  7109  9071 I chatty  : uid=10033(com.android.vending) ndroid.play.a.g expire 4 lines
07-28 18:46:18.365  5278  5278 D EmojiAltPhysicalKeyDetector: onKeyUp() : KeyEvent { action=ACTION_UP, keyCode=KEYCODE_BACK, scanCode=0, metaState=0, flags=0x8, repeatCount=0, eventTime=249673441, downTime=249673416, deviceId=-1, source=0x0 }
07-28 18:46:18.365  5278  5278 D EmojiAltPhysicalKeyDetector: onKeyUp() : Not Mapped: 4
07-28 18:46:21.880  5278  5278 D EmojiAltPhysicalKeyDetector: onKeyUp() : KeyEvent { action=ACTION_UP, keyCode=KEYCODE_BACK, scanCode=0, metaState=0, flags=0x8, repeatCount=0, eventTime=249676958, downTime=249676933, deviceId=-1, source=0x0 }
07-28 18:46:21.880  5278  5278 D EmojiAltPhysicalKeyDetector: onKeyUp() : Not Mapped: 4
07-28 18:46:22.208 22744 22753 I art     : Background partial concurrent mark sweep GC freed 48657(3MB) AllocSpace objects, 64(1332KB) LOS objects, 18% free, 70MB/86MB, paused 2.044ms total 120.547ms
07-28 18:46:29.226  1847  4628 I ActivityManager: Killing 14095:com.android.shell/2000 (adj 15): empty #17
07-28 18:46:29.244  1847  5484 D ActivityManager: cleanUpApplicationRecord -- 14095
07-28 18:46:29.261  2889  2889 I IcingInternalCorpora: Contacts corpus disabled.
07-28 18:46:29.322  2889 19228 I Icing   : Usage reports 0 indexed 0 rejected 0 imm upload false
07-28 18:46:30.331  2889 19228 I Icing   : Indexing F8E8212B491E1EC9C470BE7D5D909159D980D2AB from com.chrome.beta
07-28 18:46:30.471  2889 19228 I Icing   : Indexing done F8E8212B491E1EC9C470BE7D5D909159D980D2AB
07-28 18:46:30.631  5278  5278 D EmojiAltPhysicalKeyDetector: onKeyUp() : KeyEvent { action=ACTION_UP, keyCode=KEYCODE_BACK, scanCode=0, metaState=0, flags=0x8, repeatCount=0, eventTime=249685711, downTime=249685686, deviceId=-1, source=0x0 }
07-28 18:46:30.631  5278  5278 D EmojiAltPhysicalKeyDetector: onKeyUp() : Not Mapped: 4
07-28 18:46:31.481  2889 19228 I Icing   : Usage reports 0 indexed 0 rejected 0 imm upload false
07-28 18:46:32.076  5278  5278 D EmojiAltPhysicalKeyDetector: onKeyUp() : KeyEvent { action=ACTION_UP, keyCode=KEYCODE_BACK, scanCode=0, metaState=0, flags=0x8, repeatCount=0, eventTime=249687152, downTime=249687127, deviceId=-1, source=0x0 }
07-28 18:46:32.076  5278  5278 D EmojiAltPhysicalKeyDetector: onKeyUp() : Not Mapped: 4
07-28 18:46:33.528 22744 22753 I art     : Background partial concurrent mark sweep GC freed 27518(2MB) AllocSpace objects, 25(996KB) LOS objects, 15% free, 87MB/103MB, paused 1.818ms total 197.920ms
07-28 18:46:41.729  2889  2889 I IcingInternalCorpora: Contacts corpus disabled.
07-28 18:46:41.789  2889 19228 I Icing   : Usage reports 0 indexed 0 rejected 0 imm upload false
07-28 18:46:41.807 20652 23016 W Gmail   : Sync complete for account: account:-459413867
07-28 18:46:41.831  2889 19228 I Icing   : Usage reports 0 indexed 0 rejected 0 imm upload false
07-28 18:46:41.859  2889 19228 I Icing   : Usage reports 0 indexed 0 rejected 0 imm upload false
07-28 18:46:41.860 20652 23015 W Gmail   : Sync complete for account: account:1071413408
07-28 18:46:41.902  2889 19228 I Icing   : Usage reports 0 indexed 0 rejected 0 imm upload false
07-28 18:46:42.841  2889 19228 I Icing   : Indexing 7631BC57D1A9264EE69D1DC1A7916DDDCE2CFCB0 from com.google.android.gm
07-28 18:46:42.912  2889 19228 I Icing   : Indexing done 7631BC57D1A9264EE69D1DC1A7916DDDCE2CFCB0
07-28 18:46:42.916  2889 19228 I Icing   : Indexing D8A379175B3E6D95B69F95C7DE0FDCC1DD6FE20D from com.google.android.gm
07-28 18:46:42.939  2889 19228 I Icing   : Indexing done D8A379175B3E6D95B69F95C7DE0FDCC1DD6FE20D
07-28 18:46:50.276  1847  4541 D ConnectivityService: notifyType CAP_CHANGED for NetworkAgentInfo [WIFI () - 259]
07-28 18:46:51.907  5278  5278 D EmojiAltPhysicalKeyDetector: onKeyUp() : KeyEvent { action=ACTION_UP, keyCode=KEYCODE_BACK, scanCode=0, metaState=0, flags=0x8, repeatCount=0, eventTime=249706985, downTime=249706960, deviceId=-1, source=0x0 }
07-28 18:46:51.908  5278  5278 D EmojiAltPhysicalKeyDetector: onKeyUp() : Not Mapped: 4
07-28 18:46:53.060  5278  5278 D EmojiAltPhysicalKeyDetector: onKeyUp() : KeyEvent { action=ACTION_UP, keyCode=KEYCODE_BACK, scanCode=0, metaState=0, flags=0x8, repeatCount=0, eventTime=249708135, downTime=249708110, deviceId=-1, source=0x0 }
07-28 18:46:53.060  5278  5278 D EmojiAltPhysicalKeyDetector: onKeyUp() : Not Mapped: 4
07-28 18:46:53.292  1847  4541 D ConnectivityService: updateNetworkScore for NetworkAgentInfo [WIFI () - 259] to 59
07-28 18:46:56.325  1847  4541 D ConnectivityService: updateNetworkScore for NetworkAgentInfo [WIFI () - 259] to 56
07-28 18:46:59.349  1847  4541 D ConnectivityService: updateNetworkScore for NetworkAgentInfo [WIFI () - 259] to 60
07-28 18:47:03.326  5278  5278 D EmojiAltPhysicalKeyDetector: onKeyUp() : KeyEvent { action=ACTION_UP, keyCode=KEYCODE_BACK, scanCode=0, metaState=0, flags=0x8, repeatCount=0, eventTime=249718402, downTime=249718377, deviceId=-1, source=0x0 }
07-28 18:47:03.326  5278  5278 D EmojiAltPhysicalKeyDetector: onKeyUp() : Not Mapped: 4
07-28 18:47:08.423  1847  4541 D ConnectivityService: notifyType CAP_CHANGED for NetworkAgentInfo [WIFI () - 259]
07-28 18:47:08.479  1847  4541 D ConnectivityService: updateNetworkScore for NetworkAgentInfo [WIFI () - 259] to 56
07-28 18:47:11.465  1847  4541 D ConnectivityService: updateNetworkScore for NetworkAgentInfo [WIFI () - 259] to 60
07-28 18:47:14.502  1847  4541 D ConnectivityService: notifyType CAP_CHANGED for NetworkAgentInfo [WIFI () - 259]
07-28 18:47:14.535  1847  4541 D ConnectivityService: updateNetworkScore for NetworkAgentInfo [WIFI () - 259] to 56
07-28 18:47:17.549  1847  4541 D ConnectivityService: notifyType CAP_CHANGED for NetworkAgentInfo [WIFI () - 259]
07-28 18:47:19.547  1847  2186 I PowerManagerService: Going to sleep due to screen timeout (uid 1000)...
07-28 18:47:19.551  1847  1847 I chatty  : uid=1000 system_server expire 6 lines
07-28 18:47:19.932  1847  2171 I DisplayManagerService: Display device changed state: "Built-in Screen", OFF
07-28 18:47:20.057  1847  1856 I chatty  : uid=1000(system) HeapTaskDaemon expire 2 lines
07-28 18:47:20.229   277   381 I chatty  : uid=1000(system) hwcVsyncThread expire 12 lines
07-28 18:47:20.230  1847  4563 I chatty  : uid=1000(system) PhotonicModulat expire 3 lines
07-28 18:47:20.233  1847  2186 I PowerManagerService: Sleeping (uid 1000)...
07-28 18:47:20.238  1847  4539 I chatty  : uid=1000(system) WifiStateMachin expire 8 lines
07-28 18:47:20.239   293 27082 D audio_hw_primary: adev_set_parameters: enter: screen_state=off
07-28 18:47:20.239   293 27082 E voice   : voice_extn_compress_voip_set_parameters: COMPRESS_VOIP_ENABLED is not defined
07-28 18:47:20.239   293 27082 E bt_a2dp_hw: adev_set_parameters: ERROR: set param called even when stream out is null
07-28 18:47:22.234  1847  2186 W PowerManagerService: Sandman unresponsive, releasing suspend blocker
07-28 18:47:22.840  4576  4576 I Choreographer: Skipped 174 frames!  The application may be doing too much work on its main thread.
07-28 18:47:22.863  4576  4585 I art     : Background sticky concurrent mark sweep GC freed 289786(11MB) AllocSpace objects, 0(0B) LOS objects, 14% free, 71MB/83MB, paused 1.035ms total 157.491ms
07-28 18:47:22.926  4576  4576 D CarrierText: onSimStateChanged: Normal
07-28 18:47:22.991  4576  4576 D PhoneStatusBar: disable: < expand ICONS* alerts SYSTEM_INFO* back home recent clock search quick_settings >
07-28 18:47:23.071  1847  5300 I chatty  : uid=1000(system) Binder_A expire 4 lines
07-28 18:47:23.231  4576  4576 D PhoneStatusBar: disable: < expand ICONS alerts SYSTEM_INFO back HOME* RECENT* clock SEARCH* quick_settings >
07-28 18:47:23.303  2922  2922 I Coffee-PhonePositionTracker: Reset phone on-person state
07-28 18:47:23.306  2922  2922 W Coffee-AbstractTrustlet: Ignoring trustlet PhonePosition's' attempt to change its trust state to the current state which is true.
07-28 18:47:23.306  2922  2922 I Coffee-PhonePositionTracker: Register activity recognition API updates.
07-28 18:47:23.310  2889  2889 W ChimeraUtils: Non Chimera context
07-28 18:47:23.317  2889  2889 I CastMediaRouteProvider: in onDiscoveryRequestChanged: request=null
07-28 18:47:23.321  2889 19228 I DiscoveryManager: Filter criteria(null) scannerFlags(0)
07-28 18:47:23.321  2889 19228 I Publisher: onUpdateFilterCriteria null
07-28 18:47:23.327  2889 19228 W MdnsClient_Cast: Multicast lock held. Releasing. Subtypes:"%9E5E7C8F47989526C9BCD95D24084F6F0B27C5ED"
07-28 18:47:23.346  2889 19228 W MdnsClient: unicast receiver thread is already dead.
07-28 18:47:23.347  2889 19228 I DeviceScanner: [MDNS] notifyDevicesOffline: []
07-28 18:47:36.215  2889 19228 W XPrivacy/XBinder: transact 12868 ms
07-28 18:47:36.216  2922 21966 W XPrivacy/XBinder: transact 12876 ms
07-28 18:48:08.604  1847  4244 I PowerManagerService: Waking up from sleep (uid 1000)...
07-28 18:48:08.639  1847  2186 I DisplayPowerController: Blocking screen on until initial contents have been drawn.
07-28 18:48:08.662   293   293 D audio_hw_primary: adev_set_parameters: enter: screen_state=on
07-28 18:48:08.663   293   293 E voice   : voice_extn_compress_voip_set_parameters: COMPRESS_VOIP_ENABLED is not defined
07-28 18:48:08.663   293   293 E bt_a2dp_hw: adev_set_parameters: ERROR: set param called even when stream out is null
07-28 18:48:08.670  1847  2171 I DisplayManagerService: Display device changed state: "Built-in Screen", ON
07-28 18:48:08.795  1847  5502 I chatty  : uid=1000(system) Binder_E expire 1 line
07-28 18:48:08.844  1847  2186 I DisplayPowerController: Unblocked screen on after 206 ms
07-28 18:48:08.891  2889  2889 I CastMediaRouteProvider: in onDiscoveryRequestChanged: request=DiscoveryRequest{ selector=MediaRouteSelector{ controlCategories=[com.google.android.gms.cast.CATEGORY_CAST//urn:x-cast:com.google.cast.media] }, activeScan=false, isValid=true }
07-28 18:48:08.897  2889 19228 I DiscoveryManager: Filter criteria(%urn:x-cast:com.google.cast.media) scannerFlags(2)
07-28 18:48:08.898  2889 19228 I Publisher: onUpdateFilterCriteria [%urn:x-cast:com.google.cast.media]
07-28 18:48:08.908  2889 19228 I Publisher: TcpProber has probed 2026e0bf56ddd7ef279077235f3c6f9d 3 times
07-28 18:48:08.908  2889 19228 I CastMediaRouteProvider: onDevicesPublished with 0 devices
07-28 18:48:08.909  2889 19228 I CastMediaRouteProvider: Published 0 routes
07-28 18:48:08.933  2889 19228 I DeviceScanner: [MDNS] startScan: scannerFlags: 2 criteria=%urn:x-cast:com.google.cast.media
07-28 18:48:08.999  2889 19228 W MdnsClient_Cast: #acquireLock. Multicast lock not held. Acquiring. Subtypes:"%9E5E7C8F47989526C9BCD95D24084F6F0B27C5ED"
07-28 18:48:09.004  2889 19228 I DeviceScanner: [GuestMode] startScan: scannerFlags: 2 criteria=%urn:x-cast:com.google.cast.media
07-28 18:48:09.010  2889 19228 I Publisher: TcpProber has probed 2026e0bf56ddd7ef279077235f3c6f9d 3 times
07-28 18:48:09.010  2889 19228 I CastMediaRouteProvider: onDevicesPublished with 0 devices
07-28 18:48:09.012  2889 19228 I CastMediaRouteProvider: Published 0 routes
07-28 18:48:09.016  2889 19228 I DeviceScanner: [MDNS] startScan: scannerFlags: 2 criteria=%urn:x-cast:com.google.cast.media
07-28 18:48:09.016  2889 19228 I DeviceScanner: [MDNS] onScanSettingsUpdated: filterCriteriaAdded: NONE
07-28 18:48:09.016  2889 19228 I DeviceScanner: [MDNS] onScanSettingsUpdated: filterCriteriaRemoved: NONE
07-28 18:48:09.016  2889 19228 I DeviceScanner: [MDNS] onScanSettingsUpdated: Did scan settings changed? false
07-28 18:48:09.016  2889 19228 W MdnsClient_Cast: Multicast lock held. Releasing. Subtypes:"%9E5E7C8F47989526C9BCD95D24084F6F0B27C5ED"
07-28 18:48:09.023  2889 19228 W MdnsClient: unicast receiver thread is already dead.
07-28 18:48:09.031  2889 19228 W MdnsClient_Cast: #acquireLock. Multicast lock not held. Acquiring. Subtypes:"%9E5E7C8F47989526C9BCD95D24084F6F0B27C5ED"
07-28 18:48:09.032  2889 19228 I DeviceScanner: [GuestMode] startScan: scannerFlags: 2 criteria=%urn:x-cast:com.google.cast.media
07-28 18:48:09.039  2889 19228 I Publisher: TcpProber has probed 2026e0bf56ddd7ef279077235f3c6f9d 3 times
07-28 18:48:09.608  4576  4576 D PhoneStatusBar: disable: < expand ICONS alerts SYSTEM_INFO back HOME RECENT clock SEARCH quick_settings >
07-28 18:48:09.639  1847  5519 I chatty  : uid=1000(system) Binder_F expire 1 line
07-28 18:48:09.647  4576  4576 D PhoneStatusBar: disable: < expand icons* alerts system_info* back HOME RECENT clock SEARCH quick_settings >
07-28 18:48:09.680  1847  4629 W ActivityManager: Unable to start service Intent { cmp=com.xda.labs/.services.PushService } U=0: not found
07-28 18:48:09.709  1847  5484 I chatty  : uid=1000(system) Binder_D expire 2 lines
07-28 18:48:09.732  2889 19228 I Publisher: TcpProber has probed 2026e0bf56ddd7ef279077235f3c6f9d 3 times
07-28 18:48:09.753  4576  4576 D PhoneStatusBar: disable: < expand icons alerts system_info back home* recent* clock search* quick_settings >
07-28 18:48:09.779  2889 23893 I Authzen : [DeviceStateSyncManager] The server is in sync with current state. Nothing to do
07-28 18:48:10.170  1847  4159 W InputMethodManagerService: Window already focused, ignoring focus gain of: com.android.internal.view.IInputMethodClient$Stub$Proxy@7e4f65e attribute=android.view.inputmethod.EditorInfo@a41ba3f, token = android.os.BinderProxy@4a37c4d
07-28 18:48:11.071 22744 23913 W System  : ClassLoader referenced unknown path: /system/framework/tcmclient.jar
07-28 18:48:11.692  1847  4541 D ConnectivityService: updateNetworkScore for NetworkAgentInfo [WIFI () - 259] to 60
07-28 18:48:12.015  2889 17291 I Publisher: Triggered Adaptive Discovery
07-28 18:48:12.026  2889 17291 I Publisher: 1 Cast devices.
07-28 18:48:12.027  2889 17291 I Publisher: "g33kcast" (2026e0bf56ddd7ef279077235f3c6f9d) supported([]) notSupported([]) expired(true)
07-28 18:48:12.027  2889 17291 I Publisher: "g33kcast" (2026e0bf56ddd7ef279077235f3c6f9d) invoking TCP device prober. Missing filter criteria:[%urn:x-cast:com.google.cast.media]
07-28 18:48:12.027  2889 17291 I Publisher: TcpProber has probed 2026e0bf56ddd7ef279077235f3c6f9d 3 times
07-28 18:48:13.647  1847  2130 W ProcessCpuTracker: Skipping unknown process pid 23955
07-28 18:48:17.758  1847  4541 D ConnectivityService: updateNetworkScore for NetworkAgentInfo [WIFI () - 259] to 56
07-28 18:48:20.777  1847  4541 D ConnectivityService: updateNetworkScore for NetworkAgentInfo [WIFI () - 259] to 60
07-28 18:48:21.559 22744 22872 V RenderScript: 0x5be3d000 Launching thread(s), CPUs 4
07-28 18:48:23.948  1847  4243 I ActivityManager: START u0 {act=android.intent.action.MAIN cat=[android.intent.category.HOME] flg=0x10200000 cmp=com.teslacoilsw.launcher/.NovaLauncher (has extras)} from uid 1000 on display 0
07-28 18:48:24.056  1847  4628 I ActivityManager: START u0 {flg=0x10000000 cmp=com.teslacoilsw.notifier/.BlankActivity} from uid 10077 on display 0
07-28 18:48:24.114  5210  5210 D TeslaUnread.Blank: onCreate()
07-28 18:48:24.132  1847  5223 W InputMethodManagerService: Window already focused, ignoring focus gain of: com.android.internal.view.IInputMethodClient$Stub$Proxy@fe9b30e attribute=null, token = android.os.BinderProxy@a382418
07-28 18:48:24.489 11508 11694 W OpenGLRenderer: Incorrectly called buildLayer on View: PageIndicatorView, destroying layer...
07-28 18:48:26.821  1847  4541 D ConnectivityService: updateNetworkScore for NetworkAgentInfo [WIFI () - 259] to 56
07-28 18:48:29.826  1847  4541 D ConnectivityService: updateNetworkScore for NetworkAgentInfo [WIFI () - 259] to 60
07-28 18:48:32.849  1847  4541 D ConnectivityService: notifyType CAP_CHANGED for NetworkAgentInfo [WIFI () - 259]
07-28 18:48:38.896  1847  4541 D ConnectivityService: notifyType CAP_CHANGED for NetworkAgentInfo [WIFI () - 259]
07-28 18:48:39.316  1847  2186 I PowerManagerService: Going to sleep due to screen timeout (uid 1000)...
07-28 18:48:39.726  1847  2186 I chatty  : uid=1000(system) PowerManagerSer expire 2 lines
07-28 18:48:39.758   277   277 I chatty  : uid=1000(system) /system/bin/surfaceflinger expire 3 lines
07-28 18:48:39.758  1847  2171 I DisplayManagerService: Display device changed state: "Built-in Screen", OFF
07-28 18:48:40.047  1847  2186 I PowerManagerService: Sleeping (uid 1000)...
07-28 18:48:40.065   293 28495 D audio_hw_primary: adev_set_parameters: enter: screen_state=off
07-28 18:48:40.065   293 28495 E voice   : voice_extn_compress_voip_set_parameters: COMPRESS_VOIP_ENABLED is not defined
07-28 18:48:40.065   293 28495 E bt_a2dp_hw: adev_set_parameters: ERROR: set param called even when stream out is null
07-28 18:48:41.907  4576  4576 I Choreographer: Skipped 129 frames!  The application may be doing too much work on its main thread.
07-28 18:48:41.990  4576  4576 D CarrierText: onSimStateChanged: Normal
07-28 18:48:42.046  1847  2186 W PowerManagerService: Sandman unresponsive, releasing suspend blocker
07-28 18:48:42.105  4576  4576 D PhoneStatusBar: disable: < expand ICONS* alerts SYSTEM_INFO* back home recent clock search quick_settings >
07-28 18:48:42.382  4576  4576 D PhoneStatusBar: disable: < expand ICONS alerts SYSTEM_INFO back HOME* RECENT* clock SEARCH* quick_settings >
07-28 18:48:42.553  2922  2922 I Coffee-PhonePositionTracker: Reset phone on-person state
07-28 18:48:42.556  2922  2922 W Coffee-AbstractTrustlet: Ignoring trustlet PhonePosition's' attempt to change its trust state to the current state which is true.
07-28 18:48:42.556  2922  2922 I Coffee-PhonePositionTracker: Register activity recognition API updates.
07-28 18:48:42.558  2889  2889 W ChimeraUtils: Non Chimera context
07-28 18:48:42.569  2889  2889 I CastMediaRouteProvider: in onDiscoveryRequestChanged: request=null
07-28 18:48:42.570  2889 17291 I DiscoveryManager: Filter criteria(null) scannerFlags(0)
07-28 18:48:42.570  2889 17291 I Publisher: onUpdateFilterCriteria null
07-28 18:48:42.575  2889 17291 W MdnsClient_Cast: Multicast lock held. Releasing. Subtypes:"%9E5E7C8F47989526C9BCD95D24084F6F0B27C5ED"
07-28 18:48:42.585  2889 17291 W MdnsClient: unicast receiver thread is already dead.
07-28 18:48:42.586  2889 17291 I DeviceScanner: [MDNS] notifyDevicesOffline: []
07-28 18:49:21.231   277   381 I chatty  : uid=1000(system) hwcVsyncThread expire 5 lines
07-28 18:51:37.616  1847  2129 I ActivityManager: Start proc 24356:com.amazon.avod.thirdpartyclient/u0a398 for service com.amazon.avod.thirdpartyclient/com.amazon.avod.sync.syncadapter.ATVSyncService
07-28 18:51:37.712 24356 24356 I chatty  : uid=10398(com.amazon.avod.thirdpartyclient) expire 27 lines
07-28 18:51:37.777  1847  5300 W ActivityManager: Permission Denial: getCurrentUser() from pid=24356, uid=10398 requires android.permission.INTERACT_ACROSS_USERS
07-28 18:51:38.108  1847  4540 D WifiService: New client listening to asynchronous messages
07-28 18:51:38.159 24356 24379 I chatty  : uid=10398(com.amazon.avod.thirdpartyclient) expire 69 lines
07-28 18:51:38.234 24356 24396 I chatty  : uid=10398(com.amazon.avod.thirdpartyclient) expire 1 line
07-28 18:51:38.236 24356 24397 I chatty  : uid=10398(com.amazon.avod.thirdpartyclient) expire 2 lines
07-28 18:51:38.237 24356 24398 I chatty  : uid=10398(com.amazon.avod.thirdpartyclient) expire 1 line
07-28 18:51:38.243  1847  5331 D WifiService: acquireWifiLockLocked: WifiLock{HTTPMetricsTransport type=3 binder=android.os.BinderProxy@caab507}
07-28 18:51:38.244  1847  4539 I chatty  : uid=1000(system) WifiStateMachin expire 4 lines
07-28 18:51:38.248  1847  5519 D WifiService: acquireWifiLockLocked: WifiLock{HTTPMetricsTransport type=3 binder=android.os.BinderProxy@db39aa3}
07-28 18:51:38.248  1847  5521 W ActivityManager: Permission Denial: getCurrentUser() from pid=24356, uid=10398 requires android.permission.INTERACT_ACROSS_USERS
07-28 18:51:38.277 24356 24395 I chatty  : uid=10398(com.amazon.avod.thirdpartyclient) expire 4 lines
07-28 18:51:38.279  1847  5296 D WifiService: releaseWifiLockLocked: WifiLock{HTTPMetricsTransport type=3 binder=android.os.BinderProxy@db39aa3}
07-28 18:51:38.280  1847  5307 D WifiService: releaseWifiLockLocked: WifiLock{HTTPMetricsTransport type=3 binder=android.os.BinderProxy@caab507}
07-28 18:51:38.292 24356 24405 I chatty  : uid=10398(com.amazon.avod.thirdpartyclient) expire 19 lines
07-28 18:51:38.298 24356 24404 I chatty  : uid=10398(com.amazon.avod.thirdpartyclient) expire 35 lines
07-28 18:51:38.299 24356 24403 I chatty  : uid=10398(com.amazon.avod.thirdpartyclient) expire 13 lines
07-28 18:51:38.303 24356 24406 I chatty  : uid=10398(com.amazon.avod.thirdpartyclient) expire 42 lines
07-28 18:51:38.319 24356 24402 I chatty  : uid=10398(com.amazon.avod.thirdpartyclient) expire 10 lines
07-28 18:51:38.371 24356 24413 I chatty  : uid=10398(com.amazon.avod.thirdpartyclient) expire 11 lines
07-28 18:51:38.513 24356 24428 I chatty  : uid=10398(com.amazon.avod.thirdpartyclient) expire 4 lines
07-28 18:51:38.549 24356 24431 I chatty  : uid=10398(com.amazon.avod.thirdpartyclient) expire 8 lines
07-28 18:51:38.680 24356 24434 I chatty  : uid=10398(com.amazon.avod.thirdpartyclient) expire 10 lines
07-28 18:51:38.711 24356 24436 I chatty  : uid=10398(com.amazon.avod.thirdpartyclient) expire 3 lines
07-28 18:51:38.730 24356 24440 I chatty  : uid=10398(com.amazon.avod.thirdpartyclient) expire 4 lines
07-28 18:51:38.771 24356 24439 I chatty  : uid=10398(com.amazon.avod.thirdpartyclient) expire 82 lines
07-28 18:51:38.830  1847  1874 I ActivityManager: Killing 14109:com.google.android.apps.docs/u0a100 (adj 15): empty #17
07-28 18:51:38.831 24356 24412 I chatty  : uid=10398(com.amazon.avod.thirdpartyclient) expire 2 lines
07-28 18:51:38.864 24356 24447 I chatty  : uid=10398(com.amazon.avod.thirdpartyclient) expire 17 lines
07-28 18:51:38.868  1847  5331 D ActivityManager: cleanUpApplicationRecord -- 14109
07-28 18:51:38.898 24356 24430 I chatty  : uid=10398(com.amazon.avod.thirdpartyclient) expire 1 line
07-28 18:51:38.926  1847  2129 I chatty  : uid=1000(system) android.bg expire 1 line
07-28 18:51:38.967 24356 24451 I chatty  : uid=10398(com.amazon.avod.thirdpartyclient) expire 9 lines
07-28 18:51:39.016 24356 24454 I chatty  : uid=10398(com.amazon.avod.thirdpartyclient) expire 1 line
07-28 18:51:39.019 24356 24459 I chatty  : uid=10398(com.amazon.avod.thirdpartyclient) expire 1 line
07-28 18:51:39.021 24356 24458 I chatty  : uid=10398(com.amazon.avod.thirdpartyclient) expire 2 lines
07-28 18:51:39.022 24356 24456 I chatty  : uid=10398(com.amazon.avod.thirdpartyclient) expire 7 lines
07-28 18:51:39.046 24356 24455 I chatty  : uid=10398(com.amazon.avod.thirdpartyclient) expire 6 lines
07-28 18:51:50.432   277   381 I chatty  : uid=1000(system) hwcVsyncThread expire 2 lines
07-28 18:51:50.434 24356 24404 I chatty  : uid=10398(com.amazon.avod.thirdpartyclient) expire 13 lines
07-28 18:51:50.453 24356 24488 I chatty  : uid=10398(com.amazon.avod.thirdpartyclient) expire 7 lines
07-28 18:51:50.463 24356 24379 I chatty  : uid=10398(com.amazon.avod.thirdpartyclient) expire 20 lines
07-28 18:51:50.464 24356 24491 I chatty  : uid=10398(com.amazon.avod.thirdpartyclient) expire 3 lines
07-28 18:51:50.509 24356 24494 I chatty  : uid=10398(com.amazon.avod.thirdpartyclient) expire 12 lines
07-28 18:51:50.517 24356 24381 I chatty  : uid=10398(com.amazon.avod.thirdpartyclient) expire 15 lines
07-28 18:51:50.528  1847  2129 I chatty  : uid=1000(system) android.bg expire 1 line
07-28 18:51:50.532 24356 24356 I chatty  : uid=10398(com.amazon.avod.thirdpartyclient) expire 10 lines
07-28 18:51:50.534 24356 24406 I chatty  : uid=10398(com.amazon.avod.thirdpartyclient) expire 1 line
07-28 18:51:50.544 24356 24498 I chatty  : uid=10398(com.amazon.avod.thirdpartyclient) expire 6 lines
07-28 18:51:51.419  1847  4539 I chatty  : uid=1000(system) WifiStateMachin expire 1 line
07-28 18:51:51.420   277   381 I chatty  : uid=1000(system) hwcVsyncThread expire 1 line
07-28 18:51:51.846   277   381 I qdhwcomposer: handle_blank_event: dpy:0 panel power state: 0
07-28 18:51:52.285   277   381 I qdhwcomposer: handle_blank_event: dpy:0 panel power state: 0
07-28 18:51:52.711   277   381 I qdhwcomposer: handle_blank_event: dpy:0 panel power state: 0
07-28 18:51:52.722 24356 24413 I chatty  : uid=10398(com.amazon.avod.thirdpartyclient) expire 2 lines
07-28 18:51:52.780 24356 24433 I chatty  : uid=10398(com.amazon.avod.thirdpartyclient) expire 4 lines
07-28 18:51:52.785  1847  4536 I TetherStatsReporting: getTetherStats() called NetworkStats: elapsedRealtime=810335688
07-28 18:51:52.785  1847  4536 I TetherStatsReporting:   [0] iface=rmnet0 uid=0 set=DEFAULT tag=0x0 rxBytes=625230 rxPackets=5802 txBytes=316904 txPackets=4896 operations=0
07-28 18:51:52.785  1847  4536 I TetherStatsReporting:   [1] iface=rmnet0 uid=0 set=FOREGROUND tag=0x0 rxBytes=0 rxPackets=0 txBytes=0 txPackets=0 operations=0
07-28 18:51:52.785  1847  4536 I TetherStatsReporting:   [2] iface=rmnet0 uid=1000 set=DEFAULT tag=0x0 rxBytes=860 rxPackets=6 txBytes=805 txPackets=6 operations=0
07-28 18:51:52.785  1847  4536 I TetherStatsReporting:   [3] iface=rmnet0 uid=1000 set=FOREGROUND tag=0x0 rxBytes=0 rxPackets=0 txBytes=0 txPackets=0 operations=0
07-28 18:51:52.785  1847  4536 I TetherStatsReporting:   [4] iface=rmnet0 uid=10009 set=DEFAULT tag=0x0 rxBytes=0 rxPackets=0 txBytes=252 txPackets=6 operations=5
07-28 18:51:52.785  1847  4536 I TetherStatsReporting:   [5] iface=rmnet0 uid=10009 set=FOREGROUND tag=0x0 rxBytes=0 rxPackets=0 txBytes=0 txPackets=0 operations=0
07-28 18:51:52.785  1847  4536 I TetherStatsReporting:   [6] iface=rmnet0 uid=10026 set=DEFAULT tag=0x0 rxBytes=1949 rxPackets=5 txBytes=1246 txPackets=5 operations=0
07-28 18:51:52.785  1847  4536 I TetherStatsReporting:   [7] iface=rmnet0 uid=10026 set=FOREGROUND tag=0x0 rxBytes=0 rxPackets=0 txBytes=0 txPackets=0 operations=0
07-28 18:51:52.785  1847  4536 I TetherStatsReporting:   [8] iface=rmnet0 uid=10027 set=DEFAULT tag=0x0 rxBytes=2148913 rxPackets=5851 txBytes=1284496 txPackets=6516 operations=0
07-28 18:51:52.785  1847  4536 I TetherStatsReporting:   [9] iface=rmnet0 uid=10027 set=FOREGROUND tag=0x0 rxBytes=799415 rxPackets=1917 txBytes=473621 txPackets=2239 operations=0
07-28 18:51:52.785  1847  4536 I TetherStatsReporting:   [10] iface=rmnet0 uid=10033 set=DEFAULT tag=0x0 rxBytes=393829 rxPackets=736 txBytes=192639 txPackets=751 operations=0
07-28 18:51:52.785  1847  4536 I TetherStatsReporting:   [11] iface=rmnet0 uid=10033 set=FOREGROUND tag=0x0 rxBytes=1843032 rxPackets=2300 txBytes=361593 txPackets=2005 operations=0
07-28 18:51:52.785  1847  4536 I TetherStatsReporting:   [12] iface=rmnet0 uid=10077 set=DEFAULT tag=0x0 rxBytes=62539 rxPackets=184 txBytes=48327 txPackets=190 operations=0
07-28 18:51:52.785  1847  4536 I TetherStatsReporting:   [13] iface=rmnet0 uid=10077 set=FOREGROUND tag=0x0 rxBytes=0 rxPackets=0 txBytes=120 txPackets=2 operations=0
07-28 18:51:52.785  1847  4536 I TetherStatsReporting:   [14] iface=rmnet0 uid=10082 set=DEFAULT tag=0x0 rxBytes=180093 rxPackets=493 txBytes=67382 txPackets=633 operations=0
07-28 18:51:52.785  1847  4536 I TetherStatsReporting:   [15] iface=rmnet0 uid=10082 set=FOREGROUND tag=0x0 rxBytes=0 rxPackets=0 txBytes=0 txPackets=0 operations=0
07-28 18:51:52.785  1847  4536 I TetherStatsReporting:   [16] iface=rmnet0 uid=10086 set=DEFAULT tag=0x0 rxBytes=121318 rxPackets=266 txBytes=40371 txPackets=306 operations=0
07-28 18:51:52.785  1847  4536 I TetherStatsReporting:   [17] iface=rmnet0 uid=10086 set=FOREGROUND tag=0x0 rxBytes=8357001 rxPackets=7342 txBytes=909932 txPackets=7018 operations=0
07-28 18:51:52.785  1847  4536 I TetherStatsReporting:   [18] iface=rmnet0 uid=10106 set=DEFAULT tag=0x0 rxBytes=3812 rxPackets=18 txBytes=1848 txPackets=26 operations=0
07-28 18:51:52.785  1847  4536 I TetherStatsReporting:   [19] iface=rmnet0 uid=10106 set=FOREGROUND tag=0x0 rxBytes=112998 rxPackets=195 txBytes=23269 txPackets=206 operations=0
07-28 18:51:52.785  1847  4536 I TetherStatsReporting:   [20] iface=rmnet0 uid=10108 set=DEFAULT tag=0x0 rxBytes=859538 rxPackets=1197 txBytes=224583 txPackets=1343 operations=74
07-28 18:51:52.785  1847  4536 I TetherStatsReporting:   [21] iface=rmnet0 uid=10108 set=FOREGROUND tag=0x0 rxBytes=138770 rxPackets=242 txBytes=60323 txPackets=314 operations=5
07-28 18:51:52.785  1847  4536 I TetherStatsReporting:   [22] iface=rmnet0 uid=10115 set=DEFAULT tag=0x0 rxBytes=846051 rxPackets=2319 txBytes=429601 txPackets=3875 operations=0
07-28 18:51:52.785  1847  4536 I TetherStatsReporting:   [23] iface=rmnet0 uid=10115 set=FOREGROUND tag=0x0 rxBytes=157034 rxPackets=260 txBytes=75897 txPackets=606 operations=0
07-28 18:51:52.785  1847  4536 I TetherStatsReporting:   [24] iface=rmnet0 uid=10129 set=DEFAULT tag=0x0 rxBytes=2738916 rxPackets=6723 txBytes=1367933 txPackets=7756 operations=0
07-28 18:51:52.785  1847  4536 I TetherStatsReporting:   [25] iface=rmnet0 uid=10129 set=FOREGROUND tag=0x0 rxBytes=63646 rxPackets=414 txBytes=61428 txPackets=623 operations=0
07-28 18:51:52.785  1847  4536 I TetherStatsReporting:   [26] iface=rmnet0 uid=10140 set=DEFAULT tag=0x0 rxBytes=100989 rxPackets=341 txBytes=50654 txPackets=352 operations=0
07-28 18:51:52.785  1847  4536 I TetherStatsReporting:   [27] iface=rmnet0 uid=10140 set=FOREGROUND tag=0x0 rxBytes=245967 rxPackets=525 txBytes=71846 txPackets=582 operations=0
07-28 18:51:52.785  1847  4536 I TetherStatsReporting:   [28] iface=rmnet0 uid=10143 set=DEFAULT tag=0x0 rxBytes=37022 rxPackets=26 txBytes=1040 txPackets=26 operations=0
07-28 18:51:52.785  1847  4536 I TetherStatsReporting:   [29] iface=rmnet0 uid=10143 set=FOREGROUND tag=0x0 rxBytes=84 rxPackets=2 txBytes=353 txPackets=3 operations=0
07-28 18:51:52.785  1847  4536 I TetherStatsReporting:   [30] iface=rmnet0 uid=10172 set=DEFAULT tag=0x0 rxBytes=0 rxPackets=0 txBytes=60 txPackets=1 operations=0
07-28 18:51:52.785  1847  4536 I TetherStatsReporting:   [31] iface=rmnet0 uid=10172 set=FOREGROUND tag=0x0 rxBytes=0 rxPackets=0 txBytes=0 txPackets=0 operations=0
07-28 18:51:52.785  1847  4536 I TetherStatsReporting:   [32] iface=rmnet0 uid=10175 set=DEFAULT tag=0x0 rxBytes=213764 rxPackets=346 txBytes=33827 txPackets=391 operations=0
07-28 18:51:52.785  1847  4536 I TetherStatsReporting:   [33] iface=rmnet0 uid=10175 set=FOREGROUND tag=0x0 rxBytes=367612 rxPackets=479 txBytes=46956 txPackets=565 operatio
07-28 18:51:52.786  1847  4536 I TetherStatsReporting: binding to service
07-28 18:51:52.811 24356 24628 I chatty  : uid=10398(com.amazon.avod.thirdpartyclient) expire 4 lines
07-28 18:52:19.433   277   381 I qdhwcomposer: handle_blank_event: dpy:0 panel power state: 0
07-28 18:52:19.712 24356 24663 I chatty  : uid=10398(com.amazon.avod.thirdpartyclient) expire 1 line
07-28 18:52:19.787  1847  5307 I ActivityManager: Start proc 24665:in.amazon.mShop.android.shopping/u0a399 for content provider in.amazon.mShop.android.shopping/com.amazon.mShop.sso.MShopMAPInformationProvider
07-28 18:52:19.823  1847  5519 I ActivityManager: Killing 14122:com.topjohnwu.magisk/u0a54 (adj 15): empty #17
07-28 18:52:19.823  1847  5519 I libprocessgroup: Killing pid 14174 in uid 10054 as part of process group 14122
07-28 18:52:19.856  1847  5223 D ActivityManager: cleanUpApplicationRecord -- 14122
07-28 18:52:20.209  1847  2130 W ProcessCpuTracker: Skipping unknown process pid 24682
07-28 18:52:20.253 24665 24665 I chatty  : uid=10399(in.amazon.mShop.android.shopping) expire 4 lines
07-28 18:52:20.610 24665 24675 I chatty  : uid=10399(in.amazon.mShop.android.shopping) Binder_1 expire 9 lines
07-28 18:52:20.634 24665 24736 I chatty  : uid=10399(in.amazon.mShop.android.shopping) expire 3 lines
07-28 18:52:20.641 24665 24736 I ...amework.MAPInitTasks: Setup DataStorage instance
07-28 18:52:20.643 24356 24739 I chatty  : uid=10398(com.amazon.avod.thirdpartyclient) expire 5 lines
07-28 18:52:20.649 24356 24740 I chatty  : uid=10398(com.amazon.avod.thirdpartyclient) expire 2 lines
07-28 18:52:20.726 24356 24742 I chatty  : uid=10398(com.amazon.avod.thirdpartyclient) expire 15 lines
07-28 18:52:20.738 24356 24743 I chatty  : uid=10398(com.amazon.avod.thirdpartyclient) expire 2 lines
07-28 18:52:20.761 24665 24735 I ...stributedDataStorage: Distributed data store is already initialized. Simply returning from initialize workflow.
07-28 18:52:20.781 24665 24736 I ...stributedDataStorage: Distributed data store is already initialized. Simply returning from initialize workflow.
07-28 18:52:20.781 24665 24736 I ...stributedDataStorage: Distributed data store is already initialized. Simply returning from initialize workflow.
07-28 18:52:20.783 24665 24736 I ...stributedDataStorage: Distributed data store is already initialized. Simply returning from initialize workflow.
07-28 18:52:20.799 24665 24675 I ...eAccountPluginHolder: Returning Default multiple profile settings
07-28 18:52:20.803 24665 24675 I ...stributedDataStorage: Distributed data store is already initialized. Simply returning from initialize workflow.
07-28 18:52:20.803 24665 24736 I ...stributedDataStorage: Distributed data store is already initialized. Simply returning from initialize workflow.
07-28 18:52:20.803 24665 24736 I ...stributedDataStorage: Distributed data store is already initialized. Simply returning from initialize workflow.
07-28 18:52:20.803 24665 24675 I ...stributedDataStorage: Distributed data store is already initialized. Simply returning from initialize workflow.
07-28 18:52:20.803 24665 24675 I ...stributedDataStorage: Distributed data store is already initialized. Simply returning from initialize workflow.
07-28 18:52:20.803 24665 24736 I ...stributedDataStorage: Distributed data store is already initialized. Simply returning from initialize workflow.
07-28 18:52:20.803 24665 24736 I ...stributedDataStorage: Distributed data store is already initialized. Simply returning from initialize workflow.
07-28 18:52:20.803 24665 24736 I ...stributedDataStorage: Distributed data store is already initialized. Simply returning from initialize workflow.
07-28 18:52:20.803 24665 24736 I ...stributedDataStorage: Distributed data store is already initialized. Simply returning from initialize workflow.
07-28 18:52:20.803 24665 24736 I ...stributedDataStorage: Distributed data store is already initialized. Simply returning from initialize workflow.
07-28 18:52:20.804 24665 24675 I ...stributedDataStorage: Distributed data store is already initialized. Simply returning from initialize workflow.
07-28 18:52:20.804 24665 24675 I ...stributedDataStorage: Distributed data store is already initialized. Simply returning from initialize workflow.
07-28 18:52:20.804 24665 24675 I ...stributedDataStorage: Distributed data store is already initialized. Simply returning from initialize workflow.
07-28 18:52:20.804 24665 24675 I ...stributedDataStorage: Distributed data store is already initialized. Simply returning from initialize workflow.
07-28 18:52:20.830 24665 24736 I ...stributedDataStorage: Distributed data store is already initialized. Simply returning from initialize workflow.
07-28 18:52:20.834 24665 24665 D AbstractMetricsFactoryImpl: Setting non-anonymous customer ID and session ID to null, and anonymous tag to true as the metric entry was not recorded in non-anonymous queue.
07-28 18:52:20.838 24665 24665 I DPLogger: DPLogger - Name was too long. Truncating; original name: BaseMetricsServiceFactory, truncated name: BaseMetricsServiceFacto
07-28 18:52:20.838 24665 24733 I ...stributedDataStorage: Distributed data store is already initialized. Simply returning from initialize workflow.
07-28 18:52:20.838 24665 24733 I ...stributedDataStorage: Distributed data store is already initialized. Simply returning from initialize workflow.
07-28 18:52:20.838 24665 24733 I ...stributedDataStorage: Distributed data store is already initialized. Simply returning from initialize workflow.
07-28 18:52:20.838 24665 24733 I ...stributedDataStorage: Distributed data store is already initialized. Simply returning from initialize workflow.
07-28 18:52:20.838 24665 24733 I ...stributedDataStorage: Distributed data store is already initialized. Simply returning from initialize workflow.
07-28 18:52:20.838 24665 24733 I ...stributedDataStorage: Distributed data store is already initialized. Simply returning from initialize workflow.
07-28 18:52:20.838 24665 24733 I ...stributedDataStorage: Distributed data store is already initialized. Simply returning from initialize workflow.
07-28 18:52:20.838 24665 24665 I DPLogger: DPLogger - Name was too long. Truncating; original name: MetricsConfigurationParser, truncated name: MetricsConfigurationPar
07-28 18:52:20.838 24665 24736 I ...stributedDataStorage: Distributed data store is already initialized. Simply returning from initialize workflow.
07-28 18:52:20.845 24665 24665 I MetricsConfigurationPar: MetricsConfigurationParser - Picking configuration; Domain: prod, Build: user, isDebuggable: false
07-28 18:52:20.854 24665 24752 I ...stributedDataStorage: Distributed data store is already initialized. Simply returning from initialize workflow.
07-28 18:52:20.856 24665 24665 W System  : ClassLoader referenced unknown path: /system/framework/tcmclient.jar
07-28 18:52:20.857 24665 24665 I DPLogger: DPLogger - Name was too long. Truncating; original name: TComm.HttpClientSrrManager, truncated name: TComm.HttpClientSrrMana
07-28 18:52:20.858 24665 24665 I DPLogger: DPLogger - Name was too long. Truncating; original name: AndroidDeviceInfoManager, truncated name: AndroidDeviceInfoManage
07-28 18:52:20.859 24665 24665 W BaseMetricsServiceFacto: createMetricsService - Skipping batch pipeline setup for Priority NORMAL and Channel LOCATION because no configuration is provided.;
07-28 18:52:20.859 24665 24675 I ...stributedDataStorage: Distributed data store is already initialized. Simply returning from initialize workflow.
07-28 18:52:20.859 24665 24675 I ...stributedDataStorage: Distributed data store is already initialized. Simply returning from initialize workflow.
07-28 18:52:20.859 24665 24675 I ...stributedDataStorage: Distributed data store is already initialized. Simply returning from initialize workflow.
07-28 18:52:20.859 24665 24675 I ...stributedDataStorage: Distributed data store is already initialized. Simply returning from initialize workflow.
07-28 18:52:20.859 24665 24675 I ...stributedDataStorage: Distributed data store is already initialized. Simply returning from initialize workflow.
07-28 18:52:20.859 24665 24675 I ...stributedDataStorage: Distributed data store is already initialized. Simply returning from initialize workflow.
07-28 18:52:20.859 24665 24675 I ...stributedDataStorage: Distributed data store is already initialized. Simply returning from initialize workflow.
07-28 18:52:20.859 24665 24665 I DPLogger: DPLogger - Name was too long. Truncating; original name: Metrics:BoundedByteArrayQueue, truncated name: Metrics:BoundedByteArra
07-28 18:52:20.859 24665 24665 I DPLogger: DPLogger - Name was too long. Truncating; original name: Metrics:NonVolatileBoundedByteArrayQueue, truncated name: Metrics:NonVolatileBoun
07-28 18:52:20.860 24665 24752 I ...stributedDataStorage: Distributed data store is already initialized. Simply returning from initialize workflow.
07-28 18:52:20.860 24665 24752 I ...stributedDataStorage: Distributed data store is already initialized. Simply returning from initialize workflow.
07-28 18:52:20.860 24665 24752 I ...stributedDataStorage: Distributed data store is already initialized. Simply returning from initialize workflow.
07-28 18:52:20.860 24665 24752 I ...stributedDataStorage: Distributed data store is already initialized. Simply returning from initialize workflow.
07-28 18:52:20.860 24665 24752 I ...stributedDataStorage: Distributed data store is already initialized. Simply returning from initialize workflow.
07-28 18:52:20.860 24665 24752 I ...stributedDataStorage: Distributed data store is already initialized. Simply returning from initialize workflow.
07-28 18:52:20.865 24665 24665 I DPLogger: DPLogger - Name was too long. Truncating; original name: OverridingDeviceInfoManager, truncated name: OverridingDeviceInfoMan
07-28 18:52:20.871 24665 24665 I DPLogger: DPLogger - Name was too long. Truncating; original name: Metrics:BatchTransmitter, truncated name: Metrics:BatchTransmitte
07-28 18:52:20.871 24665 24665 I DPLogger: DPLogger - Name was too long. Truncating; original name: Metrics:ThreadPoolBatchTransmitter, truncated name: Metrics:ThreadPoolBatch
07-28 18:52:20.871 24665 24665 I DPLogger: DPLogger - Name was too long. Truncating; original name: PeriodicBatchTransmitter, truncated name: PeriodicBatchTransmitte
07-28 18:52:20.879 24665 24665 W BaseMetricsServiceFacto: createMetricsService - Skipping batch pipeline setup for Priority HIGH and Channel LOCATION because no configuration is provided.;
07-28 18:52:20.880 24665 24665 I DPLogger: DPLogger - Name was too long. Truncating; original name: Metrics:VolatileBoundedByteArrayQueue, truncated name: Metrics:VolatileBounded
07-28 18:52:20.884 24665 24665 I DPLogger: DPLogger - Name was too long. Truncating; original name: Metrics:UrgentBatchTransmitter, truncated name: Metrics:UrgentBatchTran
07-28 18:52:20.889 24356 24770 I chatty  : uid=10398(com.amazon.avod.thirdpartyclient) expire 11 lines
07-28 18:52:20.892 24665 24665 W BaseMetricsServiceFacto: createMetricsService - Skipping batch pipeline setup for Priority RESERVED_FOR_LOCATION_SERVICE and Channel LOCATION because no configuration is provided.;
07-28 18:52:20.892 24665 24665 W BaseMetricsServiceFacto: createMetricsService - Skipping batch pipeline setup for Priority RESERVED_FOR_LOCATION_SERVICE and Channel ANONYMOUS because no configuration is provided.;
07-28 18:52:20.892 24665 24665 W BaseMetricsServiceFacto: createMetricsService - Skipping batch pipeline setup for Priority RESERVED_FOR_LOCATION_SERVICE and Channel NON_ANONYMOUS because no configuration is provided.;
07-28 18:52:20.892 24665 24665 W BaseMetricsServiceFacto: createMetricsService - Skipping batch pipeline setup for Priority RESERVED_FOR_NON_ANONYMOUS_METRICS and Channel LOCATION because no configuration is provided.;
07-28 18:52:20.892 24665 24665 W BaseMetricsServiceFacto: createMetricsService - Skipping batch pipeline setup for Priority RESERVED_FOR_NON_ANONYMOUS_METRICS and Channel ANONYMOUS because no configuration is provided.;
07-28 18:52:20.893 24665 24665 W BaseMetricsServiceFacto: createMetricsService - Skipping batch pipeline setup for Priority RESERVED_FOR_NON_ANONYMOUS_METRICS and Channel NON_ANONYMOUS because no configuration is provided.;
07-28 18:52:20.893 24665 24665 W BaseMetricsServiceFacto: createMetricsService - Skipping batch pipeline setup for Priority CRITICAL and Channel LOCATION because no configuration is provided.;
07-28 18:52:20.893 24665 24665 W BaseMetricsServiceFacto: createMetricsService - Skipping batch pipeline setup for Priority CRITICAL and Channel ANONYMOUS because no configuration is provided.;
07-28 18:52:20.893 24665 24665 W BaseMetricsServiceFacto: createMetricsService - Skipping batch pipeline setup for Priority CRITICAL and Channel NON_ANONYMOUS because no configuration is provided.;
07-28 18:52:20.902 24665 24665 I DPLogger: DPLogger - Name was too long. Truncating; original name: MetricsBroadcastReceiver, truncated name: MetricsBroadcastReceive
07-28 18:52:20.903 24665 24665 D LocaleManager: Initial Locale Is: en_IN
07-28 18:52:20.903 24665 24774 I Metrics:BatchTransmitte: QueuePusher.sendBatches - Drained batch queue.; Number of NORMAL_NON_ANONYMOUS queue batches sent: 0
07-28 18:52:20.903 24665 24775 I Metrics:BatchTransmitte: QueuePusher.sendBatches - Drained batch queue.; Number of HIGH_ANONYMOUS queue batches sent: 0
07-28 18:52:20.906 24665 24776 I Metrics:BatchTransmitte: QueuePusher.sendBatches - Drained batch queue.; Number of HIGH_NON_ANONYMOUS queue batches sent: 0
07-28 18:52:20.934  1847  5296 D PowerManagerService: acquireWakeLock: ignoring request from in.amazon.mShop.android.shopping
07-28 18:52:20.935 24665 24665 I WebViewFactory: Loading com.android.webview version 51.0.2704.106 (code 1)
07-28 18:52:20.935  1847  5300 D WifiService: acquireWifiLockLocked: WifiLock{HTTPMetricsTransport type=3 binder=android.os.BinderProxy@f30e2fb}
07-28 18:52:20.936  1847  4539 E native  : do suspend false
07-28 18:52:20.938  1847  5307 D PowerManagerService: acquireWakeLock: ignoring request from in.amazon.mShop.android.shopping
07-28 18:52:21.219   277   381 I qdhwcomposer: handle_blank_event: dpy:0 panel power state: 0
07-28 18:52:21.222  1847  5307 D WifiService: acquireWifiLockLocked: WifiLock{HTTPMetricsTransport type=3 binder=android.os.BinderProxy@61b4f18}
07-28 18:52:21.225  1847  4539 E native  : do suspend false
07-28 18:52:21.230 24665 24773 E HTTPMetricsTransport: transmit - MissingCredentialsException while transmitting;
07-28 18:52:21.230 24665 24773 E HTTPMetricsTransport: amazon.communication.MissingCredentialsException: Static Credential is unavailable.
07-28 18:52:21.230 24665 24773 E HTTPMetricsTransport: 	at com.amazon.client.metrics.transport.StaticCredentialRequestSigner.signRequest(StaticCredentialRequestSigner.java:44)
07-28 18:52:21.230 24665 24773 E HTTPMetricsTransport: 	at com.amazon.client.metrics.transport.MetricsHttpRequestSigner.signRequest(MetricsHttpRequestSigner.java:54)
07-28 18:52:21.230 24665 24773 E HTTPMetricsTransport: 	at amazon.communication.srr.HttpClientSrrManager.makeRequestSync(HttpClientSrrManager.java:190)
07-28 18:52:21.230 24665 24773 E HTTPMetricsTransport: 	at com.amazon.client.metrics.transport.HTTPMetricsTransport.makeRequest(HTTPMetricsTransport.java:286)
07-28 18:52:21.230 24665 24773 E HTTPMetricsTransport: 	at com.amazon.client.metrics.transport.HTTPMetricsTransport.attemptToTransmit(HTTPMetricsTransport.java:230)
07-28 18:52:21.230 24665 24773 E HTTPMetricsTransport: 	at com.amazon.client.metrics.transport.HTTPMetricsTransport.attemptToTransmit(HTTPMetricsTransport.java:235)
07-28 18:52:21.230 24665 24773 E HTTPMetricsTransport: 	at com.amazon.client.metrics.transport.HTTPMetricsTransport.transmit(HTTPMetricsTransport.java:202)
07-28 18:52:21.230 24665 24773 E HTTPMetricsTransport: 	at com.amazon.client.metrics.batch.transmitter.BatchTransmitter$QueuePusher.sendBatches(BatchTransmitter.java:171)
07-28 18:52:21.230 24665 24773 E HTTPMetricsTransport: 	at com.amazon.client.metrics.batch.transmitter.BatchTransmitter$QueuePusher.run(BatchTransmitter.java:137)
07-28 18:52:21.230 24665 24773 E HTTPMetricsTransport: 	at java.util.concurrent.ThreadPoolExecutor.runWorker(ThreadPoolExecutor.java:1113)
07-28 18:52:21.230 24665 24773 E HTTPMetricsTransport: 	at java.util.concurrent.ThreadPoolExecutor$Worker.run(ThreadPoolExecutor.java:588)
07-28 18:52:21.230 24665 24773 E HTTPMetricsTransport: 	at java.lang.Thread.run(Thread.java:818)
07-28 18:52:21.231  1847  1871 D WifiService: releaseWifiLockLocked: WifiLock{HTTPMetricsTransport type=3 binder=android.os.BinderProxy@61b4f18}
07-28 18:52:21.232  1847  4539 E native  : do suspend false
07-28 18:52:21.232  1847  4159 D WifiService: releaseWifiLockLocked: WifiLock{HTTPMetricsTransport type=3 binder=android.os.BinderProxy@f30e2fb}
07-28 18:52:21.232  1847  4539 E native  : do suspend true
07-28 18:52:21.233 24665 24733 I ...stributedDataStorage: Distributed data store is already initialized. Simply returning from initialize workflow.
07-28 18:52:21.233 24665 24733 I ...stributedDataStorage: Distributed data store is already initialized. Simply returning from initialize workflow.
07-28 18:52:21.233 24665 24733 I ...stributedDataStorage: Distributed data store is already initialized. Simply returning from initialize workflow.
07-28 18:52:21.233 24665 24733 I ...stributedDataStorage: Distributed data store is already initialized. Simply returning from initialize workflow.
07-28 18:52:21.233 24665 24733 I ...stributedDataStorage: Distributed data store is already initialized. Simply returning from initialize workflow.
07-28 18:52:21.233 24665 24733 I ...stributedDataStorage: Distributed data store is already initialized. Simply returning from initialize workflow.
07-28 18:52:21.233 24665 24733 I ...stributedDataStorage: Distributed data store is already initialized. Simply returning from initialize workflow.
07-28 18:52:21.238 24665 24773 W Metrics:BatchTransmitte: QueuePusher.sendBatches - Batch transmission failed on credentials error, re-enqueuing batch.;
07-28 18:52:21.239 24665 24773 I Metrics:BatchTransmitte: QueuePusher.sendBatches - Partial number of  NORMAL_ANONYMOUS queue  batches sent; 0
07-28 18:52:21.258 24665 24665 W System  : ClassLoader referenced unknown path: /system/app/webview/lib/arm
07-28 18:52:21.261 24665 24665 W XPrivacy: Hooking package=com.android.webview
07-28 18:52:21.286 24665 24676 W ...vice.utils.DBHelpers: Error inserting into database in ifCannotUpdateThenInsert
07-28 18:52:21.287 24665 24676 W ...vice.utils.DBHelpers: Error inserting into database in ifCannotUpdateThenInsert
07-28 18:52:21.288 24665 24676 W ...vice.utils.DBHelpers: Error inserting into database in ifCannotUpdateThenInsert
07-28 18:52:21.289 24665 24676 W ...vice.utils.DBHelpers: Error inserting into database in ifCannotUpdateThenInsert
07-28 18:52:21.290 24665 24676 I ...stributedDataStorage: Distributed data store is already initialized. Simply returning from initialize workflow.
07-28 18:52:21.290 24665 24676 I ...stributedDataStorage: Distributed data store is already initialized. Simply returning from initialize workflow.
07-28 18:52:21.290 24665 24676 I ...stributedDataStorage: Distributed data store is already initialized. Simply returning from initialize workflow.
07-28 18:52:21.290 24665 24676 I ...stributedDataStorage: Distributed data store is already initialized. Simply returning from initialize workflow.
07-28 18:52:21.290 24665 24676 I ...stributedDataStorage: Distributed data store is already initialized. Simply returning from initialize workflow.
07-28 18:52:21.290 24665 24676 I ...stributedDataStorage: Distributed data store is already initialized. Simply returning from initialize workflow.
07-28 18:52:21.290 24665 24676 I ...stributedDataStorage: Distributed data store is already initialized. Simply returning from initialize workflow.
07-28 18:52:21.299 24665 24665 I cr_LibraryLoader: Time to load native libraries: 6 ms (timestamps 5810-5816)
07-28 18:52:21.299 24665 24665 I cr_LibraryLoader: Expected native library version number "51.0.2704.106", actual native library version number "51.0.2704.106"
07-28 18:52:21.325 24665 24665 W LocaleManager: Default CookieHandler was null
07-28 18:52:21.591   277   381 I qdhwcomposer: handle_blank_event: dpy:0 panel power state: 0
07-28 18:52:21.605 24665 24782 D SaveCustomerPreferencesTask: Starting save LOP task with https://www.amazon.in/gp/customer-preferences/ajax/save-lop.html?lop=en_IN&ref=icp_lop_en-IN_ls
07-28 18:52:21.606 24665 24782 W System  : ClassLoader referenced unknown path: /system/framework/tcmclient.jar
07-28 18:52:21.619 24665 24665 D AdsHelper: calling AmazonOOAdRegistration.setAppDefinedMarketplace with: in for marketplace: en_IN
07-28 18:52:21.630 24665 24665 I WebViewSuspensionPolicy: Registering timer controller
07-28 18:52:21.642 24665 24665 V WebViewChromiumFactoryProvider: Binding Chromium to main looper Looper (main, tid 1) {ba5ea70}
07-28 18:52:21.643 24665 24665 I cr_LibraryLoader: Expected native library version number "51.0.2704.106", actual native library version number "51.0.2704.106"
07-28 18:52:21.643 24665 24665 I chromium: [INFO:library_loader_hooks.cc(143)] Chromium logging enabled: level = 0, default verbosity = 0
07-28 18:52:21.682 24665 24665 I cr_BrowserStartup: Initializing chromium process, singleProcess=true
07-28 18:52:21.694 24665 24665 E ApkAssets: Error while loading asset assets/natives_blob_64.bin: java.io.FileNotFoundException: assets/natives_blob_64.bin
07-28 18:52:21.694 24665 24665 E ApkAssets: Error while loading asset assets/snapshot_blob_64.bin: java.io.FileNotFoundException: assets/snapshot_blob_64.bin
07-28 18:52:21.716 24665 24665 I Adreno-EGL: <qeglDrvAPI_eglInitialize:379>: EGL 1.4 QUALCOMM build: Nondeterministic_AU_msm8974_LA.BF.1.1.3_RB1__release_AU (I741a3d36ca)
07-28 18:52:21.716 24665 24665 I Adreno-EGL: OpenGL ES Shader Compiler Version: E031.29.00.00
07-28 18:52:21.716 24665 24665 I Adreno-EGL: Build Date: 04/04/16 Mon
07-28 18:52:21.716 24665 24665 I Adreno-EGL: Local Branch: mybranch19053788
07-28 18:52:21.716 24665 24665 I Adreno-EGL: Remote Branch: quic/LA.BF.1.1.3_rb1.12
07-28 18:52:21.716 24665 24665 I Adreno-EGL: Local Patches: NONE
07-28 18:52:21.716 24665 24665 I Adreno-EGL: Reconstruct Branch: NOTHING
07-28 18:52:22.001   277   381 I qdhwcomposer: handle_blank_event: dpy:0 panel power state: 0
07-28 18:52:22.072 24665 24793 W cr_media: Requires BLUETOOTH permission
07-28 18:52:22.079 24665 24665 I cr_DRP  : No DRP key due to exception:java.lang.ClassNotFoundException: com.android.webview.chromium.Drp
07-28 18:52:22.130  1847  4629 D ConnectivityService: listenForNetwork for Listen from uid/pid:10399/24665 for NetworkRequest [ id=1003, legacyType=-1, [ Capabilities: INTERNET&NOT_RESTRICTED&TRUSTED&NOT_VPN] ]
07-28 18:52:44.727   277   381 I qdhwcomposer: handle_blank_event: dpy:0 panel power state: 0
07-28 18:52:44.750 24665 24665 D cr_Ime  : [InputMethodManagerWrapper.java:30] Constructor
07-28 18:52:44.771 24665 24665 W cr_AwContents: onDetachedFromWindow called when already detached. Ignoring
07-28 18:52:44.773 24665 24665 D cr_Ime  : [InputMethodManagerWrapper.java:59] isActive: false
07-28 18:52:44.775 24665 24665 I CordovaLog: Changing log level to 6
07-28 18:52:44.779 24665 24665 V AmazonApplication: Unable to execute setConfigCallbackForViewRoot on Android Platform6.0.1
07-28 18:52:44.802 24665 24674 W art     : Suspending all threads took: 5.144ms
07-28 18:53:55.674   277   381 I qdhwcomposer: handle_blank_event: dpy:0 panel power state: 0
07-28 18:53:55.681  1847  5300 W XPrivacy/XProcess: startViaZygote 70807 ms
07-28 18:53:55.682  1847  4244 I PowerManagerService: Waking up from sleep (uid 1000)...
07-28 18:53:55.693  1847  2186 I DisplayPowerController: Blocking screen on until initial contents have been drawn.
07-28 18:53:55.702  1847  5300 W ActivityManager: Slow operation: 70843ms so far, now at startProcess: returned from zygote!
07-28 18:53:55.702  1847  5300 W ActivityManager: Slow operation: 70843ms so far, now at startProcess: done updating battery stats
07-28 18:53:55.702  1847  5300 W ActivityManager: Slow operation: 70843ms so far, now at startProcess: building log message
07-28 18:53:55.702  1847  5300 I ActivityManager: Start proc 24835:tw.fatminmin.xposed.minminguard/u0a172 for content provider tw.fatminmin.xposed.minminguard/.MinMinProvider
07-28 18:53:55.702  1847  5300 W ActivityManager: Slow operation: 70843ms so far, now at startProcess: starting to update pids map
07-28 18:53:55.702  1847  5300 W ActivityManager: Slow operation: 70843ms so far, now at startProcess: done updating pids map
07-28 18:53:55.702  1847  5300 W ActivityManager: Slow operation: 70843ms so far, now at startProcess: done starting proc!
07-28 18:53:55.702  1847  5300 W ActivityManager: Slow operation: 70844ms so far, now at getContentProviderImpl: after start process
07-28 18:53:55.702  1847  5300 W ActivityManager: Slow operation: 70844ms so far, now at getContentProviderImpl: updating data structures
07-28 18:53:55.702  1847  5300 W ActivityManager: Slow operation: 70844ms so far, now at getContentProviderImpl: done!
07-28 18:53:55.703  1847  1847 W XPrivacy/XActivityManagerService: Sleeping=true
07-28 18:53:55.703  1847  1847 V KeyguardServiceDelegate: onStartedWakingUp()
07-28 18:53:55.708  1847  2186 W XPrivacy/XActivityManagerService: Sleeping=true
07-28 18:53:55.708  1847  2186 V KeyguardServiceDelegate: onScreenTurnedOn(showListener = com.android.server.policy.PhoneWindowManager$2@25c4c47)
07-28 18:53:55.713  1847  2171 I DisplayManagerService: Display device changed state: "Built-in Screen", ON
07-28 18:53:55.720  1847  4539 D WifiConfigStore: Retrieve network priorities after PNO.
07-28 18:53:55.726   277   277 D SurfaceFlinger: Set power mode=2, type=0 flinger=0xb6a24000
07-28 18:53:55.726   277   277 D qdhwcomposer: hwc_setPowerMode: Setting mode 2 on display: 0
07-28 18:53:55.748  1847  4541 D ConnectivityService: notifyType CAP_CHANGED for NetworkAgentInfo [WIFI () - 259]
07-28 18:53:55.749  1847  4539 E native  : do suspend false
07-28 18:53:55.749  1847  4539 D WifiConfigStore: No blacklist allowed without epno enabled
07-28 18:53:55.759   293   293 D audio_hw_primary: adev_set_parameters: enter: screen_state=on
07-28 18:53:55.759   293   293 E voice   : voice_extn_compress_voip_set_parameters: COMPRESS_VOIP_ENABLED is not defined
07-28 18:53:55.759   293   293 E bt_a2dp_hw: adev_set_parameters: ERROR: set param called even when stream out is null
07-28 18:53:55.820  1847  5307 V KeyguardServiceDelegate: **** SHOWN CALLED ****
07-28 18:53:55.821   277   277 D qdhwcomposer: hwc_setPowerMode: Done setting mode 2 on display 0
07-28 18:53:55.822  1847  4563 D SurfaceControl: Excessive delay in setPowerMode(): 109ms
07-28 18:53:55.822   277   381 I qdhwcomposer: handle_blank_event: dpy:0 panel power state: 1
07-28 18:53:55.827 24835 24835 W System  : ClassLoader referenced unknown path: /data/app/tw.fatminmin.xposed.minminguard-1/lib/arm
07-28 18:53:55.868  1847  2186 I DisplayPowerController: Unblocked screen on after 175 ms
07-28 18:53:55.869  1847  2186 V KeyguardServiceDelegate: onScreenTurnedOn()
07-28 18:53:55.888 24835 24835 W XPrivacy: Hooking package=tw.fatminmin.xposed.minminguard
07-28 18:53:55.909  2922  2922 E Coffee-PhonePositionTracker: Activity recognition timeout, disable trustlet.
07-28 18:53:55.909  2922  2922 I Coffee-PhonePositionTracker: Unregistering from activity recognition
07-28 18:53:55.909  2922  2922 W GmsClientEvents: unregisterConnectionCallbacks(): listener agqt@bac4758 not found
07-28 18:53:56.031  2922  2922 I TrustAgent: [GoogleTrustAgentChimeraService] Trust state changed, trusted: false reason: On-body_detection_is_disabled_due_to_activity_recognition_timeout
07-28 18:53:56.059  2889  2889 I CastMediaRouteProvider: in onDiscoveryRequestChanged: request=DiscoveryRequest{ selector=MediaRouteSelector{ controlCategories=[com.google.android.gms.cast.CATEGORY_CAST//urn:x-cast:com.google.cast.media] }, activeScan=false, isValid=true }
07-28 18:53:56.062  2889 17291 I DiscoveryManager: Filter criteria(%urn:x-cast:com.google.cast.media) scannerFlags(2)
07-28 18:53:56.062  2889 17291 I Publisher: onUpdateFilterCriteria [%urn:x-cast:com.google.cast.media]
07-28 18:53:56.067  2889 17291 I Publisher: TcpProber has probed 2026e0bf56ddd7ef279077235f3c6f9d 3 times
07-28 18:53:56.067  2889 17291 I CastMediaRouteProvider: onDevicesPublished with 0 devices
07-28 18:53:56.067  2889 17291 I CastMediaRouteProvider: Published 0 routes
07-28 18:53:56.071  1847  5331 W ActivityManager: Appop Denial: Accessing service ComponentInfo{com.google.android.gms/com.google.android.location.internal.server.GoogleLocationService} from pid=2922, uid=10027 requires appop COARSE_LOCATION
07-28 18:53:56.089  2889 17291 I DeviceScanner: [MDNS] startScan: scannerFlags: 2 criteria=%urn:x-cast:com.google.cast.media
07-28 18:53:56.150  2889 17291 W MdnsClient_Cast: #acquireLock. Multicast lock not held. Acquiring. Subtypes:"%9E5E7C8F47989526C9BCD95D24084F6F0B27C5ED"
07-28 18:53:56.152  2889 17291 I DeviceScanner: [GuestMode] startScan: scannerFlags: 2 criteria=%urn:x-cast:com.google.cast.media
07-28 18:53:56.158  2889 17291 I Publisher: TcpProber has probed 2026e0bf56ddd7ef279077235f3c6f9d 3 times
07-28 18:53:56.158  2889 17291 I CastMediaRouteProvider: onDevicesPublished with 0 devices
07-28 18:53:56.160  2889 17291 I CastMediaRouteProvider: Published 0 routes
07-28 18:53:56.162  2889 17291 I DeviceScanner: [MDNS] startScan: scannerFlags: 2 criteria=%urn:x-cast:com.google.cast.media
07-28 18:53:56.162  2889 17291 I DeviceScanner: [MDNS] onScanSettingsUpdated: filterCriteriaAdded: NONE
07-28 18:53:56.162  2889 17291 I DeviceScanner: [MDNS] onScanSettingsUpdated: filterCriteriaRemoved: NONE
07-28 18:53:56.162  2889 17291 I DeviceScanner: [MDNS] onScanSettingsUpdated: Did scan settings changed? false
07-28 18:53:56.163  2889 17291 W MdnsClient_Cast: Multicast lock held. Releasing. Subtypes:"%9E5E7C8F47989526C9BCD95D24084F6F0B27C5ED"
07-28 18:53:56.171  2889 17291 W MdnsClient: unicast receiver thread is already dead.
07-28 18:53:56.174  2889 17291 W MdnsClient_Cast: #acquireLock. Multicast lock not held. Acquiring. Subtypes:"%9E5E7C8F47989526C9BCD95D24084F6F0B27C5ED"
07-28 18:53:56.177  2889 17291 I DeviceScanner: [GuestMode] startScan: scannerFlags: 2 criteria=%urn:x-cast:com.google.cast.media
07-28 18:53:56.183  2889 17291 I Publisher: TcpProber has probed 2026e0bf56ddd7ef279077235f3c6f9d 3 times
07-28 18:53:56.240 24665 24665 I com.amazon.device.crashmanager.CrashDetectionHelper: Installing crash detector as default exception handler.
07-28 18:53:56.243 24665 24665 I StartupLatencyTracker: in context loading
07-28 18:53:56.244 24665 24916 D SecondDexEntry: Copying jar has error
07-28 18:53:56.244 24665 24916 D SecondDexEntry: java.io.FileNotFoundException: dependencies/jarlist.txt
07-28 18:53:56.244 24665 24916 D SecondDexEntry: 	at android.content.res.AssetManager.openAsset(Native Method)
07-28 18:53:56.244 24665 24916 D SecondDexEntry: 	at android.content.res.AssetManager.open(AssetManager.java:331)
07-28 18:53:56.244 24665 24916 D SecondDexEntry: 	at android.content.res.AssetManager.open(AssetManager.java:305)
07-28 18:53:56.244 24665 24916 D SecondDexEntry: 	at com.amazon.mShop.android.platform.dex.DexUtils.getDexFileListFromAssets(DexUtils.java:115)
07-28 18:53:56.244 24665 24916 D SecondDexEntry: 	at com.amazon.mShop.android.platform.dex.DexUtils.copyJarsToAppPrivateFolder(DexUtils.java:51)
07-28 18:53:56.244 24665 24916 D SecondDexEntry: 	at com.amazon.mShop.android.platform.dex.SecondDexEntry.extractDexAndLoad(SecondDexEntry.java:275)
07-28 18:53:56.244 24665 24916 D SecondDexEntry: 	at com.amazon.mShop.android.platform.dex.SecondDexEntry$ExtractAndFillClassLoader.run(SecondDexEntry.java:300)
07-28 18:53:56.244 24665 24916 D SecondDexEntry: 	at java.lang.Thread.run(Thread.java:818)
07-28 18:53:56.247 24665 24915 I DPLogger: DPLogger - Name was too long. Truncating; original name: AbstractDetArtifactProcessor, truncated name: AbstractDetArtifactProc
07-28 18:53:56.247 24665 24915 I DPLogger: DPLogger - Name was too long. Truncating; original name: JavaCrashArtifactProcessor, truncated name: JavaCrashArtifactProces
07-28 18:53:56.250 24665 24665 V AmazonApplication: Device metrics logging available in build
07-28 18:53:56.250 24665 24665 D DeviceMetricsLoggerImpl: Device Metrics Logging listener set
07-28 18:53:56.254 24665 24915 W System  : ClassLoader referenced unknown path: /system/framework/tcmclient.jar
07-28 18:53:56.256 24665 24915 I ArtifactUploader: uploadCrashEntries - Finished uploading artifacts. Uploaded 0 artifacts.;
07-28 18:53:56.285  1847  4159 D ConnectivityService: listenForNetwork for Listen from uid/pid:10399/24665 for NetworkRequest [ id=1004, legacyType=-1, [ Capabilities: INTERNET&NOT_RESTRICTED&TRUSTED&NOT_VPN] ]
07-28 18:53:56.311 24665 24665 V ApplicationStateListener: Is Application.onCreate() for foreground: false
07-28 18:53:56.345 24835 24835 I CrashlyticsCore: Initializing Crashlytics 2.3.5.79
07-28 18:53:56.381 24835 24922 W System  : ClassLoader referenced unknown path: /system/framework/tcmclient.jar
07-28 18:53:56.657  2889 17291 I Publisher: TcpProber has probed 2026e0bf56ddd7ef279077235f3c6f9d 3 times
07-28 18:53:56.660  4576  4576 D PhoneStatusBar: disable: < expand ICONS alerts SYSTEM_INFO back HOME RECENT clock SEARCH quick_settings >
07-28 18:53:56.683  1847  4159 W XPrivacy/XActivityManagerService: Sleeping=false
07-28 18:53:56.688  4576  4576 D PhoneStatusBar: disable: < expand icons* alerts system_info* back HOME RECENT clock SEARCH quick_settings >
07-28 18:53:56.723 24835 24922 E Fabric  : Unknown error while loading Crashlytics settings. Crashes will be cached until settings can be retrieved.
07-28 18:53:56.723 24835 24922 E Fabric  : io.fabric.sdk.android.services.network.HttpRequest$HttpRequestException: java.net.ConnectException: failed to connect to settings.crashlytics.com/54.83.37.39 (port 443) after 10000ms: isConnected failed: ECONNREFUSED (Connection refused)
07-28 18:53:56.723 24835 24922 E Fabric  : 	at io.fabric.sdk.android.services.network.HttpRequest.code(HttpRequest.java:1354)
07-28 18:53:56.723 24835 24922 E Fabric  : 	at io.fabric.sdk.android.services.settings.DefaultSettingsSpiCall.handleResponse(DefaultSettingsSpiCall.java:96)
07-28 18:53:56.723 24835 24922 E Fabric  : 	at io.fabric.sdk.android.services.settings.DefaultSettingsSpiCall.invoke(DefaultSettingsSpiCall.java:83)
07-28 18:53:56.723 24835 24922 E Fabric  : 	at io.fabric.sdk.android.services.settings.DefaultSettingsController.loadSettingsData(DefaultSettingsController.java:80)
07-28 18:53:56.723 24835 24922 E Fabric  : 	at io.fabric.sdk.android.services.settings.DefaultSettingsController.loadSettingsData(DefaultSettingsController.java:64)
07-28 18:53:56.723 24835 24922 E Fabric  : 	at io.fabric.sdk.android.services.settings.Settings.loadSettingsData(Settings.java:156)
07-28 18:53:56.723 24835 24922 E Fabric  : 	at io.fabric.sdk.android.Onboarding.retrieveSettingsData(Onboarding.java:123)
07-28 18:53:56.723 24835 24922 E Fabric  : 	at io.fabric.sdk.android.Onboarding.doInBackground(Onboarding.java:99)
07-28 18:53:56.723 24835 24922 E Fabric  : 	at io.fabric.sdk.android.Onboarding.doInBackground(Onboarding.java:45)
07-28 18:53:56.723 24835 24922 E Fabric  : 	at io.fabric.sdk.android.InitializationTask.doInBackground(InitializationTask.java:63)
07-28 18:53:56.723 24835 24922 E Fabric  : 	at io.fabric.sdk.android.InitializationTask.doInBackground(InitializationTask.java:28)
07-28 18:53:56.723 24835 24922 E Fabric  : 	at io.fabric.sdk.android.services.concurrency.AsyncTask$2.call(AsyncTask.java:311)
07-28 18:53:56.723 24835 24922 E Fabric  : 	at java.util.concurrent.FutureTask.run(FutureTask.java:237)
07-28 18:53:56.723 24835 24922 E Fabric  : 	at java.util.concurrent.Executors$RunnableAdapter.call(Executors.java:423)
07-28 18:53:56.723 24835 24922 E Fabric  : 	at java.util.concurrent.FutureTask.run(FutureTask.java:237)
07-28 18:53:56.723 24835 24922 E Fabric  : 	at java.util.concurrent.ThreadPoolExecutor.runWorker(ThreadPoolExecutor.java:1113)
07-28 18:53:56.723 24835 24922 E Fabric  : 	at java.util.concurrent.ThreadPoolExecutor$Worker.run(ThreadPoolExecutor.java:588)
07-28 18:53:56.723 24835 24922 E Fabric  : 	at java.lang.Thread.run(Thread.java:818)
07-28 18:53:56.723 24835 24922 E Fabric  : Caused by: java.net.ConnectException: failed to connect to settings.crashlytics.com/54.83.37.39 (port 443) after 10000ms: isConnected failed: ECONNREFUSED (Connection refused)
07-28 18:53:56.723 24835 24922 E Fabric  : 	at libcore.io.IoBridge.isConnected(IoBridge.java:234)
07-28 18:53:56.723 24835 24922 E Fabric  : 	at libcore.io.IoBridge.connectErrno(IoBridge.java:171)
07-28 18:53:56.723 24835 24922 E Fabric  : 	at libcore.io.IoBridge.connect(IoBridge.java:122)
07-28 18:53:56.723 24835 24922 E Fabric  : 	at de.robv.android.xposed.XposedBridge.invokeOriginalMethodNative(Native Method)
07-28 18:53:56.723 24835 24922 E Fabric  : 	at de.robv.android.xposed.XposedBridge.handleHookedMethod(XposedBridge.java:334)
07-28 18:53:56.723 24835 24922 E Fabric  : 	at libcore.io.IoBridge.connect(<Xposed>)
07-28 18:53:56.723 24835 24922 E Fabric  : 	at java.net.PlainSocketImpl.connect(PlainSocketImpl.java:183)
07-28 18:53:56.723 24835 24922 E Fabric  : 	at java.net.PlainSocketImpl.connect(PlainSocketImpl.java:452)
07-28 18:53:56.723 24835 24922 E Fabric  : 	at java.net.Socket.connect(Socket.java:884)
07-28 18:53:56.723 24835 24922 E Fabric  : 	at com.android.okhttp.internal.Platform.connectSocket(Platform.java:117)
07-28 18:53:56.723 24835 24922 E Fabric  : 	at com.android.okhttp.internal.http.SocketConnector.connectRawSocket(SocketConnector.java:160)
07-28 18:53:56.723 24835 24922 E Fabric  : 	at com.android.okhttp.internal.http.SocketConnector.connectTls(SocketConnector.java:79)
07-28 18:53:56.723 24835 24922 E Fabric  : 	at com.android.okhttp.Connection.connect(Connection.java:143)
07-28 18:53:56.723 24835 24922 E Fabric  : 	at com.android.okhttp.Connection.connectAndSetOwner(Connection.java:185)
07-28 18:53:56.723 24835 24922 E Fabric  : 	at com.android.okhttp.OkHttpClient$1.connectAndSetOwner(OkHttpClient.java:128)
07-28 18:53:56.723 24835 24922 E Fabric  : 	at com.android.okhttp.internal.http.HttpEngine.nextConnection(HttpEngine.java:341)
07-28 18:53:56.723 24835 24922 E Fabric  : 	at com.android.okhttp.internal.http.HttpEngine.connect(HttpEngine.java:330)
07-28 18:53:56.723 24835 24922 E Fabric  : 	at com.android.okhttp.internal.http.HttpEngine.sendRequest(HttpEngine.java:248)
07-28 18:53:56.723 24835 24922 E Fabric  : 	at com.android.okhttp.internal.huc.HttpURLConnectionImpl.execute(HttpURLConnectionImpl.java:437)
07-28 18:53:56.723 24835 24922 E Fabric  : 	at com.android.okhttp.internal.huc.HttpURLConnectionImpl.getResponse(HttpURLConnectionImpl.java:388)
07-28 18:53:56.723 24835 24922 E Fabric  : 	at com.android.okhttp.internal.huc.HttpURLConnectionImpl.getResponseCode(HttpURLConnectionImpl.java:501)
07-28 18:53:56.723 24835 24922 E Fabric  : 	at com.android.okhttp.internal.huc.DelegatingHttpsURLConnection.getResponseCode(DelegatingHttpsURLConnection.java:105)
07-28 18:53:56.723 24835 24922 E Fabric  : 	at com.android.okhttp.internal.huc.HttpsURLConnectionImpl.getResponseCode(HttpsURLConnectionImpl.java)
07-28 18:53:56.723 24835 24922 E Fabric  : 	at io.fabric.sdk.android.services.network.HttpRequest.code(HttpRequest.java:1352)
07-28 18:53:56.723 24835 24922 E Fabric  : 	... 17 more
07-28 18:53:56.723 24835 24922 E Fabric  : Caused by: android.system.ErrnoException: isConnected failed: ECONNREFUSED (Connection refused)
07-28 18:53:56.723 24835 24922 E Fabric  : 	at libcore.io.IoBridge.isConnected(IoBri
07-28 18:53:56.724 24835 24921 E Answers : Failed to retrieve settings
07-28 18:53:56.726 24835 24924 W CrashlyticsCore: Received null settings, skipping initialization!
07-28 18:53:56.735  1847  5300 W XPrivacy/XActivityManagerService: Sleeping=false
07-28 18:53:56.735  1847  5300 W XPrivacy/XActivityManagerService: Lockscreen=false
07-28 18:53:56.756  1847  5300 I ActivityManager: START u0 {flg=0x10000000 cmp=com.teslacoilsw.notifier/.BlankActivity} from uid 10077 on display 0
07-28 18:53:56.764  1847  5502 W InputMethodManagerService: Window already focused, ignoring focus gain of: com.android.internal.view.IInputMethodClient$Stub$Proxy@dce54ec attribute=android.view.inputmethod.EditorInfo@94240b5, token = android.os.BinderProxy@a382418
07-28 18:53:56.769  4576  4576 D PhoneStatusBar: disable: < expand icons alerts system_info back home* recent* clock search* quick_settings >
07-28 18:53:56.805  2889 24945 I Authzen : [DeviceStateSyncManager] The server is in sync with current state. Nothing to do
07-28 18:53:56.811  5210  5210 D TeslaUnread.Blank: onCreate()
07-28 18:53:56.831  1847  5224 W InputMethodManagerService: Window already focused, ignoring focus gain of: com.android.internal.view.IInputMethodClient$Stub$Proxy@2198f97 attribute=null, token = android.os.BinderProxy@a382418
07-28 18:53:57.720 11508 11694 W OpenGLRenderer: Incorrectly called buildLayer on View: PageIndicatorView, destroying layer...
07-28 18:53:58.779  1847  4541 D ConnectivityService: notifyType CAP_CHANGED for NetworkAgentInfo [WIFI () - 259]
07-28 18:53:58.828  1847  4541 D ConnectivityService: updateNetworkScore for NetworkAgentInfo [WIFI () - 259] to 56
07-28 18:53:59.161  2889 19228 I Publisher: Triggered Adaptive Discovery
07-28 18:53:59.174  2889 19228 I Publisher: 1 Cast devices.
07-28 18:53:59.175  2889 19228 I Publisher: "g33kcast" (2026e0bf56ddd7ef279077235f3c6f9d) supported([]) notSupported([]) expired(true)
07-28 18:53:59.175  2889 19228 I Publisher: "g33kcast" (2026e0bf56ddd7ef279077235f3c6f9d) invoking TCP device prober. Missing filter criteria:[%urn:x-cast:com.google.cast.media]
07-28 18:53:59.175  2889 19228 I Publisher: TcpProber has probed 2026e0bf56ddd7ef279077235f3c6f9d 3 times
07-28 18:54:00.912 24665 24782 D SaveCustomerPreferencesTask: Save LOP response: 200 OK
07-28 18:54:01.823  1847  4541 D ConnectivityService: updateNetworkScore for NetworkAgentInfo [WIFI () - 259] to 60
07-28 18:54:04.851  1847  4541 D ConnectivityService: updateNetworkScore for NetworkAgentInfo [WIFI () - 259] to 56
07-28 18:54:12.510  1847  2186 I PowerManagerService: Going to sleep due to screen timeout (uid 1000)...
07-28 18:54:12.513  1847  1847 W XPrivacy/XActivityManagerService: Sleeping=false
07-28 18:54:12.888  1847  2186 W XPrivacy/XActivityManagerService: Sleeping=true
07-28 18:54:12.892  1847  2186 V KeyguardServiceDelegate: onScreenTurnedOff()
07-28 18:54:12.913  1847  2171 I DisplayManagerService: Display device changed state: "Built-in Screen", OFF
07-28 18:54:12.922   277   277 D SurfaceFlinger: Set power mode=0, type=0 flinger=0xb6a24000
07-28 18:54:12.922   277   277 D qdhwcomposer: hwc_setPowerMode: Setting mode 0 on display: 0
07-28 18:54:13.201   277   277 D qdhwcomposer: hwc_setPowerMode: Done setting mode 0 on display 0
07-28 18:54:13.201   277   381 I qdhwcomposer: handle_blank_event: dpy:0 panel power state: 0
07-28 18:54:13.201  1847  4563 D SurfaceControl: Excessive delay in setPowerMode(): 288ms
07-28 18:54:13.202  1847  2186 I PowerManagerService: Sleeping (uid 1000)...
07-28 18:54:13.203  1847  1847 W XPrivacy/XActivityManagerService: Sleeping=true
07-28 18:54:13.215  1847  4539 D WifiConfigStore: Retrieve network priorities after PNO.
07-28 18:54:13.219   293 28495 D audio_hw_primary: adev_set_parameters: enter: screen_state=off
07-28 18:54:13.219   293 28495 E voice   : voice_extn_compress_voip_set_parameters: COMPRESS_VOIP_ENABLED is not defined
07-28 18:54:13.219   293 28495 E bt_a2dp_hw: adev_set_parameters: ERROR: set param called even when stream out is null
07-28 18:54:13.221  1847  4539 E native  : do suspend true
07-28 18:54:15.204  1847  2186 W PowerManagerService: Sandman unresponsive, releasing suspend blocker
07-28 18:54:15.487  4576  4576 I Choreographer: Skipped 154 frames!  The application may be doing too much work on its main thread.
07-28 18:54:15.497  1847  1847 I ActivityManager: Killing 8690:net.dinglisch.android.tasker/u0a568 (adj 15): empty #17
07-28 18:54:15.513  1847  4540 D WifiService: Client connection lost with reason: 4
07-28 18:54:15.520  1847  5502 D ActivityManager: cleanUpApplicationRecord -- 8690
07-28 18:54:15.569  4576  4576 D CarrierText: onSimStateChanged: Normal
07-28 18:54:15.639  4576  4576 D PhoneStatusBar: disable: < expand ICONS* alerts SYSTEM_INFO* back home recent clock search quick_settings >
07-28 18:54:15.739  1847  4629 W XPrivacy/XActivityManagerService: Lockscreen=true
07-28 18:54:15.740  1847  4629 W XPrivacy/XActivityManagerService: Sleeping=true
07-28 18:54:15.926  4576  4576 D PhoneStatusBar: disable: < expand ICONS alerts SYSTEM_INFO back HOME* RECENT* clock SEARCH* quick_settings >
07-28 18:54:15.997   287  1306 E NetlinkEvent: NetlinkEvent::FindParam(): Parameter 'TIME_NS' not found
07-28 18:54:15.997   287  1306 E NetlinkEvent: NetlinkEvent::FindParam(): Parameter 'UID' not found
07-28 18:54:16.156  2922  2922 I Coffee-PhonePositionTracker: Reset phone on-person state
07-28 18:54:16.160  2922  2922 I TrustAgent: [GoogleTrustAgentChimeraService] Trust state changed, trusted: true reason: Phone position trustlet granted trust. PhonePosition is trusted.
07-28 18:54:16.161  2922  2922 I Coffee-PhonePositionTracker: Register activity recognition API updates.
07-28 18:54:16.161  2922  2922 W GmsClientEvents: unregisterConnectionCallbacks(): listener agqu@53b5012 not found
07-28 18:54:16.166  2889  2889 W ChimeraUtils: Non Chimera context
07-28 18:54:16.174  2889  2889 I CastMediaRouteProvider: in onDiscoveryRequestChanged: request=null
07-28 18:54:16.184  2889 19228 I DiscoveryManager: Filter criteria(null) scannerFlags(0)
07-28 18:54:16.184  2889 19228 I Publisher: onUpdateFilterCriteria null
07-28 18:54:16.186  1847  5521 W ActivityManager: Appop Denial: Accessing service ComponentInfo{com.google.android.gms/com.google.android.location.internal.server.GoogleLocationService} from pid=2922, uid=10027 requires appop COARSE_LOCATION
07-28 18:54:16.190  2889 19228 W MdnsClient_Cast: Multicast lock held. Releasing. Subtypes:"%9E5E7C8F47989526C9BCD95D24084F6F0B27C5ED"
07-28 18:54:16.201  2889 19228 W MdnsClient: unicast receiver thread is already dead.
07-28 18:54:16.202  2889 19228 I DeviceScanner: [MDNS] notifyDevicesOffline: []
07-28 18:54:40.736   277   381 I qdhwcomposer: handle_blank_event: dpy:0 panel power state: 0
07-28 18:54:40.737   287  1306 E NetlinkEvent: NetlinkEvent::FindParam(): Parameter 'TIME_NS' not found
07-28 18:54:40.737   287  1306 E NetlinkEvent: NetlinkEvent::FindParam(): Parameter 'UID' not found
07-28 18:55:00.182   277   381 I qdhwcomposer: handle_blank_event: dpy:0 panel power state: 0
07-28 18:55:00.190  1847  4244 I PowerManagerService: Waking up from sleep (uid 1000)...
07-28 18:55:00.191  1847  1847 W XPrivacy/XActivityManagerService: Sleeping=true
07-28 18:55:00.191  1847  1847 V KeyguardServiceDelegate: onStartedWakingUp()
07-28 18:55:00.212  1847  4539 D WifiConfigStore: Retrieve network priorities after PNO.
07-28 18:55:00.214  1847  2186 I DisplayPowerController: Blocking screen on until initial contents have been drawn.
07-28 18:55:00.214  1847  2186 W XPrivacy/XActivityManagerService: Sleeping=true
07-28 18:55:00.214  1847  2186 V KeyguardServiceDelegate: onScreenTurnedOn(showListener = com.android.server.policy.PhoneWindowManager$2@25c4c47)
07-28 18:55:00.214   293   293 D audio_hw_primary: adev_set_parameters: enter: screen_state=on
07-28 18:55:00.214   293   293 E voice   : voice_extn_compress_voip_set_parameters: COMPRESS_VOIP_ENABLED is not defined
07-28 18:55:00.214   293   293 E bt_a2dp_hw: adev_set_parameters: ERROR: set param called even when stream out is null
07-28 18:55:00.220  1847  2171 I DisplayManagerService: Display device changed state: "Built-in Screen", ON
07-28 18:55:00.223   277   277 D SurfaceFlinger: Set power mode=2, type=0 flinger=0xb6a24000
07-28 18:55:00.223   277   277 D qdhwcomposer: hwc_setPowerMode: Setting mode 2 on display: 0
07-28 18:55:00.238  1847  4539 E native  : do suspend false
07-28 18:55:00.261  1847  4539 D WifiConfigStore: No blacklist allowed without epno enabled
07-28 18:55:00.292  1847  5296 V KeyguardServiceDelegate: **** SHOWN CALLED ****
07-28 18:55:00.331   277   277 D qdhwcomposer: hwc_setPowerMode: Done setting mode 2 on display 0
07-28 18:55:00.331   277   381 I qdhwcomposer: handle_blank_event: dpy:0 panel power state: 1
07-28 18:55:00.333  1847  4563 D SurfaceControl: Excessive delay in setPowerMode(): 113ms
07-28 18:55:00.341  1847  2186 I DisplayPowerController: Unblocked screen on after 127 ms
07-28 18:55:00.342  1847  2186 V KeyguardServiceDelegate: onScreenTurnedOn()
07-28 18:55:00.376 24356 24356 I chatty  : uid=10398(com.amazon.avod.thirdpartyclient) expire 12 lines
07-28 18:55:00.389  2889  2889 I CastMediaRouteProvider: in onDiscoveryRequestChanged: request=DiscoveryRequest{ selector=MediaRouteSelector{ controlCategories=[com.google.android.gms.cast.CATEGORY_CAST//urn:x-cast:com.google.cast.media] }, activeScan=false, isValid=true }
07-28 18:55:00.391  2889 19228 I DiscoveryManager: Filter criteria(%urn:x-cast:com.google.cast.media) scannerFlags(2)
07-28 18:55:00.391  2889 19228 I Publisher: onUpdateFilterCriteria [%urn:x-cast:com.google.cast.media]
07-28 18:55:00.405  2889 19228 I Publisher: TcpProber has probed 2026e0bf56ddd7ef279077235f3c6f9d 3 times
07-28 18:55:00.405  2889 19228 I CastMediaRouteProvider: onDevicesPublished with 0 devices
07-28 18:55:00.405  2889 19228 I CastMediaRouteProvider: Published 0 routes
07-28 18:55:00.434  2889 19228 I DeviceScanner: [MDNS] startScan: scannerFlags: 2 criteria=%urn:x-cast:com.google.cast.media
07-28 18:55:00.494  2889 19228 W MdnsClient_Cast: #acquireLock. Multicast lock not held. Acquiring. Subtypes:"%9E5E7C8F47989526C9BCD95D24084F6F0B27C5ED"
07-28 18:55:00.500  2889 19228 I DeviceScanner: [GuestMode] startScan: scannerFlags: 2 criteria=%urn:x-cast:com.google.cast.media
07-28 18:55:00.509  2889 19228 I Publisher: TcpProber has probed 2026e0bf56ddd7ef279077235f3c6f9d 3 times
07-28 18:55:00.509  2889 19228 I CastMediaRouteProvider: onDevicesPublished with 0 devices
07-28 18:55:00.510  2889 19228 I CastMediaRouteProvider: Published 0 routes
07-28 18:55:00.512  2889 19228 I DeviceScanner: [MDNS] startScan: scannerFlags: 2 criteria=%urn:x-cast:com.google.cast.media
07-28 18:55:00.512  2889 19228 I DeviceScanner: [MDNS] onScanSettingsUpdated: filterCriteriaAdded: NONE
07-28 18:55:00.512  2889 19228 I DeviceScanner: [MDNS] onScanSettingsUpdated: filterCriteriaRemoved: NONE
07-28 18:55:00.513  2889 19228 I DeviceScanner: [MDNS] onScanSettingsUpdated: Did scan settings changed? false
07-28 18:55:00.513  2889 19228 W MdnsClient_Cast: Multicast lock held. Releasing. Subtypes:"%9E5E7C8F47989526C9BCD95D24084F6F0B27C5ED"
07-28 18:55:00.521  2889 19228 W MdnsClient: unicast receiver thread is already dead.
07-28 18:55:00.524  2889 19228 W MdnsClient_Cast: #acquireLock. Multicast lock not held. Acquiring. Subtypes:"%9E5E7C8F47989526C9BCD95D24084F6F0B27C5ED"
07-28 18:55:00.530  2889 19228 I DeviceScanner: [GuestMode] startScan: scannerFlags: 2 criteria=%urn:x-cast:com.google.cast.media
07-28 18:55:00.536  2889 17291 I Publisher: TcpProber has probed 2026e0bf56ddd7ef279077235f3c6f9d 3 times
07-28 18:55:01.030  2889 17291 I Publisher: TcpProber has probed 2026e0bf56ddd7ef279077235f3c6f9d 3 times
07-28 18:55:01.312  4576  4576 D PhoneStatusBar: disable: < expand ICONS alerts SYSTEM_INFO back HOME RECENT clock SEARCH quick_settings >
07-28 18:55:01.336  1847  5223 W XPrivacy/XActivityManagerService: Sleeping=false
07-28 18:55:01.345  4576  4576 D PhoneStatusBar: disable: < expand icons* alerts system_info* back HOME RECENT clock SEARCH quick_settings >
07-28 18:55:01.391  1847  5502 W XPrivacy/XActivityManagerService: Sleeping=false
07-28 18:55:01.391  1847  5502 W XPrivacy/XActivityManagerService: Lockscreen=false
07-28 18:55:01.412  1847  5223 I ActivityManager: START u0 {flg=0x10000000 cmp=com.teslacoilsw.notifier/.BlankActivity} from uid 10077 on display 0
07-28 18:55:01.414  1847  1871 W InputMethodManagerService: Window already focused, ignoring focus gain of: com.android.internal.view.IInputMethodClient$Stub$Proxy@317365a attribute=android.view.inputmethod.EditorInfo@70dc08b, token = android.os.BinderProxy@a382418
07-28 18:55:01.427  4576  4576 D PhoneStatusBar: disable: < expand icons alerts system_info back home* recent* clock search* quick_settings >
07-28 18:55:01.444  5210  5210 D TeslaUnread.Blank: onCreate()
07-28 18:55:01.460  2889 25349 I Authzen : [DeviceStateSyncManager] The server is in sync with current state. Nothing to do
07-28 18:55:01.464  1847  1874 W InputMethodManagerService: Window already focused, ignoring focus gain of: com.android.internal.view.IInputMethodClient$Stub$Proxy@d2636b2 attribute=null, token = android.os.BinderProxy@a382418
07-28 18:55:02.338 11508 11694 W OpenGLRenderer: Incorrectly called buildLayer on View: PageIndicatorView, destroying layer...
07-28 18:55:03.099  1847 22910 D NetlinkSocketObserver: NeighborEvent{elapsedMs=810526074, 192.168.0.1, [30B5C2F5BA7A], RTM_NEWNEIGH, NUD_STALE}
07-28 18:55:03.512  2889 19228 I Publisher: Triggered Adaptive Discovery
07-28 18:55:03.521  2889 19228 I Publisher: 1 Cast devices.
07-28 18:55:03.521  2889 19228 I Publisher: "g33kcast" (2026e0bf56ddd7ef279077235f3c6f9d) supported([]) notSupported([]) expired(true)
07-28 18:55:03.521  2889 19228 I Publisher: "g33kcast" (2026e0bf56ddd7ef279077235f3c6f9d) invoking TCP device prober. Missing filter criteria:[%urn:x-cast:com.google.cast.media]
07-28 18:55:03.521  2889 19228 I Publisher: TcpProber has probed 2026e0bf56ddd7ef279077235f3c6f9d 3 times
07-28 18:55:10.777  1847 22910 D NetlinkSocketObserver: NeighborEvent{elapsedMs=810533753, 192.168.0.1, [30B5C2F5BA7A], RTM_NEWNEIGH, NUD_PROBE}
07-28 18:55:17.105  1847  2186 I PowerManagerService: Going to sleep due to screen timeout (uid 1000)...
07-28 18:55:17.112  1847  1847 W XPrivacy/XActivityManagerService: Sleeping=false
07-28 18:55:17.479  1847  2186 W XPrivacy/XActivityManagerService: Sleeping=true
07-28 18:55:17.479  1847  2186 V KeyguardServiceDelegate: onScreenTurnedOff()
07-28 18:55:17.491  1847  2171 I DisplayManagerService: Display device changed state: "Built-in Screen", OFF
07-28 18:55:17.505   277   277 D SurfaceFlinger: Set power mode=0, type=0 flinger=0xb6a24000
07-28 18:55:17.505   277   277 D qdhwcomposer: hwc_setPowerMode: Setting mode 0 on display: 0
07-28 18:55:17.791   277   277 D qdhwcomposer: hwc_setPowerMode: Done setting mode 0 on display 0
07-28 18:55:17.791   277   381 I qdhwcomposer: handle_blank_event: dpy:0 panel power state: 0
07-28 18:55:17.792  1847  4563 D SurfaceControl: Excessive delay in setPowerMode(): 301ms
07-28 18:55:17.795  1847  2186 I PowerManagerService: Sleeping (uid 1000)...
07-28 18:55:17.796  1847  1847 W XPrivacy/XActivityManagerService: Sleeping=true
07-28 18:55:17.810  1847  4539 D WifiConfigStore: Retrieve network priorities after PNO.
07-28 18:55:17.810   293 27228 D audio_hw_primary: adev_set_parameters: enter: screen_state=off
07-28 18:55:17.810   293 27228 E voice   : voice_extn_compress_voip_set_parameters: COMPRESS_VOIP_ENABLED is not defined
07-28 18:55:17.810   293 27228 E bt_a2dp_hw: adev_set_parameters: ERROR: set param called even when stream out is null
07-28 18:55:17.819  1847  4539 E native  : do suspend true
07-28 18:55:18.323  4576  4585 I art     : Background sticky concurrent mark sweep GC freed 290469(11MB) AllocSpace objects, 0(0B) LOS objects, 13% free, 72MB/83MB, paused 1.083ms total 101.030ms
07-28 18:55:19.421  4576  4576 I Choreographer: Skipped 115 frames!  The application may be doing too much work on its main thread.
07-28 18:55:19.496  4576  4576 D CarrierText: onSimStateChanged: Normal
07-28 18:55:19.580  4576  4576 D PhoneStatusBar: disable: < expand ICONS* alerts SYSTEM_INFO* back home recent clock search quick_settings >
07-28 18:55:19.671  1847  5521 W XPrivacy/XActivityManagerService: Lockscreen=true
07-28 18:55:19.671  1847  5521 W XPrivacy/XActivityManagerService: Sleeping=true
07-28 18:55:19.795  1847  2186 W PowerManagerService: Sandman unresponsive, releasing suspend blocker
07-28 18:55:19.862  4576  4576 D PhoneStatusBar: disable: < expand ICONS alerts SYSTEM_INFO back HOME* RECENT* clock SEARCH* quick_settings >
07-28 18:55:20.030  2922  2922 I Coffee-PhonePositionTracker: Reset phone on-person state
07-28 18:55:20.033  2922  2922 W Coffee-AbstractTrustlet: Ignoring trustlet PhonePosition's' attempt to change its trust state to the current state which is true.
07-28 18:55:20.033  2922  2922 I Coffee-PhonePositionTracker: Register activity recognition API updates.
07-28 18:55:20.036  2889  2889 W ChimeraUtils: Non Chimera context
07-28 18:55:20.044  2889  2889 I CastMediaRouteProvider: in onDiscoveryRequestChanged: request=null
07-28 18:55:20.045  2889 19228 I DiscoveryManager: Filter criteria(null) scannerFlags(0)
07-28 18:55:20.045  2889 19228 I Publisher: onUpdateFilterCriteria null
07-28 18:55:20.059  2889 19228 W MdnsClient_Cast: Multicast lock held. Releasing. Subtypes:"%9E5E7C8F47989526C9BCD95D24084F6F0B27C5ED"
07-28 18:55:20.070  2889 19228 W MdnsClient: unicast receiver thread is already dead.
07-28 18:55:20.071  2889 19228 I DeviceScanner: [MDNS] notifyDevicesOffline: []
07-28 18:55:38.391   277   381 I qdhwcomposer: handle_blank_event: dpy:0 panel power state: 0
07-28 18:55:38.411  1847  4244 I PowerManagerService: Waking up from sleep (uid 1000)...
07-28 18:55:38.413  1847  1847 W XPrivacy/XActivityManagerService: Sleeping=true
07-28 18:55:38.413  1847  1847 V KeyguardServiceDelegate: onStartedWakingUp()
07-28 18:55:38.422  1847  2186 I DisplayPowerController: Blocking screen on until initial contents have been drawn.
07-28 18:55:38.424  1847  4539 D WifiConfigStore: Retrieve network priorities after PNO.
07-28 18:55:38.425   293  3355 D audio_hw_primary: adev_set_parameters: enter: screen_state=on
07-28 18:55:38.425   293  3355 E voice   : voice_extn_compress_voip_set_parameters: COMPRESS_VOIP_ENABLED is not defined
07-28 18:55:38.425   293  3355 E bt_a2dp_hw: adev_set_parameters: ERROR: set param called even when stream out is null
07-28 18:55:38.429  1847  2186 W XPrivacy/XActivityManagerService: Sleeping=true
07-28 18:55:38.429  1847  2186 V KeyguardServiceDelegate: onScreenTurnedOn(showListener = com.android.server.policy.PhoneWindowManager$2@25c4c47)
07-28 18:55:38.436  1847  2171 I DisplayManagerService: Display device changed state: "Built-in Screen", ON
07-28 18:55:38.440   277   277 D SurfaceFlinger: Set power mode=2, type=0 flinger=0xb6a24000
07-28 18:55:38.440   277   277 D qdhwcomposer: hwc_setPowerMode: Setting mode 2 on display: 0
07-28 18:55:38.449  1847  4539 E native  : do suspend false
07-28 18:55:38.476  1847  4539 D WifiConfigStore: No blacklist allowed without epno enabled
07-28 18:55:38.508  1847  5224 V KeyguardServiceDelegate: **** SHOWN CALLED ****
07-28 18:55:38.546   277   277 D qdhwcomposer: hwc_setPowerMode: Done setting mode 2 on display 0
07-28 18:55:38.546   277   381 I qdhwcomposer: handle_blank_event: dpy:0 panel power state: 1
07-28 18:55:38.548  1847  4563 D SurfaceControl: Excessive delay in setPowerMode(): 112ms
07-28 18:55:38.556  1847  2186 I DisplayPowerController: Unblocked screen on after 134 ms
07-28 18:55:38.557  1847  2186 V KeyguardServiceDelegate: onScreenTurnedOn()
07-28 18:55:38.592  2889  2889 I CastMediaRouteProvider: in onDiscoveryRequestChanged: request=DiscoveryRequest{ selector=MediaRouteSelector{ controlCategories=[com.google.android.gms.cast.CATEGORY_CAST//urn:x-cast:com.google.cast.media] }, activeScan=false, isValid=true }
07-28 18:55:38.594  2889 19228 I DiscoveryManager: Filter criteria(%urn:x-cast:com.google.cast.media) scannerFlags(2)
07-28 18:55:38.594  2889 19228 I Publisher: onUpdateFilterCriteria [%urn:x-cast:com.google.cast.media]
07-28 18:55:38.602  2889 19228 I Publisher: TcpProber has probed 2026e0bf56ddd7ef279077235f3c6f9d 3 times
07-28 18:55:38.602  2889 19228 I CastMediaRouteProvider: onDevicesPublished with 0 devices
07-28 18:55:38.603  2889 19228 I CastMediaRouteProvider: Published 0 routes
07-28 18:55:38.619  2889 19228 I DeviceScanner: [MDNS] startScan: scannerFlags: 2 criteria=%urn:x-cast:com.google.cast.media
07-28 18:55:38.658  2889 19228 W MdnsClient_Cast: #acquireLock. Multicast lock not held. Acquiring. Subtypes:"%9E5E7C8F47989526C9BCD95D24084F6F0B27C5ED"
07-28 18:55:38.664  2889 19228 I DeviceScanner: [GuestMode] startScan: scannerFlags: 2 criteria=%urn:x-cast:com.google.cast.media
07-28 18:55:38.669  2889 19228 I Publisher: TcpProber has probed 2026e0bf56ddd7ef279077235f3c6f9d 3 times
07-28 18:55:38.669  2889 19228 I CastMediaRouteProvider: onDevicesPublished with 0 devices
07-28 18:55:38.669  2889 19228 I CastMediaRouteProvider: Published 0 routes
07-28 18:55:38.672  2889 19228 I DeviceScanner: [MDNS] startScan: scannerFlags: 2 criteria=%urn:x-cast:com.google.cast.media
07-28 18:55:38.672  2889 19228 I DeviceScanner: [MDNS] onScanSettingsUpdated: filterCriteriaAdded: NONE
07-28 18:55:38.672  2889 19228 I DeviceScanner: [MDNS] onScanSettingsUpdated: filterCriteriaRemoved: NONE
07-28 18:55:38.672  2889 19228 I DeviceScanner: [MDNS] onScanSettingsUpdated: Did scan settings changed? false
07-28 18:55:38.672  2889 19228 W MdnsClient_Cast: Multicast lock held. Releasing. Subtypes:"%9E5E7C8F47989526C9BCD95D24084F6F0B27C5ED"
07-28 18:55:38.681  2889 19228 W MdnsClient: unicast receiver thread is already dead.
07-28 18:55:38.684  2889 19228 W MdnsClient_Cast: #acquireLock. Multicast lock not held. Acquiring. Subtypes:"%9E5E7C8F47989526C9BCD95D24084F6F0B27C5ED"
07-28 18:55:38.686  2889 19228 I DeviceScanner: [GuestMode] startScan: scannerFlags: 2 criteria=%urn:x-cast:com.google.cast.media
07-28 18:55:38.692  2889 19228 I Publisher: TcpProber has probed 2026e0bf56ddd7ef279077235f3c6f9d 3 times
07-28 18:55:38.752  1847  4539 D WifiStateMachine: L2Connected CMD_START_SCAN source -2 8140, 8143 -> obsolete
07-28 18:55:39.245  2889 19228 I Publisher: TcpProber has probed 2026e0bf56ddd7ef279077235f3c6f9d 3 times
07-28 18:55:39.306  4576  4576 D PhoneStatusBar: disable: < expand ICONS alerts SYSTEM_INFO back HOME RECENT clock SEARCH quick_settings >
07-28 18:55:39.330  1847  5307 W XPrivacy/XActivityManagerService: Sleeping=false
07-28 18:55:39.333  4576  4576 D PhoneStatusBar: disable: < expand icons* alerts system_info* back HOME RECENT clock SEARCH quick_settings >
07-28 18:55:39.381  1847  5519 W XPrivacy/XActivityManagerService: Sleeping=false
07-28 18:55:39.381  1847  5519 W XPrivacy/XActivityManagerService: Lockscreen=false
07-28 18:55:39.408  1847  5296 I ActivityManager: START u0 {flg=0x10000000 cmp=com.teslacoilsw.notifier/.BlankActivity} from uid 10077 on display 0
07-28 18:55:39.412  1847  5235 W InputMethodManagerService: Window already focused, ignoring focus gain of: com.android.internal.view.IInputMethodClient$Stub$Proxy@18f356a attribute=android.view.inputmethod.EditorInfo@63c3a5b, token = android.os.BinderProxy@a382418
07-28 18:55:39.418  4576  4576 D PhoneStatusBar: disable: < expand icons alerts system_info back home* recent* clock search* quick_settings >
07-28 18:55:39.442  5210  5210 D TeslaUnread.Blank: onCreate()
07-28 18:55:39.454  2889 25726 I Authzen : [DeviceStateSyncManager] The server is in sync with current state. Nothing to do
07-28 18:55:39.466  1847  5224 W InputMethodManagerService: Window already focused, ignoring focus gain of: com.android.internal.view.IInputMethodClient$Stub$Proxy@29d07c2 attribute=null, token = android.os.BinderProxy@a382418
07-28 18:55:40.269 11508 11694 W OpenGLRenderer: Incorrectly called buildLayer on View: PageIndicatorView, destroying layer...
07-28 18:55:41.672  2889 19228 I Publisher: Triggered Adaptive Discovery
07-28 18:55:41.680  2889 19228 I Publisher: 1 Cast devices.
07-28 18:55:41.680  2889 19228 I Publisher: "g33kcast" (2026e0bf56ddd7ef279077235f3c6f9d) supported([]) notSupported([]) expired(true)
07-28 18:55:41.681  2889 19228 I Publisher: "g33kcast" (2026e0bf56ddd7ef279077235f3c6f9d) invoking TCP device prober. Missing filter criteria:[%urn:x-cast:com.google.cast.media]
07-28 18:55:41.681  2889 19228 I Publisher: TcpProber has probed 2026e0bf56ddd7ef279077235f3c6f9d 3 times
07-28 18:55:43.139  1847  4159 I ActivityManager: START u0 {act=android.intent.action.MAIN cat=[android.intent.category.LAUNCHER] flg=0x10200000 cmp=org.krchuang.android.apps.eventcounterwidget/org.krchuang.eventcounter.activity.EventCounterFragmentActivity (has extras)} from uid 10077 on display 0
07-28 18:55:43.254  1847  4159 I ActivityManager: Start proc 25818:org.krchuang.android.apps.eventcounterwidget/u0a117 for activity org.krchuang.android.apps.eventcounterwidget/org.krchuang.eventcounter.activity.EventCounterFragmentActivity
07-28 18:55:43.342 25818 25818 W System  : ClassLoader referenced unknown path: /data/app/org.krchuang.android.apps.eventcounterwidget-1/lib/arm
07-28 18:55:43.375 25818 25818 W XPrivacy: Hooking package=org.krchuang.android.apps.eventcounterwidget
07-28 18:55:43.414  4576  4576 V PhoneStatusBar: setLightsOn(true)
07-28 18:55:43.899  1847  2171 I ActivityManager: Displayed org.krchuang.android.apps.eventcounterwidget/org.krchuang.eventcounter.activity.EventCounterFragmentActivity: +675ms (total +3m10s970ms)
07-28 18:55:44.487  1847  4541 D ConnectivityService: updateNetworkScore for NetworkAgentInfo [WIFI () - 259] to 60
07-28 18:55:47.151 25818 25818 I FragmentList: Item clicked: 0
07-28 18:55:47.154  1847  5331 I ActivityManager: START u0 {cmp=org.krchuang.android.apps.eventcounterwidget/org.krchuang.eventcounter.activity.EventCounterInformationActivity (has extras)} from uid 10117 on display 0
07-28 18:55:47.262  4576  4576 V PhoneStatusBar: setLightsOn(true)
07-28 18:55:47.315  1847  2171 I ActivityManager: Displayed org.krchuang.android.apps.eventcounterwidget/org.krchuang.eventcounter.activity.EventCounterInformationActivity: +131ms
07-28 18:55:47.349   277   277 W SurfaceFlinger: couldn't log to binary event log: overflow.
07-28 18:55:47.491  1847  4541 D ConnectivityService: notifyType CAP_CHANGED for NetworkAgentInfo [WIFI () - 259]
07-28 18:55:48.258  5278  5278 D EmojiAltPhysicalKeyDetector: onKeyUp() : KeyEvent { action=ACTION_UP, keyCode=KEYCODE_BACK, scanCode=0, metaState=0, flags=0x8, repeatCount=0, eventTime=249838629, downTime=249838604, deviceId=-1, source=0x0 }
07-28 18:55:48.258  5278  5278 D EmojiAltPhysicalKeyDetector: onKeyUp() : Not Mapped: 4
07-28 18:55:48.276  4576  4576 V PhoneStatusBar: setLightsOn(true)
07-28 18:55:48.346   277   277 W SurfaceFlinger: couldn't log to binary event log: overflow.
07-28 18:55:49.359 25818 25818 I FragmentList: Item clicked: 0
07-28 18:55:49.361  1847  5331 I ActivityManager: START u0 {cmp=org.krchuang.android.apps.eventcounterwidget/org.krchuang.eventcounter.activity.EventCounterInformationActivity (has extras)} from uid 10117 on display 0
07-28 18:55:49.476  4576  4576 V PhoneStatusBar: setLightsOn(true)
07-28 18:55:49.539  1847  2171 I ActivityManager: Displayed org.krchuang.android.apps.eventcounterwidget/org.krchuang.eventcounter.activity.EventCounterInformationActivity: +143ms
07-28 18:55:49.611   277   277 W SurfaceFlinger: couldn't log to binary event log: overflow.
07-28 18:55:50.520  1847  4541 D ConnectivityService: notifyType CAP_CHANGED for NetworkAgentInfo [WIFI () - 259]
07-28 18:55:51.071  5278  5278 D EmojiAltPhysicalKeyDetector: onKeyUp() : KeyEvent { action=ACTION_UP, keyCode=KEYCODE_BACK, scanCode=0, metaState=0, flags=0x8, repeatCount=0, eventTime=249841441, downTime=249841416, deviceId=-1, source=0x0 }
07-28 18:55:51.071  5278  5278 D EmojiAltPhysicalKeyDetector: onKeyUp() : Not Mapped: 4
07-28 18:55:51.086  4576  4576 V PhoneStatusBar: setLightsOn(true)
07-28 18:55:51.181   277   277 W SurfaceFlinger: couldn't log to binary event log: overflow.
07-28 18:55:51.940 25818 25818 I FragmentList: Item clicked: 1
07-28 18:55:51.942  1847  4629 I ActivityManager: START u0 {cmp=org.krchuang.android.apps.eventcounterwidget/org.krchuang.eventcounter.activity.EventCounterInformationActivity (has extras)} from uid 10117 on display 0
07-28 18:55:52.018  4576  4576 V PhoneStatusBar: setLightsOn(true)
07-28 18:55:52.070  1847  2171 I ActivityManager: Displayed org.krchuang.android.apps.eventcounterwidget/org.krchuang.eventcounter.activity.EventCounterInformationActivity: +106ms
07-28 18:55:52.124   277   277 W SurfaceFlinger: couldn't log to binary event log: overflow.
07-28 18:55:53.332  5278  5278 D EmojiAltPhysicalKeyDetector: onKeyUp() : KeyEvent { action=ACTION_UP, keyCode=KEYCODE_BACK, scanCode=0, metaState=0, flags=0x8, repeatCount=0, eventTime=249843681, downTime=249843656, deviceId=-1, source=0x0 }
07-28 18:55:53.332  5278  5278 D EmojiAltPhysicalKeyDetector: onKeyUp() : Not Mapped: 4
07-28 18:55:53.360  4576  4576 V PhoneStatusBar: setLightsOn(true)
07-28 18:55:53.440   277   277 W SurfaceFlinger: couldn't log to binary event log: overflow.
07-28 18:55:56.225 25818 25818 I FragmentList: Item clicked: 2
07-28 18:55:56.227  1847  5521 I ActivityManager: START u0 {cmp=org.krchuang.android.apps.eventcounterwidget/org.krchuang.eventcounter.activity.EventCounterInformationActivity (has extras)} from uid 10117 on display 0
07-28 18:55:56.320  4576  4576 V PhoneStatusBar: setLightsOn(true)
07-28 18:55:56.381  1847  2171 I ActivityManager: Displayed org.krchuang.android.apps.eventcounterwidget/org.krchuang.eventcounter.activity.EventCounterInformationActivity: +127ms
07-28 18:55:56.410   277   277 W SurfaceFlinger: couldn't log to binary event log: overflow.
07-28 18:55:57.653  5278  5278 D EmojiAltPhysicalKeyDetector: onKeyUp() : KeyEvent { action=ACTION_UP, keyCode=KEYCODE_BACK, scanCode=0, metaState=0, flags=0x8, repeatCount=0, eventTime=249848010, downTime=249847985, deviceId=-1, source=0x0 }
07-28 18:55:57.653  5278  5278 D EmojiAltPhysicalKeyDetector: onKeyUp() : Not Mapped: 4
07-28 18:55:57.681  4576  4576 V PhoneStatusBar: setLightsOn(true)
07-28 18:55:57.776   277   277 W SurfaceFlinger: couldn't log to binary event log: overflow.
07-28 18:55:58.930  1847  4539 D WifiStateMachine: starting scan for "g33kh0m3"-WPA_PSK with 2462
07-28 18:56:00.274  1847 22910 D NetlinkSocketObserver: NeighborEvent{elapsedMs=810583251, 192.168.0.1, [30B5C2F5BA7A], RTM_NEWNEIGH, NUD_STALE}
07-28 18:56:03.955 25818 25818 I FragmentList: Item clicked: 12
07-28 18:56:03.959  1847  5484 I ActivityManager: START u0 {cmp=org.krchuang.android.apps.eventcounterwidget/org.krchuang.eventcounter.activity.EventCounterInformationActivity (has extras)} from uid 10117 on display 0
07-28 18:56:04.091  4576  4576 V PhoneStatusBar: setLightsOn(true)
07-28 18:56:04.130  1847  2171 I ActivityManager: Displayed org.krchuang.android.apps.eventcounterwidget/org.krchuang.eventcounter.activity.EventCounterInformationActivity: +135ms
07-28 18:56:04.169   277   277 W SurfaceFlinger: couldn't log to binary event log: overflow.
07-28 18:56:05.344  5278  5278 D EmojiAltPhysicalKeyDetector: onKeyUp() : KeyEvent { action=ACTION_UP, keyCode=KEYCODE_BACK, scanCode=0, metaState=0, flags=0x8, repeatCount=0, eventTime=249855702, downTime=249855677, deviceId=-1, source=0x0 }
07-28 18:56:05.344  5278  5278 D EmojiAltPhysicalKeyDetector: onKeyUp() : Not Mapped: 4
07-28 18:56:05.363  4576  4576 V PhoneStatusBar: setLightsOn(true)
07-28 18:56:05.452   277   277 W SurfaceFlinger: couldn't log to binary event log: overflow.
07-28 18:56:05.589  1847  4541 D ConnectivityService: updateNetworkScore for NetworkAgentInfo [WIFI () - 259] to 56
07-28 18:56:11.265  1847 22910 D NetlinkSocketObserver: NeighborEvent{elapsedMs=810594240, 192.168.0.1, [30B5C2F5BA7A], RTM_NEWNEIGH, NUD_PROBE}
07-28 18:56:16.182  1847  4243 I ActivityManager: START u0 {act=android.intent.action.MAIN cat=[android.intent.category.HOME] flg=0x10200000 cmp=com.teslacoilsw.launcher/.NovaLauncher (has extras)} from uid 1000 on display 0
07-28 18:56:16.318  1847  5484 I ActivityManager: START u0 {flg=0x10000000 cmp=com.teslacoilsw.notifier/.BlankActivity} from uid 10077 on display 0
07-28 18:56:16.362  5210  5210 D TeslaUnread.Blank: onCreate()
07-28 18:56:16.376  1847  5296 W InputMethodManagerService: Window already focused, ignoring focus gain of: com.android.internal.view.IInputMethodClient$Stub$Proxy@9c1da9f attribute=null, token = android.os.BinderProxy@a382418
07-28 18:56:16.420   277   277 W SurfaceFlinger: couldn't log to binary event log: overflow.
07-28 18:56:16.459  1847  1856 I art     : Background partial concurrent mark sweep GC freed 222224(10MB) AllocSpace objects, 22(472KB) LOS objects, 26% free, 45MB/61MB, paused 2.097ms total 256.865ms
07-28 18:56:17.147  1847  4243 I ActivityManager: START u0 {act=android.intent.action.MAIN cat=[android.intent.category.HOME] flg=0x10200000 cmp=com.teslacoilsw.launcher/.NovaLauncher (has extras)} from uid 1000 on display 0
07-28 18:56:17.247 11508 11694 W OpenGLRenderer: Incorrectly called buildLayer on View: PageIndicatorView, destroying layer...
07-28 18:56:17.678  4576  4585 I art     : Background partial concurrent mark sweep GC freed 211339(8MB) AllocSpace objects, 69(3MB) LOS objects, 19% free, 68MB/84MB, paused 1.085ms total 239.686ms
07-28 18:56:18.047  1847  4243 I ActivityManager: START u0 {act=android.intent.action.MAIN cat=[android.intent.category.HOME] flg=0x10200000 cmp=com.teslacoilsw.launcher/.NovaLauncher (has extras)} from uid 1000 on display 0
07-28 18:56:18.105 11508 11694 W OpenGLRenderer: Incorrectly called buildLayer on View: PageIndicatorView, destroying layer...
07-28 18:56:19.530  2889 17291 I Publisher: TcpProber has probed 2026e0bf56ddd7ef279077235f3c6f9d 3 times
07-28 18:56:21.688 25818 25818 I art     : Waiting for a blocking GC DisableMovingGc
07-28 18:56:21.700 25818 25818 I art     : WaitForGcToComplete blocked for 11.910ms for cause DisableMovingGc
07-28 18:56:21.700 25818 25818 I art     : Starting a blocking GC DisableMovingGc
07-28 18:56:30.518  1847 22910 D NetlinkSocketObserver: NeighborEvent{elapsedMs=810613492, 192.168.0.1, [30B5C2F5BA7A], RTM_NEWNEIGH, NUD_STALE}
07-28 18:56:33.049  1847  2186 I PowerManagerService: Going to sleep due to screen timeout (uid 1000)...
07-28 18:56:33.052  1847  1847 W XPrivacy/XActivityManagerService: Sleeping=false
07-28 18:56:33.431  1847  2186 W XPrivacy/XActivityManagerService: Sleeping=true
07-28 18:56:33.450  1847  2186 V KeyguardServiceDelegate: onScreenTurnedOff()
07-28 18:56:33.477   277   277 D SurfaceFlinger: Set power mode=0, type=0 flinger=0xb6a24000
07-28 18:56:33.477   277   277 D qdhwcomposer: hwc_setPowerMode: Setting mode 0 on display: 0
07-28 18:56:33.478  1847  2171 I DisplayManagerService: Display device changed state: "Built-in Screen", OFF
07-28 18:56:33.759   277   277 D qdhwcomposer: hwc_setPowerMode: Done setting mode 0 on display 0
07-28 18:56:33.759   277   381 I qdhwcomposer: handle_blank_event: dpy:0 panel power state: 0
07-28 18:56:33.761  1847  4563 D SurfaceControl: Excessive delay in setPowerMode(): 283ms
07-28 18:56:33.764  1847  2186 I PowerManagerService: Sleeping (uid 1000)...
07-28 18:56:33.766  1847  1847 W XPrivacy/XActivityManagerService: Sleeping=true
07-28 18:56:33.788  1847  4539 D WifiConfigStore: Retrieve network priorities after PNO.
07-28 18:56:33.793   293   994 D audio_hw_primary: adev_set_parameters: enter: screen_state=off
07-28 18:56:33.793   293   994 E voice   : voice_extn_compress_voip_set_parameters: COMPRESS_VOIP_ENABLED is not defined
07-28 18:56:33.793   293   994 E bt_a2dp_hw: adev_set_parameters: ERROR: set param called even when stream out is null
07-28 18:56:33.800  1847  4539 E native  : do suspend true
07-28 18:56:35.420  4576  4576 I Choreographer: Skipped 117 frames!  The application may be doing too much work on its main thread.
07-28 18:56:35.503  4576  4576 D CarrierText: onSimStateChanged: Normal
07-28 18:56:35.571  4576  4576 D PhoneStatusBar: disable: < expand ICONS* alerts SYSTEM_INFO* back home recent clock search quick_settings >
07-28 18:56:35.647  1847  5484 W XPrivacy/XActivityManagerService: Lockscreen=true
07-28 18:56:35.647  1847  5484 W XPrivacy/XActivityManagerService: Sleeping=true
07-28 18:56:35.763  1847  2186 W PowerManagerService: Sandman unresponsive, releasing suspend blocker
07-28 18:56:35.798  4576  4576 D PhoneStatusBar: disable: < expand ICONS alerts SYSTEM_INFO back HOME* RECENT* clock SEARCH* quick_settings >
07-28 18:56:35.859  2922  2922 I Coffee-PhonePositionTracker: Reset phone on-person state
07-28 18:56:35.862  2922  2922 W Coffee-AbstractTrustlet: Ignoring trustlet PhonePosition's' attempt to change its trust state to the current state which is true.
07-28 18:56:35.862  2922  2922 I Coffee-PhonePositionTracker: Register activity recognition API updates.
07-28 18:56:35.865  2889  2889 W ChimeraUtils: Non Chimera context
07-28 18:56:35.873  2889  2889 I CastMediaRouteProvider: in onDiscoveryRequestChanged: request=null
07-28 18:56:35.881 24356 24356 I chatty  : uid=10398(com.amazon.avod.thirdpartyclient) expire 12 lines
07-28 18:56:35.892  2889 17291 I DiscoveryManager: Filter criteria(null) scannerFlags(0)
07-28 18:56:35.892  2889 17291 I Publisher: onUpdateFilterCriteria null
07-28 18:56:35.896  2889 17291 W MdnsClient_Cast: Multicast lock held. Releasing. Subtypes:"%9E5E7C8F47989526C9BCD95D24084F6F0B27C5ED"
07-28 18:57:44.393   277   381 I qdhwcomposer: handle_blank_event: dpy:0 panel power state: 0
07-28 18:57:44.427  2889 17291 W MdnsClient: unicast receiver thread is already dead.
07-28 18:57:44.428  2889 17291 I DeviceScanner: [MDNS] notifyDevicesOffline: []
07-28 18:59:31.397   277   381 I qdhwcomposer: handle_blank_event: dpy:0 panel power state: 0
07-28 19:00:30.065   277   381 I qdhwcomposer: handle_blank_event: dpy:0 panel power state: 0
07-28 19:00:30.074  1847  4244 I PowerManagerService: Waking up from sleep (uid 1000)...
07-28 19:00:30.080  1847  1847 W XPrivacy/XActivityManagerService: Sleeping=true
07-28 19:00:30.081  1847  1847 V KeyguardServiceDelegate: onStartedWakingUp()
07-28 19:00:30.086  1847  2186 I DisplayPowerController: Blocking screen on until initial contents have been drawn.
07-28 19:00:30.086  1847  2186 W XPrivacy/XActivityManagerService: Sleeping=true
07-28 19:00:30.086  1847  2186 V KeyguardServiceDelegate: onScreenTurnedOn(showListener = com.android.server.policy.PhoneWindowManager$2@25c4c47)
07-28 19:00:30.090   277   277 D SurfaceFlinger: Set power mode=2, type=0 flinger=0xb6a24000
07-28 19:00:30.091   277   277 D qdhwcomposer: hwc_setPowerMode: Setting mode 2 on display: 0
07-28 19:00:30.091  1847  2171 I DisplayManagerService: Display device changed state: "Built-in Screen", ON
07-28 19:00:30.110  1847  4539 D WifiConfigStore: Retrieve network priorities after PNO.
07-28 19:00:30.127   293  4924 D audio_hw_primary: adev_set_parameters: enter: screen_state=on
07-28 19:00:30.127   293  4924 E voice   : voice_extn_compress_voip_set_parameters: COMPRESS_VOIP_ENABLED is not defined
07-28 19:00:30.127   293  4924 E bt_a2dp_hw: adev_set_parameters: ERROR: set param called even when stream out is null
07-28 19:00:30.133  1847  4539 E native  : do suspend false
07-28 19:00:30.154  1847  4539 D WifiConfigStore: No blacklist allowed without epno enabled
07-28 19:00:30.161  1847  5235 V KeyguardServiceDelegate: **** SHOWN CALLED ****
07-28 19:00:30.193   277   277 D qdhwcomposer: hwc_setPowerMode: Done setting mode 2 on display 0
07-28 19:00:30.193   277   381 I qdhwcomposer: handle_blank_event: dpy:0 panel power state: 1
07-28 19:00:30.194  1847  4563 D SurfaceControl: Excessive delay in setPowerMode(): 103ms
07-28 19:00:30.207  1847  2186 I DisplayPowerController: Unblocked screen on after 122 ms
07-28 19:00:30.208  1847  2186 V KeyguardServiceDelegate: onScreenTurnedOn()
07-28 19:00:30.242  2889  2889 I CastMediaRouteProvider: in onDiscoveryRequestChanged: request=DiscoveryRequest{ selector=MediaRouteSelector{ controlCategories=[com.google.android.gms.cast.CATEGORY_CAST//urn:x-cast:com.google.cast.media] }, activeScan=false, isValid=true }
07-28 19:00:30.244  2889 17291 I DiscoveryManager: Filter criteria(%urn:x-cast:com.google.cast.media) scannerFlags(2)
07-28 19:00:30.244  2889 17291 I Publisher: onUpdateFilterCriteria [%urn:x-cast:com.google.cast.media]
07-28 19:00:30.249  2889 17291 I Publisher: TcpProber has probed 2026e0bf56ddd7ef279077235f3c6f9d 3 times
07-28 19:00:30.249  2889 17291 I CastMediaRouteProvider: onDevicesPublished with 0 devices
07-28 19:00:30.249  2889 17291 I CastMediaRouteProvider: Published 0 routes
07-28 19:00:30.264  2889 17291 I DeviceScanner: [MDNS] startScan: scannerFlags: 2 criteria=%urn:x-cast:com.google.cast.media
07-28 19:00:30.309  2889 17291 W MdnsClient_Cast: #acquireLock. Multicast lock not held. Acquiring. Subtypes:"%9E5E7C8F47989526C9BCD95D24084F6F0B27C5ED"
07-28 19:00:30.314  2889 17291 I DeviceScanner: [GuestMode] startScan: scannerFlags: 2 criteria=%urn:x-cast:com.google.cast.media
07-28 19:00:30.320  2889 17291 I Publisher: TcpProber has probed 2026e0bf56ddd7ef279077235f3c6f9d 3 times
07-28 19:00:30.320  2889 17291 I CastMediaRouteProvider: onDevicesPublished with 0 devices
07-28 19:00:30.321  2889 17291 I CastMediaRouteProvider: Published 0 routes
07-28 19:00:30.323  2889 17291 I DeviceScanner: [MDNS] startScan: scannerFlags: 2 criteria=%urn:x-cast:com.google.cast.media
07-28 19:00:30.323  2889 17291 I DeviceScanner: [MDNS] onScanSettingsUpdated: filterCriteriaAdded: NONE
07-28 19:00:30.323  2889 17291 I DeviceScanner: [MDNS] onScanSettingsUpdated: filterCriteriaRemoved: NONE
07-28 19:00:30.323  2889 17291 I DeviceScanner: [MDNS] onScanSettingsUpdated: Did scan settings changed? false
07-28 19:00:30.327  2889 17291 W MdnsClient_Cast: Multicast lock held. Releasing. Subtypes:"%9E5E7C8F47989526C9BCD95D24084F6F0B27C5ED"
07-28 19:00:30.329  2889 17291 W MdnsClient: unicast receiver thread is already dead.
07-28 19:00:30.332  2889 17291 W MdnsClient_Cast: #acquireLock. Multicast lock not held. Acquiring. Subtypes:"%9E5E7C8F47989526C9BCD95D24084F6F0B27C5ED"
07-28 19:00:30.336  2889 17291 I DeviceScanner: [GuestMode] startScan: scannerFlags: 2 criteria=%urn:x-cast:com.google.cast.media
07-28 19:00:30.343  2889 17291 I Publisher: TcpProber has probed 2026e0bf56ddd7ef279077235f3c6f9d 3 times
07-28 19:00:30.827  2889 17291 I Publisher: TcpProber has probed 2026e0bf56ddd7ef279077235f3c6f9d 3 times
07-28 19:00:31.273  4576  4576 D PhoneStatusBar: disable: < expand ICONS alerts SYSTEM_INFO back HOME RECENT clock SEARCH quick_settings >
07-28 19:00:31.296  1847  5484 W XPrivacy/XActivityManagerService: Sleeping=false
07-28 19:00:31.305  4576  4576 D PhoneStatusBar: disable: < expand icons* alerts system_info* back HOME RECENT clock SEARCH quick_settings >
07-28 19:00:31.349  1847  5296 W XPrivacy/XActivityManagerService: Sleeping=false
07-28 19:00:31.349  1847  5296 W XPrivacy/XActivityManagerService: Lockscreen=false
07-28 19:00:31.377  1847  5296 I ActivityManager: START u0 {flg=0x10000000 cmp=com.teslacoilsw.notifier/.BlankActivity} from uid 10077 on display 0
07-28 19:00:31.379  1847  1874 W InputMethodManagerService: Window already focused, ignoring focus gain of: com.android.internal.view.IInputMethodClient$Stub$Proxy@4868113 attribute=android.view.inputmethod.EditorInfo@4aef50, token = android.os.BinderProxy@a382418
07-28 19:00:31.413  4576  4576 D PhoneStatusBar: disable: < expand icons alerts system_info back home* recent* clock search* quick_settings >
07-28 19:00:31.420  5210  5210 D TeslaUnread.Blank: onCreate()
07-28 19:00:31.429  2889 26905 I Authzen : [DeviceStateSyncManager] The server is in sync with current state. Nothing to do
07-28 19:00:31.435  1847  4159 W InputMethodManagerService: Window already focused, ignoring focus gain of: com.android.internal.view.IInputMethodClient$Stub$Proxy@993e926 attribute=null, token = android.os.BinderProxy@a382418
07-28 19:00:31.551  1847  4539 D WifiStateMachine: L2Connected CMD_START_SCAN source -2 8146, 8150 -> obsolete
07-28 19:00:32.410 11508 11694 W OpenGLRenderer: Incorrectly called buildLayer on View: PageIndicatorView, destroying layer...
07-28 19:00:33.140  1847  4541 D ConnectivityService: updateNetworkScore for NetworkAgentInfo [WIFI () - 259] to 60
07-28 19:00:33.321  2889 19228 I Publisher: Triggered Adaptive Discovery
07-28 19:00:33.325  2889 19228 I Publisher: 1 Cast devices.
07-28 19:00:33.325  2889 19228 I Publisher: "g33kcast" (2026e0bf56ddd7ef279077235f3c6f9d) supported([]) notSupported([]) expired(true)
07-28 19:00:33.325  2889 19228 I Publisher: "g33kcast" (2026e0bf56ddd7ef279077235f3c6f9d) invoking TCP device prober. Missing filter criteria:[%urn:x-cast:com.google.cast.media]
07-28 19:00:33.325  2889 19228 I Publisher: TcpProber has probed 2026e0bf56ddd7ef279077235f3c6f9d 3 times
07-28 19:00:34.604  1847 22910 D NetlinkSocketObserver: NeighborEvent{elapsedMs=810857579, 192.168.0.1, [30B5C2F5BA7A], RTM_NEWNEIGH, NUD_REACHABLE}
07-28 19:00:34.868  1847  5223 I ActivityManager: START u0 {act=android.intent.action.MAIN cat=[android.intent.category.LAUNCHER] flg=0x10200000 cmp=com.google.android.apps.playconsole/.activity.MainAndroidActivity (has extras)} from uid 10077 on display 0
07-28 19:00:34.997  1847  4629 I ActivityManager: Start proc 27012:com.google.android.apps.playconsole/u0a140 for activity com.google.android.apps.playconsole/.activity.MainAndroidActivity
07-28 19:00:35.062 27012 27012 W System  : ClassLoader referenced unknown path: /data/app/com.google.android.apps.playconsole-1/lib/arm
07-28 19:00:35.103 27012 27012 W XPrivacy: Hooking package=com.google.android.apps.playconsole
07-28 19:00:35.802 27012 27045 W fys     : copyMemory is missing from platform - proto runtime falling back to safer methods.
07-28 19:00:35.886 27012 27048 D OpenGLRenderer: Use EGL_SWAP_BEHAVIOR_PRESERVED: true
07-28 19:00:35.982 27012 27048 I Adreno-EGL: <qeglDrvAPI_eglInitialize:379>: EGL 1.4 QUALCOMM build: Nondeterministic_AU_msm8974_LA.BF.1.1.3_RB1__release_AU (I741a3d36ca)
07-28 19:00:35.982 27012 27048 I Adreno-EGL: OpenGL ES Shader Compiler Version: E031.29.00.00
07-28 19:00:35.982 27012 27048 I Adreno-EGL: Build Date: 04/04/16 Mon
07-28 19:00:35.982 27012 27048 I Adreno-EGL: Local Branch: mybranch19053788
07-28 19:00:35.982 27012 27048 I Adreno-EGL: Remote Branch: quic/LA.BF.1.1.3_rb1.12
07-28 19:00:35.982 27012 27048 I Adreno-EGL: Local Patches: NONE
07-28 19:00:35.982 27012 27048 I Adreno-EGL: Reconstruct Branch: NOTHING
07-28 19:00:35.984 27012 27048 I OpenGLRenderer: Initialized EGL, version 1.4
07-28 19:00:36.039  1847  2171 I ActivityManager: Displayed com.google.android.apps.playconsole/.activity.MainAndroidActivity: +1s69ms (total +27s65ms)
07-28 19:00:36.158  1847  4541 D ConnectivityService: updateNetworkScore for NetworkAgentInfo [WIFI () - 259] to 56
07-28 19:00:36.230 27012 27012 W Settings: Setting airplane_mode_on has moved from android.provider.Settings.System to android.provider.Settings.Global, returning read-only value.
07-28 19:00:36.536  2922  3941 W Conscrypt: Could not set socket write timeout:
07-28 19:00:36.536  2922  3941 W Conscrypt:    java.lang.reflect.Method.invoke(Native Method)
07-28 19:00:36.536  2922  3941 W Conscrypt:    yid.a(:com.google.android.gms:58)
07-28 19:00:36.612  1847  4243 I ActivityManager: START u0 {act=android.intent.action.MAIN cat=[android.intent.category.HOME] flg=0x10200000 cmp=com.teslacoilsw.launcher/.NovaLauncher (has extras)} from uid 1000 on display 0
07-28 19:00:36.679  2922  3941 W Conscrypt: Could not set socket write timeout:
07-28 19:00:36.679  2922  3941 W Conscrypt:    java.lang.reflect.Method.invoke(Native Method)
07-28 19:00:36.679  2922  3941 W Conscrypt:    yid.a(:com.google.android.gms:58)
07-28 19:00:36.777  1847  1856 I art     : Background partial concurrent mark sweep GC freed 124325(5MB) AllocSpace objects, 11(252KB) LOS objects, 26% free, 45MB/61MB, paused 2.385ms total 152.096ms
07-28 19:00:36.799   277   277 W SurfaceFlinger: couldn't log to binary event log: overflow.
07-28 19:00:36.814 27012 27046 W PackageStatsCapture: android.permission.GET_PACKAGE_SIZE required
07-28 19:00:36.815 27012 27046 W PackageMetricService: PackageStats capture failed.
07-28 19:00:37.107  1847  4243 I InputDispatcher: Dropped event because of pending overdue app switch.
07-28 19:00:38.247 11508 11694 W OpenGLRenderer: Incorrectly called buildLayer on View: PageIndicatorView, destroying layer...
07-28 19:00:38.994  1847  5521 I ActivityManager: START u0 {act=android.intent.action.MAIN cat=[android.intent.category.LAUNCHER] flg=0x10200000 cmp=com.chrome.beta/com.google.android.apps.chrome.Main (has extras)} from uid 10077 on display 0
07-28 19:00:39.108  1847  5224 D ConnectivityService: listenForNetwork for Listen from uid/pid:10370/19317 for NetworkRequest [ id=1005, legacyType=-1, [ Capabilities: INTERNET&NOT_RESTRICTED&TRUSTED] ]
07-28 19:00:39.127 19317 19317 I cr_InstantAppsHandler: Not handling with Instant Apps (other)
07-28 19:00:39.129  1847  5300 I ActivityManager: START u0 {act=android.intent.action.MAIN cat=[android.intent.category.LAUNCHER] flg=0x14002000 cmp=com.chrome.beta/org.chromium.chrome.browser.ChromeTabbedActivity bnds=[910,294][1058,474] (has extras)} from uid 10370 on display 0
07-28 19:00:39.177  1847  4541 D ConnectivityService: updateNetworkScore for NetworkAgentInfo [WIFI () - 259] to 60
07-28 19:00:40.737  5278  5278 I LatinIME: Starting input. Cursor position = 0,156
07-28 19:00:42.609  1847  5224 I ActivityManager: Start proc 27253:com.chrome.beta:sandboxed_process3/u0i221 for service com.chrome.beta/org.chromium.content.app.SandboxedProcessService3
07-28 19:00:42.630  5278  5278 I LatinIME: Starting input. Cursor position = 3,29
07-28 19:00:42.655 19317 19317 W IInputConnectionWrapper: getSelectedText on inactive InputConnection
07-28 19:00:42.693 19317 19317 W IInputConnectionWrapper: requestCursorAnchorInfo on inactive InputConnection
07-28 19:00:42.705 19317 19317 W IInputConnectionWrapper: getTextBeforeCursor on inactive InputConnection
07-28 19:00:42.706  5278  5278 E RichInputConnection: Unable to connect to the editor to retrieve text.
07-28 19:00:42.706  5278  5278 D RichInputConnection: Will try to retrieve text later.
07-28 19:00:42.716 19317 19317 W IInputConnectionWrapper: getTextBeforeCursor on inactive InputConnection
07-28 19:00:42.716  5278  5278 E RichInputConnection: Unable to connect to the editor to retrieve text.
07-28 19:00:42.716  5278  5278 W RichInputConnection: Unable to connect to the editor. Setting caps mode without knowing text.
07-28 19:00:42.728 19317 19317 W IInputConnectionWrapper: getTextBeforeCursor on inactive InputConnection
07-28 19:00:42.729  5278  5278 E RichInputConnection: Unable to connect to the editor to retrieve text.
07-28 19:00:42.729  5278  5278 W RichInputConnection: Unable to connect to the editor. Setting caps mode without knowing text.
07-28 19:00:42.740 19317 19317 W IInputConnectionWrapper: getTextBeforeCursor on inactive InputConnection
07-28 19:00:42.740  5278  5278 E RichInputConnection: Unable to connect to the editor to retrieve text.
07-28 19:00:42.740  5278  5278 D RichInputConnection: Will try to retrieve text later.
07-28 19:00:42.756 19317 19317 W IInputConnectionWrapper: getTextBeforeCursor on inactive InputConnection
07-28 19:00:42.757  5278  5278 E RichInputConnection: Unable to connect to the editor to retrieve text.
07-28 19:00:42.757  5278  5278 W RichInputConnection: Unable to connect to the editor. Setting caps mode without knowing text.
07-28 19:00:42.762  5278  5278 I LatinIME: Starting input. Cursor position = -1,-1
07-28 19:00:42.782 27253 27253 W XPrivacy: Hooking package=com.chrome.beta
07-28 19:00:42.784   276   276 E SELinux : avc:  denied  { find } for service=user.xprivacy481 scontext=u:r:isolated_app:s0:c512,c768 tcontext=u:object_r:user_service:s0 tclass=service_manager
07-28 19:00:42.784 27253 27253 W XPrivacy: No client for 99221/SERIAL(null;88812f73) identification=!restricted?
07-28 19:00:42.785   276   276 E SELinux : avc:  denied  { find } for service=user.xprivacy481 scontext=u:r:isolated_app:s0:c512,c768 tcontext=u:object_r:user_service:s0 tclass=service_manager
07-28 19:00:42.786 27253 27253 W XPrivacy: No client for uid=0 /Log=null uid=99221 pid=27253
07-28 19:00:42.786 27253 27253 W XPrivacy: java.lang.Exception: StackTrace
07-28 19:00:42.786 27253 27253 W XPrivacy: 	at biz.bokhorst.xprivacy.er.d(SourceFile:269)
07-28 19:00:42.786 27253 27253 W XPrivacy: 	at biz.bokhorst.xprivacy.en.a(SourceFile:806)
07-28 19:00:42.786 27253 27253 W XPrivacy: 	at biz.bokhorst.xprivacy.en.c(SourceFile:781)
07-28 19:00:42.786 27253 27253 W XPrivacy: 	at biz.bokhorst.xprivacy.en.b(SourceFile:773)
07-28 19:00:42.786 27253 27253 W XPrivacy: 	at biz.bokhorst.xprivacy.fy.a(SourceFile:82)
07-28 19:00:42.786 27253 27253 W XPrivacy: 	at biz.bokhorst.xprivacy.en.a(SourceFile:416)
07-28 19:00:42.786 27253 27253 W XPrivacy: 	at biz.bokhorst.xprivacy.XPrivacy.hookPackage(SourceFile:378)
07-28 19:00:42.786 27253 27253 W XPrivacy: 	at biz.bokhorst.xprivacy.XPrivacy.handleLoadPackage(SourceFile:166)
07-28 19:00:42.786 27253 27253 W XPrivacy: 	at de.robv.android.xposed.IXposedHookLoadPackage$Wrapper.handleLoadPackage(IXposedHookLoadPackage.java:34)
07-28 19:00:42.786 27253 27253 W XPrivacy: 	at de.robv.android.xposed.callbacks.XC_LoadPackage.call(XC_LoadPackage.java:61)
07-28 19:00:42.786 27253 27253 W XPrivacy: 	at de.robv.android.xposed.callbacks.XCallback.callAll(XCallback.java:106)
07-28 19:00:42.786 27253 27253 W XPrivacy: 	at de.robv.android.xposed.XposedInit$2.beforeHookedMethod(XposedInit.java:116)
07-28 19:00:42.786 27253 27253 W XPrivacy: 	at de.robv.android.xposed.XposedBridge.handleHookedMethod(XposedBridge.java:314)
07-28 19:00:42.786 27253 27253 W XPrivacy: 	at android.app.ActivityThread.handleBindApplication(<Xposed>)
07-28 19:00:42.786 27253 27253 W XPrivacy: 	at android.app.ActivityThread.-wrap1(ActivityThread.java)
07-28 19:00:42.786 27253 27253 W XPrivacy: 	at android.app.ActivityThread$H.handleMessage(ActivityThread.java:1424)
07-28 19:00:42.786 27253 27253 W XPrivacy: 	at android.os.Handler.dispatchMessage(Handler.java:102)
07-28 19:00:42.786 27253 27253 W XPrivacy: 	at android.os.Looper.loop(Looper.java:148)
07-28 19:00:42.786 27253 27253 W XPrivacy: 	at android.app.ActivityThread.main(ActivityThread.java:5461)
07-28 19:00:42.786 27253 27253 W XPrivacy: 	at java.lang.reflect.Method.invoke(Native Method)
07-28 19:00:42.786 27253 27253 W XPrivacy: 	at com.android.internal.os.ZygoteInit$MethodAndArgsCaller.run(ZygoteInit.java:726)
07-28 19:00:42.786 27253 27253 W XPrivacy: 	at com.android.internal.os.ZygoteInit.main(ZygoteInit.java:616)
07-28 19:00:42.786 27253 27253 W XPrivacy: 	at de.robv.android.xposed.XposedBridge.main(XposedBridge.java:102)
07-28 19:00:42.800   276   276 E SELinux : avc:  denied  { find } for service=user.xprivacy481 scontext=u:r:isolated_app:s0:c512,c768 tcontext=u:object_r:user_service:s0 tclass=service_manager
07-28 19:00:42.800 27253 27253 W XPrivacy: No client for 99221/Configuration.MCC(null;null) phone=!restricted?
07-28 19:00:42.801   276   276 E SELinux : avc:  denied  { find } for service=user.xprivacy481 scontext=u:r:isolated_app:s0:c512,c768 tcontext=u:object_r:user_service:s0 tclass=service_manager
07-28 19:00:42.801 27253 27253 W XPrivacy: No client for 99221/Configuration.MNC(null;null) phone=!restricted?
07-28 19:00:42.809 27253 27253 W android.content.res.ThemeConfig: Could not get boot theme
07-28 19:00:42.858  5278  5278 I InputAttributes: InputType.TYPE_NULL is specified
07-28 19:00:43.059 27253 27253 I cr_ChildProcessService: Creating new ChildProcessService pid=27253
07-28 19:00:43.068 27253 27275 I cr_LibraryLoader: Using linker: org.chromium.base.library_loader.ModernLinker
07-28 19:00:43.071   276   276 E SELinux : avc:  denied  { find } for service=user.xprivacy481 scontext=u:r:isolated_app:s0:c512,c768 tcontext=u:object_r:user_service:s0 tclass=service_manager
07-28 19:00:43.071 27253 27285 W XPrivacy: No client for 99221/loadLibrary(chromium_android_linker;null) shell=!restricted?
07-28 19:00:43.098 27253 27285 I cr_LibraryLoader: Loading chrome from within /data/app/com.chrome.beta-1/base.apk
07-28 19:00:43.142 27253 27285 I cr_LibraryLoader: Time to load native libraries: 72 ms (timestamps 871-943)
07-28 19:00:43.143 27253 27285 I chromium: [INFO:library_loader_hooks.cc(144)] Chromium logging enabled: level = 0, default verbosity = 0
07-28 19:00:43.143 27253 27285 I cr_LibraryLoader: Expected native library version number "60.0.3112.78", actual native library version number "60.0.3112.78"
07-28 19:00:43.144   276   276 E SELinux : avc:  denied  { find } for service=user.xprivacy481 scontext=u:r:isolated_app:s0:c512,c768 tcontext=u:object_r:user_service:s0 tclass=service_manager
07-28 19:00:43.147 27253 27285 W XPrivacy: No client for 99221//proc(/proc/meminfo;null) identification=!restricted?
07-28 19:00:43.158 27253 27285 W chromium: [WARNING:renderer_main_platform_delegate_android.cc(102)] Seccomp support should be present, but detection failed. Continuing without Seccomp-BPF.
07-28 19:00:43.374  2889 19228 W Herrevad: [35172] tfk.a: On wifi, but couldn't get security type
07-28 19:00:43.477  5485  6323 D PhoneInterfaceManager: [PhoneIntfMgr] getCellLocation: returning null; mode != allowed
07-28 19:00:43.728   275   275 E lowmemorykiller: Error writing /proc/19378/oom_score_adj; errno=22
07-28 19:00:43.729   275   275 E lowmemorykiller: Error writing /proc/19378/oom_score_adj; errno=22
07-28 19:00:43.767  1847  4628 I ActivityManager: Process com.chrome.beta:sandboxed_process0 (pid 19378) has died
07-28 19:00:43.767  1847  4628 D ActivityManager: cleanUpApplicationRecord -- 19378
07-28 19:00:44.225  1847  2130 I ActivityManager: Start proc 27327:com.whatsapp/u0a115 for broadcast com.whatsapp/.AlarmBroadcastReceiver
07-28 19:00:44.308 24665 27344 D AbstractMetricsFactoryImpl: Setting non-anonymous customer ID and session ID to null, and anonymous tag to true as the metric entry was not recorded in non-anonymous queue.
07-28 19:00:44.309 24665 27333 I Nexus:AmazonShopping: Starting PersistentEventStorage HandlerThread
07-28 19:00:44.309 24665 27344 D AbstractMetricsFactoryImpl: Setting non-anonymous customer ID and session ID to null, and anonymous tag to true as the metric entry was not recorded in non-anonymous queue.
07-28 19:00:44.324 24665 27333 I ...stributedDataStorage: Distributed data store is already initialized. Simply returning from initialize workflow.
07-28 19:00:44.325 24665 27333 I ...stributedDataStorage: Distributed data store is already initialized. Simply returning from initialize workflow.
07-28 19:00:44.325 24665 27333 I ...stributedDataStorage: Distributed data store is already initialized. Simply returning from initialize workflow.
07-28 19:00:44.325 24665 27333 I ...stributedDataStorage: Distributed data store is already initialized. Simply returning from initialize workflow.
07-28 19:00:44.325 24665 27333 I ...stributedDataStorage: Distributed data store is already initialized. Simply returning from initialize workflow.
07-28 19:00:44.327 24665 27333 I Nexus:AmazonShopping: File ring not initialized, initializing
07-28 19:00:44.329 24665 27333 I Nexus:AmazonShopping: Found existing file at /data/user/0/in.amazon.mShop.android.shopping/files/mShop_android_sch/file.0000000000000000056
07-28 19:00:44.329 24665 27333 I Nexus:AmazonShopping: Found 1 files in ring, total size 0 bytes
07-28 19:00:44.336 24665 27333 I Nexus:AmazonShopping: Found 0 event files to upload
07-28 19:00:44.337 24665 27333 I Nexus:AmazonShopping: Uploading 0 event files for producerId mShop_android_sch
07-28 19:00:44.337 24665 27333 I Nexus:AmazonShopping: Deleting 0/0 files after upload
07-28 19:00:44.337 24665 27344 D AbstractMetricsFactoryImpl: Setting non-anonymous customer ID and session ID to null, and anonymous tag to true as the metric entry was not recorded in non-anonymous queue.
07-28 19:00:44.337 24665 27344 D AbstractMetricsFactoryImpl: Setting non-anonymous customer ID and session ID to null, and anonymous tag to true as the metric entry was not recorded in non-anonymous queue.
07-28 19:00:44.337 24665 27344 D AbstractMetricsFactoryImpl: record : No valid data points in metrics event
07-28 19:00:44.337 24665 27344 D AbstractMetricsFactoryImpl: record : No valid data points in metrics event
07-28 19:00:44.340 27327 27327 W XPrivacy: Hooking package=com.whatsapp
07-28 19:00:44.416 27327 27350 I Xposed  : NoWhatsAppReceipts: Successfully loaded WhatsApp 2.17.254 with module version 2.1
07-28 19:00:44.481 27327 27327 D Event   : No subscribers registered for event class com.whatsapp.g.j
07-28 19:00:44.481 27327 27327 D Event   : No subscribers registered for event class b.a.a.g
07-28 19:00:44.481 27327 27327 D Event   : No subscribers registered for event class com.whatsapp.g.i
07-28 19:00:44.481 27327 27327 D Event   : No subscribers registered for event class b.a.a.g
07-28 19:00:44.481 27327 27327 D Event   : No subscribers registered for event class com.whatsapp.g.o
07-28 19:00:44.481 27327 27327 D Event   : No subscribers registered for event class b.a.a.g
07-28 19:00:44.525  1847  4540 D WifiService: New client listening to asynchronous messages
07-28 19:00:44.566 27327 27327 I WhatsApp: LL_I D [1:main]LoggedFlag.java:26 message_handler/logged_flag/must_reconnect initialize to true
07-28 19:00:44.567 27327 27327 I WhatsApp: LL_I D [1:main]LoggedFlag.java:26 message_handler/logged_flag/must_ignore_network_once initialize to false
07-28 19:00:44.567 27327 27327 I WhatsApp: LL_I D [1:main]LoggedFlag.java:26 message_handler/logged_flag/disconnected initialize to true
07-28 19:00:44.600 27327 27327 D ActivityThread: Loading provider com.whatsapp.provider.contact: com.whatsapp.contact.ContactProvider
07-28 19:00:44.620 27327 27327 I WhatsApp: LL_I D [1:main]MessageThumbCache.java:101 messagethumbcache/construct 36864
07-28 19:00:44.635 27327 27327 I WhatsApp: LL_I D [1:main]ContactsSyncAdapter.java:149 ContactsSyncAdapter/created
07-28 19:00:44.920 27327 27327 D FirebaseApp: com.google.firebase.auth.FirebaseAuth is not linked. Skipping initialization.
07-28 19:00:44.935 27327 27327 W InstanceID/Rpc: Found 10027
07-28 19:00:44.937 27327 27327 D FirebaseApp: com.google.firebase.crash.FirebaseCrash is not linked. Skipping initialization.
07-28 19:00:44.973 27327 27327 I FA      : App measurement is starting up, version: 9683
07-28 19:00:44.973 27327 27327 I FA      : To enable debug logging run: adb shell setprop log.tag.FA VERBOSE
07-28 19:00:45.029 27327 27327 I FA      : To enable faster debug mode event logging run:
07-28 19:00:45.029 27327 27327 I FA      :   adb shell setprop firebase.analytics.debug-mode com.whatsapp
07-28 19:00:45.037 27327 27327 I FirebaseInitProvider: FirebaseApp initialization successful
07-28 19:00:45.517 27327 27373 I WhatsAppJni: EnsureThreadAttached: attached current thread to JVM
07-28 19:00:45.526 27327 27372 I WhatsAppJni: EnsureThreadAttached: attached current thread to JVM
07-28 19:00:45.686  1847  5484 D PowerManagerService: acquireWakeLock: ignoring request from com.whatsapp
07-28 19:00:45.696  1847  5300 W ActivityManager: Unable to start service Intent { cmp=com.whatsapp/.memory.dump.MemoryDumpUploadService } U=0: not found
07-28 19:00:45.715 27327 27403 W System  : ClassLoader referenced unknown path: /system/framework/tcmclient.jar
07-28 19:00:45.733  1847  4536 I TetherStatsReporting: getTetherStats() called NetworkStats: elapsedRealtime=810868666
07-28 19:00:45.733  1847  4536 I TetherStatsReporting:   [0] iface=rmnet0 uid=0 set=DEFAULT tag=0x0 rxBytes=625230 rxPackets=5802 txBytes=316904 txPackets=4896 operations=0
07-28 19:00:45.733  1847  4536 I TetherStatsReporting:   [1] iface=rmnet0 uid=0 set=FOREGROUND tag=0x0 rxBytes=0 rxPackets=0 txBytes=0 txPackets=0 operations=0
07-28 19:00:45.733  1847  4536 I TetherStatsReporting:   [2] iface=rmnet0 uid=1000 set=DEFAULT tag=0x0 rxBytes=860 rxPackets=6 txBytes=805 txPackets=6 operations=0
07-28 19:00:45.733  1847  4536 I TetherStatsReporting:   [3] iface=rmnet0 uid=1000 set=FOREGROUND tag=0x0 rxBytes=0 rxPackets=0 txBytes=0 txPackets=0 operations=0
07-28 19:00:45.733  1847  4536 I TetherStatsReporting:   [4] iface=rmnet0 uid=10009 set=DEFAULT tag=0x0 rxBytes=0 rxPackets=0 txBytes=252 txPackets=6 operations=5
07-28 19:00:45.733  1847  4536 I TetherStatsReporting:   [5] iface=rmnet0 uid=10009 set=FOREGROUND tag=0x0 rxBytes=0 rxPackets=0 txBytes=0 txPackets=0 operations=0
07-28 19:00:45.733  1847  4536 I TetherStatsReporting:   [6] iface=rmnet0 uid=10026 set=DEFAULT tag=0x0 rxBytes=1949 rxPackets=5 txBytes=1246 txPackets=5 operations=0
07-28 19:00:45.733  1847  4536 I TetherStatsReporting:   [7] iface=rmnet0 uid=10026 set=FOREGROUND tag=0x0 rxBytes=0 rxPackets=0 txBytes=0 txPackets=0 operations=0
07-28 19:00:45.733  1847  4536 I TetherStatsReporting:   [8] iface=rmnet0 uid=10027 set=DEFAULT tag=0x0 rxBytes=2148913 rxPackets=5851 txBytes=1284496 txPackets=6516 operations=0
07-28 19:00:45.733  1847  4536 I TetherStatsReporting:   [9] iface=rmnet0 uid=10027 set=FOREGROUND tag=0x0 rxBytes=799415 rxPackets=1917 txBytes=473621 txPackets=2239 operations=0
07-28 19:00:45.733  1847  4536 I TetherStatsReporting:   [10] iface=rmnet0 uid=10033 set=DEFAULT tag=0x0 rxBytes=393829 rxPackets=736 txBytes=192639 txPackets=751 operations=0
07-28 19:00:45.733  1847  4536 I TetherStatsReporting:   [11] iface=rmnet0 uid=10033 set=FOREGROUND tag=0x0 rxBytes=1843032 rxPackets=2300 txBytes=361593 txPackets=2005 operations=0
07-28 19:00:45.733  1847  4536 I TetherStatsReporting:   [12] iface=rmnet0 uid=10077 set=DEFAULT tag=0x0 rxBytes=62539 rxPackets=184 txBytes=48327 txPackets=190 operations=0
07-28 19:00:45.733  1847  4536 I TetherStatsReporting:   [13] iface=rmnet0 uid=10077 set=FOREGROUND tag=0x0 rxBytes=0 rxPackets=0 txBytes=120 txPackets=2 operations=0
07-28 19:00:45.733  1847  4536 I TetherStatsReporting:   [14] iface=rmnet0 uid=10082 set=DEFAULT tag=0x0 rxBytes=180093 rxPackets=493 txBytes=67382 txPackets=633 operations=0
07-28 19:00:45.733  1847  4536 I TetherStatsReporting:   [15] iface=rmnet0 uid=10082 set=FOREGROUND tag=0x0 rxBytes=0 rxPackets=0 txBytes=0 txPackets=0 operations=0
07-28 19:00:45.733  1847  4536 I TetherStatsReporting:   [16] iface=rmnet0 uid=10086 set=DEFAULT tag=0x0 rxBytes=121318 rxPackets=266 txBytes=40371 txPackets=306 operations=0
07-28 19:00:45.733  1847  4536 I TetherStatsReporting:   [17] iface=rmnet0 uid=10086 set=FOREGROUND tag=0x0 rxBytes=8357001 rxPackets=7342 txBytes=909932 txPackets=7018 operations=0
07-28 19:00:45.733  1847  4536 I TetherStatsReporting:   [18] iface=rmnet0 uid=10106 set=DEFAULT tag=0x0 rxBytes=3812 rxPackets=18 txBytes=1848 txPackets=26 operations=0
07-28 19:00:45.733  1847  4536 I TetherStatsReporting:   [19] iface=rmnet0 uid=10106 set=FOREGROUND tag=0x0 rxBytes=112998 rxPackets=195 txBytes=23269 txPackets=206 operations=0
07-28 19:00:45.733  1847  4536 I TetherStatsReporting:   [20] iface=rmnet0 uid=10108 set=DEFAULT tag=0x0 rxBytes=859538 rxPackets=1197 txBytes=224583 txPackets=1343 operations=74
07-28 19:00:45.733  1847  4536 I TetherStatsReporting:   [21] iface=rmnet0 uid=10108 set=FOREGROUND tag=0x0 rxBytes=138770 rxPackets=242 txBytes=60323 txPackets=314 operations=5
07-28 19:00:45.733  1847  4536 I TetherStatsReporting:   [22] iface=rmnet0 uid=10115 set=DEFAULT tag=0x0 rxBytes=846051 rxPackets=2319 txBytes=429601 txPackets=3875 operations=0
07-28 19:00:45.733  1847  4536 I TetherStatsReporting:   [23] iface=rmnet0 uid=10115 set=FOREGROUND tag=0x0 rxBytes=157034 rxPackets=260 txBytes=75897 txPackets=606 operations=0
07-28 19:00:45.733  1847  4536 I TetherStatsReporting:   [24] iface=rmnet0 uid=10129 set=DEFAULT tag=0x0 rxBytes=2738916 rxPackets=6723 txBytes=1367933 txPackets=7756 operations=0
07-28 19:00:45.733  1847  4536 I TetherStatsReporting:   [25] iface=rmnet0 uid=10129 set=FOREGROUND tag=0x0 rxBytes=63646 rxPackets=414 txBytes=61428 txPackets=623 operations=0
07-28 19:00:45.733  1847  4536 I TetherStatsReporting:   [26] iface=rmnet0 uid=10140 set=DEFAULT tag=0x0 rxBytes=100989 rxPackets=341 txBytes=50654 txPackets=352 operations=0
07-28 19:00:45.733  1847  4536 I TetherStatsReporting:   [27] iface=rmnet0 uid=10140 set=FOREGROUND tag=0x0 rxBytes=245967 rxPackets=525 txBytes=71846 txPackets=582 operations=0
07-28 19:00:45.733  1847  4536 I TetherStatsReporting:   [28] iface=rmnet0 uid=10143 set=DEFAULT tag=0x0 rxBytes=37022 rxPackets=26 txBytes=1040 txPackets=26 operations=0
07-28 19:00:45.733  1847  4536 I TetherStatsReporting:   [29] iface=rmnet0 uid=10143 set=FOREGROUND tag=0x0 rxBytes=84 rxPackets=2 txBytes=353 txPackets=3 operations=0
07-28 19:00:45.733  1847  4536 I TetherStatsReporting:   [30] iface=rmnet0 uid=10172 set=DEFAULT tag=0x0 rxBytes=0 rxPackets=0 txBytes=60 txPackets=1 operations=0
07-28 19:00:45.733  1847  4536 I TetherStatsReporting:   [31] iface=rmnet0 uid=10172 set=FOREGROUND tag=0x0 rxBytes=0 rxPackets=0 txBytes=0 txPackets=0 operations=0
07-28 19:00:45.733  1847  4536 I TetherStatsReporting:   [32] iface=rmnet0 uid=10175 set=DEFAULT tag=0x0 rxBytes=213764 rxPackets=346 txBytes=33827 txPackets=391 operations=0
07-28 19:00:45.733  1847  4536 I TetherStatsReporting:   [33] iface=rmnet0 uid=10175 set=FOREGROUND tag=0x0 rxBytes=367612 rxPackets=479 txBytes=46956 txPackets=565 operatio
07-28 19:00:45.733  1847  4536 I TetherStatsReporting: binding to service
07-28 19:00:45.788  1847  5300 D PowerManagerService: acquireWakeLock: ignoring request from com.whatsapp
07-28 19:00:45.905  1847  5519 D PowerManagerService: acquireWakeLock: ignoring request from com.whatsapp
07-28 19:00:45.920 19317 19373 I cr_omaha: Attempting to schedule next job for: Fri Jul 28 23:44:07 GMT+05:30 2017
07-28 19:00:45.926 19317 19317 I cr_omaha: Scheduled using JobService
07-28 19:00:45.926 19317 19317 E cr_BkgrdTaskJS: Tried finishing non-current BackgroundTask.
07-28 19:00:45.931 27327 27426 D FirebaseInstanceId: topic sync succeeded
07-28 19:00:47.551 27327 27327 D Event   : No subscribers registered for event class com.whatsapp.g.e
07-28 19:00:47.551 27327 27327 D Event   : No subscribers registered for event class b.a.a.g
07-28 19:00:47.993 19317 19317 I chromium: [INFO:CONSOLE(0)] "Slow network is detected. Fallback font will be used while loading: https://fonts.gstatic.com/s/materialiconsextended/v24/iPCrlNN5TpNi9yeZKkKxX5ZJ3j3k35k5UVopKkfl5AGglnMp3_3A8V8Ai8YosRtX.woff2", source: https://play.google.com/apps/publish/?dev_acc=08831932573352503866 (0)
07-28 19:00:47.993 19317 19317 I chromium: [INFO:CONSOLE(0)] "Slow network is detected. Fallback font will be used while loading: https://fonts.gstatic.com/s/roboto/v16/ty9dfvLAziwdqQ2dHoyjphkAz4rYn47Zy2rvigWQf6w.woff2", source: https://play.google.com/apps/publish/?dev_acc=08831932573352503866 (0)
07-28 19:00:47.994 19317 19317 I chromium: [INFO:CONSOLE(0)] "Slow network is detected. Fallback font will be used while loading: https://fonts.gstatic.com/s/roboto/v16/frNV30OaYdlFRtH2VnZZdhkAz4rYn47Zy2rvigWQf6w.woff2", source: https://play.google.com/apps/publish/?dev_acc=08831932573352503866 (0)
07-28 19:00:47.994 19317 19317 I chromium: [INFO:CONSOLE(0)] "Slow network is detected. Fallback font will be used while loading: https://fonts.gstatic.com/s/roboto/v16/gwVJDERN2Amz39wrSoZ7FxkAz4rYn47Zy2rvigWQf6w.woff2", source: https://play.google.com/apps/publish/?dev_acc=08831932573352503866 (0)
07-28 19:00:47.994 19317 19317 I chromium: [INFO:CONSOLE(0)] "Slow network is detected. Fallback font will be used while loading: https://fonts.gstatic.com/s/roboto/v16/aZMswpodYeVhtRvuABJWvBkAz4rYn47Zy2rvigWQf6w.woff2", source: https://play.google.com/apps/publish/?dev_acc=08831932573352503866 (0)
07-28 19:00:47.995 19317 19317 I chromium: [INFO:CONSOLE(0)] "Slow network is detected. Fallback font will be used while loading: https://fonts.gstatic.com/s/roboto/v16/VvXUGKZXbHtX_S_VCTLpGhkAz4rYn47Zy2rvigWQf6w.woff2", source: https://play.google.com/apps/publish/?dev_acc=08831932573352503866 (0)
07-28 19:00:47.995 19317 19317 I chromium: [INFO:CONSOLE(0)] "Slow network is detected. Fallback font will be used while loading: https://fonts.gstatic.com/s/roboto/v16/e7MeVAyvogMqFwwl61PKhBkAz4rYn47Zy2rvigWQf6w.woff2", source: https://play.google.com/apps/publish/?dev_acc=08831932573352503866 (0)
07-28 19:00:47.995 19317 19317 I chromium: [INFO:CONSOLE(0)] "Slow network is detected. Fallback font will be used while loading: https://fonts.gstatic.com/s/roboto/v16/2tsd397wLxj96qwHyNIkxHYhjbSpvc47ee6xR_80Hnw.woff2", source: https://play.google.com/apps/publish/?dev_acc=08831932573352503866 (0)
07-28 19:00:47.996 19317 19317 I chromium: [INFO:CONSOLE(0)] "Slow network is detected. Fallback font will be used while loading: https://fonts.gstatic.com/s/roboto/v16/0eC6fl06luXEYWpBSJvXCIX0hVgzZQUfRDuZrPvH3D8.woff2", source: https://play.google.com/apps/publish/?dev_acc=08831932573352503866 (0)
07-28 19:00:47.996 19317 19317 I chromium: [INFO:CONSOLE(0)] "Slow network is detected. Fallback font will be used while loading: https://fonts.gstatic.com/s/roboto/v16/Fl4y0QdOxyyTHEGMXX8kcYX0hVgzZQUfRDuZrPvH3D8.woff2", source: https://play.google.com/apps/publish/?dev_acc=08831932573352503866 (0)
07-28 19:00:47.996 19317 19317 I chromium: [INFO:CONSOLE(0)] "Slow network is detected. Fallback font will be used while loading: https://fonts.gstatic.com/s/roboto/v16/-L14Jk06m6pUHB-5mXQQnYX0hVgzZQUfRDuZrPvH3D8.woff2", source: https://play.google.com/apps/publish/?dev_acc=08831932573352503866 (0)
07-28 19:00:47.996 19317 19317 I chromium: [INFO:CONSOLE(0)] "Slow network is detected. Fallback font will be used while loading: https://fonts.gstatic.com/s/roboto/v16/I3S1wsgSg9YCurV6PUkTOYX0hVgzZQUfRDuZrPvH3D8.woff2", source: https://play.google.com/apps/publish/?dev_acc=08831932573352503866 (0)
07-28 19:00:47.997 19317 19317 I chromium: [INFO:CONSOLE(0)] "Slow network is detected. Fallback font will be used while loading: https://fonts.gstatic.com/s/roboto/v16/NYDWBdD4gIq26G5XYbHsFIX0hVgzZQUfRDuZrPvH3D8.woff2", source: https://play.google.com/apps/publish/?dev_acc=08831932573352503866 (0)
07-28 19:00:47.999 19317 19317 I chromium: [INFO:CONSOLE(0)] "Slow network is detected. Fallback font will be used while loading: https://fonts.gstatic.com/s/roboto/v16/Pru33qjShpZSmG3z6VYwnYX0hVgzZQUfRDuZrPvH3D8.woff2", source: https://play.google.com/apps/publish/?dev_acc=08831932573352503866 (0)
07-28 19:00:48.000 19317 19317 I chromium: [INFO:CONSOLE(0)] "Slow network is detected. Fallback font will be used while loading: https://fonts.gstatic.com/s/roboto/v16/Hgo13k-tfSpn0qi1SFdUfZBw1xU1rKptJj_0jans920.woff2", source: https://play.google.com/apps/publish/?dev_acc=08831932573352503866 (0)
07-28 19:00:48.000 19317 19317 I chromium: [INFO:CONSOLE(0)] "Slow network is detected. Fallback font will be used while loading: https://fonts.gstatic.com/s/roboto/v16/sTdaA6j0Psb920Vjv-mrzH-_kf6ByYO6CLYdB4HQE-Y.woff2", source: https://play.google.com/apps/publish/?dev_acc=08831932573352503866 (0)
07-28 19:00:48.001 19317 19317 I chromium: [INFO:CONSOLE(0)] "Slow network is detected. Fallback font will be used while loading: https://fonts.gstatic.com/s/roboto/v16/uYECMKoHcO9x1wdmbyHIm3-_kf6ByYO6CLYdB4HQE-Y.woff2", source: https://play.google.com/apps/publish/?dev_acc=08831932573352503866 (0)
07-28 19:00:48.001 19317 19317 I chromium: [INFO:CONSOLE(0)] "Slow network is detected. Fallback font will be used while loading: https://fonts.gstatic.com/s/roboto/v16/tnj4SB6DNbdaQnsM8CFqBX-_kf6ByYO6CLYdB4HQE-Y.woff2", source: https://play.google.com/apps/publish/?dev_acc=08831932573352503866 (0)
07-28 19:00:48.001 19317 19317 I chromium: [INFO:CONSOLE(0)] "Slow network is detected. Fallback font will be used while loading: https://fonts.gstatic.com/s/roboto/v16/_VYFx-s824kXq_Ul2BHqYH-_kf6ByYO6CLYdB4HQE-Y.woff2", source: https://play.google.com/apps/publish/?dev_acc=08831932573352503866 (0)
07-28 19:00:48.001 19317 19317 I chromium: [INFO:CONSOLE(0)] "Slow network is detected. Fallback font will be used while loading: https://fonts.gstatic.com/s/roboto/v16/NJ4vxlgWwWbEsv18dAhqnn-_kf6ByYO6CLYdB4HQE-Y.woff2", source: https://play.google.com/apps/publish/?dev_acc=08831932573352503866 (0)
07-28 19:00:48.002 19317 19317 I chromium: [INFO:CONSOLE(0)] "Slow network is detected. Fallback font will be used while loading: https://fonts.gstatic.com/s/roboto/v16/Ks_cVxiCiwUWVsFWFA3Bjn-_kf6ByYO6CLYdB4HQE-Y.woff2", source: https://play.google.com/apps/publish/?dev_acc=08831932573352503866 (0)
07-28 19:00:48.002 19317 19317 I chromium: [INFO:CONSOLE(0)] "Slow network is detected. Fallback font will be used while loading: https://fonts.gstatic.com/s/roboto/v16/oMMgfZMQthOryQo9n22dcuvvDin1pK8aKteLpeZ5c0A.woff2", source: https://play.google.com/apps/publish/?dev_acc=08831932573352503866 (0)
07-28 19:00:48.002 19317 19317 I chromium: [INFO:CONSOLE(0)] "Slow network is detected. Fallback font will be used while loading: https://fonts.gstatic.com/s/roboto/v16/ZLqKeelYbATG60EpZBSDy4X0hVgzZQUfRDuZrPvH3D8.woff2", source: https://play.google.com/apps/publish/?dev_acc=08831932573352503866 (0)
07-28 19:00:48.005 19317 19317 I chromium: [INFO:CONSOLE(0)] "Slow network is detected. Fallback font will be used while loading: https://fonts.gstatic.com/s/roboto/v16/oHi30kwQWvpCWqAhzHcCSIX0hVgzZQUfRDuZrPvH3D8.woff2", source: https://play.google.com/apps/publish/?dev_acc=08831932573352503866 (0)
07-28 19:00:48.005 19317 19317 I chromium: [INFO:CONSOLE(0)] "Slow network is detected. Fallback font will be used while loading: https://fonts.gstatic.com/s/roboto/v16/rGvHdJnr2l75qb0YND9NyIX0hVgzZQUfRDuZrPvH3D8.woff2", source: https://play.google.com/apps/publish/?dev_acc=08831932573352503866 (0)
07-28 19:00:48.005 19317 19317 I chromium: [INFO:CONSOLE(0)] "Slow network is detected. Fallback font will be used while loading: https://fonts.gstatic.com/s/roboto/v16/mx9Uck6uB63VIKFYnEMXrYX0hVgzZQUfRDuZrPvH3D8.woff2", source: https://play.google.com/apps/publish/?dev_acc=08831932573352503866 (0)
07-28 19:00:48.005 19317 19317 I chromium: [INFO:CONSOLE(0)] "Slow network is detected. Fallback font will be used while loading: https://fonts.gstatic.com/s/roboto/v16/mbmhprMH69Zi6eEPBYVFhYX0hVgzZQUfRDuZrPvH3D8.woff2", source: https://play.google.com/apps/publish/?dev_acc=08831932573352503866 (0)
07-28 19:00:48.018 19317 19317 I chromium: [INFO:CONSOLE(0)] "Slow network is detected. Fallback font will be used while loading: https://fonts.gstatic.com/s/roboto/v16/oOeFwZNlrTefzLYmlVV1UIX0hVgzZQUfRDuZrPvH3D8.woff2", source: https://play.google.com/apps/publish/?dev_acc=08831932573352503866 (0)
07-28 19:00:48.019 19317 19317 I chromium: [INFO:CONSOLE(0)] "Slow network is detected. Fallback font will be used while loading: https://fonts.gstatic.com/s/roboto/v16/RxZJdnzeo3R5zSexge8UUZBw1xU1rKptJj_0jans920.woff2", source: https://play.google.com/apps/publish/?dev_acc=08831932573352503866 (0)
07-28 19:00:48.019 19317 19317 I chromium: [INFO:CONSOLE(0)] "Slow network is detected. Fallback font will be used while loading: https://fonts.gstatic.com/s/roboto/v16/77FXFjRbGzN4aCrSFhlh3oX0hVgzZQUfRDuZrPvH3D8.woff2", source: https://play.google.com/apps/publish/?dev_acc=08831932573352503866 (0)
07-28 19:00:48.019 19317 19317 I chromium: [INFO:CONSOLE(0)] "Slow network is detected. Fallback font will be used while loading: https://fonts.gstatic.com/s/roboto/v16/isZ-wbCXNKAbnjo6_TwHToX0hVgzZQUfRDuZrPvH3D8.woff2", source: https://play.google.com/apps/publish/?dev_acc=08831932573352503866 (0)
07-28 19:00:48.019 19317 19317 I chromium: [INFO:CONSOLE(0)] "Slow network is detected. Fallback font will be used while loading: https://fonts.gstatic.com/s/roboto/v16/UX6i4JxQDm3fVTc1CPuwqoX0hVgzZQUfRDuZrPvH3D8.woff2", source: https://play.google.com/apps/publish/?dev_acc=08831932573352503866 (0)
07-28 19:00:48.019 19317 19317 I chromium: [INFO:CONSOLE(0)] "Slow network is detected. Fallback font will be used while loading: https://fonts.gstatic.com/s/roboto/v16/jSN2CGVDbcVyCnfJfjSdfIX0hVgzZQUfRDuZrPvH3D8.woff2", source: https://play.google.com/apps/publish/?dev_acc=08831932573352503866 (0)
07-28 19:00:48.020 19317 19317 I chromium: [INFO:CONSOLE(0)] "Slow network is detected. Fallback font will be used while loading: https://fonts.gstatic.com/s/roboto/v16/PwZc-YbIL414wB9rB1IAPYX0hVgzZQUfRDuZrPvH3D8.woff2", source: https://play.google.com/apps/publish/?dev_acc=08831932573352503866 (0)
07-28 19:00:48.020 19317 19317 I chromium: [INFO:CONSOLE(0)] "Slow network is detected. Fallback font will be used while loading: https://fonts.gstatic.com/s/roboto/v16/97uahxiqZRoncBaCEI3aW4X0hVgzZQUfRDuZrPvH3D8.woff2", source: https://play.google.com/apps/publish/?dev_acc=08831932573352503866 (0)
07-28 19:00:48.020 19317 19317 I chromium: [INFO:CONSOLE(0)] "Slow network is detected. Fallback font will be used while loading: https://fonts.gstatic.com/s/roboto/v16/d-6IYplOFocCacKzxwXSOJBw1xU1rKptJj_0jans920.woff2", source: https://play.google.com/apps/publish/?dev_acc=08831932573352503866 (0)
07-28 19:00:56.302 19317 19326 W HandleImpl: Handle was not closed.
07-28 19:00:56.302 19317 19326 E System  : Uncaught exception thrown by finalizer
07-28 19:00:56.302 19317 19326 E System  : java.lang.IllegalStateException: Warning: Router objects should be explicitly closed when no longer required otherwise you may leak handles.
07-28 19:00:56.302 19317 19326 E System  : 	at org.chromium.mojo.bindings.AutoCloseableRouter.finalize(AutoCloseableRouter.java:18)
07-28 19:00:56.302 19317 19326 E System  : 	at java.lang.Daemons$FinalizerDaemon.doFinalize(Daemons.java:202)
07-28 19:00:56.302 19317 19326 E System  : 	at java.lang.Daemons$FinalizerDaemon.run(Daemons.java:185)
07-28 19:00:56.302 19317 19326 E System  : 	at java.lang.Thread.run(Thread.java:818)
07-28 19:00:58.218 26000 26019 V QcrilMsgTunnelSocket: After reading offset = 0 remaining = 4 countRead = 4
07-28 19:00:58.219 26000 26019 D QcrilMsgTunnelSocket: messageLength extracted from first 4 inputStream reads = 29
07-28 19:00:58.219 26000 26019 V QcrilMsgTunnelSocket: offset = 0 remaining = 29 countRead = 0
07-28 19:00:58.219 26000 26019 V QcrilMsgTunnelSocket: offset = 0 remaining = 29 countRead = 29
07-28 19:00:58.219 26000 26019 D QcrilMsgTunnelSocket: readRilMessage: Buffer = [B@e08fb45 HexData = [010000000404000011000000514f454d484f4f4bef0308000100000003]
07-28 19:00:58.219 26000 26019 V QcrilMsgTunnelSocket: Read packet: 29 bytes. Data Available = 32 Position = 0
07-28 19:00:58.220 26000 26019 D QcrilMsgTunnelSocket: Rcvd UNSOL response with 28 bytes data for SUB0
07-28 19:00:58.220 26000 26019 D QcrilMsgTunnelSocket: ByteArray from parcel = 514f454d484f4f4bef0308000100000003
07-28 19:00:58.221 26000 26019 D QcrilMsgTunnelSocket: Received RIL_UNSOL_OEM_HOOK_RAW message[81, 79, 69, 77, 72, 79, 79, 75, -17, 3, 8, 0, 1, 0, 0, 0, 3]
07-28 19:00:58.231 26000 26019 D QcrilMsgTunnelSocket: Oem ID in RIL_UNSOL_OEM_HOOK_RAW is QOEMHOOK
07-28 19:00:58.231 26000 26019 D QcrilMsgTunnelSocket: OEM ID check Passed
07-28 19:00:58.231 26000 26019 D QcrilMsgTunnelSocket: Response ID in RIL_UNSOL_OEM_HOOK_RAW is 0x803ef
07-28 19:00:58.231 26000 26019 D QcrilMsgTunnelSocket: Response ID 525295 is not served in this process.
07-28 19:00:58.231 26000 26019 D QcrilMsgTunnelSocket: To broadcast an Intent via the notifier to external apps
07-28 19:00:58.233 26000 26000 D QcrilMsgTunnelIfaceManager: handleMessage what = 0
07-28 19:00:58.237 26000 26019 V QcrilMsgTunnelSocket: Before reading offset = 0 remaining = 4 countRead = 0
07-28 19:01:00.037  1847  5502 D PowerManagerService: acquireWakeLock: ignoring request from com.whatsapp
07-28 19:01:00.052  1847  4159 D PowerManagerService: acquireWakeLock: ignoring request from com.whatsapp
07-28 19:01:00.056  1847  1874 D PowerManagerService: acquireWakeLock: ignoring request from com.whatsapp
07-28 19:01:01.946  1847  2130 I ActivityManager: Waited long enough for: ServiceRecord{dbadf6d u0 com.whatsapp/.messaging.MessageService}
07-28 19:01:05.891 26000 26019 V QcrilMsgTunnelSocket: After reading offset = 0 remaining = 4 countRead = 4
07-28 19:01:05.891 26000 26019 D QcrilMsgTunnelSocket: messageLength extracted from first 4 inputStream reads = 29
07-28 19:01:05.891 26000 26019 V QcrilMsgTunnelSocket: offset = 0 remaining = 29 countRead = 0
07-28 19:01:05.892 26000 26019 V QcrilMsgTunnelSocket: offset = 0 remaining = 29 countRead = 29
07-28 19:01:05.893 26000 26019 D QcrilMsgTunnelSocket: readRilMessage: Buffer = [B@e08fb45 HexData = [010000000404000011000000514f454d484f4f4bef0308000100000003]
07-28 19:01:05.893 26000 26019 V QcrilMsgTunnelSocket: Read packet: 29 bytes. Data Available = 32 Position = 0
07-28 19:01:05.893 26000 26019 D QcrilMsgTunnelSocket: Rcvd UNSOL response with 28 bytes data for SUB0
07-28 19:01:05.893 26000 26019 D QcrilMsgTunnelSocket: ByteArray from parcel = 514f454d484f4f4bef0308000100000003
07-28 19:01:05.893 26000 26019 D QcrilMsgTunnelSocket: Received RIL_UNSOL_OEM_HOOK_RAW message[81, 79, 69, 77, 72, 79, 79, 75, -17, 3, 8, 0, 1, 0, 0, 0, 3]
07-28 19:01:05.893 26000 26019 D QcrilMsgTunnelSocket: Oem ID in RIL_UNSOL_OEM_HOOK_RAW is QOEMHOOK
07-28 19:01:05.893 26000 26019 D QcrilMsgTunnelSocket: OEM ID check Passed
07-28 19:01:05.893 26000 26019 D QcrilMsgTunnelSocket: Response ID in RIL_UNSOL_OEM_HOOK_RAW is 0x803ef
07-28 19:01:05.893 26000 26019 D QcrilMsgTunnelSocket: Response ID 525295 is not served in this process.
07-28 19:01:05.893 26000 26019 D QcrilMsgTunnelSocket: To broadcast an Intent via the notifier to external apps
07-28 19:01:05.893 26000 26019 V QcrilMsgTunnelSocket: Before reading offset = 0 remaining = 4 countRead = 0
07-28 19:01:05.895 26000 26000 D QcrilMsgTunnelIfaceManager: handleMessage what = 0
07-28 19:01:09.328  1847  4541 D ConnectivityService: updateNetworkScore for NetworkAgentInfo [WIFI () - 259] to 56
07-28 19:01:11.155  2889 17291 I Publisher: TcpProber has probed 2026e0bf56ddd7ef279077235f3c6f9d 3 times
07-28 19:01:13.403  2889  2889 I IcingInternalCorpora: Contacts corpus disabled.
07-28 19:01:13.493  2889 17291 I Icing   : Usage reports 0 indexed 0 rejected 0 imm upload false
07-28 19:01:14.500  2889 17291 I Icing   : Indexing F8E8212B491E1EC9C470BE7D5D909159D980D2AB from com.chrome.beta
07-28 19:01:14.633  2889 17291 I Icing   : Indexing done F8E8212B491E1EC9C470BE7D5D909159D980D2AB
07-28 19:01:15.788  2889 17291 I Icing   : Usage reports 4 indexed 0 rejected 0 imm upload false
07-28 19:01:16.855  2889 19228 I Icing   : Usage reports 0 indexed 0 rejected 0 imm upload false
07-28 19:01:18.394  1847  4541 D ConnectivityService: notifyType CAP_CHANGED for NetworkAgentInfo [WIFI () - 259]
07-28 19:01:18.731  1847  2186 I PowerManagerService: Going to sleep due to screen timeout (uid 1000)...
07-28 19:01:18.733  1847  1847 W XPrivacy/XActivityManagerService: Sleeping=false
07-28 19:01:19.151  1847  2186 W XPrivacy/XActivityManagerService: Sleeping=true
07-28 19:01:19.151  1847  2186 V KeyguardServiceDelegate: onScreenTurnedOff()
07-28 19:01:19.179  1847  4541 D ConnectivityService: releasing NetworkRequest NetworkRequest [ id=1005, legacyType=-1, [ Capabilities: INTERNET&NOT_RESTRICTED&TRUSTED] ]
07-28 19:01:19.188  1847  2171 I DisplayManagerService: Display device changed state: "Built-in Screen", OFF
07-28 19:01:19.191   277   277 D SurfaceFlinger: Set power mode=0, type=0 flinger=0xb6a24000
07-28 19:01:19.191   277   277 D qdhwcomposer: hwc_setPowerMode: Setting mode 0 on display: 0
07-28 19:01:19.306  1847  1856 I art     : Background partial concurrent mark sweep GC freed 163101(7MB) AllocSpace objects, 18(1216KB) LOS objects, 26% free, 45MB/61MB, paused 2.729ms total 209.321ms
07-28 19:01:19.473   277   277 D qdhwcomposer: hwc_setPowerMode: Done setting mode 0 on display 0
07-28 19:01:19.473   277   381 I qdhwcomposer: handle_blank_event: dpy:0 panel power state: 0
07-28 19:01:19.473  1847  4563 D SurfaceControl: Excessive delay in setPowerMode(): 284ms
07-28 19:01:19.476  1847  2186 I PowerManagerService: Sleeping (uid 1000)...
07-28 19:01:19.476  1847  1847 W XPrivacy/XActivityManagerService: Sleeping=true
07-28 19:01:19.490  1847  4539 D WifiConfigStore: Retrieve network priorities after PNO.
07-28 19:01:19.495   293 27228 D audio_hw_primary: adev_set_parameters: enter: screen_state=off
07-28 19:01:19.495   293 27228 E voice   : voice_extn_compress_voip_set_parameters: COMPRESS_VOIP_ENABLED is not defined
07-28 19:01:19.495   293 27228 E bt_a2dp_hw: adev_set_parameters: ERROR: set param called even when stream out is null
07-28 19:01:19.495  1847  4539 E native  : do suspend true
07-28 19:01:21.477  1847  2186 W PowerManagerService: Sandman unresponsive, releasing suspend blocker
07-28 19:01:21.509  4576  4585 I art     : Background sticky concurrent mark sweep GC freed 404245(15MB) AllocSpace objects, 0(0B) LOS objects, 18% free, 68MB/84MB, paused 1.016ms total 108.829ms
07-28 19:01:21.544  4576  4576 I Choreographer: Skipped 142 frames!  The application may be doing too much work on its main thread.
07-28 19:01:21.621  4576  4576 D CarrierText: onSimStateChanged: Normal
07-28 19:01:21.675  4576  4576 D PhoneStatusBar: disable: < expand ICONS* alerts SYSTEM_INFO* back home recent clock search quick_settings >
07-28 19:01:21.735  1847  5331 W XPrivacy/XActivityManagerService: Lockscreen=true
07-28 19:01:21.735  1847  5331 W XPrivacy/XActivityManagerService: Sleeping=true
07-28 19:01:21.747  1847 22910 D NetlinkSocketObserver: NeighborEvent{elapsedMs=810904724, 192.168.0.1, [30B5C2F5BA7A], RTM_NEWNEIGH, NUD_STALE}
07-28 19:01:21.837  4576  4576 D PhoneStatusBar: disable: < expand ICONS alerts SYSTEM_INFO back HOME* RECENT* clock SEARCH* quick_settings >
07-28 19:01:21.880  2922  2922 I Coffee-PhonePositionTracker: Reset phone on-person state
07-28 19:01:21.883  2922  2922 W Coffee-AbstractTrustlet: Ignoring trustlet PhonePosition's' attempt to change its trust state to the current state which is true.
07-28 19:01:21.883  2922  2922 I Coffee-PhonePositionTracker: Register activity recognition API updates.
07-28 19:01:21.886  2889  2889 W ChimeraUtils: Non Chimera context
07-28 19:01:21.892  2889  2889 I CastMediaRouteProvider: in onDiscoveryRequestChanged: request=null
07-28 19:01:21.895  2889 19228 I DiscoveryManager: Filter criteria(null) scannerFlags(0)
07-28 19:01:21.895  2889 19228 I Publisher: onUpdateFilterCriteria null
07-28 19:02:31.106   277   381 I qdhwcomposer: handle_blank_event: dpy:0 panel power state: 0
07-28 19:02:31.115  2889 19228 W XPrivacy/XNetworkInfo: Get client 10027/NetworkInfo.isConnected(null;null) internet=!restricted 69204 ms
07-28 19:02:31.115  2889 19228 W XPrivacy/XNetworkInfo: isConnected 69204 ms
07-28 19:02:31.115  2889 19228 W MdnsClient_Cast: Multicast lock held. Releasing. Subtypes:"%9E5E7C8F47989526C9BCD95D24084F6F0B27C5ED"
07-28 19:02:31.123  1847  4244 I PowerManagerService: Waking up from sleep (uid 1000)...
07-28 19:02:31.124  1847  1847 W XPrivacy/XActivityManagerService: Sleeping=true
07-28 19:02:31.124  1847  1847 V KeyguardServiceDelegate: onStartedWakingUp()
07-28 19:02:31.126  1847  4159 W InputMethodManagerService: Starting input on non-focused client com.android.internal.view.IInputMethodClient$Stub$Proxy@50f5b81 (uid=10370 pid=19317)
07-28 19:02:31.132  2889 19228 W MdnsClient: unicast receiver thread is already dead.
07-28 19:02:31.133  2889 19228 I DeviceScanner: [MDNS] notifyDevicesOffline: []
07-28 19:02:31.140  1847  2186 I DisplayPowerController: Blocking screen on until initial contents have been drawn.
07-28 19:02:31.141  1847  2186 W XPrivacy/XActivityManagerService: Sleeping=true
07-28 19:02:31.141  1847  2186 V KeyguardServiceDelegate: onScreenTurnedOn(showListener = com.android.server.policy.PhoneWindowManager$2@25c4c47)
07-28 19:02:31.192  1847  4539 D WifiConfigStore: Retrieve network priorities after PNO.
07-28 19:02:31.192   293 28495 D audio_hw_primary: adev_set_parameters: enter: screen_state=on
07-28 19:02:31.192   293 28495 E voice   : voice_extn_compress_voip_set_parameters: COMPRESS_VOIP_ENABLED is not defined
07-28 19:02:31.192   293 28495 E bt_a2dp_hw: adev_set_parameters: ERROR: set param called even when stream out is null
07-28 19:02:31.196  1847  2171 I DisplayManagerService: Display device changed state: "Built-in Screen", ON
07-28 19:02:31.197   277   277 D SurfaceFlinger: Set power mode=2, type=0 flinger=0xb6a24000
07-28 19:02:31.197   277   277 D qdhwcomposer: hwc_setPowerMode: Setting mode 2 on display: 0
07-28 19:02:31.241  1847  4539 E native  : do suspend false
07-28 19:02:31.263  1847  4539 D WifiConfigStore: No blacklist allowed without epno enabled
07-28 19:02:31.290   277   277 D qdhwcomposer: hwc_setPowerMode: Done setting mode 2 on display 0
07-28 19:02:31.290   277   381 I qdhwcomposer: handle_blank_event: dpy:0 panel power state: 1
07-28 19:02:31.311  1847  5307 V KeyguardServiceDelegate: **** SHOWN CALLED ****
07-28 19:02:31.350  1847  2186 I DisplayPowerController: Unblocked screen on after 210 ms
07-28 19:02:31.351  1847  2186 V KeyguardServiceDelegate: onScreenTurnedOn()
07-28 19:02:31.383 24356 24356 I chatty  : uid=10398(com.amazon.avod.thirdpartyclient) expire 12 lines
07-28 19:02:31.395  2889  2889 I CastMediaRouteProvider: in onDiscoveryRequestChanged: request=DiscoveryRequest{ selector=MediaRouteSelector{ controlCategories=[com.google.android.gms.cast.CATEGORY_CAST//urn:x-cast:com.google.cast.media] }, activeScan=false, isValid=true }
07-28 19:02:31.397  2889 19228 I DiscoveryManager: Filter criteria(%urn:x-cast:com.google.cast.media) scannerFlags(2)
07-28 19:02:31.397  2889 19228 I Publisher: onUpdateFilterCriteria [%urn:x-cast:com.google.cast.media]
07-28 19:02:31.406  2889 19228 I Publisher: TcpProber has probed 2026e0bf56ddd7ef279077235f3c6f9d 3 times
07-28 19:02:31.406  2889 19228 I CastMediaRouteProvider: onDevicesPublished with 0 devices
07-28 19:02:31.407  2889 19228 I CastMediaRouteProvider: Published 0 routes
07-28 19:02:31.427  2889 19228 I DeviceScanner: [MDNS] startScan: scannerFlags: 2 criteria=%urn:x-cast:com.google.cast.media
07-28 19:02:31.471  2889 19228 W MdnsClient_Cast: #acquireLock. Multicast lock not held. Acquiring. Subtypes:"%9E5E7C8F47989526C9BCD95D24084F6F0B27C5ED"
07-28 19:02:31.473  2889 19228 I DeviceScanner: [GuestMode] startScan: scannerFlags: 2 criteria=%urn:x-cast:com.google.cast.media
07-28 19:02:31.480  2889 19228 I Publisher: TcpProber has probed 2026e0bf56ddd7ef279077235f3c6f9d 3 times
07-28 19:02:31.481  2889 19228 I CastMediaRouteProvider: onDevicesPublished with 0 devices
07-28 19:02:31.482  2889 19228 I CastMediaRouteProvider: Published 0 routes
07-28 19:02:31.485  2889 19228 I DeviceScanner: [MDNS] startScan: scannerFlags: 2 criteria=%urn:x-cast:com.google.cast.media
07-28 19:02:31.485  2889 19228 I DeviceScanner: [MDNS] onScanSettingsUpdated: filterCriteriaAdded: NONE
07-28 19:02:31.485  2889 19228 I DeviceScanner: [MDNS] onScanSettingsUpdated: filterCriteriaRemoved: NONE
07-28 19:02:31.485  2889 19228 I DeviceScanner: [MDNS] onScanSettingsUpdated: Did scan settings changed? false
07-28 19:02:31.485  2889 19228 W MdnsClient_Cast: Multicast lock held. Releasing. Subtypes:"%9E5E7C8F47989526C9BCD95D24084F6F0B27C5ED"
07-28 19:02:31.494  2889 19228 W MdnsClient: unicast receiver thread is already dead.
07-28 19:02:31.498  2889 19228 W MdnsClient_Cast: #acquireLock. Multicast lock not held. Acquiring. Subtypes:"%9E5E7C8F47989526C9BCD95D24084F6F0B27C5ED"
07-28 19:02:31.501  2889 19228 I DeviceScanner: [GuestMode] startScan: scannerFlags: 2 criteria=%urn:x-cast:com.google.cast.media
07-28 19:02:31.508  2889 19228 I Publisher: TcpProber has probed 2026e0bf56ddd7ef279077235f3c6f9d 3 times
07-28 19:02:32.021  2889 19228 I Publisher: TcpProber has probed 2026e0bf56ddd7ef279077235f3c6f9d 3 times
07-28 19:02:32.188  4576  4576 D PhoneStatusBar: disable: < expand ICONS alerts SYSTEM_INFO back HOME RECENT clock SEARCH quick_settings >
07-28 19:02:32.213  1847  5521 W XPrivacy/XActivityManagerService: Sleeping=false
07-28 19:02:32.222  4576  4576 D PhoneStatusBar: disable: < expand icons* alerts system_info* back HOME RECENT clock SEARCH quick_settings >
07-28 19:02:32.227  1847  5331 D ConnectivityService: listenForNetwork for Listen from uid/pid:10370/19317 for NetworkRequest [ id=1006, legacyType=-1, [ Capabilities: INTERNET&NOT_RESTRICTED&TRUSTED] ]
07-28 19:02:32.312  1847  4159 W XPrivacy/XActivityManagerService: Sleeping=false
07-28 19:02:32.312  1847  4159 W XPrivacy/XActivityManagerService: Lockscreen=false
07-28 19:02:32.329  1847  5296 W InputMethodManagerService: Window already focused, ignoring focus gain of: com.android.internal.view.IInputMethodClient$Stub$Proxy@19fc6ae attribute=android.view.inputmethod.EditorInfo@824cc4f, token = android.os.BinderProxy@266924
07-28 19:02:32.336  4576  4576 D PhoneStatusBar: disable: < expand icons alerts system_info back home* recent* clock search* quick_settings >
07-28 19:02:32.375  2889 28138 I Authzen : [DeviceStateSyncManager] The server is in sync with current state. Nothing to do
07-28 19:02:34.267  1847  4541 D ConnectivityService: notifyType CAP_CHANGED for NetworkAgentInfo [WIFI () - 259]
07-28 19:02:34.295  1847  4541 D ConnectivityService: updateNetworkScore for NetworkAgentInfo [WIFI () - 259] to 60
07-28 19:02:34.483  2889 17291 I Publisher: Triggered Adaptive Discovery
07-28 19:02:34.492  2889 17291 I Publisher: 1 Cast devices.
07-28 19:02:34.493  2889 17291 I Publisher: "g33kcast" (2026e0bf56ddd7ef279077235f3c6f9d) supported([]) notSupported([]) expired(true)
07-28 19:02:34.493  2889 17291 I Publisher: "g33kcast" (2026e0bf56ddd7ef279077235f3c6f9d) invoking TCP device prober. Missing filter criteria:[%urn:x-cast:com.google.cast.media]
07-28 19:02:34.493  2889 17291 I Publisher: TcpProber has probed 2026e0bf56ddd7ef279077235f3c6f9d 3 times
07-28 19:02:35.450 19317 19317 W View    : requestLayout() improperly called by android.view.SurfaceView{19343ca V.ED..... ......ID 0,0-1080,1742} during layout: running second layout pass
07-28 19:02:35.454 19317 19317 W View    : requestLayout() improperly called by android.widget.LinearLayout{855b1f5 V.E...... ......ID 0,1610-1080,1742 #7f0f0347 app:id/snackbar} during layout: running second layout pass
07-28 19:02:36.257  1847  5223 I MediaFocusControl:  AudioFocus  abandonAudioFocus() from android.media.AudioManager@755f1f9org.chromium.content.browser.AudioFocusDelegate@637e656
07-28 19:02:36.307  1847  5296 I ActivityManager: Process com.chrome.beta:sandboxed_process3 (pid 27253) has died
07-28 19:02:36.308  1847  5296 D ActivityManager: cleanUpApplicationRecord -- 27253
07-28 19:02:36.308  1847  5296 W ActivityManager: Scheduling restart of crashed service com.chrome.beta/org.chromium.content.app.SandboxedProcessService3 in 1000ms
07-28 19:02:36.423  1847  5521 I ActivityManager: Start proc 28245:com.chrome.beta:sandboxed_process3/u0i222 for service com.chrome.beta/org.chromium.content.app.SandboxedProcessService3
07-28 19:02:36.427 19317 19317 W View    : requestLayout() improperly called by android.support.v7.widget.Kv{71938b V.ED..... ......ID 0,1654-1080,1764} during layout: running second layout pass
07-28 19:02:36.481  1847 22910 D NetlinkSocketObserver: NeighborEvent{elapsedMs=810979458, 192.168.0.1, [30B5C2F5BA7A], RTM_NEWNEIGH, NUD_PROBE}
07-28 19:02:36.509 28245 28245 W XPrivacy: Hooking package=com.chrome.beta
07-28 19:02:36.511   276   276 E SELinux : avc:  denied  { find } for service=user.xprivacy481 scontext=u:r:isolated_app:s0:c512,c768 tcontext=u:object_r:user_service:s0 tclass=service_manager
07-28 19:02:36.512 28245 28245 W XPrivacy: No client for 99222/SERIAL(null;88812f73) identification=!restricted?
07-28 19:02:36.513   276   276 E SELinux : avc:  denied  { find } for service=user.xprivacy481 scontext=u:r:isolated_app:s0:c512,c768 tcontext=u:object_r:user_service:s0 tclass=service_manager
07-28 19:02:36.513 28245 28245 W XPrivacy: No client for uid=0 /Log=null uid=99222 pid=28245
07-28 19:02:36.514 28245 28245 W XPrivacy: java.lang.Exception: StackTrace
07-28 19:02:36.514 28245 28245 W XPrivacy: 	at biz.bokhorst.xprivacy.er.d(SourceFile:269)
07-28 19:02:36.514 28245 28245 W XPrivacy: 	at biz.bokhorst.xprivacy.en.a(SourceFile:806)
07-28 19:02:36.514 28245 28245 W XPrivacy: 	at biz.bokhorst.xprivacy.en.c(SourceFile:781)
07-28 19:02:36.514 28245 28245 W XPrivacy: 	at biz.bokhorst.xprivacy.en.b(SourceFile:773)
07-28 19:02:36.514 28245 28245 W XPrivacy: 	at biz.bokhorst.xprivacy.fy.a(SourceFile:82)
07-28 19:02:36.514 28245 28245 W XPrivacy: 	at biz.bokhorst.xprivacy.en.a(SourceFile:416)
07-28 19:02:36.514 28245 28245 W XPrivacy: 	at biz.bokhorst.xprivacy.XPrivacy.hookPackage(SourceFile:378)
07-28 19:02:36.514 28245 28245 W XPrivacy: 	at biz.bokhorst.xprivacy.XPrivacy.handleLoadPackage(SourceFile:166)
07-28 19:02:36.514 28245 28245 W XPrivacy: 	at de.robv.android.xposed.IXposedHookLoadPackage$Wrapper.handleLoadPackage(IXposedHookLoadPackage.java:34)
07-28 19:02:36.514 28245 28245 W XPrivacy: 	at de.robv.android.xposed.callbacks.XC_LoadPackage.call(XC_LoadPackage.java:61)
07-28 19:02:36.514 28245 28245 W XPrivacy: 	at de.robv.android.xposed.callbacks.XCallback.callAll(XCallback.java:106)
07-28 19:02:36.514 28245 28245 W XPrivacy: 	at de.robv.android.xposed.XposedInit$2.beforeHookedMethod(XposedInit.java:116)
07-28 19:02:36.514 28245 28245 W XPrivacy: 	at de.robv.android.xposed.XposedBridge.handleHookedMethod(XposedBridge.java:314)
07-28 19:02:36.514 28245 28245 W XPrivacy: 	at android.app.ActivityThread.handleBindApplication(<Xposed>)
07-28 19:02:36.514 28245 28245 W XPrivacy: 	at android.app.ActivityThread.-wrap1(ActivityThread.java)
07-28 19:02:36.514 28245 28245 W XPrivacy: 	at android.app.ActivityThread$H.handleMessage(ActivityThread.java:1424)
07-28 19:02:36.514 28245 28245 W XPrivacy: 	at android.os.Handler.dispatchMessage(Handler.java:102)
07-28 19:02:36.514 28245 28245 W XPrivacy: 	at android.os.Looper.loop(Looper.java:148)
07-28 19:02:36.514 28245 28245 W XPrivacy: 	at android.app.ActivityThread.main(ActivityThread.java:5461)
07-28 19:02:36.514 28245 28245 W XPrivacy: 	at java.lang.reflect.Method.invoke(Native Method)
07-28 19:02:36.514 28245 28245 W XPrivacy: 	at com.android.internal.os.ZygoteInit$MethodAndArgsCaller.run(ZygoteInit.java:726)
07-28 19:02:36.514 28245 28245 W XPrivacy: 	at com.android.internal.os.ZygoteInit.main(ZygoteInit.java:616)
07-28 19:02:36.514 28245 28245 W XPrivacy: 	at de.robv.android.xposed.XposedBridge.main(XposedBridge.java:102)
07-28 19:02:36.525   276   276 E SELinux : avc:  denied  { find } for service=user.xprivacy481 scontext=u:r:isolated_app:s0:c512,c768 tcontext=u:object_r:user_service:s0 tclass=service_manager
07-28 19:02:36.525 28245 28245 W XPrivacy: No client for 99222/Configuration.MCC(null;null) phone=!restricted?
07-28 19:02:36.525   276   276 E SELinux : avc:  denied  { find } for service=user.xprivacy481 scontext=u:r:isolated_app:s0:c512,c768 tcontext=u:object_r:user_service:s0 tclass=service_manager
07-28 19:02:36.525 28245 28245 W XPrivacy: No client for 99222/Configuration.MNC(null;null) phone=!restricted?
07-28 19:02:36.531 28245 28245 W android.content.res.ThemeConfig: Could not get boot theme
07-28 19:02:36.584 19317 19370 W cr_ChildProcessConn: onServiceDisconnected (crash or killed by oom): pid=27253
07-28 19:02:36.646 19317 19317 W View    : requestLayout() improperly called by android.support.v7.widget.Kv{71938b V.ED..... ........ 0,1654-1080,1654} during second layout pass: posting in next frame
07-28 19:02:36.821 28245 28245 I cr_ChildProcessService: Creating new ChildProcessService pid=28245
07-28 19:02:36.825 28245 28245 I cr_ChildProcessService: Destroying ChildProcessService pid=28245
07-28 19:02:36.826 28245 28245 I art     : System.exit called, status: 0
07-28 19:02:36.826 28245 28245 I AndroidRuntime: VM exiting with result code 0, cleanup skipped.
07-28 19:02:36.841  1847  5235 I ActivityManager: Process com.chrome.beta:sandboxed_process3 (pid 28245) has died
07-28 19:02:36.841  1847  5235 D ActivityManager: cleanUpApplicationRecord -- 28245
07-28 19:02:38.467  5278  5278 D EmojiAltPhysicalKeyDetector: onKeyUp() : KeyEvent { action=ACTION_UP, keyCode=KEYCODE_UNKNOWN, scanCode=139, metaState=0, flags=0x208, repeatCount=0, eventTime=249947387, downTime=249947359, deviceId=7, source=0x101 }
07-28 19:02:38.467  5278  5278 D EmojiAltPhysicalKeyDetector: onKeyUp() : Not Mapped: 0
07-28 19:02:39.506  1847  4539 D WifiStateMachine: L2Connected CMD_START_SCAN source -2 8152, 8156 -> obsolete
07-28 19:02:40.310  1847  4541 D ConnectivityService: notifyType CAP_CHANGED for NetworkAgentInfo [WIFI () - 259]
07-28 19:02:42.309 19317 19373 I cr_omaha: Attempting to schedule next job for: Fri Jul 28 23:44:07 GMT+05:30 2017
07-28 19:02:42.315 19317 19317 I cr_omaha: Scheduled using JobService
07-28 19:02:42.316 19317 19317 E cr_BkgrdTaskJS: Tried finishing non-current BackgroundTask.
07-28 19:02:43.347  1847  4541 D ConnectivityService: notifyType CAP_CHANGED for NetworkAgentInfo [WIFI () - 259]
07-28 19:02:43.388  1847  4541 D ConnectivityService: updateNetworkScore for NetworkAgentInfo [WIFI () - 259] to 56
07-28 19:02:51.720  1847  4539 D WifiStateMachine: starting scan for "g33kh0m3"-WPA_PSK with 2462
07-28 19:02:53.439  1847  2186 I PowerManagerService: Going to sleep due to screen timeout (uid 1000)...
07-28 19:02:53.440  1847  1847 W XPrivacy/XActivityManagerService: Sleeping=false
07-28 19:02:53.814  1847  2186 W XPrivacy/XActivityManagerService: Sleeping=true
07-28 19:02:53.818  1847  2186 V KeyguardServiceDelegate: onScreenTurnedOff()
07-28 19:02:53.833  1847  2171 I DisplayManagerService: Display device changed state: "Built-in Screen", OFF
07-28 19:02:53.848   277   277 D SurfaceFlinger: Set power mode=0, type=0 flinger=0xb6a24000
07-28 19:02:53.848   277   277 D qdhwcomposer: hwc_setPowerMode: Setting mode 0 on display: 0
07-28 19:02:53.858  1847  4541 D ConnectivityService: releasing NetworkRequest NetworkRequest [ id=1006, legacyType=-1, [ Capabilities: INTERNET&NOT_RESTRICTED&TRUSTED] ]
07-28 19:02:53.998  1847  1856 I art     : Background partial concurrent mark sweep GC freed 100766(4MB) AllocSpace objects, 17(404KB) LOS objects, 26% free, 45MB/61MB, paused 2.199ms total 227.216ms
07-28 19:02:54.140   277   277 D qdhwcomposer: hwc_setPowerMode: Done setting mode 0 on display 0
07-28 19:02:54.140   277   381 I qdhwcomposer: handle_blank_event: dpy:0 panel power state: 0
07-28 19:02:54.141  1847  4563 D SurfaceControl: Excessive delay in setPowerMode(): 307ms
07-28 19:02:54.142  1847  2186 I PowerManagerService: Sleeping (uid 1000)...
07-28 19:02:54.142  1847  1847 W XPrivacy/XActivityManagerService: Sleeping=true
07-28 19:02:54.147   293 12322 D audio_hw_primary: adev_set_parameters: enter: screen_state=off
07-28 19:02:54.147   293 12322 E voice   : voice_extn_compress_voip_set_parameters: COMPRESS_VOIP_ENABLED is not defined
07-28 19:02:54.147   293 12322 E bt_a2dp_hw: adev_set_parameters: ERROR: set param called even when stream out is null
07-28 19:02:54.148  1847  4539 D WifiConfigStore: Retrieve network priorities after PNO.
07-28 19:02:54.154  1847  4539 E native  : do suspend true
07-28 19:02:55.450  4576  4576 I Choreographer: Skipped 96 frames!  The application may be doing too much work on its main thread.
07-28 19:02:55.521  4576  4576 D CarrierText: onSimStateChanged: Normal
07-28 19:02:55.574  4576  4576 D PhoneStatusBar: disable: < expand ICONS* alerts SYSTEM_INFO* back home recent clock search quick_settings >
07-28 19:02:55.632  1847  5331 W XPrivacy/XActivityManagerService: Lockscreen=true
07-28 19:02:55.633  1847  5331 W XPrivacy/XActivityManagerService: Sleeping=true
07-28 19:02:55.696  1847 22910 D NetlinkSocketObserver: NeighborEvent{elapsedMs=810998671, 192.168.0.1, [30B5C2F5BA7A], RTM_NEWNEIGH, NUD_STALE}
07-28 19:02:55.765  4576  4576 D PhoneStatusBar: disable: < expand ICONS alerts SYSTEM_INFO back HOME* RECENT* clock SEARCH* quick_settings >
07-28 19:02:55.810  2922  2922 I Coffee-PhonePositionTracker: Reset phone on-person state
07-28 19:02:55.813  2922  2922 W Coffee-AbstractTrustlet: Ignoring trustlet PhonePosition's' attempt to change its trust state to the current state which is true.
07-28 19:02:55.813  2922  2922 I Coffee-PhonePositionTracker: Register activity recognition API updates.
07-28 19:02:55.819  2889  2889 W ChimeraUtils: Non Chimera context
07-28 19:02:55.828  2889  2889 I CastMediaRouteProvider: in onDiscoveryRequestChanged: request=null
07-28 19:02:55.831  2889 17291 I DiscoveryManager: Filter criteria(null) scannerFlags(0)
07-28 19:02:55.831  2889 17291 I Publisher: onUpdateFilterCriteria null
07-28 19:02:55.841  2889 17291 W MdnsClient_Cast: Multicast lock held. Releasing. Subtypes:"%9E5E7C8F47989526C9BCD95D24084F6F0B27C5ED"
07-28 19:02:55.848  2889 17291 W MdnsClient: unicast receiver thread is already dead.
07-28 19:02:55.849  2889 17291 I DeviceScanner: [MDNS] notifyDevicesOffline: []
07-28 19:02:56.145  1847  2186 W PowerManagerService: Sandman unresponsive, releasing suspend blocker
07-28 19:03:21.417   277   381 I qdhwcomposer: handle_blank_event: dpy:0 panel power state: 0
07-28 19:03:32.836   277   381 I qdhwcomposer: handle_blank_event: dpy:0 panel power state: 0
07-28 19:03:33.343   277   381 I qdhwcomposer: handle_blank_event: dpy:0 panel power state: 0
07-28 19:03:34.266   277   381 I qdhwcomposer: handle_blank_event: dpy:0 panel power state: 0
07-28 19:03:34.290  1847  4244 I PowerManagerService: Waking up from sleep (uid 1000)...
07-28 19:03:34.291  1847  1847 W XPrivacy/XActivityManagerService: Sleeping=true
07-28 19:03:34.291  1847  1847 V KeyguardServiceDelegate: onStartedWakingUp()
07-28 19:03:34.332  1847  4539 D WifiConfigStore: Retrieve network priorities after PNO.
07-28 19:03:34.338   293   293 D audio_hw_primary: adev_set_parameters: enter: screen_state=on
07-28 19:03:34.338   293   293 E voice   : voice_extn_compress_voip_set_parameters: COMPRESS_VOIP_ENABLED is not defined
07-28 19:03:34.338   293   293 E bt_a2dp_hw: adev_set_parameters: ERROR: set param called even when stream out is null
07-28 19:03:34.340  1847  2186 I DisplayPowerController: Blocking screen on until initial contents have been drawn.
07-28 19:03:34.340  1847  2186 W XPrivacy/XActivityManagerService: Sleeping=true
07-28 19:03:34.341  1847  2186 V KeyguardServiceDelegate: onScreenTurnedOn(showListener = com.android.server.policy.PhoneWindowManager$2@25c4c47)
07-28 19:03:34.350  1847  2171 I DisplayManagerService: Display device changed state: "Built-in Screen", ON
07-28 19:03:34.361   277   277 D SurfaceFlinger: Set power mode=2, type=0 flinger=0xb6a24000
07-28 19:03:34.361   277   277 D qdhwcomposer: hwc_setPowerMode: Setting mode 2 on display: 0
07-28 19:03:34.370  1847  4539 E native  : do suspend false
07-28 19:03:34.401  1847  4539 D WifiConfigStore: No blacklist allowed without epno enabled
07-28 19:03:34.477   277   277 D qdhwcomposer: hwc_setPowerMode: Done setting mode 2 on display 0
07-28 19:03:34.478   277   381 I qdhwcomposer: handle_blank_event: dpy:0 panel power state: 1
07-28 19:03:34.488  1847  4563 D SurfaceControl: Excessive delay in setPowerMode(): 138ms
07-28 19:03:34.499  1847  5235 V KeyguardServiceDelegate: **** SHOWN CALLED ****
07-28 19:03:34.544  1847  2186 I DisplayPowerController: Unblocked screen on after 204 ms
07-28 19:03:34.544  1847  2186 V KeyguardServiceDelegate: onScreenTurnedOn()
07-28 19:03:34.566  2889  2889 I CastMediaRouteProvider: in onDiscoveryRequestChanged: request=DiscoveryRequest{ selector=MediaRouteSelector{ controlCategories=[com.google.android.gms.cast.CATEGORY_CAST//urn:x-cast:com.google.cast.media] }, activeScan=false, isValid=true }
07-28 19:03:34.570  2889 17291 I DiscoveryManager: Filter criteria(%urn:x-cast:com.google.cast.media) scannerFlags(2)
07-28 19:03:34.570  2889 17291 I Publisher: onUpdateFilterCriteria [%urn:x-cast:com.google.cast.media]
07-28 19:03:34.574  2889 17291 I Publisher: TcpProber has probed 2026e0bf56ddd7ef279077235f3c6f9d 3 times
07-28 19:03:34.574  2889 17291 I CastMediaRouteProvider: onDevicesPublished with 0 devices
07-28 19:03:34.574  2889 17291 I CastMediaRouteProvider: Published 0 routes
07-28 19:03:34.592  2889 17291 I DeviceScanner: [MDNS] startScan: scannerFlags: 2 criteria=%urn:x-cast:com.google.cast.media
07-28 19:03:34.642  2889 17291 W MdnsClient_Cast: #acquireLock. Multicast lock not held. Acquiring. Subtypes:"%9E5E7C8F47989526C9BCD95D24084F6F0B27C5ED"
07-28 19:03:34.647  2889 17291 I DeviceScanner: [GuestMode] startScan: scannerFlags: 2 criteria=%urn:x-cast:com.google.cast.media
07-28 19:03:34.653  2889 17291 I Publisher: TcpProber has probed 2026e0bf56ddd7ef279077235f3c6f9d 3 times
07-28 19:03:34.653  2889 17291 I CastMediaRouteProvider: onDevicesPublished with 0 devices
07-28 19:03:34.653  2889 17291 I CastMediaRouteProvider: Published 0 routes
07-28 19:03:34.656  2889 17291 I DeviceScanner: [MDNS] startScan: scannerFlags: 2 criteria=%urn:x-cast:com.google.cast.media
07-28 19:03:34.656  2889 17291 I DeviceScanner: [MDNS] onScanSettingsUpdated: filterCriteriaAdded: NONE
07-28 19:03:34.656  2889 17291 I DeviceScanner: [MDNS] onScanSettingsUpdated: filterCriteriaRemoved: NONE
07-28 19:03:34.656  2889 17291 I DeviceScanner: [MDNS] onScanSettingsUpdated: Did scan settings changed? false
07-28 19:03:34.656  2889 17291 W MdnsClient_Cast: Multicast lock held. Releasing. Subtypes:"%9E5E7C8F47989526C9BCD95D24084F6F0B27C5ED"
07-28 19:03:34.664  2889 17291 W MdnsClient: unicast receiver thread is already dead.
07-28 19:03:34.667  2889 17291 W MdnsClient_Cast: #acquireLock. Multicast lock not held. Acquiring. Subtypes:"%9E5E7C8F47989526C9BCD95D24084F6F0B27C5ED"
07-28 19:03:34.670  2889 17291 I DeviceScanner: [GuestMode] startScan: scannerFlags: 2 criteria=%urn:x-cast:com.google.cast.media
07-28 19:03:34.676  2889 17291 I Publisher: TcpProber has probed 2026e0bf56ddd7ef279077235f3c6f9d 3 times
07-28 19:03:35.257  2889 17291 I Publisher: TcpProber has probed 2026e0bf56ddd7ef279077235f3c6f9d 3 times
07-28 19:03:36.538  4576  4576 D PhoneStatusBar: disable: < expand ICONS alerts SYSTEM_INFO back HOME RECENT clock SEARCH quick_settings >
07-28 19:03:36.567  1847  4629 W XPrivacy/XActivityManagerService: Sleeping=false
07-28 19:03:36.574  4576  4576 D PhoneStatusBar: disable: < expand icons* alerts system_info* back HOME RECENT clock SEARCH quick_settings >
07-28 19:03:36.583  1847  4159 D ConnectivityService: listenForNetwork for Listen from uid/pid:10370/19317 for NetworkRequest [ id=1007, legacyType=-1, [ Capabilities: INTERNET&NOT_RESTRICTED&TRUSTED] ]
07-28 19:03:36.631  1847  5484 W XPrivacy/XActivityManagerService: Sleeping=false
07-28 19:03:36.631  1847  5484 W XPrivacy/XActivityManagerService: Lockscreen=false
07-28 19:03:36.657  1847  5519 W InputMethodManagerService: Window already focused, ignoring focus gain of: com.android.internal.view.IInputMethodClient$Stub$Proxy@55e967a attribute=android.view.inputmethod.EditorInfo@77b6e2b, token = android.os.BinderProxy@266924
07-28 19:03:36.662  4576  4576 D PhoneStatusBar: disable: < expand icons alerts system_info back home* recent* clock search* quick_settings >
07-28 19:03:36.700  2889 28660 I Authzen : [DeviceStateSyncManager] The server is in sync with current state. Nothing to do
07-28 19:03:37.391  1847  4541 D ConnectivityService: notifyType CAP_CHANGED for NetworkAgentInfo [WIFI () - 259]
07-28 19:03:37.415  1847 22910 D NetlinkSocketObserver: NeighborEvent{elapsedMs=811040391, 192.168.0.1, [30B5C2F5BA7A], RTM_NEWNEIGH, NUD_REACHABLE}
07-28 19:03:37.655  2889 19228 I Publisher: Triggered Adaptive Discovery
07-28 19:03:37.663  2889 19228 I Publisher: 1 Cast devices.
07-28 19:03:37.663  2889 19228 I Publisher: "g33kcast" (2026e0bf56ddd7ef279077235f3c6f9d) supported([]) notSupported([]) expired(true)
07-28 19:03:37.663  2889 19228 I Publisher: "g33kcast" (2026e0bf56ddd7ef279077235f3c6f9d) invoking TCP device prober. Missing filter criteria:[%urn:x-cast:com.google.cast.media]
07-28 19:03:37.664  2889 19228 I Publisher: TcpProber has probed 2026e0bf56ddd7ef279077235f3c6f9d 3 times
07-28 19:03:40.422  1847  4541 D ConnectivityService: notifyType CAP_CHANGED for NetworkAgentInfo [WIFI () - 259]
07-28 19:03:42.764  2889 17291 W Herrevad: [34610] tfk.a: On wifi, but couldn't get security type
07-28 19:03:42.819  5485  5511 D PhoneInterfaceManager: [PhoneIntfMgr] getCellLocation: returning null; mode != allowed
07-28 19:03:43.447  1847  4541 D ConnectivityService: updateNetworkScore for NetworkAgentInfo [WIFI () - 259] to 60
07-28 19:03:45.817  1847  4244 I PowerManagerService: Going to sleep due to power button (uid 1000)...
07-28 19:03:45.822  1847  1847 W XPrivacy/XActivityManagerService: Sleeping=false
07-28 19:03:46.216  1847  2186 W XPrivacy/XActivityManagerService: Sleeping=true
07-28 19:03:46.235  1847  4541 D ConnectivityService: releasing NetworkRequest NetworkRequest [ id=1007, legacyType=-1, [ Capabilities: INTERNET&NOT_RESTRICTED&TRUSTED] ]
07-28 19:03:46.273  1847  2186 V KeyguardServiceDelegate: onScreenTurnedOff()
07-28 19:03:46.300  1847  2171 I DisplayManagerService: Display device changed state: "Built-in Screen", OFF
07-28 19:03:46.302   277   277 D SurfaceFlinger: Set power mode=0, type=0 flinger=0xb6a24000
07-28 19:03:46.302   277   277 D qdhwcomposer: hwc_setPowerMode: Setting mode 0 on display: 0
07-28 19:03:46.439  1847  1856 I art     : Background partial concurrent mark sweep GC freed 83912(3MB) AllocSpace objects, 10(232KB) LOS objects, 26% free, 45MB/61MB, paused 2.017ms total 265.005ms
07-28 19:03:46.588   277   277 D qdhwcomposer: hwc_setPowerMode: Done setting mode 0 on display 0
07-28 19:03:46.588   277   381 I qdhwcomposer: handle_blank_event: dpy:0 panel power state: 0
07-28 19:03:46.589  1847  4563 D SurfaceControl: Excessive delay in setPowerMode(): 289ms
07-28 19:03:46.590  1847  2186 I PowerManagerService: Sleeping (uid 1000)...
07-28 19:03:46.590  1847  1847 W XPrivacy/XActivityManagerService: Sleeping=true
07-28 19:03:46.594  1847  4539 D WifiConfigStore: Retrieve network priorities after PNO.
07-28 19:03:46.595   293 28495 D audio_hw_primary: adev_set_parameters: enter: screen_state=off
07-28 19:03:46.595   293 28495 E voice   : voice_extn_compress_voip_set_parameters: COMPRESS_VOIP_ENABLED is not defined
07-28 19:03:46.595   293 28495 E bt_a2dp_hw: adev_set_parameters: ERROR: set param called even when stream out is null
07-28 19:03:46.602  1847  4539 E native  : do suspend true
07-28 19:03:47.534  1847  4539 D WifiStateMachine: L2Connected CMD_START_SCAN source -2 8157, 8162 -> obsolete
07-28 19:03:47.993  4576  4585 I art     : Background sticky concurrent mark sweep GC freed 387175(14MB) AllocSpace objects, 0(0B) LOS objects, 17% free, 69MB/84MB, paused 1.029ms total 125.672ms
07-28 19:03:48.557  4576  4576 I Choreographer: Skipped 136 frames!  The application may be doing too much work on its main thread.
07-28 19:03:48.591  1847  2186 W PowerManagerService: Sandman unresponsive, releasing suspend blocker
07-28 19:03:48.666  4576  4576 D CarrierText: onSimStateChanged: Normal
07-28 19:03:48.788  4576  4576 D PhoneStatusBar: disable: < expand ICONS* alerts SYSTEM_INFO* back home recent clock search quick_settings >
07-28 19:03:48.900  1847  5235 W XPrivacy/XActivityManagerService: Lockscreen=true
07-28 19:03:48.900  1847  5235 W XPrivacy/XActivityManagerService: Sleeping=true
07-28 19:03:49.075  4576  4576 D PhoneStatusBar: disable: < expand ICONS alerts SYSTEM_INFO back HOME* RECENT* clock SEARCH* quick_settings >
07-28 19:03:49.129  2922  2922 I Coffee-PhonePositionTracker: Reset phone on-person state
07-28 19:03:49.132  2922  2922 W Coffee-AbstractTrustlet: Ignoring trustlet PhonePosition's' attempt to change its trust state to the current state which is true.
07-28 19:03:49.132  2922  2922 I Coffee-PhonePositionTracker: Register activity recognition API updates.
07-28 19:03:49.136  2889  2889 W ChimeraUtils: Non Chimera context
07-28 19:03:49.148 24356 24356 I chatty  : uid=10398(com.amazon.avod.thirdpartyclient) expire 4 lines
07-28 19:03:49.151  2889  2889 I CastMediaRouteProvider: in onDiscoveryRequestChanged: request=null
07-28 19:03:49.157  2889 19228 I DiscoveryManager: Filter criteria(null) scannerFlags(0)
07-28 19:03:49.157  2889 19228 I Publisher: onUpdateFilterCriteria null
07-28 19:03:49.178  2889 19228 W MdnsClient_Cast: Multicast lock held. Releasing. Subtypes:"%9E5E7C8F47989526C9BCD95D24084F6F0B27C5ED"
07-28 19:03:49.185  2889 19228 W MdnsClient: unicast receiver thread is already dead.
07-28 19:03:49.186  2889 19228 I DeviceScanner: [MDNS] notifyDevicesOffline: []
07-28 19:03:52.799   277   381 I qdhwcomposer: handle_blank_event: dpy:0 panel power state: 0
07-28 19:04:37.019   277   381 I qdhwcomposer: handle_blank_event: dpy:0 panel power state: 0
07-28 19:04:37.498   277   381 I qdhwcomposer: handle_blank_event: dpy:0 panel power state: 0
07-28 19:04:37.973   277   381 I qdhwcomposer: handle_blank_event: dpy:0 panel power state: 0
07-28 19:04:38.409   277   381 I qdhwcomposer: handle_blank_event: dpy:0 panel power state: 0
07-28 19:04:38.439  1847  2130 W ProcessCpuTracker: Skipping unknown process pid 29004
07-28 19:04:38.440  1847  2130 W ProcessCpuTracker: Skipping unknown process pid 29005
07-28 19:04:38.441  1847  2130 W ProcessCpuTracker: Skipping unknown process pid 29012
07-28 19:04:38.441  1847  2130 W ProcessCpuTracker: Skipping unknown process pid 29013
07-28 19:04:38.442  1847  2130 W ProcessCpuTracker: Skipping unknown process pid 29015
07-28 19:04:38.859   277   381 I qdhwcomposer: handle_blank_event: dpy:0 panel power state: 0
07-28 19:04:39.482   277   381 I qdhwcomposer: handle_blank_event: dpy:0 panel power state: 0
07-28 19:04:43.762   277   381 I qdhwcomposer: handle_blank_event: dpy:0 panel power state: 0
07-28 19:04:46.233   277   381 I qdhwcomposer: handle_blank_event: dpy:0 panel power state: 0
07-28 19:04:48.691   277   381 I qdhwcomposer: handle_blank_event: dpy:0 panel power state: 0
07-28 19:04:50.534   277   381 I qdhwcomposer: handle_blank_event: dpy:0 panel power state: 0
07-28 19:05:05.404   277   381 I qdhwcomposer: handle_blank_event: dpy:0 panel power state: 0
07-28 19:05:05.502  7109  7109 I chatty  : uid=10033(com.android.vending) expire 30 lines
07-28 19:05:05.535   276   276 E SELinux : avc:  denied  { find } for service=batterymanager scontext=u:r:untrusted_app:s0:c512,c768 tcontext=u:object_r:battery_service:s0 tclass=service_manager
07-28 19:05:05.565 19317 19317 E cr_BkgrdTaskJS: Tried finishing non-current BackgroundTask.
07-28 19:05:05.796  1847  4539 D WifiStateMachine: L2Connected CMD_START_SCAN source -2 8161, 8162 -> obsolete
07-28 19:05:06.292   277   381 I qdhwcomposer: handle_blank_event: dpy:0 panel power state: 0
07-28 19:05:06.329  1847  1871 I ActivityManager: Start proc 29082:com.google.android.gms:car/u0a27 for service com.google.android.gms/.car.CarService
07-28 19:05:06.411 29082 29082 W XPrivacy: Hooking package=com.google.android.gms
07-28 19:05:06.779   277   381 I qdhwcomposer: handle_blank_event: dpy:0 panel power state: 0
07-28 19:05:06.814 29082 29082 W XPrivacy/XBinder: transact 350 ms
07-28 19:05:06.914 29082 29082 I LoadedApk: No resource references to update in package FFFFFFFFFFFFFFFFFFFFFF
07-28 19:05:43.371   277   381 I qdhwcomposer: handle_blank_event: dpy:0 panel power state: 0
07-28 19:05:43.387  7109  7144 I chatty  : uid=10033(com.android.vending) pool-2-thread-1 expire 1 line
07-28 19:05:43.410  7109  7263 I chatty  : uid=10033(com.android.vending) AsyncTask #3 expire 8 lines
07-28 19:05:43.596 29082 29082 W ActivityThread: ClassLoader.loadClass: The class loader returned by Thread.getContextClassLoader() may fail for processes that host multiple applications. You should explicitly specify a context class loader. For example: Thread.setContextClassLoader(getClass().getClassLoader());
07-28 19:05:43.692 29082 29082 W linker  : /data/app/com.google.android.gms-1/lib/arm/libconscrypt_gmscore_jni.so: unused DT entry: type 0x1d arg 0x1ed
07-28 19:05:43.697 29082 29082 V NativeCrypto: Registering com/google/android/gms/org/conscrypt/NativeCrypto's 259 native methods...
07-28 19:05:43.707 29082 29082 I art     : Rejecting re-init on previously-failed class java.lang.Class<com.google.android.gms.org.conscrypt.OpenSSLExtendedSessionImpl>
07-28 19:05:43.707 29082 29082 I art     : Rejecting re-init on previously-failed class java.lang.Class<com.google.android.gms.org.conscrypt.OpenSSLExtendedSessionImpl>
07-28 19:05:43.708 29082 29082 I art     : Rejecting re-init on previously-failed class java.lang.Class<com.google.android.gms.org.conscrypt.OpenSSLExtendedSessionImpl>
07-28 19:05:43.735 29082 29082 I ProviderInstaller: Installed default security provider GmsCore_OpenSSL
07-28 19:05:44.150 29082 29092 I DynamiteModule: Considering local module com.google.android.gms.googlecertificates:4 and remote module com.google.android.gms.googlecertificates:4
07-28 19:05:44.150 29082 29092 I DynamiteModule: Selected local version of com.google.android.gms.googlecertificates
07-28 19:05:44.616   277   381 I qdhwcomposer: handle_blank_event: dpy:0 panel power state: 0
07-28 19:05:44.663  1847  1871 W ActivityManager: Unable to start service Intent { act=local_action cmp=com.google.android.gms/.car.InCallService2 } U=0: not found
07-28 19:05:44.663 29082 29082 E CAR.TEL.Service: Failed to bind to InCallService
07-28 19:05:44.672  1847  5224 W ActivityManager: Unbind failed: could not find connection for android.os.BinderProxy@c8c5c97
07-28 19:05:44.700  7109  7166 I chatty  : uid=10033(com.android.vending) AsyncTask #1 expire 9 lines
07-28 19:05:59.399   277   381 I qdhwcomposer: handle_blank_event: dpy:0 panel power state: 0
07-28 19:05:59.536  7109  7109 I Finsky  : [1] com.google.android.finsky.installer.g.a(161): Presetting external-hosting status for non-installed com.indigomadina.tabloid
07-28 19:05:59.536  7109  7109 I Finsky  : [1] com.google.android.finsky.installer.g.a(161): Presetting external-hosting status for non-installed com.gamelounge.chrooma_2_lwp.android
07-28 19:05:59.539  7109  7109 I Finsky  : [1] com.google.android.finsky.installer.g.a(161): Presetting external-hosting status for non-installed ddt.ultra.icon.pack
07-28 19:05:59.540  7109  7109 I Finsky  : [1] com.google.android.finsky.installer.g.a(161): Presetting external-hosting status for non-installed com.xnview.XnSketchPro
07-28 19:05:59.540  7109  7109 I Finsky  : [1] com.google.android.finsky.installer.g.a(161): Presetting external-hosting status for non-installed mindware.mindgamespro
07-28 19:05:59.541  7109  7109 I Finsky  : [1] com.google.android.finsky.installer.g.a(161): Presetting external-hosting status for non-installed com.apposter.mrtime136metalsolid
07-28 19:05:59.541  7109  7109 I Finsky  : [1] com.google.android.finsky.installer.g.a(161): Presetting external-hosting status for non-installed com.PXLink.Reed
07-28 19:05:59.542  7109  7109 I Finsky  : [1] com.google.android.finsky.installer.g.a(161): Presetting external-hosting status for non-installed com.sculfa.vroceanaquarium
07-28 19:05:59.542  7109  7109 I Finsky  : [1] com.google.android.finsky.installer.g.a(161): Presetting external-hosting status for non-installed com.drumdestroyer.zwskin.empire
07-28 19:05:59.543  7109  7109 I Finsky  : [1] com.google.android.finsky.installer.g.a(161): Presetting external-hosting status for non-installed com.vertumus.velur
07-28 19:05:59.543  7109  7109 I Finsky  : [1] com.google.android.finsky.installer.g.a(161): Presetting external-hosting status for non-installed com.polarstudio.myuniverse
07-28 19:05:59.544  7109  7109 I Finsky  : [1] com.google.android.finsky.installer.g.a(161): Presetting external-hosting status for non-installed com.alienjungle3d.livewallpaper
07-28 19:05:59.544  7109  7109 I Finsky  : [1] com.google.android.finsky.installer.g.a(161): Presetting external-hosting status for non-installed me.piebridge.brevent
07-28 19:05:59.552  7109  7109 I Finsky  : [1] com.google.android.finsky.installer.g.a(161): Presetting external-hosting status for non-installed com.errorsevendev.games.laserBreakPaid
07-28 19:05:59.556  7109  7109 I Finsky  : [1] com.google.android.finsky.installer.g.a(161): Presetting external-hosting status for non-installed com.apparitiongames.micron
07-28 19:05:59.557  7109  7109 I Finsky  : [1] com.google.android.finsky.installer.g.a(161): Presetting external-hosting status for non-installed pixel.circle.launcher.icons
07-28 19:05:59.557  7109  7109 I Finsky  : [1] com.google.android.finsky.installer.g.a(161): Presetting external-hosting status for non-installed com.xda.miroex
07-28 19:05:59.562  7109  7109 I Finsky  : [1] com.google.android.finsky.installer.g.a(161): Presetting external-hosting status for non-installed com.burningood.ballsupfamily
07-28 19:05:59.565  7109  7109 I Finsky  : [1] com.google.android.finsky.installer.g.a(161): Presetting external-hosting status for non-installed com.sikebo.beluk.material.icons
07-28 19:05:59.566  7109  7109 I Finsky  : [1] com.google.android.finsky.installer.g.a(161): Presetting external-hosting status for non-installed craftsicons.iconpack.gx.s8
07-28 19:05:59.566  7109  7109 I Finsky  : [1] com.google.android.finsky.installer.g.a(161): Presetting external-hosting status for non-installed jp.snowlife01.android.swipe_plus
07-28 19:05:59.567  7109  7109 I Finsky  : [1] com.google.android.finsky.installer.g.a(161): Presetting external-hosting status for non-installed luo.gpsspeed_pro
07-28 19:05:59.567  7109  7109 I Finsky  : [1] com.google.android.finsky.installer.g.a(161): Presetting external-hosting status for non-installed com.errorsevendev.games.lBE
07-28 19:05:59.568  7109  7109 I Finsky  : [1] com.google.android.finsky.installer.g.a(161): Presetting external-hosting status for non-installed com.impossiblereality3d.livewallpaper
07-28 19:05:59.568  7109  7109 I Finsky  : [1] com.google.android.finsky.installer.g.a(161): Presetting external-hosting status for non-installed com.bhanu.powerbar
07-28 19:05:59.569  7109  7109 I Finsky  : [1] com.google.android.finsky.installer.g.a(161): Presetting external-hosting status for non-installed air.com.pixelfederation.diggy
07-28 19:05:59.569  7109  7109 I Finsky  : [1] com.google.android.finsky.installer.g.a(161): Presetting external-hosting status for non-installed com.dodgingpixels.gallery.beta
07-28 19:05:59.570  7109  7109 I Finsky  : [1] com.google.android.finsky.installer.g.a(161): Presetting external-hosting status for non-installed com.CubeSoftware.BlockTankWars2Premium
07-28 19:05:59.576  7109  7109 I Finsky  : [1] com.google.android.finsky.installer.g.a(161): Presetting external-hosting status for non-installed com.b16h22.navswag
07-28 19:05:59.577  7109  7109 I Finsky  : [1] com.google.android.finsky.installer.g.a(161): Presetting external-hosting status for non-installed com.mowmo.darkmatter
07-28 19:05:59.577  7109  7109 I Finsky  : [1] com.google.android.finsky.installer.g.a(161): Presetting external-hosting status for non-installed com.thearclabs.polycon
07-28 19:05:59.578  7109  7109 I Finsky  : [1] com.google.android.finsky.installer.g.a(161): Presetting external-hosting status for non-installed com.drumdestroyer.retrofit
07-28 19:05:59.578  7109  7109 I Finsky  : [1] com.google.android.finsky.installer.g.a(161): Presetting external-hosting status for non-installed com.GameCoaster.ProtectDungeon
07-28 19:05:59.579  7109  7109 I Finsky  : [1] com.google.android.finsky.installer.g.a(161): Presetting external-hosting status for non-installed com.rovio.angrybirds
07-28 19:05:59.583  7109  7109 I Finsky  : [1] com.google.android.finsky.installer.g.a(161): Presetting external-hosting status for non-installed com.zeptolab.ctr.paid
07-28 19:05:59.583  7109  7109 I Finsky  : [1] com.google.android.finsky.installer.g.a(161): Presetting external-hosting status for non-installed in.gov.uidai.mAadhaarPlus
07-28 19:05:59.584  7109  7109 I Finsky  : [1] com.google.android.finsky.installer.g.a(161): Presetting external-hosting status for non-installed com.sandy.callnote
07-28 19:05:59.585  7109  7109 I Finsky  : [1] com.google.android.finsky.installer.g.a(161): Presetting external-hosting status for non-installed com.gamma.flashlight2
07-28 19:05:59.586  7109  7109 I Finsky  : [1] com.google.android.finsky.installer.g.a(161): Presetting external-hosting status for non-installed com.sculfa.vrhauntedhouse
07-28 19:05:59.586  7109  7109 I Finsky  : [1] com.google.android.finsky.installer.g.a(161): Presetting external-hosting status for non-installed com.anticor.grabyspin
07-28 19:05:59.587  7109  7109 I Finsky  : [1] com.google.android.finsky.installer.g.a(161): Presetting external-hosting status for non-installed com.waterfall3dpro.livewallpaper
07-28 19:05:59.587  7109  7109 I Finsky  : [1] com.google.android.finsky.installer.g.a(161): Presetting external-hosting status for non-installed com.ram.chocolate.nm.premium
07-28 19:05:59.588  7109  7109 I Finsky  : [1] com.google.android.finsky.installer.g.a(161): Presetting external-hosting status for non-installed jp.snowlife01.android.clipboard
07-28 19:05:59.588  7109  7109 I Finsky  : [1] com.google.android.finsky.installer.g.a(161): Presetting external-hosting status for non-installed com.gamma.voicerecorder
07-28 19:05:59.589  7109  7109 I Finsky  : [1] com.google.android.finsky.installer.g.a(161): Presetting external-hosting status for non-installed ddt.dynasty.icon.pack
07-28 19:05:59.592  7109  7109 I Finsky  : [1] com.google.android.finsky.installer.g.a(161): Presetting external-hosting status for non-installed com.apposter.mrtime16batmobile
07-28 19:05:59.593  7109  7109 I Finsky  : [1] com.google.android.finsky.installer.g.a(161): Presetting external-hosting status for non-installed craftsicons.iconpack.a3.pixel
07-28 19:05:59.594  7109  7109 I Finsky  : [1] com.google.android.finsky.installer.g.a(161): Presetting external-hosting status for non-installed com.gamma.metaldetector2
07-28 19:05:59.601  7109  7109 I Finsky  : [1] com.google.android.finsky.installer.g.a(161): Presetting external-hosting status for non-installed com.anticor.krix
07-28 19:05:59.602  7109  7109 I Finsky  : [1] com.google.android.finsky.installer.g.a(161): Presetting external-hosting status for non-installed com.yourcompany.adarkroom
07-28 19:05:59.605  7109  7109 I Finsky  : [1] com.google.android.finsky.installer.g.a(161): Presetting external-hosting status for non-installed com.Fraom.IrideUIisHipster
07-28 19:05:59.606  7109  7109 I Finsky  : [1] com.google.android.finsky.installer.g.a(161): Presetting external-hosting status for non-installed com.creativetrends.simple.app.pro
07-28 19:05:59.607  7109  7109 I Finsky  : [1] com.google.android.finsky.installer.g.a(161): Presetting external-hosting status for non-installed pt.flick.smoothcriminal
07-28 19:05:59.608  7109  7109 I Finsky  : [1] com.google.android.finsky.installer.g.a(161): Presetting external-hosting status for non-installed com.outfit7.mytalkingtomfree
07-28 19:05:59.608  7109  7109 I Finsky  : [1] com.google.android.finsky.installer.g.a(161): Presetting external-hosting status for non-installed com.atlantis3d.livewallpaper
07-28 19:05:59.613  7109  7109 I Finsky  : [1] com.google.android.finsky.installer.g.a(161): Presetting external-hosting status for non-installed com.scoopwhoopapp
07-28 19:05:59.613  7109  7109 I Finsky  : [1] com.google.android.finsky.installer.g.a(161): Presetting external-hosting status for non-installed com.kmshack.autoset
07-28 19:05:59.614  7109  7109 I Finsky  : [1] com.google.android.finsky.installer.g.a(161): Presetting external-hosting status for non-installed com.google.vr.expeditions
07-28 19:05:59.614  7109  7109 I Finsky  : [1] com.google.android.finsky.installer.g.a(161): Presetting external-hosting status for non-installed com.zpowersoftwarefze.cubes
07-28 19:05:59.618  7109  7109 I Finsky  : [1] com.google.android.finsky.installer.g.a(161): Presetting external-hosting status for non-installed info.solocrowd.birdsintrees_paid
07-28 19:05:59.618  7109  7109 I Finsky  : [1] com.google.android.finsky.installer.g.a(161): Presetting external-hosting status for non-installed com.dw.sharkVR
07-28 19:05:59.622  7109  7109 I Finsky  : [1] com.google.android.finsky.installer.g.a(161): Presetting external-hosting status for non-installed com.sandy.remindcall
07-28 19:05:59.623  7109  7109 I Finsky  : [1] com.google.android.finsky.installer.g.a(161): Presetting external-hosting status for non-installed com.bandot.sagon.dark.iconpack
07-28 19:05:59.623  7109  7109 I Finsky  : [1] com.google.android.finsky.installer.g.a(161): Presetting external-hosting status for non-installed com.leomaz.miui
07-28 19:05:59.624  7109  7109 I Finsky  : [1] com.google.android.finsky.installer.g.a(161): Presetting external-hosting status for non-installed com.quattromini.deepabyss
07-28 19:05:59.624  7109  7109 I Finsky  : [1] com.google.android.finsky.installer.g.a(161): Presetting external-hosting status for non-installed com.shooterboy.eaglivion
07-28 19:05:59.625  7109  7109 I Finsky  : [1] com.google.android.finsky.installer.g.a(161): Presetting external-hosting status for non-installed us.koller.cameraroll
07-28 19:05:59.626  7109  7109 I Finsky  : [1] com.google.android.finsky.installer.g.a(161): Presetting external-hosting status for non-installed erega74.sltheme.rest
07-28 19:05:59.626  7109  7109 I Finsky  : [1] com.google.android.finsky.installer.g.a(161): Presetting external-hosting status for non-installed com.abg.VRVideoPlayer
07-28 19:05:59.627  7109  7109 I Finsky  : [1] com.google.android.finsky.installer.g.a(161): Presetting external-hosting status for non-installed com.mindorks.correctify
07-28 19:05:59.627  7109  7109 I Finsky  : [1] com.google.android.finsky.installer.g.a(161): Presetting external-hosting status for non-installed com.github.xfalcon.vhosts
07-28 19:05:59.628  7109  7109 I Finsky  : [1] com.google.android.finsky.installer.g.a(161): Presetting external-hosting status for non-installed theme.drumdestroyer.emperial.launcher
07-28 19:05:59.628  7109  7109 I Finsky  : [1] com.google.android.finsky.installer.g.a(161): Presetting external-hosting status for non-installed com.sikebo.karmanu.icon
07-28 19:05:59.629  7109  7109 I Finsky  : [1] com.google.android.finsky.installer.g.a(161): Presetting external-hosting status for non-installed com.mowmo.andromeda
07-28 19:05:59.629  7109  7109 I Finsky  : [1] com.google.android.finsky.installer.g.a(161): Presetting external-hosting status for non-installed com.lonelysamurai.minimusbeta
07-28 19:05:59.630  7109  7109 I Finsky  : [1] com.google.android.finsky.installer.g.a(161): Presetting external-hosting status for non-installed com.asmodeedigital.onirim
07-28 19:05:59.634  7109  7109 I Finsky  : [1] com.google.android.finsky.installer.g.a(161): Presetting external-hosting status for non-installed com.errorsevendev.games.hexasmash2pro
07-28 19:05:59.634  7109  7109 I Finsky  : [1] com.google.android.finsky.installer.g.a(161): Presetting external-hosting status for non-installed com.mowmo.twopixellight
07-28 19:05:59.635  7109  7109 I Finsky  : [1] com.google.android.finsky.installer.g.a(161): Presetting external-hosting status for non-installed com.ttop.dark
07-28 19:05:59.635  7109  7109 I Finsky  : [1] com.google.android.finsky.installer.g.a(161): Presetting external-hosting status for non-installed com.indigomadina.jono
07-28 19:05:59.636  7109  7109 I Finsky  : [1] com.google.android.finsky.installer.g.a(161): Presetting external-hosting status for non-installed app.outlay
07-28 19:05:59.636  7109  7109 I Finsky  : [1] com.google.android.finsky.installer.g.a(161): Presetting external-hosting status for non-installed com.sikebo.tembus.icons
07-28 19:05:59.637  7109  7109 I Finsky  : [1] com.google.android.finsky.installer.g.a(161): Presetting external-hosting status for non-installed com.rainfrog.yoga
07-28 19:05:59.647  7109  7109 I Finsky  : [1] com.google.android.finsky.installer.g.a(161): Presetting external-hosting status for non-installed com.md.awesome.navbar.substratum.theme
07-28 19:05:59.647  7109  7109 I Finsky  : [1] com.google.android.finsky.installer.g.a(161): Presetting external-hosting status for non-installed mobi.drupe.app
07-28 19:05:59.648  7109  7109 I Finsky  : [1] com.google.android.finsky.installer.g.a(161): Presetting external-hosting status for non-installed com.vertumus.vopor
07-28 19:05:59.648  7109  7109 I Finsky  : [1] com.google.android.finsky.installer.g.a(161): Presetting external-hosting status for non-installed slide.cameraZoom
07-28 19:05:59.655  7109  7109 I Finsky  : [1] com.google.android.finsky.installer.g.a(161): Presetting external-hosting status for non-installed ddt.best.icon.pack
07-28 19:05:59.656  7109  7109 I Finsky  : [1] com.google.android.finsky.installer.g.a(161): Presetting external-hosting status for non-installed com.supersmithbros.drawtopiapremium
07-28 19:05:59.656  7109  7109 I Finsky  : [1] com.google.android.finsky.installer.g.a(161): Presetting external-hosting status for non-installed com.blackrobotgames.linia
07-28 19:05:59.657  7109  7109 I Finsky  : [1] com.google.android.finsky.installer.g.a(161): Presetting external-hosting status for non-installed com.bitsboy.imaganize
07-28 19:05:59.659  7109  7109 I Finsky  : [1] com.google.android.finsky.installer.g.a(161): Presetting external-hosting status for non-installed jp.snowlife01.android.bluelightfilterpro
07-28 19:05:59.659  7109  7109 I Finsky  : [1] com.google.android.finsky.installer.g.a(161): Presetting external-hosting status for non-installed com.apposter.android.mrtime7champagnegold
07-28 19:05:59.660  7109  7109 I Finsky  : [1] com.google.android.finsky.installer.g.a(161): Presetting external-hosting status for non-installed ddt.material.icon.pack
07-28 19:05:59.662  7109  7109 I Finsky  : [1] com.google.android.finsky.installer.g.a(161): Presetting external-hosting status for non-installed com.sikebo.immaterialis.icons
07-28 19:05:59.669  7109  7109 I Finsky  : [1] com.google.android.finsky.installer.g.a(161): Presetting external-hosting status for non-installed devdnua.clipboard.pro
07-28 19:05:59.673  7109  7109 I Finsky  : [1] com.google.android.finsky.installer.g.a(161): Presetting external-hosting status for non-installed com.mefistofiles.apneacardboard
07-28 19:05:59.674  7109  7109 I Finsky  : [1] com.google.android.finsky.installer.g.a(161): Presetting external-hosting status for non-installed supreme.icon.pack.ddt
07-28 19:05:59.674  7109  7109 I Finsky  : [1] com.google.android.finsky.installer.g.a(161): Presetting external-hosting status for non-installed com.vertumus.rewun
07-28 19:05:59.678  7109  7109 I Finsky  : [1] com.google.android.finsky.installer.g.a(161): Presetting external-hosting status for non-installed com.vertumus.nimbbi
07-28 19:05:59.678  7109  7109 I Finsky  : [1] com.google.android.finsky.installer.g.a(161): Presetting external-hosting status for non-installed com.buggames.SBP
07-28 19:05:59.679  7109  7109 I Finsky  : [1] com.google.android.finsky.installer.g.a(161): Presetting external-hosting status for non-installed com.mowmo.darkmattervintage
07-28 19:05:59.679  7109  7109 I Finsky  : [1] com.google.android.finsky.installer.g.a(161): Presetting external-hosting status for non-installed com.anticor.graby
07-28 19:05:59.680  7109  7109 I Finsky  : [1] com.google.android.finsky.installer.g.a(161): Presetting external-hosting status for non-installed in.fuelive.fuelive
07-28 19:05:59.687  7109  7109 I Finsky  : [1] com.google.android.finsky.installer.g.a(161): Presetting external-hosting status for non-installed com.ram.chocolate.nm.stable
07-28 19:06:13.900   277   381 I qdhwcomposer: handle_blank_event: dpy:0 panel power state: 0
07-28 19:06:13.906  7109  7109 I Finsky  : [1] com.google.android.finsky.installer.g.a(161): Presetting external-hosting status for non-installed com.vertumus.elun
07-28 19:06:13.909  7109  7109 I Finsky  : [1] com.google.android.finsky.installer.g.a(161): Presetting external-hosting status for non-installed com.jaypeesoft.dpad
07-28 19:06:13.913  7109  7109 I Finsky  : [1] com.google.android.finsky.installer.g.a(161): Presetting external-hosting status for non-installed de.britten.lilbiginvasion
07-28 19:06:13.913  7109  7109 I Finsky  : [1] com.google.android.finsky.installer.g.a(161): Presetting external-hosting status for non-installed com.bandot.lanting.material.icons
07-28 19:06:13.914  7109  7109 I Finsky  : [1] com.google.android.finsky.installer.g.a(161): Presetting external-hosting status for non-installed com.quinny898.app.customquicksettings
07-28 19:06:13.914  7109  7109 I Finsky  : [1] com.google.android.finsky.installer.g.a(161): Presetting external-hosting status for non-installed com.eighti.holo.android
07-28 19:06:13.915  7109  7109 I Finsky  : [1] com.google.android.finsky.installer.g.a(161): Presetting external-hosting status for non-installed website.leifs.delta
07-28 19:06:13.918  7109  7109 I Finsky  : [1] com.google.android.finsky.installer.g.a(161): Presetting external-hosting status for non-installed com.outfit7.talkingtom
07-28 19:06:13.921  7109  7109 I Finsky  : [1] com.google.android.finsky.installer.g.a(161): Presetting external-hosting status for non-installed com.futureblink.dmond
07-28 19:06:13.924  7109  7109 I Finsky  : [1] com.google.android.finsky.installer.g.a(161): Presetting external-hosting status for non-installed erega74.sltheme.colorgloss
07-28 19:06:13.925  7109  7109 I Finsky  : [1] com.google.android.finsky.installer.g.a(161): Presetting external-hosting status for non-installed com.rhmsoft.pulsar
07-28 19:06:13.925  7109  7109 I Finsky  : [1] com.google.android.finsky.installer.g.a(161): Presetting external-hosting status for non-installed org.kustom.minimalassistant
07-28 19:06:13.926  7109  7109 I Finsky  : [1] com.google.android.finsky.installer.g.a(161): Presetting external-hosting status for non-installed com.overseasolutions.waterapp.pro
07-28 19:06:13.932  7109  7109 I Finsky  : [1] com.google.android.finsky.installer.g.a(161): Presetting external-hosting status for non-installed com.sikebo.ijuk.icons.simple
07-28 19:06:13.933  7109  7109 I Finsky  : [1] com.google.android.finsky.installer.g.a(161): Presetting external-hosting status for non-installed com.qrcodereaderpro
07-28 19:06:13.936  7109  7109 I Finsky  : [1] com.google.android.finsky.installer.g.a(161): Presetting external-hosting status for non-installed best.icon.pack
07-28 19:06:13.937  7109  7109 I Finsky  : [1] com.google.android.finsky.installer.g.a(161): Presetting external-hosting status for non-installed com.painless.pc
07-28 19:06:13.937  7109  7109 I Finsky  : [1] com.google.android.finsky.installer.g.a(161): Presetting external-hosting status for non-installed com.vertumus.praos
07-28 19:06:13.938  7109  7109 I Finsky  : [1] com.google.android.finsky.installer.g.a(161): Presetting external-hosting status for non-installed com.primebitstudio.darktower
07-28 19:06:13.938  7109  7109 I Finsky  : [1] com.google.android.finsky.installer.g.a(161): Presetting external-hosting status for non-installed com.stoik.mdscan
07-28 19:06:13.939  7109  7109 I Finsky  : [1] com.google.android.finsky.installer.g.a(161): Presetting external-hosting status for non-installed com.nibu.socialsoundsenadsfree
07-28 19:06:13.942  7109  7109 I Finsky  : [1] com.google.android.finsky.installer.g.a(161): Presetting external-hosting status for non-installed kr.co.baobabnet.helpmejack2
07-28 19:06:13.942  7109  7109 I Finsky  : [1] com.google.android.finsky.installer.g.a(161): Presetting external-hosting status for non-installed com.sololearn
07-28 19:06:13.943  7109  7109 I Finsky  : [1] com.google.android.finsky.installer.g.a(161): Presetting external-hosting status for non-installed com.nego.screenoff
07-28 19:06:13.946  7109  7109 I Finsky  : [1] com.google.android.finsky.installer.g.a(161): Presetting external-hosting status for non-installed com.zlab.planestorm
07-28 19:06:13.950  7109  7109 I Finsky  : [1] com.google.android.finsky.installer.g.a(161): Presetting external-hosting status for non-installed com.piranha3d.livewallpaper
07-28 19:06:13.950  7109  7109 I Finsky  : [1] com.google.android.finsky.installer.g.a(161): Presetting external-hosting status for non-installed com.bedefined.pixelforzooper
07-28 19:06:13.953  7109  7109 I Finsky  : [1] com.google.android.finsky.installer.g.a(161): Presetting external-hosting status for non-installed com.errorsevendev.games.lBRA
07-28 19:06:13.954  7109  7109 I Finsky  : [1] com.google.android.finsky.installer.g.a(161): Presetting external-hosting status for non-installed com.bolle90.music_cube.pro
07-28 19:06:13.954  7109  7109 I Finsky  : [1] com.google.android.finsky.installer.g.a(161): Presetting external-hosting status for non-installed com.vertumus.durgon
07-28 19:06:13.955  7109  7109 I Finsky  : [1] com.google.android.finsky.installer.g.a(161): Presetting external-hosting status for non-installed com.google.android.apps.motionstills
07-28 19:06:13.956  7109  7109 I Finsky  : [1] com.google.android.finsky.installer.g.a(161): Presetting external-hosting status for non-installed com.pristineusa.android.speechtotext
07-28 19:06:13.956  7109  7109 I Finsky  : [1] com.google.android.finsky.installer.g.a(161): Presetting external-hosting status for non-installed com.themezilla.pixel.cylinder
07-28 19:06:13.957  7109  7109 I Finsky  : [1] com.google.android.finsky.installer.g.a(161): Presetting external-hosting status for non-installed com.danikula.push2droid
07-28 19:06:13.962  7109  7109 I Finsky  : [1] com.google.android.finsky.installer.g.a(161): Presetting external-hosting status for non-installed com.xnview.XnGifPro
07-28 19:06:13.963  7109  7109 I Finsky  : [1] com.google.android.finsky.installer.g.a(161): Presetting external-hosting status for non-installed com.disney.WMW
07-28 19:06:13.963  7109  7109 I Finsky  : [1] com.google.android.finsky.installer.g.a(161): Presetting external-hosting status for non-installed bubustudio.articon.pack
07-28 19:06:13.964  7109  7109 I Finsky  : [1] com.google.android.finsky.installer.g.a(161): Presetting external-hosting status for non-installed com.realspace3d.livewallpaper
07-28 19:06:13.964  7109  7109 I Finsky  : [1] com.google.android.finsky.installer.g.a(161): Presetting external-hosting status for non-installed com.imangi.templerun2
07-28 19:06:13.965  7109  7109 I Finsky  : [1] com.google.android.finsky.installer.g.a(161): Presetting external-hosting status for non-installed com.dayun.driverecorder
07-28 19:06:13.965  7109  7109 I Finsky  : [1] com.google.android.finsky.installer.g.a(161): Presetting external-hosting status for non-installed com.hamsteroncoke.zenge
07-28 19:06:13.966  7109  7109 I Finsky  : [1] com.google.android.finsky.installer.g.a(161): Presetting external-hosting status for non-installed com.atejapps.networksignalrefresherpro
07-28 19:06:13.966  7109  7109 I Finsky  : [1] com.google.android.finsky.installer.g.a(161): Presetting external-hosting status for non-installed com.leomaz.memiesiconpack
07-28 19:06:13.967  7109  7109 I Finsky  : [1] com.google.android.finsky.installer.g.a(161): Presetting external-hosting status for non-installed me.craftsapp.nlauncher.pro
07-28 19:06:13.967  7109  7109 I Finsky  : [1] com.google.android.finsky.installer.g.a(161): Presetting external-hosting status for non-installed com.reddit.frontpage
07-28 19:06:13.971  7109  7109 I Finsky  : [1] com.google.android.finsky.installer.g.a(161): Presetting external-hosting status for non-installed com.skgames.trafficracer
07-28 19:06:13.971  7109  7109 I Finsky  : [1] com.google.android.finsky.installer.g.a(161): Presetting external-hosting status for non-installed com.phpmalik.wallzyPro
07-28 19:06:13.972  7109  7109 I Finsky  : [1] com.google.android.finsky.installer.g.a(161): Presetting external-hosting status for non-installed com.gamma.bubblelevel2
07-28 19:06:13.972  7109  7109 I Finsky  : [1] com.google.android.finsky.installer.g.a(161): Presetting external-hosting status for non-installed black.nougat.icons.ddt
07-28 19:06:13.973  7109  7109 I Finsky  : [1] com.google.android.finsky.installer.g.a(161): Presetting external-hosting status for non-installed com.errorsevendev.games.hexasmashPro
07-28 19:06:13.973  7109  7109 I Finsky  : [1] com.google.android.finsky.installer.g.a(161): Presetting external-hosting status for non-installed com.kb.Carrom3DFull
07-28 19:06:13.974  7109  7109 I Finsky  : [1] com.google.android.finsky.installer.g.a(161): Presetting external-hosting status for non-installed jp.snowlife01.android.screenshot
07-28 19:06:13.977  7109  7109 I Finsky  : [1] com.google.android.finsky.installer.g.a(161): Presetting external-hosting status for non-installed com.martins.martin.musictrainerprofessional2
07-28 19:06:13.980  7109  7109 I Finsky  : [1] com.google.android.finsky.installer.g.a(161): Presetting external-hosting status for non-installed com.monarchdesigns.moonriseiconpack
07-28 19:06:13.981  7109  7109 I Finsky  : [1] com.google.android.finsky.installer.g.a(161): Presetting external-hosting status for non-installed com.marmalade.golmobile
07-28 19:06:13.981  7109  7109 I Finsky  : [1] com.google.android.finsky.installer.g.a(161): Presetting external-hosting status for non-installed com.errorsevendev.games.lB2Pro
07-28 19:06:13.985  7109  7109 I Finsky  : [1] com.google.android.finsky.installer.g.a(161): Presetting external-hosting status for non-installed in.fulldive.shell
07-28 19:06:13.988  7109  7109 I Finsky  : [1] com.google.android.finsky.installer.g.a(161): Presetting external-hosting status for non-installed com.vertumus.dives
07-28 19:06:13.989  7109  7109 I Finsky  : [1] com.google.android.finsky.installer.g.a(161): Presetting external-hosting status for non-installed com.vocabulary.derivatives.word_formation
07-28 19:06:13.989  7109  7109 I Finsky  : [1] com.google.android.finsky.installer.g.a(161): Presetting external-hosting status for non-installed com.rt.hook
07-28 19:06:13.995  7109  7109 I Finsky  : [1] com.google.android.finsky.installer.g.a(161): Presetting external-hosting status for non-installed com.cartooncity3d.livewallpaper
07-28 19:06:13.996  7109  7109 I Finsky  : [1] com.google.android.finsky.installer.g.a(161): Presetting external-hosting status for non-installed com.anticor.mellowdark
07-28 19:06:13.996  7109  7109 I Finsky  : [1] com.google.android.finsky.installer.g.a(161): Presetting external-hosting status for non-installed com.bhanu.autochangewallpaper
07-28 19:06:13.997  7109  7109 I Finsky  : [1] com.google.android.finsky.installer.g.a(161): Presetting external-hosting status for non-installed com.kewitschka.screendraw
07-28 19:06:13.997  7109  7109 I Finsky  : [1] com.google.android.finsky.installer.g.a(161): Presetting external-hosting status for non-installed com.futureblink.circlet
07-28 19:06:14.000  7109  7109 I Finsky  : [1] com.google.android.finsky.installer.g.a(161): Presetting external-hosting status for non-installed com.zaax.multipletimerpro
07-28 19:06:14.004  7109  7109 I Finsky  : [1] com.google.android.finsky.installer.g.a(161): Presetting external-hosting status for non-installed cue.iconix
07-28 19:06:14.007  7109  7109 I Finsky  : [1] com.google.android.finsky.installer.g.a(161): Presetting external-hosting status for non-installed theme.drumdestroyer.empire.launcher
07-28 19:06:14.010  7109  7109 I Finsky  : [1] com.google.android.finsky.installer.g.a(161): Presetting external-hosting status for non-installed com.anticor.redox
07-28 19:06:14.016  7109  7109 I Finsky  : [1] com.google.android.finsky.installer.g.a(161): Presetting external-hosting status for non-installed com.sikebo.simpax.icons
07-28 19:06:14.017  7109  7109 I Finsky  : [1] com.google.android.finsky.installer.g.a(161): Presetting external-hosting status for non-installed com.Fraom.IrideUIisDark
07-28 19:06:14.017  7109  7109 I Finsky  : [1] com.google.android.finsky.installer.g.a(161): Presetting external-hosting status for non-installed com.backdrops.wallpapers
07-28 19:06:14.018  7109  7109 I Finsky  : [1] com.google.android.finsky.installer.g.a(161): Presetting external-hosting status for non-installed com.mowmo.twopixeldark
07-28 19:06:14.018  7109  7109 I Finsky  : [1] com.google.android.finsky.installer.g.a(161): Presetting external-hosting status for non-installed com.mbdev.iconx
07-28 19:06:14.022  7109  7109 I Finsky  : [1] com.google.android.finsky.installer.g.a(161): Presetting external-hosting status for non-installed org.polaric.cluttr
07-28 19:06:14.022  7109  7109 I Finsky  : [1] com.google.android.finsky.installer.g.a(161): Presetting external-hosting status for non-installed com.klockigame.klocki
07-28 19:06:14.023  7109  7109 I Finsky  : [1] com.google.android.finsky.installer.g.a(161): Presetting external-hosting status for non-installed craftsicons.iconpack.material.dream
07-28 19:06:14.023  7109  7109 I Finsky  : [1] com.google.android.finsky.installer.g.a(161): Presetting external-hosting status for non-installed com.mowmo.antimatter
07-28 19:06:14.024  7109  7109 I Finsky  : [1] com.google.android.finsky.installer.g.a(161): Presetting external-hosting status for non-installed prox.lab.calclock
07-28 19:06:14.027  7109  7109 I Finsky  : [1] com.google.android.finsky.installer.g.a(161): Presetting external-hosting status for non-installed com.planetscape3d.livewallpaper
07-28 19:06:14.031  7109  7109 I Finsky  : [1] com.google.android.finsky.installer.g.a(161): Presetting external-hosting status for non-installed com.nynix.knots3d
07-28 19:06:14.034  7109  7109 I Finsky  : [1] com.google.android.finsky.installer.g.a(161): Presetting external-hosting status for non-installed com.ntlstudio.star
07-28 19:06:14.037  7109  7109 I Finsky  : [1] com.google.android.finsky.installer.g.a(161): Presetting external-hosting status for non-installed com.mindlogix.vr.spacegalaxy
07-28 19:06:14.038  7109  7109 I Finsky  : [1] com.google.android.finsky.installer.g.a(161): Presetting external-hosting status for non-installed com.lunatouch.eyefilter.pro
07-28 19:06:14.038  7109  7109 I Finsky  : [1] com.google.android.finsky.installer.g.a(161): Presetting external-hosting status for non-installed vertumus.hd
07-28 19:06:14.039  7109  7109 I Finsky  : [1] com.google.android.finsky.installer.g.a(161): Presetting external-hosting status for non-installed com.sikebo.antimo.material.icons
07-28 19:06:14.039  7109  7109 I Finsky  : [1] com.google.android.finsky.installer.g.a(161): Presetting external-hosting status for non-installed com.indigomadina.spheroid
07-28 19:06:14.040  7109  7109 I Finsky  : [1] com.google.android.finsky.installer.g.a(161): Presetting external-hosting status for non-installed com.drashvr.titansofspacecb
07-28 19:06:14.040  7109  7109 I Finsky  : [1] com.google.android.finsky.installer.g.a(161): Presetting external-hosting status for non-installed eu.chainfire.liveboot
07-28 19:06:14.046  7109  7109 I Finsky  : [1] com.google.android.finsky.installer.g.a(161): Presetting external-hosting status for non-installed com.daviidh.android.wallpaper
07-28 19:06:14.046  7109  7109 I Finsky  : [1] com.google.android.finsky.installer.g.a(161): Presetting external-hosting status for non-installed com.Einpictures.SeaWorldVR
07-28 19:06:14.047  7109  7109 I Finsky  : [1] com.google.android.finsky.installer.g.a(161): Presetting external-hosting status for non-installed com.tropicalocean3d.livewallpaper
07-28 19:06:14.047  7109  7109 I Finsky  : [1] com.google.android.finsky.installer.g.a(161): Presetting external-hosting status for non-installed kr.co.gametales.bbbremans
07-28 19:06:14.053  7109  7109 I Finsky  : [1] com.google.android.finsky.installer.g.a(161): Presetting external-hosting status for non-installed com.mypocketadventure.sokobanlandpremium
07-28 19:06:14.060  7109  7109 I Finsky  : [1] com.google.android.finsky.installer.g.a(161): Presetting external-hosting status for non-installed com.vertumus.yitax
07-28 19:06:14.060  7109  7109 I Finsky  : [1] com.google.android.finsky.installer.g.a(161): Presetting external-hosting status for non-installed com.petraapps.binarygamepro
07-28 19:06:14.061  7109  7109 I Finsky  : [1] com.google.android.finsky.installer.g.a(161): Presetting external-hosting status for non-installed dk.appdictive.blurwallpaper
07-28 19:06:14.066  7109  7109 I Finsky  : [1] com.google.android.finsky.installer.g.a(161): Presetting external-hosting status for non-installed com.benerot.AsterMiner
07-28 19:06:14.070  7109  7109 I Finsky  : [1] com.google.android.finsky.installer.g.a(161): Presetting external-hosting status for non-installed com.simplemobiletools.gallery
07-28 19:06:14.070  7109  7109 I Finsky  : [1] com.google.android.finsky.installer.g.a(161): Presetting external-hosting status for non-installed com.devdnua.equalizer
07-28 19:06:14.071  7109  7109 I Finsky  : [1] com.google.android.finsky.installer.g.a(161): Presetting external-hosting status for non-installed com.markantoni.gofinandroid
07-28 19:06:14.074  7109  7109 I Finsky  : [1] com.google.android.finsky.installer.g.a(161): Presetting external-hosting status for non-installed com.rounded.iconpack
07-28 19:06:14.075  7109  7109 I Finsky  : [1] com.google.android.finsky.installer.g.a(161): Presetting external-hosting status for non-installed sikebo.timbul.icons
07-28 19:06:14.075  7109  7109 I Finsky  : [1] com.google.android.finsky.installer.g.a(161): Presetting external-hosting status for non-installed com.www10ravens.myloghome
07-28 19:06:14.076  7109  7109 I Finsky  : [1] com.google.android.finsky.installer.g.a(161): Presetting external-hosting status for non-installed com.fevdev.nakedbrowserlts
07-28 19:06:14.076  7109  7109 I Finsky  : [1] com.google.android.finsky.installer.g.a(161): Presetting external-hosting status for non-installed njad.timeless.iconpack
07-28 19:06:14.077  7109  7109 I Finsky  : [1] com.google.android.finsky.installer.g.a(161): Presetting external-hosting status for non-installed com.bhanu.roundcorner
07-28 19:06:14.109  1847  2200 I ActivityManager: Start proc 29201:com.android.defcontainer/u0a7 for service com.android.defcontainer/.DefaultContainerService
07-28 19:06:14.185 29201 29201 W XPrivacy: Hooking package=com.android.defcontainer
07-28 19:06:14.259  1847  1847 I EntropyMixer: Writing entropy...
07-28 19:06:14.329  4576  4576 E MediaPlayer-JNI: JNIMediaPlayerFactory: bIsQCMediaPlayerPresent 0
07-28 19:06:14.329  4576  4576 E MediaPlayer-JNI: JNIMediaPlayerFactory: bIsQCMediaPlayerPresent 0
07-28 19:06:14.360  1847  2130 W ProcessCpuTracker: Skipping unknown process pid 29260
07-28 19:06:14.401  1847  5300 I ActivityManager: Start proc 29271:com.maxmpz.audioplayer/u0a89 for broadcast com.maxmpz.audioplayer/.StorageBroadcastReceiver
07-28 19:06:14.471   293 29291 D NuPlayerDriver: notifyListener_l(0xa6add700), (1, 0, 0)
07-28 19:06:14.472  4576  4576 D MediaPlayer: setSubtitleAnchor in MediaPlayer
07-28 19:06:14.474  4576  4576 D Ringtone: Successfully created local player
07-28 19:06:14.474   293   994 D NuPlayerDriver: reset(0xa6add700)
07-28 19:06:14.474   293   994 D NuPlayerDriver: notifyListener_l(0xa6add700), (8, 0, 0)
07-28 19:06:14.474   293 29291 W AMessage: failed to post message as target looper for handler 0 is gone.
07-28 19:06:14.474   293 29291 D NuPlayerDriver: notifyResetComplete(0xa6add700)
07-28 19:06:14.475   293 12322 D NuPlayerDriver: reset(0xa6add700)
07-28 19:06:14.475  4576  4576 E MediaPlayer-JNI: JNIMediaPlayerFactory: bIsQCMediaPlayerPresent 0
07-28 19:06:14.475  4576  4576 E MediaPlayer-JNI: JNIMediaPlayerFactory: bIsQCMediaPlayerPresent 0
07-28 19:06:14.502   293 29297 D NuPlayerDriver: notifyListener_l(0xa6adcbc0), (1, 0, 0)
07-28 19:06:14.502  4576  4576 D MediaPlayer: setSubtitleAnchor in MediaPlayer
07-28 19:06:14.504  4576  4576 D Ringtone: Successfully created local player
07-28 19:06:14.506   293   293 D NuPlayerDriver: start(0xa6adcbc0), state is 4, eos is 0
07-28 19:06:14.506   293 29297 I GenericSource: start
07-28 19:06:14.508   293 29297 I MetaData: vinf: (unknown type 0, size 30)
07-28 19:06:14.508   293 29297 I MetaData: 00000000:  01 76 6f 72 62 69 73 00  00 00 00 01 44 ac 00 00  .vorbis.....D...
07-28 19:06:14.508   293 29297 I MetaData: 00000010:  00 00 00 00 80 38 01 00  00 00 00 00 b8 01        .....8........
07-28 19:06:14.508   293 29297 I MetaData: vboo: (unknown type 0, size 3189)
07-28 19:06:14.508   293 29297 I MetaData: srte: (int32_t) 44100
07-28 19:06:14.508   293 29297 I MetaData: mime: (char*) audio/vorbis
07-28 19:06:14.508   293 29297 I MetaData: dura: (int64_t) 734988
07-28 19:06:14.508   293 29297 I MetaData: #chn: (int32_t) 1
07-28 19:06:14.508   293 29297 I AVNuUtils: No channel mask, try channel count
07-28 19:06:14.508   293 29297 W AVNuUtils: No bitrate info
07-28 19:06:14.508   293 29297 I NuPlayer: canOffloadDecodedPCMStream
07-28 19:06:14.508   293 29297 I MetaData: srte: (int32_t) 44100
07-28 19:06:14.508   293 29297 I MetaData: sbit: (int32_t) 16
07-28 19:06:14.508   293 29297 I MetaData: mime: (char*) audio/raw
07-28 19:06:14.508   293 29297 I MetaData: dura: (int64_t) 734988
07-28 19:06:14.508   293 29297 I MetaData: chnm: (int32_t) 1
07-28 19:06:14.508   293 29297 I MetaData: #chn: (int32_t) 1
07-28 19:06:14.508   293 29297 I NuPlayer: PCM offload decided: 0
07-28 19:06:14.509   293 29297 I MetaData: vinf: (unknown type 0, size 30)
07-28 19:06:14.509   293 29297 I MetaData: 00000000:  01 76 6f 72 62 69 73 00  00 00 00 01 44 ac 00 00  .vorbis.....D...
07-28 19:06:14.509   293 29297 I MetaData: 00000010:  00 00 00 00 80 38 01 00  00 00 00 00 b8 01        .....8........
07-28 19:06:14.509   293 29297 I MetaData: vboo: (unknown type 0, size 3189)
07-28 19:06:14.509   293 29297 I MetaData: srte: (int32_t) 44100
07-28 19:06:14.509   293 29297 I MetaData: mime: (char*) audio/vorbis
07-28 19:06:14.509   293 29297 I MetaData: dura: (int64_t) 734988
07-28 19:06:14.509   293 29297 I MetaData: #chn: (int32_t) 1
07-28 19:06:14.509   293 29297 I AVNuUtils: No channel mask, try channel count
07-28 19:06:14.509   293 29297 W AVNuUtils: No bitrate info
07-28 19:06:14.509   293 29297 I NuPlayer: canOffloadDecodedPCMStream
07-28 19:06:14.509   293 29297 I MetaData: srte: (int32_t) 44100
07-28 19:06:14.509   293 29297 I MetaData: sbit: (int32_t) 16
07-28 19:06:14.509   293 29297 I MetaData: mime: (char*) audio/raw
07-28 19:06:14.509   293 29297 I MetaData: dura: (int64_t) 734988
07-28 19:06:14.509   293 29297 I MetaData: chnm: (int32_t) 1
07-28 19:06:14.509   293 29297 I MetaData: #chn: (int32_t) 1
07-28 19:06:14.509   293 29297 I NuPlayer: PCM offload decided: 0
07-28 19:06:14.524   293 29304 E OMXNodeInstance: setConfig(2da:google.vorbis.decoder, ConfigPriority(0x6f800002)) ERROR: Undefined(0x80001001)
07-28 19:06:14.524   293 29304 I ACodec  : codec does not support config priority (err -2147483648)
07-28 19:06:14.525   293 29304 I MediaCodec: MediaCodec will operate in async mode
07-28 19:06:14.531   293  3350 D DlbEndpointParamCache: setDevice(device=0x00000002)
07-28 19:06:14.531   293  3350 D audio_hw_primary: out_set_parameters: enter: usecase(1: low-latency-playback) kvpairs: routing=2
07-28 19:06:14.533   293 29297 D NuPlayerDriver: notifyListener_l(0xa6adcbc0), (6, 0, 0)
07-28 19:06:14.542   293  3350 D audio_hw_primary: start_output_stream: enter: stream(0xb60b6840)usecase(1: low-latency-playback) devices(0x2)
07-28 19:06:14.542   293  3350 E audio_hw_primary: voice_extn_compress_voip_is_active: COMPRESS_VOIP_ENABLED is not defined
07-28 19:06:14.542   293  3350 E msm8974_platform: voice_extn_compress_voip_is_active: COMPRESS_VOIP_ENABLED is not defined
07-28 19:06:14.542   293  3350 D audio_hw_primary: select_devices: out_snd_device(2: speaker) in_snd_device(0: )
07-28 19:06:14.542   293  3350 D hardware_info: hw_info_append_hw_type : device_name = speaker
07-28 19:06:14.542   293  3350 D ACDB-LOADER: ACDB -> send_audio_cal, acdb_id = 15, path =  0
07-28 19:06:14.542   293  3350 D ACDB-LOADER: ACDB -> send_adm_topology
07-28 19:06:14.542   293  3350 D ACDB-LOADER: ACDB -> ACDB_CMD_GET_AUDPROC_COMMON_TOPOLOGY_ID
07-28 19:06:14.542   293  3350 D ACDB-LOADER: ACDB -> send_asm_topology
07-28 19:06:14.542   293  3350 D ACDB-LOADER: ACDB -> ACDB_CMD_GET_AUDPROC_STREAM_TOPOLOGY_ID
07-28 19:06:14.542   293  3350 D ACDB-LOADER: ACDB -> send_audtable
07-28 19:06:14.542   293  3350 D ACDB-LOADER: ACDB -> ACDB_CMD_GET_AUDPROC_COMMON_TABLE
07-28 19:06:14.542   293  3350 D ACDB-LOADER: ACDB -> AUDIO_SET_AUDPROC_CAL
07-28 19:06:14.542   293  3350 D ACDB-LOADER: ACDB -> send_audvoltable
07-28 19:06:14.542   293  3350 D ACDB-LOADER: ACDB -> ACDB_CMD_GET_AUDPROC_GAIN_DEP_STEP_TABLE
07-28 19:06:14.542   293  3350 D ACDB-LOADER: ACDB -> AUDIO_SET_AUDPROC_VOL_CAL
07-28 19:06:14.542   293  3350 D ACDB-LOADER: ACDB -> send_afe_cal
07-28 19:06:14.542   293  3350 D ACDB-LOADER: ACDB -> ACDB_CMD_GET_AFE_COMMON_TABLE
07-28 19:06:14.543   293  3350 D ACDB-LOADER: ACDB -> AUDIO_SET_AFE_CAL
07-28 19:06:14.552 29271 29271 W XPrivacy: Hooking package=com.maxmpz.audioplayer
07-28 19:06:14.552   293  3350 D audio_hw_primary: select_devices: done
07-28 19:06:14.564 24665 24665 I ...stributedDataStorage: Distributed data store is already initialized. Simply returning from initialize workflow.
07-28 19:06:14.565 24665 24665 I ...stributedDataStorage: Distributed data store is already initialized. Simply returning from initialize workflow.
07-28 19:06:14.565 24665 24665 I ...stributedDataStorage: Distributed data store is already initialized. Simply returning from initialize workflow.
07-28 19:06:14.565 24665 24665 I ...stributedDataStorage: Distributed data store is already initialized. Simply returning from initialize workflow.
07-28 19:06:14.565 24665 24665 I ...stributedDataStorage: Distributed data store is already initialized. Simply returning from initialize workflow.
07-28 19:06:14.690 29271 29271 I audioplayer.Application: man=OnePlus pro=onyx mod=ONE E1003 dev=OnePlus type=user board=MSM8974 rel=6.0.1 osVersion=3.4.0-Sultan
07-28 19:06:14.690 29271 29271 W audioplayer.Application: Poweramp edition: arm-play
07-28 19:06:14.733 29271 29271 W ActivityThread: ClassLoader.loadClass: The class loader returned by Thread.getContextClassLoader() may fail for processes that host multiple applications. You should explicitly specify a context class loader. For example: Thread.setContextClassLoader(getClass().getClassLoader());
07-28 19:06:14.735 29271 29271 W audioplayer.Application: tab=false screenSize=2 dpi=440 den=2.75 swdp=392 w/h=1080x1808
07-28 19:06:14.735 29271 29271 W audioplayer.Application: MAX_MEMORY=288
07-28 19:06:14.799   293 29303 I NuPlayerDecoder: [audio] saw output EOS
07-28 19:06:14.820 29271 29271 W audioplayer.Application: Loading skin=/data/app/com.ikorolkov.poweramp.skins.material-1/base.apk
07-28 19:06:15.077  6119  6119 D MtpService: starting MTP server in MTP mode
07-28 19:06:15.168  1847  4159 W ActivityManager: Unable to start service Intent { dat=wearsupportservice://hygiene cmp=com.android.vending/com.google.android.finsky.wear.WearSupportService (has extras) } U=0: not found
07-28 19:06:15.372  7109  7109 I Finsky  : [1] com.google.android.finsky.hygiene.DailyHygiene.c(270): Logging device features
07-28 19:06:15.397  7109  7109 I Finsky  : [1] com.google.android.finsky.datasync.CacheAndSyncScheduler.a(7): [Cache and Sync] mode not available for any accounts.
07-28 19:06:15.428   293 29297 D NuPlayerDriver: notifyListener_l(0xa6adcbc0), (2, 0, 0)
07-28 19:06:15.438  7109  7109 D Volley  : [1] a.b: Cache cleared.
07-28 19:06:15.489  7109  7109 W Settings: Setting install_non_market_apps has moved from android.provider.Settings.Global to android.provider.Settings.Secure, returning read-only value.
07-28 19:06:15.491  7109  7109 W Settings: Setting download_manager_max_bytes_over_mobile has moved from android.provider.Settings.Secure to android.provider.Settings.Global.
07-28 19:06:15.507  7109  7109 I Finsky  : [1] com.google.android.finsky.verifier.impl.VerifyInstalledPackagesReceiver.onReceive(7): Verify installed apps requested
07-28 19:06:15.514  7109  7266 I Finsky  : [34582] com.google.android.finsky.verifier.impl.ch.a(8): Verifying installed packages
07-28 19:06:15.550  7109  7266 E Parcel  : Reading a NULL string not supported here.
07-28 19:06:15.560  7109  7266 E Parcel  : Reading a NULL string not supported here.
07-28 19:06:15.568  1847  5484 D PowerManagerService: acquireWakeLock: ignoring request from com.android.vending
07-28 19:06:15.573  7109  7266 E Parcel  : Reading a NULL string not supported here.
07-28 19:06:15.580  7109 29346 I Finsky  : [34675] com.google.android.finsky.flushlogs.FlushLogsReceiver$FlushLogsService.onHandleIntent(10): Flushing event logs for [4hRmKCp1N0xoVdqvzeMQl56dfGE]
07-28 19:06:15.581  7109  7145 I PlayCommon: [34545] com.google.android.play.a.g.e(222): Preparing logs for uploading
07-28 19:06:15.582  7109  7266 E Parcel  : Reading a NULL string not supported here.
07-28 19:06:15.587  7109 29346 I Finsky  : [34675] com.google.android.finsky.flushlogs.FlushLogsReceiver$FlushLogsService.onHandleIntent(10): Flushing event logs for [G6bifuxYoXMqY2pIX31VhmQzHdI]
07-28 19:06:15.587  7109 29346 I Finsky  : [34675] com.google.android.finsky.flushlogs.FlushLogsReceiver$FlushLogsService.onHandleIntent(10): Flushing event logs for [KlbyNw5SxqGCisMaY5ndkv7ezBE]
07-28 19:06:15.588  7109  9071 I PlayCommon: [34594] com.google.android.play.a.g.e(222): Preparing logs for uploading
07-28 19:06:15.589  7109  9071 I PlayCommon: [34594] com.google.android.play.a.g.e(226): No file ready to send
07-28 19:06:15.589  7109  7198 I PlayCommon: [34579] com.google.android.play.a.g.e(222): Preparing logs for uploading
07-28 19:06:15.589  7109  7198 I PlayCommon: [34579] com.google.android.play.a.g.e(226): No file ready to send
07-28 19:06:15.590  7109  7199 I PlayCommon: [34580] com.google.android.play.a.g.e(222): Preparing logs for uploading
07-28 19:06:15.590  7109  7199 I PlayCommon: [34580] com.google.android.play.a.g.e(226): No file ready to send
07-28 19:06:15.599  7109  7266 E Parcel  : Reading a NULL string not supported here.
07-28 19:06:15.615  7109  7266 E Parcel  : Reading a NULL string not supported here.
07-28 19:06:15.623  7109  7266 E Parcel  : Reading a NULL string not supported here.
07-28 19:06:15.663  7109  7145 I PlayCommon: [34545] com.google.android.play.a.g.a(436): Connecting to server: https://play.googleapis.com/play/log?format=raw&proto_v2=true
07-28 19:06:15.774  1847  4536 I TetherStatsReporting: getTetherStats() called NetworkStats: elapsedRealtime=811198703
07-28 19:06:15.774  1847  4536 I TetherStatsReporting:   [0] iface=rmnet0 uid=0 set=DEFAULT tag=0x0 rxBytes=625230 rxPackets=5802 txBytes=316904 txPackets=4896 operations=0
07-28 19:06:15.774  1847  4536 I TetherStatsReporting:   [1] iface=rmnet0 uid=0 set=FOREGROUND tag=0x0 rxBytes=0 rxPackets=0 txBytes=0 txPackets=0 operations=0
07-28 19:06:15.774  1847  4536 I TetherStatsReporting:   [2] iface=rmnet0 uid=1000 set=DEFAULT tag=0x0 rxBytes=860 rxPackets=6 txBytes=805 txPackets=6 operations=0
07-28 19:06:15.774  1847  4536 I TetherStatsReporting:   [3] iface=rmnet0 uid=1000 set=FOREGROUND tag=0x0 rxBytes=0 rxPackets=0 txBytes=0 txPackets=0 operations=0
07-28 19:06:15.774  1847  4536 I TetherStatsReporting:   [4] iface=rmnet0 uid=10009 set=DEFAULT tag=0x0 rxBytes=0 rxPackets=0 txBytes=252 txPackets=6 operations=5
07-28 19:06:15.774  1847  4536 I TetherStatsReporting:   [5] iface=rmnet0 uid=10009 set=FOREGROUND tag=0x0 rxBytes=0 rxPackets=0 txBytes=0 txPackets=0 operations=0
07-28 19:06:15.774  1847  4536 I TetherStatsReporting:   [6] iface=rmnet0 uid=10026 set=DEFAULT tag=0x0 rxBytes=1949 rxPackets=5 txBytes=1246 txPackets=5 operations=0
07-28 19:06:15.774  1847  4536 I TetherStatsReporting:   [7] iface=rmnet0 uid=10026 set=FOREGROUND tag=0x0 rxBytes=0 rxPackets=0 txBytes=0 txPackets=0 operations=0
07-28 19:06:15.774  1847  4536 I TetherStatsReporting:   [8] iface=rmnet0 uid=10027 set=DEFAULT tag=0x0 rxBytes=2148913 rxPackets=5851 txBytes=1284496 txPackets=6516 operations=0
07-28 19:06:15.774  1847  4536 I TetherStatsReporting:   [9] iface=rmnet0 uid=10027 set=FOREGROUND tag=0x0 rxBytes=799415 rxPackets=1917 txBytes=473621 txPackets=2239 operations=0
07-28 19:06:15.774  1847  4536 I TetherStatsReporting:   [10] iface=rmnet0 uid=10033 set=DEFAULT tag=0x0 rxBytes=393829 rxPackets=736 txBytes=192639 txPackets=751 operations=0
07-28 19:06:15.774  1847  4536 I TetherStatsReporting:   [11] iface=rmnet0 uid=10033 set=FOREGROUND tag=0x0 rxBytes=1843032 rxPackets=2300 txBytes=361593 txPackets=2005 operations=0
07-28 19:06:15.774  1847  4536 I TetherStatsReporting:   [12] iface=rmnet0 uid=10077 set=DEFAULT tag=0x0 rxBytes=62539 rxPackets=184 txBytes=48327 txPackets=190 operations=0
07-28 19:06:15.774  1847  4536 I TetherStatsReporting:   [13] iface=rmnet0 uid=10077 set=FOREGROUND tag=0x0 rxBytes=0 rxPackets=0 txBytes=120 txPackets=2 operations=0
07-28 19:06:15.774  1847  4536 I TetherStatsReporting:   [14] iface=rmnet0 uid=10082 set=DEFAULT tag=0x0 rxBytes=180093 rxPackets=493 txBytes=67382 txPackets=633 operations=0
07-28 19:06:15.774  1847  4536 I TetherStatsReporting:   [15] iface=rmnet0 uid=10082 set=FOREGROUND tag=0x0 rxBytes=0 rxPackets=0 txBytes=0 txPackets=0 operations=0
07-28 19:06:15.774  1847  4536 I TetherStatsReporting:   [16] iface=rmnet0 uid=10086 set=DEFAULT tag=0x0 rxBytes=121318 rxPackets=266 txBytes=40371 txPackets=306 operations=0
07-28 19:06:15.774  1847  4536 I TetherStatsReporting:   [17] iface=rmnet0 uid=10086 set=FOREGROUND tag=0x0 rxBytes=8357001 rxPackets=7342 txBytes=909932 txPackets=7018 operations=0
07-28 19:06:15.774  1847  4536 I TetherStatsReporting:   [18] iface=rmnet0 uid=10106 set=DEFAULT tag=0x0 rxBytes=3812 rxPackets=18 txBytes=1848 txPackets=26 operations=0
07-28 19:06:15.774  1847  4536 I TetherStatsReporting:   [19] iface=rmnet0 uid=10106 set=FOREGROUND tag=0x0 rxBytes=112998 rxPackets=195 txBytes=23269 txPackets=206 operations=0
07-28 19:06:15.774  1847  4536 I TetherStatsReporting:   [20] iface=rmnet0 uid=10108 set=DEFAULT tag=0x0 rxBytes=859538 rxPackets=1197 txBytes=224583 txPackets=1343 operations=74
07-28 19:06:15.774  1847  4536 I TetherStatsReporting:   [21] iface=rmnet0 uid=10108 set=FOREGROUND tag=0x0 rxBytes=138770 rxPackets=242 txBytes=60323 txPackets=314 operations=5
07-28 19:06:15.774  1847  4536 I TetherStatsReporting:   [22] iface=rmnet0 uid=10115 set=DEFAULT tag=0x0 rxBytes=846051 rxPackets=2319 txBytes=429601 txPackets=3875 operations=0
07-28 19:06:15.774  1847  4536 I TetherStatsReporting:   [23] iface=rmnet0 uid=10115 set=FOREGROUND tag=0x0 rxBytes=157034 rxPackets=260 txBytes=75897 txPackets=606 operations=0
07-28 19:06:15.774  1847  4536 I TetherStatsReporting:   [24] iface=rmnet0 uid=10129 set=DEFAULT tag=0x0 rxBytes=2738916 rxPackets=6723 txBytes=1367933 txPackets=7756 operations=0
07-28 19:06:15.774  1847  4536 I TetherStatsReporting:   [25] iface=rmnet0 uid=10129 set=FOREGROUND tag=0x0 rxBytes=63646 rxPackets=414 txBytes=61428 txPackets=623 operations=0
07-28 19:06:15.774  1847  4536 I TetherStatsReporting:   [26] iface=rmnet0 uid=10140 set=DEFAULT tag=0x0 rxBytes=100989 rxPackets=341 txBytes=50654 txPackets=352 operations=0
07-28 19:06:15.774  1847  4536 I TetherStatsReporting:   [27] iface=rmnet0 uid=10140 set=FOREGROUND tag=0x0 rxBytes=245967 rxPackets=525 txBytes=71846 txPackets=582 operations=0
07-28 19:06:15.774  1847  4536 I TetherStatsReporting:   [28] iface=rmnet0 uid=10143 set=DEFAULT tag=0x0 rxBytes=37022 rxPackets=26 txBytes=1040 txPackets=26 operations=0
07-28 19:06:15.774  1847  4536 I TetherStatsReporting:   [29] iface=rmnet0 uid=10143 set=FOREGROUND tag=0x0 rxBytes=84 rxPackets=2 txBytes=353 txPackets=3 operations=0
07-28 19:06:15.774  1847  4536 I TetherStatsReporting:   [30] iface=rmnet0 uid=10172 set=DEFAULT tag=0x0 rxBytes=0 rxPackets=0 txBytes=60 txPackets=1 operations=0
07-28 19:06:15.774  1847  4536 I TetherStatsReporting:   [31] iface=rmnet0 uid=10172 set=FOREGROUND tag=0x0 rxBytes=0 rxPackets=0 txBytes=0 txPackets=0 operations=0
07-28 19:06:15.774  1847  4536 I TetherStatsReporting:   [32] iface=rmnet0 uid=10175 set=DEFAULT tag=0x0 rxBytes=213764 rxPackets=346 txBytes=33827 txPackets=391 operations=0
07-28 19:06:15.774  1847  4536 I TetherStatsReporting:   [33] iface=rmnet0 uid=10175 set=FOREGROUND tag=0x0 rxBytes=367612 rxPackets=479 txBytes=46956 txPackets=565 operatio
07-28 19:06:15.774  1847  4536 I TetherStatsReporting: binding to service
07-28 19:06:15.831  7109  7145 I PlayCommon: [34545] com.google.android.play.a.g.a(493): Successfully uploaded logs.
07-28 19:06:15.833  7109  7145 I PlayCommon: [34545] com.google.android.play.a.g.e(222): Preparing logs for uploading
07-28 19:06:15.834  7109  7145 I PlayCommon: [34545] com.google.android.play.a.g.e(226): No file ready to send
07-28 19:06:17.866  1847  1856 I art     : Background sticky concurrent mark sweep GC freed 306575(13MB) AllocSpace objects, 18(1588KB) LOS objects, 25% free, 45MB/61MB, paused 2.080ms total 126.853ms
07-28 19:06:17.992 29082 29082 I CAR.SERVICE: Skip, no clients bound.
07-28 19:06:17.997  1847  5502 I ActivityManager: Killing 13488:dev.ukanth.iconmanager/u0a580 (adj 15): empty #17
07-28 19:06:18.019  1847  5300 D GraphicsStats: Buffer count: 14
07-28 19:06:18.050  1847  5521 D ActivityManager: cleanUpApplicationRecord -- 13488
07-28 19:06:18.334  7109  7165 E Parcel  : Reading a NULL string not supported here.
07-28 19:06:18.340  7109  7165 E Parcel  : Reading a NULL string not supported here.
07-28 19:06:18.346  7109  7165 E Parcel  : Reading a NULL string not supported here.
07-28 19:06:18.348   293  3350 D audio_hw_primary: out_standby: enter: stream (0xb60b6840) usecase(1: low-latency-playback)
07-28 19:06:18.356  7109  7165 E Parcel  : Reading a NULL string not supported here.
07-28 19:06:18.364  7109  7165 E Parcel  : Reading a NULL string not supported here.
07-28 19:06:18.370  7109  7165 E Parcel  : Reading a NULL string not supported here.
07-28 19:06:18.379  7109  7165 E Parcel  : Reading a NULL string not supported here.
07-28 19:06:18.385  7109  7165 E Parcel  : Reading a NULL string not supported here.
07-28 19:06:18.420   293  3350 D hardware_info: hw_info_append_hw_type : device_name = speaker
07-28 19:06:18.709  7109  7165 I Finsky  : [34564] com.google.android.finsky.h.c.a(22): Completed 0 account content syncs with 0 successful.
07-28 19:06:18.709  7109  7109 I Finsky  : [1] com.google.android.finsky.services.e.a(5): Installation state replication succeeded.
07-28 19:06:19.181  1847  5502 D GraphicsStats: Buffer count: 13
07-28 19:06:19.181  1847  5331 D ConnectivityService: ConnectivityService NetworkRequestInfo binderDied(NetworkRequest [ id=976, legacyType=-1, [ Capabilities: INTERNET&NOT_RESTRICTED&TRUSTED&NOT_VPN] ], android.os.BinderProxy@833b75b)
07-28 19:06:19.181  1847  4541 D ConnectivityService: releasing NetworkRequest NetworkRequest [ id=976, legacyType=-1, [ Capabilities: INTERNET&NOT_RESTRICTED&TRUSTED&NOT_VPN] ]
07-28 19:06:19.181  1847  5223 I WindowState: WIN DEATH: Window{15dfda3 u0 com.android.messaging/com.android.messaging.ui.conversation.ConversationActivity}
07-28 19:06:19.202  1847  4541 E ConnectivityService: RemoteException caught trying to send a callback msg for NetworkRequest [ id=976, legacyType=-1, [ Capabilities: INTERNET&NOT_RESTRICTED&TRUSTED&NOT_VPN] ]
07-28 19:06:19.206  1847  1871 I ActivityManager: Process com.android.messaging (pid 30418) has died
07-28 19:06:19.206  1847  1871 D ActivityManager: cleanUpApplicationRecord -- 30418
07-28 19:06:19.271  1847  4628 D GraphicsStats: Buffer count: 12
07-28 19:06:19.296  1847  5519 I ActivityManager: Process com.alensw.PicFolder (pid 17423) has died
07-28 19:06:19.296  1847  5519 D ActivityManager: cleanUpApplicationRecord -- 17423
07-28 19:06:19.353  1847  5307 I ActivityManager: Process com.google.android.calendar (pid 19666) has died
07-28 19:06:19.353  1847  5307 D ActivityManager: cleanUpApplicationRecord -- 19666
07-28 19:06:19.373  1847  4629 I ActivityManager: Process com.android.calendar (pid 19611) has died
07-28 19:06:19.373  1847  4629 D ActivityManager: cleanUpApplicationRecord -- 19611
07-28 19:06:19.419  1847  5519 I ActivityManager: Process android.process.acore (pid 20790) has died
07-28 19:06:19.419  1847  5519 D ActivityManager: cleanUpApplicationRecord -- 20790
07-28 19:06:19.476  1847  5296 I ActivityManager: Process com.android.providers.calendar (pid 19568) has died
07-28 19:06:19.476  1847  5296 D ActivityManager: cleanUpApplicationRecord -- 19568
07-28 19:06:19.495  1847  5300 I ActivityManager: Process com.google.process.gapps (pid 20888) has died
07-28 19:06:19.495  1847  5300 D ActivityManager: cleanUpApplicationRecord -- 20888
07-28 19:06:19.568  1847  5296 I ActivityManager: Process com.amazon.avod.thirdpartyclient (pid 24356) has died
07-28 19:06:19.568  1847  5296 D ActivityManager: cleanUpApplicationRecord -- 24356
07-28 19:06:19.568  1847  4540 D WifiService: Client connection lost with reason: 4
07-28 19:06:19.663  1847  5223 I ActivityManager: Process com.google.android.gms.feedback (pid 6472) has died
07-28 19:06:19.663  1847  5223 D ActivityManager: cleanUpApplicationRecord -- 6472
07-28 19:06:19.665 19317 19370 I cr_BindingManager: onTrimMemory: level=5, size=0
07-28 19:06:19.682 29271 29271 E audioplayer.Application: onTrimMemory level=40
07-28 19:06:19.689  5471  5471 I DsService: DsService.onTrimMemory() level 5
07-28 19:06:19.769  7109  7109 I Finsky  : [1] com.google.android.finsky.utils.ai.onTrimMemory(2): Memory trim requested to level 5
07-28 19:06:28.240  2889  2889 I IcingInternalCorpora: Contacts corpus disabled.
07-28 19:06:28.321  2889 19228 I Icing   : Usage reports 0 indexed 0 rejected 0 imm upload false
07-28 19:06:29.338  2889 19228 I Icing   : Indexing F8E8212B491E1EC9C470BE7D5D909159D980D2AB from com.chrome.beta
07-28 19:06:29.440  2889 19228 I Icing   : Indexing done F8E8212B491E1EC9C470BE7D5D909159D980D2AB
07-28 19:06:30.443 29271 29271 E audioplayer.Application: onTrimMemory level=60
07-28 19:06:30.519  1847  2130 I ActivityManager: Waited long enough for: ServiceRecord{a55a547 u0 com.android.vending/com.google.android.finsky.verifier.impl.PackageVerificationService}
07-28 19:06:30.605  2889  2898 I art     : Background sticky concurrent mark sweep GC freed 349308(9MB) AllocSpace objects, 14(1240KB) LOS objects, 27% free, 25MB/34MB, paused 8.695ms total 105.569ms
07-28 19:06:30.634  2889 19228 I Icing   : Usage reports 1 indexed 0 rejected 0 imm upload false
07-28 19:06:31.383  7109  7109 I Finsky  : [1] com.google.android.finsky.verifier.impl.ch.c(52): Done verifying installed packages
07-28 19:06:31.558  2889 19228 I Icing   : Usage reports 0 indexed 0 rejected 0 imm upload false
07-28 19:06:50.068  1847 22910 D NetlinkSocketObserver: NeighborEvent{elapsedMs=811233043, 192.168.0.1, [30B5C2F5BA7A], RTM_NEWNEIGH, NUD_STALE}
07-28 19:06:57.481  1847 22910 D NetlinkSocketObserver: NeighborEvent{elapsedMs=811240457, 192.168.0.1, [30B5C2F5BA7A], RTM_NEWNEIGH, NUD_PROBE}
07-28 19:07:30.921  1847 22910 D NetlinkSocketObserver: NeighborEvent{elapsedMs=811273897, 192.168.0.1, [30B5C2F5BA7A], RTM_NEWNEIGH, NUD_STALE}
07-28 19:07:41.907  1847 22910 D NetlinkSocketObserver: NeighborEvent{elapsedMs=811284883, 192.168.0.1, [30B5C2F5BA7A], RTM_NEWNEIGH, NUD_REACHABLE}
07-28 19:07:47.783 24665 24754 D AbstractMetricsFactoryImpl: Setting non-anonymous customer ID and session ID to null, and anonymous tag to true as the metric entry was not recorded in non-anonymous queue.
07-28 19:07:56.948  1847 22910 D NetlinkSocketObserver: NeighborEvent{elapsedMs=811299923, 192.168.0.1, [30B5C2F5BA7A], RTM_NEWNEIGH, NUD_STALE}
07-28 19:08:05.747   287  1306 E NetlinkEvent: NetlinkEvent::FindParam(): Parameter 'TIME_NS' not found
07-28 19:08:05.747   287  1306 E NetlinkEvent: NetlinkEvent::FindParam(): Parameter 'UID' not found
07-28 19:08:35.828   287  1306 E NetlinkEvent: NetlinkEvent::FindParam(): Parameter 'TIME_NS' not found
07-28 19:08:35.828   287  1306 E NetlinkEvent: NetlinkEvent::FindParam(): Parameter 'UID' not found
07-28 19:08:40.841  1847 22910 D NetlinkSocketObserver: NeighborEvent{elapsedMs=811343817, 192.168.0.1, [30B5C2F5BA7A], RTM_NEWNEIGH, NUD_PROBE}
07-28 19:08:50.174  1847 22910 D NetlinkSocketObserver: NeighborEvent{elapsedMs=811353150, 192.168.0.1, [30B5C2F5BA7A], RTM_NEWNEIGH, NUD_STALE}
07-28 19:09:02.280   287  1306 E NetlinkEvent: NetlinkEvent::FindParam(): Parameter 'TIME_NS' not found
07-28 19:09:02.280   287  1306 E NetlinkEvent: NetlinkEvent::FindParam(): Parameter 'UID' not found
07-28 19:09:05.038  7109  7199 I PlayCommon: [34580] com.google.android.play.a.g.e(222): Preparing logs for uploading
07-28 19:09:05.038  7109  7199 I PlayCommon: [34580] com.google.android.play.a.g.e(226): No file ready to send
07-28 19:09:05.040  7109  7198 I PlayCommon: [34579] com.google.android.play.a.g.e(222): Preparing logs for uploading
07-28 19:09:05.041  7109  7198 I PlayCommon: [34579] com.google.android.play.a.g.e(226): No file ready to send
07-28 19:09:16.794 24665 24775 I Metrics:BatchTransmitte: QueuePusher.sendBatches - Drained batch queue.; Number of HIGH_ANONYMOUS queue batches sent: 0
07-28 19:09:16.795 24665 24774 I Metrics:BatchTransmitte: QueuePusher.sendBatches - Drained batch queue.; Number of NORMAL_NON_ANONYMOUS queue batches sent: 0
07-28 19:09:16.795 24665 24776 I Metrics:BatchTransmitte: QueuePusher.sendBatches - Drained batch queue.; Number of HIGH_NON_ANONYMOUS queue batches sent: 0
07-28 19:09:16.827  1847  5224 D PowerManagerService: acquireWakeLock: ignoring request from in.amazon.mShop.android.shopping
07-28 19:09:16.832  1847  5521 D WifiService: acquireWifiLockLocked: WifiLock{HTTPMetricsTransport type=3 binder=android.os.BinderProxy@149f096}
07-28 19:09:16.832  1847  4539 E native  : do suspend false
07-28 19:09:16.868 24665 24773 I ...stributedDataStorage: Distributed data store is already initialized. Simply returning from initialize workflow.
07-28 19:09:16.868 24665 24773 I ...stributedDataStorage: Distributed data store is already initialized. Simply returning from initialize workflow.
07-28 19:09:16.868 24665 24773 I ...stributedDataStorage: Distributed data store is already initialized. Simply returning from initialize workflow.
07-28 19:09:16.868 24665 24773 I ...stributedDataStorage: Distributed data store is already initialized. Simply returning from initialize workflow.
07-28 19:09:16.868 24665 24773 I ...stributedDataStorage: Distributed data store is already initialized. Simply returning from initialize workflow.
07-28 19:09:16.905 24665 31396 I ...stributedDataStorage: Distributed data store is already initialized. Simply returning from initialize workflow.
07-28 19:09:16.908 24665 31396 I ...ures.FeatureSetCache: Caching feature OverrideDeviceAttributes as true
07-28 19:09:16.912 24665 31396 I ...DeviceAttributeCache: Setting device attribute CentralDeviceType to A1MPSLFC7L5AFK
07-28 19:09:16.912 24665 31396 I ...stributedDataStorage: Distributed data store is already initialized. Simply returning from initialize workflow.
07-28 19:09:16.913 24665 31396 I ...stributedDataStorage: Distributed data store is already initialized. Simply returning from initialize workflow.
07-28 19:09:16.915 24665 31396 I ...stributedDataStorage: Distributed data store is already initialized. Simply returning from initialize workflow.
07-28 19:09:16.916 24665 31396 I ...stributedDataStorage: Distributed data store is already initialized. Simply returning from initialize workflow.
07-28 19:09:16.918 24665 31396 I ...stributedDataStorage: Distributed data store is already initialized. Simply returning from initialize workflow.
07-28 19:09:16.918 24665 31396 I ...en.OAuthTokenManager: OAuth access token near or past expiry. Refreshing...
07-28 19:09:16.918 24665 31396 I ...en.OAuthTokenManager: Refreshing access token for package in.amazon.mShop.android.shopping
07-28 19:09:16.918 24665 31396 I ...stributedDataStorage: Distributed data store is already initialized. Simply returning from initialize workflow.
07-28 19:09:16.920 24665 31396 I ...stributedDataStorage: Distributed data store is already initialized. Simply returning from initialize workflow.
07-28 19:09:16.920 24665 31396 I ...ures.FeatureSetCache: Caching feature PandaExchangeRefreshToAccess as true
07-28 19:09:16.921 24665 31396 I ...stributedDataStorage: Distributed data store is already initialized. Simply returning from initialize workflow.
07-28 19:09:16.921 24665 31396 I ...stributedDataStorage: Distributed data store is already initialized. Simply returning from initialize workflow.
07-28 19:09:16.921 24665 31396 I ...s.AmazonDomainHelper: Cannot get panda registration domain, fall back to sign in domain: www.amazon.com
07-28 19:09:16.925 24665 31396 I ...xchangeRequestHelper: Refreshing Normal OAuth token with exchange token endpoint https://api.amazon.com:443/auth/token due to [in.amazon.mShop.android.shopping]
07-28 19:09:16.927 24665 31396 I ...stributedDataStorage: Distributed data store is already initialized. Simply returning from initialize workflow.
07-28 19:09:17.027 24665 31396 I ...AmazonWebserviceCall: X-Amzn-RequestId:c3c1e58a-b415-4c52-b77a-6459bc98ad30
07-28 19:09:17.028 24665 31396 I ...stributedDataStorage: Distributed data store is already initialized. Simply returning from initialize workflow.
07-28 19:09:17.028 24665 31396 I ...ils.AuthPortalHelper: Starting request to exchange token endpoint
07-28 19:09:17.038   287  1306 E NetlinkEvent: NetlinkEvent::FindParam(): Parameter 'TIME_NS' not found
07-28 19:09:17.038   287  1306 E NetlinkEvent: NetlinkEvent::FindParam(): Parameter 'UID' not found
07-28 19:09:18.094 24665 31396 I ...en.OAuthTokenManager: Response received from OAuth refresh to access exchange end-point
07-28 19:09:18.100 24665 31396 I ...stributedDataStorage: Distributed data store is already initialized. Simply returning from initialize workflow.
07-28 19:09:18.100 24665 31396 I ...stributedDataStorage: Distributed data store is already initialized. Simply returning from initialize workflow.
07-28 19:09:18.100 24665 31396 I ...stributedDataStorage: Distributed data store is already initialized. Simply returning from initialize workflow.
07-28 19:09:18.114 24665 31396 I ...stributedDataStorage: Distributed data store is already initialized. Simply returning from initialize workflow.
07-28 19:09:18.154 24665 31396 I ...stributedDataStorage: Distributed data store is already initialized. Simply returning from initialize workflow.
07-28 19:09:18.214 24665 31410 E Parcel  : Reading a NULL string not supported here.
07-28 19:09:18.222 24665 31410 E Parcel  : Reading a NULL string not supported here.
07-28 19:09:18.230 24665 31410 E Parcel  : Reading a NULL string not supported here.
07-28 19:09:18.240 24665 31410 E Parcel  : Reading a NULL string not supported here.
07-28 19:09:18.330 24665 31396 D AbstractMetricsFactoryImpl: Setting non-anonymous customer ID and session ID to null, and anonymous tag to true as the metric entry was not recorded in non-anonymous queue.
07-28 19:09:18.386  1847  4159 I ActivityManager: Start proc 31430:com.amazon.avod.thirdpartyclient/u0a398 for content provider com.amazon.avod.thirdpartyclient/com.amazon.avod.identity.AVODMAPInformationProvider
07-28 19:09:18.500 31430 31430 I chatty  : uid=10398(com.amazon.avod.thirdpartyclient) expire 24 lines
07-28 19:09:18.654  1847  5521 W ActivityManager: Permission Denial: getCurrentUser() from pid=31430, uid=10398 requires android.permission.INTERACT_ACROSS_USERS
07-28 19:09:18.771 31430 31440 I chatty  : uid=10398(com.amazon.avod.thirdpartyclient) Binder_1 expire 9 lines
07-28 19:09:18.805 31430 31453 I chatty  : uid=10398(com.amazon.avod.thirdpartyclient) MAPCommonThread expire 4 lines
07-28 19:09:19.028 31430 31465 I chatty  : uid=10398(com.amazon.avod.thirdpartyclient) pool-4-thread-1 expire 2 lines
07-28 19:09:19.195  1847  4540 D WifiService: New client listening to asynchronous messages
07-28 19:09:19.248 31430 31502 I chatty  : uid=10398(com.amazon.avod.thirdpartyclient) expire 32 lines
07-28 19:09:19.323 31430 31526 I chatty  : uid=10398(com.amazon.avod.thirdpartyclient) Thread-37410 expire 1 line
07-28 19:09:19.324 31430 31527 I chatty  : uid=10398(com.amazon.avod.thirdpartyclient) expire 1 line
07-28 19:09:19.329 31430 31528 I chatty  : uid=10398(com.amazon.avod.thirdpartyclient) expire 1 line
07-28 19:09:19.330  1847  1874 W ActivityManager: Permission Denial: getCurrentUser() from pid=31430, uid=10398 requires android.permission.INTERACT_ACROSS_USERS
07-28 19:09:19.337  1847  5502 D WifiService: acquireWifiLockLocked: WifiLock{HTTPMetricsTransport type=3 binder=android.os.BinderProxy@3a76d59}
07-28 19:09:19.338  1847  4539 E native  : do suspend false
07-28 19:09:19.341  1847  4629 D WifiService: acquireWifiLockLocked: WifiLock{HTTPMetricsTransport type=3 binder=android.os.BinderProxy@d70dd1e}
07-28 19:09:19.341  1847  4539 E native  : do suspend false
07-28 19:09:19.351 31430 31525 I chatty  : uid=10398(com.amazon.avod.thirdpartyclient) Thread-37409 expire 4 lines
07-28 19:09:19.353  1847  5235 D WifiService: releaseWifiLockLocked: WifiLock{HTTPMetricsTransport type=3 binder=android.os.BinderProxy@d70dd1e}
07-28 19:09:19.353  1847  4539 E native  : do suspend false
07-28 19:09:19.354  1847  4628 D WifiService: releaseWifiLockLocked: WifiLock{HTTPMetricsTransport type=3 binder=android.os.BinderProxy@3a76d59}
07-28 19:09:19.354  1847  4539 E native  : do suspend false
07-28 19:09:19.359 31430 31502 I chatty  : uid=10398(com.amazon.avod.thirdpartyclient) expire 5 lines
07-28 19:09:19.380 31430 31538 I chatty  : uid=10398(com.amazon.avod.thirdpartyclient) expire 5 lines
07-28 19:09:19.386 31430 31540 I chatty  : uid=10398(com.amazon.avod.thirdpartyclient) expire 10 lines
07-28 19:09:19.387 31430 31542 I chatty  : uid=10398(com.amazon.avod.thirdpartyclient) expire 26 lines
07-28 19:09:19.395 24665 24773 I DPLogger: DPLogger - Name was too long. Truncating; original name: TComm.HttpResponseValidator, truncated name: TComm.HttpResponseValid
07-28 19:09:19.395 31430 31543 I chatty  : uid=10398(com.amazon.avod.thirdpartyclient) expire 4 lines
07-28 19:09:19.408 31430 31537 I chatty  : uid=10398(com.amazon.avod.thirdpartyclient) StorageHelper:D expire 6 lines
07-28 19:09:19.424  1847  5300 D WifiService: releaseWifiLockLocked: WifiLock{HTTPMetricsTransport type=3 binder=android.os.BinderProxy@149f096}
07-28 19:09:19.425  1847  4539 E native  : do suspend true
07-28 19:09:19.434  1847  4629 D PowerManagerService: acquireWakeLock: ignoring request from in.amazon.mShop.android.shopping
07-28 19:09:19.436 31430 31527 I chatty  : uid=10398(com.amazon.avod.thirdpartyclient) expire 1 line
07-28 19:09:19.437  1847  5224 D WifiService: acquireWifiLockLocked: WifiLock{HTTPMetricsTransport type=3 binder=android.os.BinderProxy@b49ad2a}
07-28 19:09:19.439  1847  4539 E native  : do suspend false
07-28 19:09:19.445 31430 31552 I chatty  : uid=10398(com.amazon.avod.thirdpartyclient) pool-26-thread- expire 4 lines
07-28 19:09:19.451 31430 31554 I chatty  : uid=10398(com.amazon.avod.thirdpartyclient) MultipleAdultsM expire 2 lines
07-28 19:09:19.453 24665 24773 I ...stributedDataStorage: Distributed data store is already initialized. Simply returning from initialize workflow.
07-28 19:09:19.454 24665 24773 I ...stributedDataStorage: Distributed data store is already initialized. Simply returning from initialize workflow.
07-28 19:09:19.454 24665 24773 I ...stributedDataStorage: Distributed data store is already initialized. Simply returning from initialize workflow.
07-28 19:09:19.454 24665 24773 I ...stributedDataStorage: Distributed data store is already initialized. Simply returning from initialize workflow.
07-28 19:09:19.454 24665 24773 I ...stributedDataStorage: Distributed data store is already initialized. Simply returning from initialize workflow.
07-28 19:09:19.457 24665 31396 I ...stributedDataStorage: Distributed data store is already initialized. Simply returning from initialize workflow.
07-28 19:09:19.463 24665 31396 I ...stributedDataStorage: Distributed data store is already initialized. Simply returning from initialize workflow.
07-28 19:09:19.467 24665 31396 I ...stributedDataStorage: Distributed data store is already initialized. Simply returning from initialize workflow.
07-28 19:09:19.468 24665 31396 I ...stributedDataStorage: Distributed data store is already initialized. Simply returning from initialize workflow.
07-28 19:09:19.469 24665 31396 I ...stributedDataStorage: Distributed data store is already initialized. Simply returning from initialize workflow.
07-28 19:09:19.473 24665 31396 I ...stributedDataStorage: Distributed data store is already initialized. Simply returning from initialize workflow.
07-28 19:09:19.474 24665 31396 I ...stributedDataStorage: Distributed data store is already initialized. Simply returning from initialize workflow.
07-28 19:09:19.474 24665 31396 D AbstractMetricsFactoryImpl: record : No valid data points in metrics event
07-28 19:09:19.480 31430 31554 E AmazonVideo: EXCEPTION JsonContractException in AppStartupConfigResponse$KeyValueEntryParser.parse: Encountered JsonContractException parsing list entry for additionalConfig; will drop from the list: com.amazon.avod.config.internal.AppStartupConfigResponse.KeyValueEntryParser.EntryParser expected value for key latestVersion and it wasn't found (or failed to parse) in the json
07-28 19:09:19.482 31430 31537 W AmazonVideo: Warning: Could not disable media scanner for: xxaivxx (open failed: ENOENT (No such file or directory))
07-28 19:09:19.482 31430 31537 I AmazonVideo: An SD card slot has been detected
07-28 19:09:19.482 31430 31537 I AmazonVideo: Updated SD card path: xxaivxx (Writable)
07-28 19:09:19.495 31430 31554 I AmazonVideo.profiler: Metric[name=ServiceResponseCache:AppStartupConfig:DiskCacheHit, type=[Counter], val=1]
07-28 19:09:19.496 31430 31554 D AbstractMetricsFactoryImpl: Setting non-anonymous customer ID and session ID to null, and anonymous tag to true as the metric entry was not recorded in non-anonymous queue.
07-28 19:09:19.501 31430 31502 I AmazonVideo: Entered initialize for MediaSystem
07-28 19:09:19.501 31430 31502 I AmazonVideo: MediaSystem:Initialization:ResolveRendererScheme
07-28 19:09:19.506 31430 31502 I AmazonVideo: Skipping com.amazon.avod.playback.renderer.mediacodec.MediaCodecMediaDrmRendererScheme because it is disabled by server config or weblab
07-28 19:09:19.506 31430 31554 I AmazonVideo.profiler: Metric[name=ServiceResponseCache:AppStartupConfig:CacheFresh, type=[Counter], val=1]
07-28 19:09:19.507 31430 31554 D AbstractMetricsFactoryImpl: Setting non-anonymous customer ID and session ID to null, and anonymous tag to true as the metric entry was not recorded in non-anonymous queue.
07-28 19:09:19.507 31430 31502 I AmazonVideo: Skipping com.amazon.avod.playback.renderer.tate.OMXILRendererScheme because it is unavailable
07-28 19:09:19.507 31430 31502 I AmazonVideo: Skipping com.amazon.avod.playback.renderer.mediacodec.MediaCodecSoftwarePlayReadyRendererScheme because it is disabled by server config or weblab
07-28 19:09:19.509 31430 31554 I AmazonVideo: Attempt #1: success running FetchVideoRegionCallable. Returning.
07-28 19:09:19.510 31430 31542 I AmazonVideo: Successfully updated to HouseholdInfo{current=xxaivxx, isOwner=true, device=xxaivxx, videoRegion=VideoRegion{vcr=IN, avMarketplace=A2MFUE2XK8ZSSY, currentCountry=IN, homeRegion=EU}, externalMarketplace=A21TJRUUN4KGV}
07-28 19:09:19.510 31430 31542 I AmazonVideo: Completed initialize for SingleAdultManager
07-28 19:09:19.510 31430 31542 I AmazonVideo: Identity:Initialization:CheckForIdentityChange
07-28 19:09:19.510 31430 31542 I AmazonVideo: Last known value: Optional.of(IdentityPersistenceData{userId=xxaivxx, marketplace=A2MFUE2XK8ZSSY, currentCountry=IN, vcr=IN})
07-28 19:09:19.511 31430 31542 I AmazonVideo: Last known value: Optional.of(IdentityPersistenceData{userId=xxaivxx, marketplace=A2MFUE2XK8ZSSY, currentCountry=IN, vcr=IN})
07-28 19:09:19.512 31430 31542 I AmazonVideo: IdentityChangeTrigger{result=match, current=HouseholdInfo{current=xxaivxx, isOwner=true, device=xxaivxx, videoRegion=VideoRegion{vcr=IN, avMarketplace=A2MFUE2XK8ZSSY, currentCountry=IN, homeRegion=EU}, externalMarketplace=A21TJRUUN4KGV}, persisted=IdentityPersistenceData{userId=xxaivxx, marketplace=A2MFUE2XK8ZSSY, currentCountry=IN, vcr=IN}}
07-28 19:09:19.512 31430 31542 I AmazonVideo: Starting prewarm for Cache token
07-28 19:09:19.512 31430 31542 I AmazonVideo: Completed initialize for Identity
07-28 19:09:19.512 31430 31542 I AmazonVideo: ServiceClient and Identity initialized
07-28 19:09:19.512 31430 31543 I AmazonVideo: Entered initialize for SyncScheduler
07-28 19:09:19.515 31430 31543 I AmazonVideo: Sync Framework: Found sync account Amazon Video Sync
07-28 19:09:19.516 31430 31543 I AmazonVideo: Completed initialize for SyncScheduler
07-28 19:09:19.516 31430 31543 I AmazonVideo: Entered initialize for SyncScheduler
07-28 19:09:19.516 31430 31543 I AmazonVideo: Completed initialize for SyncScheduler
07-28 19:09:19.516 31430 31453 I ...DeviceAttributeCache: Setting device attribute CentralDeviceType to A1MPSLFC7L5AFK
07-28 19:09:19.518 31430 31543 I AmazonVideo: Sync Framework: Scheduling periodic sync at 5400 second frequency
07-28 19:09:19.523 31430 31453 D AbstractMetricsFactoryImpl: record : No valid data points in metrics event
07-28 19:09:19.524 31430 31557 I AmazonVideo.profiler: Metric[name=BearerTokenFetch:Success, type=[Counter, ForceRefresh:false], val=1]
07-28 19:09:19.524 31430 31557 D AbstractMetricsFactoryImpl: Setting non-anonymous customer ID and session ID to null, and anonymous tag to true as the metric entry was not recorded in non-anonymous queue.
07-28 19:09:19.525 31430 31557 D AbstractMetricsFactoryImpl: Setting non-anonymous customer ID and session ID to null, and anonymous tag to true as the metric entry was not recorded in non-anonymous queue.
07-28 19:09:19.526 31430 31557 I AmazonVideo: BearerTokenCache: BearerToken{owner=xxaivxx, success=xxaivxx, failure=null}
07-28 19:09:19.537 31430 31543 I AmazonVideo: Waiting for MediaSystem to initialize, current state Initializing
07-28 19:09:19.538 31430 31542 I AmazonVideo: Entered initialize for ImageMemoryConfig
07-28 19:09:19.539 31430 31542 I AmazonVideo: Completed initialize for ImageMemoryConfig
07-28 19:09:19.543 31430 31538 I AmazonVideo: Entered initialize for PurchaseComponents
07-28 19:09:19.543 31430 31540 I AmazonVideo: Device compressed texture support is set to false
07-28 19:09:19.544 31430 31542 I AmazonVideo: Entered initialize for ImageDownloadManager
07-28 19:09:19.546 31430 31538 I AmazonVideo: Completed initialize for PurchaseComponents
07-28 19:09:19.547 31430 31542 I AmazonVideo: Completed initialize for ImageDownloadManager
07-28 19:09:19.547 31430 31542 I AmazonVideo: Entered initialize for PlaceholderImageCache
07-28 19:09:19.548 31430 31542 E AmazonVideo: EXCEPTION NoSuchMethodException in DirectTextureImageCache$DirectTextureWrapper.<clinit>: Unable to get DirectTexture constructor and methods. Will not use DirectTextures for placeholders: allocateFromImage [class android.content.res.Resources, int, boolean]
07-28 19:09:19.548 31430 31542 I AmazonVideo: Completed initialize for PlaceholderImageCache
07-28 19:09:19.549 31430 31542 I AmazonVideo: Entered initialize for DirectTextureConfig
07-28 19:09:19.549 31430 31542 I AmazonVideo: Completed initialize for DirectTextureConfig
07-28 19:09:19.563 31430 31558 I AmazonLauncher.BuildVariant: Device build variant: User
07-28 19:09:19.563 31430 31558 I AmazonLauncher.SicsGraph: SICS graph constructed for instance ImageDownloadManager using mode: Bitmap
07-28 19:09:19.564 31430 31538 I AmazonVideo: Entered initialize for PushNotifications
07-28 19:09:19.569 31430 31538 I AmazonVideo: Push notification is enabled
07-28 19:09:19.570 31430 31558 I AmazonLauncher.SicsConfig: -------------------------
07-28 19:09:19.570 31430 31558 I AmazonLauncher.SicsConfig: SICS Version                   : TabletSICS 2.5.24
07-28 19:09:19.570 31430 31558 I AmazonLauncher.SicsConfig: SICS Cache Name                : ImageDownloadManager
07-28 19:09:19.570 31430 31558 I AmazonLauncher.SicsConfig: Image Maximum Height           : 1
07-28 19:09:19.570 31430 31558 I AmazonLauncher.SicsConfig: Image Maximum Width            : 1
07-28 19:09:19.570 31430 31558 I AmazonLauncher.SicsConfig: Log Level                      : Warning
07-28 19:09:19.570 31430 31558 I AmazonLauncher.SicsConfig: Available Cache Size           : 1
07-28 19:09:19.570 31430 31558 I AmazonLauncher.SicsConfig: CSR Cache Size                 : 0
07-28 19:09:19.570 31430 31558 I AmazonLauncher.SicsConfig: CSR File Name                  : /data/user/0/com.amazon.avod.thirdpartyclient/cache/.csr/ImageDownloadManager.csr
07-28 19:09:19.570 31430 31558 I AmazonLauncher.SicsConfig: Downloaded Cache Size          : 500
07-28 19:09:19.570 31430 31558 I AmazonLauncher.SicsConfig: Download Cache Path            : /data/user/0/com.amazon.avod.thirdpartyclient/cache/.AmazonInstantVideo/Thumbnails
07-28 19:09:19.570 31430 31558 I AmazonLauncher.SicsConfig: Requested Mode                 : Auto
07-28 19:09:19.570 31430 31558 I AmazonLauncher.SicsConfig: Custom ThreadModel             : true
07-28 19:09:19.570 31430 31558 I AmazonLauncher.SicsConfig: Custom FileIdentifier          : false
07-28 19:09:19.570 31430 31558 I AmazonLauncher.SicsConfig: Transaction Error Resol.       : ContinueWithBestEffort
07-28 19:09:19.570 31430 31558 I AmazonLauncher.SicsConfig: Scheme Resolvers               : false
07-28 19:09:19.570 31430 31558 I AmazonLauncher.SicsConfig: Available Cache Max. Pool Size : {}
07-28 19:09:19.570 31430 31558 I AmazonLauncher.SicsConfig: -------------------------
07-28 19:09:19.571 31430 31558 W AmazonVideo: Warning: Resource DelegatingSicsCache (ImageDownloadManager) should not be scoped to the application! Find a different ResourceScope
07-28 19:09:19.572 31430 31538 I AmazonVideo: Entered initialize for PushFrontendServiceClient
07-28 19:09:19.572 31430 31538 I AmazonVideo: Completed initialize for PushFrontendServiceClient
07-28 19:09:19.572 31430 31558 I AmazonLauncher.SicsGraph: SICS graph constructed for instance ImageDownloadManager using mode: Bitmap
07-28 19:09:19.573 31430 31558 I AmazonLauncher.SicsConfig: -------------------------
07-28 19:09:19.573 31430 31558 I AmazonLauncher.SicsConfig: SICS Version                   : TabletSICS 2.5.24
07-28 19:09:19.573 31430 31558 I AmazonLauncher.SicsConfig: SICS Cache Name                : ImageDownloadManager
07-28 19:09:19.573 31430 31558 I AmazonLauncher.SicsConfig: Image Maximum Height           : 1
07-28 19:09:19.573 31430 31558 I AmazonLauncher.SicsConfig: Image Maximum Width            : 1
07-28 19:09:19.573 31430 31558 I AmazonLauncher.SicsConfig: Log Level                      : Warning
07-28 19:09:19.573 31430 31558 I AmazonLauncher.SicsConfig: Available Cache Size           : 1
07-28 19:09:19.573 31430 31558 I AmazonLauncher.SicsConfig: CSR Cache Size                 : 0
07-28 19:09:19.573 31430 31558 I AmazonLauncher.SicsConfig: CSR File Name                  : /data/user/0/com.amazon.avod.thirdpartyclient/cache/.csr/ImageDownloadManager.csr
07-28 19:09:19.573 31430 31558 I AmazonLauncher.SicsConfig: Downloaded Cache Size          : 500
07-28 19:09:19.573 31430 31558 I AmazonLauncher.SicsConfig: Download Cache Path            : /data/user/0/com.amazon.avod.thirdpartyclient/cache/.AmazonInstantVideo/Thumbnails
07-28 19:09:19.573 31430 31558 I AmazonLauncher.SicsConfig: Requested Mode                 : Auto
07-28 19:09:19.573 31430 31558 I AmazonLauncher.SicsConfig: Custom ThreadModel             : true
07-28 19:09:19.573 31430 31558 I AmazonLauncher.SicsConfig: Custom FileIdentifier          : false
07-28 19:09:19.573 31430 31558 I AmazonLauncher.SicsConfig: Transaction Error Resol.       : ContinueWithBestEffort
07-28 19:09:19.573 31430 31558 I AmazonLauncher.SicsConfig: Scheme Resolvers               : false
07-28 19:09:19.573 31430 31558 I AmazonLauncher.SicsConfig: Available Cache Max. Pool Size : {}
07-28 19:09:19.573 31430 31558 I AmazonLauncher.SicsConfig: -------------------------
07-28 19:09:19.573 31430 31558 W AmazonVideo: Warning: Resource DelegatingSicsCache (ImageDownloadManager) should not be scoped to the application! Find a different ResourceScope
07-28 19:09:19.582 31430 31538 I AmazonVideo: Completed initialize for PushNotifications
07-28 19:09:19.583 31430 31538 I AmazonVideo.profiler: Metric[name=PNInitializedSuccess_optOut, type=[Counter], val=1]
07-28 19:09:19.584 31430 31538 D AbstractMetricsFactoryImpl: Setting non-anonymous customer ID and session ID to null, and anonymous tag to true as the metric entry was not recorded in non-anonymous queue.
07-28 19:09:19.589 31430 31560 I AmazonVideo: Push info has not changed, not updating the Push backend
07-28 19:09:19.589 31430 31560 I AmazonVideo.profiler: Metric[name=PNRegistrationSuccess_GCM, type=[Counter], val=1]
07-28 19:09:19.590 31430 31560 D AbstractMetricsFactoryImpl: Setting non-anonymous customer ID and session ID to null, and anonymous tag to true as the metric entry was not recorded in non-anonymous queue.
07-28 19:09:19.613 31430 31565 I AmazonVideo.profiler: Metric[name=ServiceResponseCache:home:DiskCacheHit, type=[Counter], val=1]
07-28 19:09:19.613 31430 31565 D AbstractMetricsFactoryImpl: Setting non-anonymous customer ID and session ID to null, and anonymous tag to true as the metric entry was not recorded in non-anonymous queue.
07-28 19:09:19.615 31430 31565 I AmazonVideo.profiler: Metric[name=ServiceResponseCache:home:CacheFresh, type=[Counter], val=1]
07-28 19:09:19.615 31430 31565 D AbstractMetricsFactoryImpl: Setting non-anonymous customer ID and session ID to null, and anonymous tag to true as the metric entry was not recorded in non-anonymous queue.
07-28 19:09:19.637 31430 31502 I AmazonVideo: Selecting VisualOnRendererScheme
07-28 19:09:19.637 31430 31502 I AmazonVideo: MediaSystem:Initialization:CreateObjectGraph
07-28 19:09:19.657 31430 31502 I AmazonVideo: MediaSystem:Initialization:InjectMembers
07-28 19:09:19.659 31430 31564 W AmazonVideo: Warning: Reviews fragment missing from response; assuming title does not have reviews
07-28 19:09:19.659 31430 31564 W AmazonVideo: Warning: TitleActions not found in the response. Assuming offers text unavailable.
07-28 19:09:19.660 31430 31564 W AmazonVideo: Warning: Reviews fragment missing from response; assuming title does not have reviews
07-28 19:09:19.660 31430 31564 W AmazonVideo: Warning: TitleActions not found in the response. Assuming offers text unavailable.
07-28 19:09:19.660 31430 31564 W AmazonVideo: Warning: Reviews fragment missing from response; assuming title does not have reviews
07-28 19:09:19.660 31430 31564 W AmazonVideo: Warning: TitleActions not found in the response. Assuming offers text unavailable.
07-28 19:09:19.660 31430 31564 W AmazonVideo: Warning: Reviews fragment missing from response; assuming title does not have reviews
07-28 19:09:19.660 31430 31564 W AmazonVideo: Warning: TitleActions not found in the response. Assuming offers text unavailable.
07-28 19:09:19.660 31430 31564 W AmazonVideo: Warning: Reviews fragment missing from response; assuming title does not have reviews
07-28 19:09:19.660 31430 31564 W AmazonVideo: Warning: TitleActions not found in the response. Assuming offers text unavailable.
07-28 19:09:19.660 31430 31564 W AmazonVideo: Warning: Reviews fragment missing from response; assuming title does not have reviews
07-28 19:09:19.660 31430 31564 W AmazonVideo: Warning: TitleActions not found in the response. Assuming offers text unavailable.
07-28 19:09:19.660 31430 31564 W AmazonVideo: Warning: Reviews fragment missing from response; assuming title does not have reviews
07-28 19:09:19.660 31430 31564 W AmazonVideo: Warning: TitleActions not found in the response. Assuming offers text unavailable.
07-28 19:09:19.660 31430 31564 W AmazonVideo: Warning: Reviews fragment missing from response; assuming title does not have reviews
07-28 19:09:19.660 31430 31564 W AmazonVideo: Warning: TitleActions not found in the response. Assuming offers text unavailable.
07-28 19:09:19.660 31430 31564 W AmazonVideo: Warning: Reviews fragment missing from response; assuming title does not have reviews
07-28 19:09:19.660 31430 31564 W AmazonVideo: Warning: TitleActions not found in the response. Assuming offers text unavailable.
07-28 19:09:19.661 31430 31564 W AmazonVideo: Warning: Reviews fragment missing from response; assuming title does not have reviews
07-28 19:09:19.661 31430 31564 W AmazonVideo: Warning: TitleActions not found in the response. Assuming offers text unavailable.
07-28 19:09:19.661 31430 31564 W AmazonVideo: Warning: Reviews fragment missing from response; assuming title does not have reviews
07-28 19:09:19.661 31430 31502 I AmazonVideo: DeviceConfiguration Width=1920, Height=1080
07-28 19:09:19.661 31430 31564 W AmazonVideo: Warning: TitleActions not found in the response. Assuming offers text unavailable.
07-28 19:09:19.661 31430 31564 W AmazonVideo: Warning: Reviews fragment missing from response; assuming title does not have reviews
07-28 19:09:19.661 31430 31564 W AmazonVideo: Warning: TitleActions not found in the response. Assuming offers text unavailable.
07-28 19:09:19.661 31430 31564 W AmazonVideo: Warning: Reviews fragment missing from response; assuming title does not have reviews
07-28 19:09:19.661 31430 31564 W AmazonVideo: Warning: TitleActions not found in the response. Assuming offers text unavailable.
07-28 19:09:19.661 31430 31564 W AmazonVideo: Warning: Reviews fragment missing from response; assuming title does not have reviews
07-28 19:09:19.661 31430 31564 W AmazonVideo: Warning: TitleActions not found in the response. Assuming offers text unavailable.
07-28 19:09:19.661 31430 31564 W AmazonVideo: Warning: Reviews fragment missing from response; assuming title does not have reviews
07-28 19:09:19.661 31430 31564 W AmazonVideo: Warning: TitleActions not found in the response. Assuming offers text unavailable.
07-28 19:09:19.661 31430 31564 W AmazonVideo: Warning: Reviews fragment missing from response; assuming title does not have reviews
07-28 19:09:19.661 31430 31564 W AmazonVideo: Warning: TitleActions not found in the response. Assuming offers text unavailable.
07-28 19:09:19.661 31430 31564 W AmazonVideo: Warning: Reviews fragment missing from response; assuming title does not have reviews
07-28 19:09:19.661 31430 31564 W AmazonVideo: Warning: TitleActions not found in the response. Assuming offers text unavailable.
07-28 19:09:19.661 31430 31564 W AmazonVideo: Warning: Reviews fragment missing from response; assuming title does not have reviews
07-28 19:09:19.661 31430 31564 W AmazonVideo: Warning: TitleActions not found in the response. Assuming offers text unavailable.
07-28 19:09:19.662 31430 31564 W AmazonVideo: Warning: Reviews fragment missing from response; assuming title does not have reviews
07-28 19:09:19.662 31430 31564 W AmazonVideo: Warning: TitleActions not found in the response. Assuming offers text unavailable.
07-28 19:09:19.662 31430 31564 W AmazonVideo: Warning: Reviews fragment missing from response; assuming title does not have reviews
07-28 19:09:19.662 31430 31564 W AmazonVideo: Warning: TitleActions not found in the response. Assuming offers text unavailable.
07-28 19:09:19.662 31430 31564 W AmazonVideo: Warning: Reviews fragment missing from response; assuming title does not have reviews
07-28 19:09:19.662 31430 31564 W AmazonVideo: Warning: TitleActions not found in the response. Assuming offers text unavailable.
07-28 19:09:19.662 31430 31564 W AmazonVideo: Warning: Reviews fragment missing from response; assuming title does not have reviews
07-28 19:09:19.662 31430 31564 W AmazonVideo: Warning: TitleActions not found in the response. Assuming offers text unavailable.
07-28 19:09:19.662 31430 31564 W AmazonVideo: Warning: Reviews fragment missing from response; assuming title does not have reviews
07-28 19:09:19.662 31430 31564 W AmazonVideo: Warning: TitleActions not found in the response. Assuming offers text unavailable.
07-28 19:09:19.662 31430 31564 W AmazonVideo: Warning: Reviews fragment missing from response; assuming title does not have reviews
07-28 19:09:19.662 31430 31564 W AmazonVideo: Warning: TitleActions not found in the response. Assuming offers text unavailable.
07-28 19:09:19.663 31430 31564 W AmazonVideo: Warning: Reviews fragment missing from response; assuming title does not have reviews
07-28 19:09:19.663 31430 31564 W AmazonVideo: Warning: TitleActions not found in the response. Assuming offers text unavailable.
07-28 19:09:19.663 31430 31564 W AmazonVideo: Warning: Reviews fragment missing from response; assuming title does not have reviews
07-28 19:09:19.663 31430 31564 W AmazonVideo: Warning: TitleActions not found in the response. Assuming offers text unavailable.
07-28 19:09:19.663 31430 31564 W AmazonVideo: Warning: Reviews fragment missing from response; assuming title does not have reviews
07-28 19:09:19.663 31430 31564 W AmazonVideo: Warning: TitleActions not found in the response. Assuming offers text unavailable.
07-28 19:09:19.663 31430 31564 W AmazonVideo: Warning: Reviews fragment missing from response; assuming title does not have reviews
07-28 19:09:19.663 31430 31564 W AmazonVideo: Warning: TitleActions not found in the response. Assuming offers text unavailable.
07-28 19:09:19.663 31430 31564 W AmazonVideo: Warning: Reviews fragment missing from response; assuming title does not have reviews
07-28 19:09:19.663 31430 31564 W AmazonVideo: Warning: TitleActions not found in the response. Assuming offers text unavailable.
07-28 19:09:19.663 31430 31564 W AmazonVideo: Warning: Reviews fragment missing from response; assuming title does not have reviews
07-28 19:09:19.663 31430 31564 W AmazonVideo: Warning: TitleActions not found in the response. Assuming offers text unavailable.
07-28 19:09:19.663 31430 31564 W AmazonVideo: Warning: Reviews fragment missing from response; assuming title does not have reviews
07-28 19:09:19.663 31430 31564 W AmazonVideo: Warning: TitleActions not found in the response. Assuming offers text unavailable.
07-28 19:09:19.663 31430 31564 W AmazonVideo: Warning: Reviews fragment missing from response; assuming title does not have reviews
07-28 19:09:19.663 31430 31564 W AmazonVideo: Warning: TitleActions not found in the response. Assuming offers text unavailable.
07-28 19:09:19.663 31430 31564 W AmazonVideo: Warning: Reviews fragment missing from response; assuming title does not have reviews
07-28 19:09:19.663 31430 31564 W AmazonVideo: Warning: TitleActions not found in the response. Assuming offers text unavailable.
07-28 19:09:19.664 31430 31564 W AmazonVideo: Warning: Reviews fragment missing from response; assuming title does not have reviews
07-28 19:09:19.664 31430 31564 W AmazonVideo: Warning: TitleActions not found in the response. Assuming offers text unavailable.
07-28 19:09:19.664 31430 31564 W AmazonVideo: Warning: Reviews fragment missing from response; assuming title does not have reviews
07-28 19:09:19.664 31430 31564 W AmazonVideo: Warning: TitleActions not found in the response. Assuming offers text unavailable.
07-28 19:09:19.664 31430 31564 W AmazonVideo: Warning: Reviews fragment missing from response; assuming title does not have reviews
07-28 19:09:19.664 31430 31564 W AmazonVideo: Warning: TitleActions not found in the response. Assuming offers text unavailable.
07-28 19:09:19.664 31430 31564 W AmazonVideo: Warning: Reviews fragment missing from response; assuming title does not have reviews
07-28 19:09:19.664 31430 31564 W AmazonVideo: Warning: TitleActions not found in the response. Assuming offers text unavailable.
07-28 19:09:19.664 31430 31564 W AmazonVideo: Warning: Reviews fragment missing from response; assuming title does not have reviews
07-28 19:09:19.664 31430 31564 W AmazonVideo: Warning: TitleActions not found in the response. Assuming offers text unavailable.
07-28 19:09:19.664 31430 31564 W AmazonVideo: Warning: Reviews fragment missing from response; assuming title does not have reviews
07-28 19:09:19.664 31430 31564 W AmazonVideo: Warning: TitleActions not found in the response. Assuming offers text unavailable.
07-28 19:09:19.665 31430 31564 I AmazonVideo.profiler: Metric[name=ServiceResponseCache:home:DiskCacheHit, type=[Counter], val=1]
07-28 19:09:19.665 31430 31564 D AbstractMetricsFactoryImpl: Setting non-anonymous customer ID and session ID to null, and anonymous tag to true as the metric entry was not recorded in non-anonymous queue.
07-28 19:09:19.666 31430 31564 I AmazonVideo.profiler: Metric[name=ServiceResponseCache:home:CacheFresh, type=[Counter], val=1]
07-28 19:09:19.666 31430 31564 D AbstractMetricsFactoryImpl: Setting non-anonymous customer ID and session ID to null, and anonymous tag to true as the metric entry was not recorded in non-anonymous queue.
07-28 19:09:19.684 31430 31502 I AmazonVideo: MediaSystem:Initialization:InitializeRendererScheme
07-28 19:09:19.687 31430 31502 I AmazonVideo: MediaSystem:Initialization:LoadLibrariesAsync
07-28 19:09:19.688 31430 31502 I AmazonVideo: MediaSystem:Initialization:InitializeComponents
07-28 19:09:19.693 31430 31569 I AmazonVideo: No initialization needed for path /data/user/0/com.amazon.avod.thirdpartyclient/lib
07-28 19:09:19.694 31430 31569 I AmazonVideo: Loading library AIVMemoryAllocator
07-28 19:09:19.705 31430 31569 I AmazonVideo: Success! Directly loaded native library /data/user/0/com.amazon.avod.thirdpartyclient/lib/libAIVMemoryAllocator.so.
07-28 19:09:19.706 31430 31569 I AmazonVideo: Loading library amzsspk
07-28 19:09:19.720 31430 31569 I AmazonVideo: Success! Directly loaded native library /data/user/0/com.amazon.avod.thirdpartyclient/lib/libamzsspk.so.
07-28 19:09:19.720 31430 31569 I AmazonVideo: Loading library AIVDash
07-28 19:09:19.734 31430 31569 I AmazonVideo: Success! Directly loaded native library /data/user/0/com.amazon.avod.thirdpartyclient/lib/libAIVDash.so.
07-28 19:09:19.735 31430 31569 I AmazonVideo: Loading library ATVPlaybackSmoothStream
07-28 19:09:19.742 31430 31502 I AmazonVideo: Function mountTmpfs not available for InMemoryMappedFolder
07-28 19:09:19.742 31430 31502 I AmazonVideo: Function unMountTmpfs not available for InMemoryMappedFolder
07-28 19:09:19.742 31430 31502 I AmazonVideo: Retrieving the storage manager from storage service
07-28 19:09:19.744 31430 31502 I AmazonVideo: Successfully retrieved an instance of the storage manager
07-28 19:09:19.746 31430 31502 I AmazonVideo: Initializing media component SoftwarePlayReadyDrmFramework
07-28 19:09:19.746 31430 31502 I AmazonVideo: Initializing media component QosEventModelMediaComponent
07-28 19:09:19.746 31430 31502 I AmazonVideo: Initializing media component DrmLicenseCleaner
07-28 19:09:19.747 31430 31571 I AmazonVideo: Deleting all expired licenses on MediaComponent initialization.
07-28 19:09:19.747 31430 31571 I AmazonVideo: Waiting for PlayReadyDrmSystem to initialize, current state NotInitialized
07-28 19:09:19.747 31430 31569 I AmazonVideo: Success! Directly loaded native library /data/user/0/com.amazon.avod.thirdpartyclient/lib/libATVPlaybackSmoothStream.so.
07-28 19:09:19.747 31430 31569 I AmazonVideo: Loading library AIVPlayReadyLicensing
07-28 19:09:19.747  1847  4629 D WifiService: releaseWifiLockLocked: WifiLock{HTTPMetricsTransport type=3 binder=android.os.BinderProxy@b49ad2a}
07-28 19:09:19.748  1847  4539 E native  : do suspend true
07-28 19:09:19.750 31430 31502 I AmazonVideo: Initializing media component DefaultHeuristicsConfigurationSynchronizer
07-28 19:09:19.751 31430 31502 I AmazonVideo: Initializing media component FileBackedContentStore
07-28 19:09:19.751 31430 31573 I AmazonVideo: Stop loading heuristics configuration because device is offline or inactive
07-28 19:09:19.752 31430 31502 I AmazonVideo: Entered initialize for PlayReadyDrmSystem
07-28 19:09:19.753 31430 31502 I AmazonVideo: Completed initialize for PlayReadyDrmSystem
07-28 19:09:19.753 31430 31571 I AmazonVideo: Deleting expired licenses from PLAYREADY license store
07-28 19:09:19.753 31430 31502 I AmazonVideo: Completed initialize for MediaSystem
07-28 19:09:19.754  1847  4628 D PowerManagerService: acquireWakeLock: ignoring request from in.amazon.mShop.android.shopping
07-28 19:09:19.755  1847  5224 D WifiService: acquireWifiLockLocked: WifiLock{HTTPMetricsTransport type=3 binder=android.os.BinderProxy@4b9d064}
07-28 19:09:19.758 24665 24773 I ...stributedDataStorage: Distributed data store is already initialized. Simply returning from initialize workflow.
07-28 19:09:19.758 24665 24773 I ...stributedDataStorage: Distributed data store is already initialized. Simply returning from initialize workflow.
07-28 19:09:19.758 24665 24773 I ...stributedDataStorage: Distributed data store is already initialized. Simply returning from initialize workflow.
07-28 19:09:19.758 24665 24773 I ...stributedDataStorage: Distributed data store is already initialized. Simply returning from initialize workflow.
07-28 19:09:19.758 24665 24773 I ...stributedDataStorage: Distributed data store is already initialized. Simply returning from initialize workflow.
07-28 19:09:19.758 24665 31396 I ...stributedDataStorage: Distributed data store is already initialized. Simply returning from initialize workflow.
07-28 19:09:19.759 24665 31396 I ...stributedDataStorage: Distributed data store is already initialized. Simply returning from initialize workflow.
07-28 19:09:19.761 24665 31396 I ...stributedDataStorage: Distributed data store is already initialized. Simply returning from initialize workflow.
07-28 19:09:19.762  1847  4539 E native  : do suspend false
07-28 19:09:19.763 24665 31396 I ...stributedDataStorage: Distributed data store is already initialized. Simply returning from initialize workflow.
07-28 19:09:19.765 24665 31396 I ...stributedDataStorage: Distributed data store is already initialized. Simply returning from initialize workflow.
07-28 19:09:19.766 24665 31396 I ...stributedDataStorage: Distributed data store is already initialized. Simply returning from initialize workflow.
07-28 19:09:19.767 24665 31396 I ...stributedDataStorage: Distributed data store is already initialized. Simply returning from initialize workflow.
07-28 19:09:19.767 24665 31396 D AbstractMetricsFactoryImpl: record : No valid data points in metrics event
07-28 19:09:19.771 31430 31569 I AmazonVideo: Success! Directly loaded native library /data/user/0/com.amazon.avod.thirdpartyclient/lib/libAIVPlayReadyLicensing.so.
07-28 19:09:19.771 31430 31569 I AmazonVideo: Loading library voOSCEngine
07-28 19:09:19.775 31430 31502 D AmazonMobileAds AmazonOOAdRegistration: Debug logging has been enabled.
07-28 19:09:19.776 31430 31502 D AmazonMobileAds AmazonOOAdRegistration: Amazon Mobile Ads API Version: 5.8.2
07-28 19:09:19.777 31430 31543 I AmazonVideo: DownloadThrottle: Disabled, factor: 1.000000, max delay: 4000ms
07-28 19:09:19.783 31430 31575 I art     : Note: end time exceeds epoch: 
07-28 19:09:19.789 31430 31569 I AmazonVideo: Success! Directly loaded native library /data/user/0/com.amazon.avod.thirdpartyclient/lib/libvoOSCEngine.so.
07-28 19:09:19.789 31430 31569 I AmazonVideo: Loading library AIVVisualOnRenderer
07-28 19:09:19.801 31430 31502 D AmazonMobileAds Configuration: The configuration has expired. A new configuration will be retrieved.
07-28 19:09:19.801 31430 31502 D AmazonMobileAds Configuration: Starting configuration fetching...
07-28 19:09:19.801 31430 31576 D AmazonMobileAds Configuration: In configuration fetcher background thread.
07-28 19:09:19.805 31430 31569 I AmazonVideo: Success! Directly loaded native library /data/user/0/com.amazon.avod.thirdpartyclient/lib/libAIVVisualOnRenderer.so.
07-28 19:09:19.805 31430 31569 I AmazonVideo: Loading library AIVPlayReadyLicensing
07-28 19:09:19.806 31430 31569 I AmazonVideo: Success! Directly loaded native library /data/user/0/com.amazon.avod.thirdpartyclient/lib/libAIVPlayReadyLicensing.so.
07-28 19:09:19.806 31430 31571 I AmazonVideo: DRM sub-system initializing with system path: /data/user/0/com.amazon.avod.thirdpartyclient/files/playready/system
07-28 19:09:19.806 31430 31571 I AmazonVideo: Initializing license store: /data/user/0/com.amazon.avod.thirdpartyclient/files/playready/aivdatastore.hds
07-28 19:09:19.807 31430 31571 I         : T31571: DrmContext::DrmContext: Creating context object with store path /data/user/0/com.amazon.avod.thirdpartyclient/files/playready/aivdatastore.hds and system directory /data/user/0/com.amazon.avod.thirdpartyclient/files/playready/system.
07-28 19:09:19.807 31430 31571 I         : T31571: DrmContext::initializePlayReadyInternal: Initializing DRM store /data/user/0/com.amazon.avod.thirdpartyclient/files/playready/aivdatastore.hds.
07-28 19:09:19.808 31430 31453 D AbstractMetricsFactoryImpl: record : No valid data points in metrics event
07-28 19:09:19.812 31430 31576 D AmazonMobileAds MetricsCollector: METRIC Start AAX_CONFIG_DOWNLOAD_LATENCY
07-28 19:09:19.813 31430 31576 D AmazonMobileAds Configuration WebRequest HttpURLConnectionWebRequest: GET https://mads.amazon-adsystem.com/msdk/getConfig?pfm=A21TJRUUN4KGV&fp=true&directedId=amzn1.account.AFNERHTQDFGVJI233JZMLPZN3VPA&appId=c504086fff79453e8aa000708d5a25ce&dinfo=%7B%22make%22%3A%22OnePlus%22%2C%22model%22%3A%22ONE%20E1003%22%2C%22os%22%3A%22Android%22%2C%22osVersion%22%3A%226.0.1%22%2C%22scalingFactor%22%3A%222.75%22%2C%22language%22%3A%22en%22%2C%22country%22%3A%22US%22%2C%22carrier%22%3A%22DEFACE%22%7D&sdkVer=amznAdSDK-android-5.8.2
07-28 19:09:19.813 31430 31574 I AmazonVideo: The calculated bitrate cap value is 2147483647
07-28 19:09:19.814 31430 31574 I AmazonVideo: The calculated bitrate cap value is 2147483647
07-28 19:09:19.816 31430 31543 I AmazonVideo: Entered initialize for ReadyNowFacilitator
07-28 19:09:19.816 31430 31543 I AmazonVideo: Entered initialize for AppUidManager
07-28 19:09:19.819 31430 31543 W AmazonVideo: Warning: Cannot find application info for com.amazon.readynowcore
07-28 19:09:19.819 31430 31576 E AmazonMobileAds Configuration WebRequest HttpURLConnectionWebRequest: Problem while connecting to URL: failed to connect to mads.amazon-adsystem.com/127.0.0.1 (port 443) after 20000ms: isConnected failed: ECONNREFUSED (Connection refused)
07-28 19:09:19.820 31430 31576 D AmazonMobileAds MetricsCollector: METRIC Stop AAX_CONFIG_DOWNLOAD_LATENCY
07-28 19:09:19.820 31430 31576 D AmazonMobileAds MetricsCollector: METRIC Increment AAX_CONFIG_DOWNLOAD_FAILED
07-28 19:09:19.821 31430 31576 W AmazonMobileAds SISRegistration: Configuration fetching failed so device registration will not proceed.
07-28 19:09:19.823 31430 31430 I AmazonVideo: Application is in background and device is inactive: stopping log collection
07-28 19:09:19.823 31430 31502 I AmazonVideo: DI:ThirdPartyApplication:Initialization:Inject
07-28 19:09:19.827 31430 31543 W AmazonVideo: Warning: Cannot find application info for com.amazon.avod.sdk.example
07-28 19:09:19.827 31430 31543 I AmazonVideo: Completed initialize for AppUidManager
07-28 19:09:19.828 31430 31543 I AmazonVideo: Disabling readyNow support: ReadyNow supported : false ReadyNow supported for user: true Installed : false  Kids Edition flag : false
07-28 19:09:19.833 31430 31574 I AmazonVideo.profiler: Metric[name=start/com.amazon.avod.thirdpartyclient, type=[Counter], val=1]
07-28 19:09:19.833 31430 31574 D AbstractMetricsFactoryImpl: Setting non-anonymous customer ID and session ID to null, and anonymous tag to true as the metric entry was not recorded in non-anonymous queue.
07-28 19:09:19.839 31430 31543 I AmazonVideo: Completed initialize for ReadyNowFacilitator
07-28 19:09:19.840 31430 31430 I AmazonVideo: old state : DEVICE_INACTIVE_IN_BACKGROUND, new state : DEVICE_INACTIVE_IN_BACKGROUND
07-28 19:09:19.842 31430 31543 I AmazonVideo: Entered initialize for DownloadConnectionEventListener
07-28 19:09:19.842 31430 31543 I AmazonVideo: Completed initialize for DownloadConnectionEventListener
07-28 19:09:19.843 31430 31543 I AmazonVideo: Entered initialize for UserDownloadManager
07-28 19:09:19.850 31430 31574 I AmazonVideo.profiler: Metric[name=MediaSystem-LoadSuccess-VisualOnRendererScheme, type=[Counter], val=1]
07-28 19:09:19.850 31430 31574 D AbstractMetricsFactoryImpl: Setting non-anonymous customer ID and session ID to null, and anonymous tag to true as the metric entry was not recorded in non-anonymous queue.
07-28 19:09:19.857 31430 31502 V fb-UnpackingSoSource: locked dso store /data/user/0/com.amazon.avod.thirdpartyclient/lib-main
07-28 19:09:19.859 31430 31543 I AmazonVideo: Entered initialize for DownloadLocationConfig
07-28 19:09:19.859 31430 31543 I AmazonVideo: Completed initialize for DownloadLocationConfig
07-28 19:09:19.859 31430 31543 I AmazonVideo: Default download location is Internal storage
07-28 19:09:19.860 31430 31543 I AmazonVideo: Entered initialize for UserDownloadPersistence
07-28 19:09:19.861 31430 31543 I AmazonVideo: Entered initialize for UserDownloadLegacyDiskPersistence
07-28 19:09:19.861 31430 31502 I fb-UnpackingSoSource: dso store is up-to-date: /data/user/0/com.amazon.avod.thirdpartyclient/lib-main
07-28 19:09:19.861 31430 31502 V fb-UnpackingSoSource: releasing dso store lock for /data/user/0/com.amazon.avod.thirdpartyclient/lib-main
07-28 19:09:19.861 31430 31543 I AmazonVideo: Completed initialize for UserDownloadLegacyDiskPersistence
07-28 19:09:19.861 31430 31543 I AmazonVideo: Entered initialize for UserDownloadDiskPersistence
07-28 19:09:19.872 31430 31543 I AmazonVideo: Completed initialize for UserDownloadDiskPersistence
07-28 19:09:19.879 31430 31502 I AmazonVideo: DI:ThirdPartyApplication:Initialization:PostInjectInit
07-28 19:09:19.891 31430 31543 I AmazonVideo: Completed initialize for UserDownloadPersistence
07-28 19:09:19.891 31430 31543 I AmazonVideo: Entered initialize for UserDownloadExecutor
07-28 19:09:19.891 31430 31543 I AmazonVideo: Entered initialize for DownloadEnabledStatus
07-28 19:09:19.891 31430 31543 I AmazonVideo: Completed initialize for DownloadEnabledStatus
07-28 19:09:19.892 31430 31543 I AmazonVideo: Entered initialize for UserDownloadAvailabilityCache
07-28 19:09:19.892 31430 31543 I AmazonVideo: Completed initialize for UserDownloadAvailabilityCache
07-28 19:09:19.892 31430 31543 I AmazonVideo: Entered initialize for DownloadQueueManager
07-28 19:09:19.893 31430 31543 I AmazonVideo: Completed initialize for DownloadQueueManager
07-28 19:09:19.894 31430 31543 I AmazonVideo: Completed initialize for UserDownloadExecutor
07-28 19:09:19.894 31430 31543 I AmazonVideo: Registered OnDownloadLocationSettingChangeListener: OnDownloadLocationChangedListener
07-28 19:09:19.895 31430 31543 I AmazonVideo: No active download queue available for next download
07-28 19:09:19.900 31430 31583 I AmazonVideo: No active download queue available for next download
07-28 19:09:19.906 31430 31543 I AmazonVideo: Entered initialize for OrphanedDownloadsManager
07-28 19:09:19.906 31430 31543 I AmazonVideo: Completed initialize for OrphanedDownloadsManager
07-28 19:09:19.911 31430 31543 I AmazonVideo: No active download queue available for next download
07-28 19:09:19.911 31430 31543 I AmazonVideo: Completed initialize for UserDownloadManager
07-28 19:09:19.911 31430 31583 I AmazonVideo: No active download queue available for next download
07-28 19:09:19.913 31430 31502 I AmazonVideo: Entered initialize for LaunchScreensHandler
07-28 19:09:19.914 31430 31586 I AmazonVideo: Wifi network available; refreshing download status
07-28 19:09:19.914 31430 31586 I AmazonVideo: No active download queue available for next download
07-28 19:09:19.914 31430 31586 I AmazonVideo: Download pause token is not present, refreshing current task
07-28 19:09:19.916 31430 31583 I AmazonVideo: No active download queue available for next download
07-28 19:09:19.916 31430 31502 I AmazonVideo: Completed initialize for LaunchScreensHandler
07-28 19:09:19.918 31430 31502 I AmazonVideo.profiler: Metric[name=AppLoad:Authenticated, type=[Counter], val=1]
07-28 19:09:19.918 31430 31502 D AbstractMetricsFactoryImpl: Setting non-anonymous customer ID and session ID to null, and anonymous tag to true as the metric entry was not recorded in non-anonymous queue.
07-28 19:09:19.932 31430 31502 I AmazonVideo: Entered initialize for DetailPageContentFetcher
07-28 19:09:19.934 31430 31502 I AmazonVideo: Completed initialize for DetailPageContentFetcher
07-28 19:09:19.938 31430 31502 I AmazonVideo: Entered initialize for Library
07-28 19:09:19.938 31430 31558 I AmazonLauncher.SicsGraph: SICS graph constructed for instance Downloading image(s) to xxaivxx using mode: Bitmap
07-28 19:09:19.938 31430 31502 I AmazonVideo: Entered initialize for LibrarySyncer
07-28 19:09:19.939 31430 31558 I AmazonLauncher.SicsConfig: -------------------------
07-28 19:09:19.939 31430 31558 I AmazonLauncher.SicsConfig: SICS Version                   : TabletSICS 2.5.24
07-28 19:09:19.939 31430 31558 I AmazonLauncher.SicsConfig: SICS Cache Name                : Downloading image(s) to xxaivxx
07-28 19:09:19.939 31430 31558 I AmazonLauncher.SicsConfig: Image Maximum Height           : 1
07-28 19:09:19.939 31430 31558 I AmazonLauncher.SicsConfig: Image Maximum Width            : 1
07-28 19:09:19.939 31430 31558 I AmazonLauncher.SicsConfig: Log Level                      : Warning
07-28 19:09:19.939 31430 31558 I AmazonLauncher.SicsConfig: Available Cache Size           : 1
07-28 19:09:19.939 31430 31558 I AmazonLauncher.SicsConfig: CSR Cache Size                 : 0
07-28 19:09:19.939 31430 31558 I AmazonLauncher.SicsConfig: CSR File Name                  : /data/user/0/com.amazon.avod.thirdpartyclient/cache/.csr/Downloading image(s) to xxaivxx.csr
07-28 19:09:19.939 31430 31558 I AmazonLauncher.SicsConfig: Downloaded Cache Size          : 500
07-28 19:09:19.939 31430 31558 I AmazonLauncher.SicsConfig: Download Cache Path            : /data/user/0/com.amazon.avod.thirdpartyclient/cache/.AmazonInstantVideo/Thumbnails/yvlCache
07-28 19:09:19.939 31430 31558 I AmazonLauncher.SicsConfig: Requested Mode                 : Auto
07-28 19:09:19.939 31430 31558 I AmazonLauncher.SicsConfig: Custom ThreadModel             : true
07-28 19:09:19.939 31430 31558 I AmazonLauncher.SicsConfig: Custom FileIdentifier          : false
07-28 19:09:19.939 31430 31558 I AmazonLauncher.SicsConfig: Transaction Error Resol.       : ContinueWithBestEffort
07-28 19:09:19.939 31430 31558 I AmazonLauncher.SicsConfig: Scheme Resolvers               : false
07-28 19:09:19.939 31430 31558 I AmazonLauncher.SicsConfig: Available Cache Max. Pool Size : {}
07-28 19:09:19.939 31430 31558 I AmazonLauncher.SicsConfig: -------------------------
07-28 19:09:19.939 31430 31558 W AmazonVideo: Warning: Resource DelegatingSicsCache (Downloading image(s) to xxaivxx) should not be scoped to the application! Find a different ResourceScope
07-28 19:09:19.939 31430 31502 I AmazonVideo: Completed initialize for LibrarySyncer
07-28 19:09:19.940 31430 31502 I AmazonVideo: Completed initialize for Library
07-28 19:09:19.947 31430 31502 I AmazonVideo: Entered initialize for BookmarkCacheProxy
07-28 19:09:19.959 31430 31502 I AmazonVideo: Completed initialize for BookmarkCacheProxy
07-28 19:09:19.960 31430 31502 I AmazonVideo: Entered initialize for DownloadSyncManager
07-28 19:09:19.960 31430 31502 I AmazonVideo: Completed initialize for DownloadSyncManager
07-28 19:09:19.964 31430 31589 I AmazonVideo: Starting Download Sync. Forced ? false
07-28 19:09:19.985 31430 31502 I AmazonVideo.profiler: Metric[name=AppInitialized:SupportedAbi, type=[armeabi-v7a, armeabi], val=1]
07-28 19:09:19.986 31430 31502 D AbstractMetricsFactoryImpl: Setting non-anonymous customer ID and session ID to null, and anonymous tag to true as the metric entry was not recorded in non-anonymous queue.
07-28 19:09:19.987 31430 31502 D AbstractMetricsFactoryImpl: Setting non-anonymous customer ID and session ID to null, and anonymous tag to true as the metric entry was not recorded in non-anonymous queue.
07-28 19:09:19.988 31430 31502 I AmazonVideo.profiler: Marker[APPLICATION_INITIALIZED] null
07-28 19:09:19.988 31430 31502 I AmazonVideo: DI:ThirdPartyApplication:Initialization:RegisterFeatures
07-28 19:09:19.989 31430 31502 I AmazonVideo: Completed initialize for DI:ThirdPartyApplication
07-28 19:09:19.990 31430 31568 I AmazonVideo: Sync Framework: Received sync for account Amazon Video Sync
07-28 19:09:19.990 31430 31568 I AmazonVideo: Sync Framework: Received sync trigger: STARTUP (application_startup)
07-28 19:09:19.990 31430 31568 I AmazonVideo: Sync Framework: Attempting to perform sync now based on trigger: STARTUP
07-28 19:09:19.991 31430 31568 I AmazonVideo: Sync Framework: OK to sync EventSyncComponent
07-28 19:09:19.997 31430 31430 I AmazonVideo: ARSM: received a Enable trigger and is entering UninitializedState
07-28 19:09:19.997 31430 31568 I AmazonVideo: Sync Framework: Scheduling periodic sync at 5400 second frequency
07-28 19:09:19.998 31430 31430 I AmazonVideo: ARSM: received a StartCounting trigger and is entering CountingState
07-28 19:09:20.011 31430 31592 I AmazonVideo.profiler: Metric[name=EventManager-DbRead, type=[Success], val=10]
07-28 19:09:20.011 31430 31592 D AbstractMetricsFactoryImpl: Setting non-anonymous customer ID and session ID to null, and anonymous tag to true as the metric entry was not recorded in non-anonymous queue.
07-28 19:09:20.012 31430 31592 I AmazonVideo.profiler: Metric[name=EventManager-DbWrite, type=[Success], val=3]
07-28 19:09:20.012 31430 31592 D AbstractMetricsFactoryImpl: Setting non-anonymous customer ID and session ID to null, and anonymous tag to true as the metric entry was not recorded in non-anonymous queue.
07-28 19:09:20.012 31430 31592 I AmazonVideo.profiler: Metric[name=EventManager-Queued-QOS, type=[Success], val=1]
07-28 19:09:20.012 31430 31592 D AbstractMetricsFactoryImpl: Setting non-anonymous customer ID and session ID to null, and anonymous tag to true as the metric entry was not recorded in non-anonymous queue.
07-28 19:09:20.017 31430 31542 I AmazonVideo.profiler: Marker[SECOND_SCREEN_READY_FOR_INITIALIZATION] null
07-28 19:09:20.068 31430 31593 I AmazonVideo: Sync Framework: Received sync for account Amazon Video Sync
07-28 19:09:20.069 31430 31593 I AmazonVideo: Sync Framework: Received sync trigger: DOWNLOADS (downloads)
07-28 19:09:20.069 31430 31593 I AmazonVideo: Sync Framework: Attempting to perform sync now based on trigger: DOWNLOADS
07-28 19:09:20.069 31430 31593 I AmazonVideo: Sync Framework: OK to sync DownloadSyncComponent
07-28 19:09:20.115  1847  5484 D WifiService: releaseWifiLockLocked: WifiLock{HTTPMetricsTransport type=3 binder=android.os.BinderProxy@4b9d064}
07-28 19:09:20.116  1847  4539 E native  : do suspend true
07-28 19:09:20.123  1847  1874 D PowerManagerService: acquireWakeLock: ignoring request from in.amazon.mShop.android.shopping
07-28 19:09:20.124  1847  5519 D WifiService: acquireWifiLockLocked: WifiLock{HTTPMetricsTransport type=3 binder=android.os.BinderProxy@c3c67e8}
07-28 19:09:20.126 24665 24773 I ...stributedDataStorage: Distributed data store is already initialized. Simply returning from initialize workflow.
07-28 19:09:20.127 24665 24773 I ...stributedDataStorage: Distributed data store is already initialized. Simply returning from initialize workflow.
07-28 19:09:20.127 24665 24773 I ...stributedDataStorage: Distributed data store is already initialized. Simply returning from initialize workflow.
07-28 19:09:20.127 24665 24773 I ...stributedDataStorage: Distributed data store is already initialized. Simply returning from initialize workflow.
07-28 19:09:20.127 24665 24773 I ...stributedDataStorage: Distributed data store is already initialized. Simply returning from initialize workflow.
07-28 19:09:20.127 24665 31396 I ...stributedDataStorage: Distributed data store is already initialized. Simply returning from initialize workflow.
07-28 19:09:20.127 24665 31396 I ...stributedDataStorage: Distributed data store is already initialized. Simply returning from initialize workflow.
07-28 19:09:20.129  1847  4539 E native  : do suspend false
07-28 19:09:20.129 24665 31396 I ...stributedDataStorage: Distributed data store is already initialized. Simply returning from initialize workflow.
07-28 19:09:20.133 24665 31396 I ...stributedDataStorage: Distributed data store is already initialized. Simply returning from initialize workflow.
07-28 19:09:20.134 24665 31396 I ...stributedDataStorage: Distributed data store is already initialized. Simply returning from initialize workflow.
07-28 19:09:20.137 24665 31396 I ...stributedDataStorage: Distributed data store is already initialized. Simply returning from initialize workflow.
07-28 19:09:20.140 24665 31396 I ...stributedDataStorage: Distributed data store is already initialized. Simply returning from initialize workflow.
07-28 19:09:20.140 24665 31396 D AbstractMetricsFactoryImpl: record : No valid data points in metrics event
07-28 19:09:20.149 31430 31571 I         : T31571: DrmSession::getDrmSession: Trying to get a session id: DrmLicensingSession
07-28 19:09:20.149 31430 31571 I         : T31571: DrmSession::getDrmSession: Created a new DRM Session DrmLicensingSession (0x587b67c0)
07-28 19:09:20.152 31430 31589 I AmazonVideo.profiler: Metric[name=DownloadSyncActionAttempted:MarkMissingLicenseSyncAction, type=[Counter], val=1]
07-28 19:09:20.153 31430 31589 D AbstractMetricsFactoryImpl: Setting non-anonymous customer ID and session ID to null, and anonymous tag to true as the metric entry was not recorded in non-anonymous queue.
07-28 19:09:20.154 31430 31589 I AmazonVideo: Downloads syncing for actions [MarkMissingLicenseSyncAction]
07-28 19:09:20.154 31430 31589 I AmazonVideo: Attempted to MARK_MISSING_LICENSE sync 0 asins. Successes : 0. Failures : 0
07-28 19:09:20.160 31430 31589 I AmazonVideo.profiler: Metric[name=DownloadSyncActionAttempted:RepairLicenseSyncAction, type=[Counter], val=1]
07-28 19:09:20.160 31430 31589 D AbstractMetricsFactoryImpl: Setting non-anonymous customer ID and session ID to null, and anonymous tag to true as the metric entry was not recorded in non-anonymous queue.
07-28 19:09:20.161 31430 31589 I AmazonVideo: Downloads syncing for actions [RepairLicenseSyncAction]
07-28 19:09:20.161 31430 31589 I AmazonVideo: Attempted to LICENSE_REPAIR sync 0 asins. Successes : 0. Failures : 0
07-28 19:09:20.162 31430 31589 I AmazonVideo: Downloads syncing for actions []
07-28 19:09:20.163 31430 31589 I AmazonVideo.profiler: Metric[name=DownloadSyncActionAttempted:DownloadImagesSyncAction, type=[Counter], val=1]
07-28 19:09:20.163 31430 31589 D AbstractMetricsFactoryImpl: Setting non-anonymous customer ID and session ID to null, and anonymous tag to true as the metric entry was not recorded in non-anonymous queue.
07-28 19:09:20.164 31430 31589 I AmazonVideo: Downloads syncing for actions [DownloadImagesSyncAction]
07-28 19:09:20.164 31430 31589 I AmazonVideo: Attempted to DOWNLOAD_IMAGES sync 0 asins. Successes : 0. Failures : 0
07-28 19:09:20.164 31430 31589 I AmazonVideo: No active download queue available for next download
07-28 19:09:20.165 31430 31583 I AmazonVideo: No active download queue available for next download
07-28 19:09:20.166 31430 31593 I AmazonVideo: Starting Download Sync. Forced ? false
07-28 19:09:20.167 31430 31593 I AmazonVideo: Downloads syncing for actions []
07-28 19:09:20.168 31430 31593 I AmazonVideo: Downloads syncing for actions []
07-28 19:09:20.169 31430 31593 I AmazonVideo: Downloads syncing for actions []
07-28 19:09:20.169 31430 31593 I AmazonVideo: Downloads syncing for actions []
07-28 19:09:20.170 31430 31593 I AmazonVideo: No active download queue available for next download
07-28 19:09:20.170 31430 31583 I AmazonVideo: No active download queue available for next download
07-28 19:09:20.173 31430 31593 I AmazonVideo: Sync Framework: Scheduling periodic sync at 5400 second frequency
07-28 19:09:20.441  1847  1874 D WifiService: releaseWifiLockLocked: WifiLock{HTTPMetricsTransport type=3 binder=android.os.BinderProxy@c3c67e8}
07-28 19:09:20.444  1847  4539 E native  : do suspend true
07-28 19:09:20.479  1847  4629 D PowerManagerService: acquireWakeLock: ignoring request from in.amazon.mShop.android.shopping
07-28 19:09:20.483  1847  5502 D WifiService: acquireWifiLockLocked: WifiLock{HTTPMetricsTransport type=3 binder=android.os.BinderProxy@2d11e01}
07-28 19:09:20.483  1847  4539 E native  : do suspend false
07-28 19:09:20.488 24665 24773 I ...stributedDataStorage: Distributed data store is already initialized. Simply returning from initialize workflow.
07-28 19:09:20.488 24665 24773 I ...stributedDataStorage: Distributed data store is already initialized. Simply returning from initialize workflow.
07-28 19:09:20.488 24665 24773 I ...stributedDataStorage: Distributed data store is already initialized. Simply returning from initialize workflow.
07-28 19:09:20.488 24665 24773 I ...stributedDataStorage: Distributed data store is already initialized. Simply returning from initialize workflow.
07-28 19:09:20.488 24665 24773 I ...stributedDataStorage: Distributed data store is already initialized. Simply returning from initialize workflow.
07-28 19:09:20.489 24665 31396 I ...stributedDataStorage: Distributed data store is already initialized. Simply returning from initialize workflow.
07-28 19:09:20.489 24665 31396 I ...stributedDataStorage: Distributed data store is already initialized. Simply returning from initialize workflow.
07-28 19:09:20.494 24665 31396 I ...stributedDataStorage: Distributed data store is already initialized. Simply returning from initialize workflow.
07-28 19:09:20.497 24665 31396 I ...stributedDataStorage: Distributed data store is already initialized. Simply returning from initialize workflow.
07-28 19:09:20.499 24665 31396 I ...stributedDataStorage: Distributed data store is already initialized. Simply returning from initialize workflow.
07-28 19:09:20.501 24665 31396 I ...stributedDataStorage: Distributed data store is already initialized. Simply returning from initialize workflow.
07-28 19:09:20.503 24665 31396 I ...stributedDataStorage: Distributed data store is already initialized. Simply returning from initialize workflow.
07-28 19:09:20.503 24665 31396 D AbstractMetricsFactoryImpl: record : No valid data points in metrics event
07-28 19:09:20.772  1847  5521 D WifiService: releaseWifiLockLocked: WifiLock{HTTPMetricsTransport type=3 binder=android.os.BinderProxy@2d11e01}
07-28 19:09:20.775  1847  4539 E native  : do suspend true
07-28 19:09:20.810  1847  5307 D PowerManagerService: acquireWakeLock: ignoring request from in.amazon.mShop.android.shopping
07-28 19:09:20.813  1847  5331 D WifiService: acquireWifiLockLocked: WifiLock{HTTPMetricsTransport type=3 binder=android.os.BinderProxy@ff444a6}
07-28 19:09:20.813  1847  4539 E native  : do suspend false
07-28 19:09:20.818 24665 24773 I ...stributedDataStorage: Distributed data store is already initialized. Simply returning from initialize workflow.
07-28 19:09:20.818 24665 24773 I ...stributedDataStorage: Distributed data store is already initialized. Simply returning from initialize workflow.
07-28 19:09:20.818 24665 24773 I ...stributedDataStorage: Distributed data store is already initialized. Simply returning from initialize workflow.
07-28 19:09:20.818 24665 24773 I ...stributedDataStorage: Distributed data store is already initialized. Simply returning from initialize workflow.
07-28 19:09:20.818 24665 24773 I ...stributedDataStorage: Distributed data store is already initialized. Simply returning from initialize workflow.
07-28 19:09:20.819 24665 31396 I ...stributedDataStorage: Distributed data store is already initialized. Simply returning from initialize workflow.
07-28 19:09:20.819 24665 31396 I ...stributedDataStorage: Distributed data store is already initialized. Simply returning from initialize workflow.
07-28 19:09:20.824 24665 31396 I ...stributedDataStorage: Distributed data store is already initialized. Simply returning from initialize workflow.
07-28 19:09:20.826 24665 31396 I ...stributedDataStorage: Distributed data store is already initialized. Simply returning from initialize workflow.
07-28 19:09:20.828 24665 31396 I ...stributedDataStorage: Distributed data store is already initialized. Simply returning from initialize workflow.
07-28 19:09:20.840 24665 31396 I ...stributedDataStorage: Distributed data store is already initialized. Simply returning from initialize workflow.
07-28 19:09:20.862 24665 31396 I ...stributedDataStorage: Distributed data store is already initialized. Simply returning from initialize workflow.
07-28 19:09:20.862 24665 31396 D AbstractMetricsFactoryImpl: record : No valid data points in metrics event
07-28 19:09:21.140  1847  5235 D WifiService: releaseWifiLockLocked: WifiLock{HTTPMetricsTransport type=3 binder=android.os.BinderProxy@ff444a6}
07-28 19:09:21.143  1847  4539 E native  : do suspend true
07-28 19:09:21.173  1847  5484 D PowerManagerService: acquireWakeLock: ignoring request from in.amazon.mShop.android.shopping
07-28 19:09:21.175  1847  5307 D WifiService: acquireWifiLockLocked: WifiLock{HTTPMetricsTransport type=3 binder=android.os.BinderProxy@64ffee7}
07-28 19:09:21.176  1847  4539 E native  : do suspend false
07-28 19:09:21.180 24665 24773 I ...stributedDataStorage: Distributed data store is already initialized. Simply returning from initialize workflow.
07-28 19:09:21.180 24665 24773 I ...stributedDataStorage: Distributed data store is already initialized. Simply returning from initialize workflow.
07-28 19:09:21.180 24665 24773 I ...stributedDataStorage: Distributed data store is already initialized. Simply returning from initialize workflow.
07-28 19:09:21.181 24665 24773 I ...stributedDataStorage: Distributed data store is already initialized. Simply returning from initialize workflow.
07-28 19:09:21.181 24665 24773 I ...stributedDataStorage: Distributed data store is already initialized. Simply returning from initialize workflow.
07-28 19:09:21.181 24665 31396 I ...stributedDataStorage: Distributed data store is already initialized. Simply returning from initialize workflow.
07-28 19:09:21.182 24665 31396 I ...stributedDataStorage: Distributed data store is already initialized. Simply returning from initialize workflow.
07-28 19:09:21.187 24665 31396 I ...stributedDataStorage: Distributed data store is already initialized. Simply returning from initialize workflow.
07-28 19:09:21.190 24665 31396 I ...stributedDataStorage: Distributed data store is already initialized. Simply returning from initialize workflow.
07-28 19:09:21.192 24665 31396 I ...stributedDataStorage: Distributed data store is already initialized. Simply returning from initialize workflow.
07-28 19:09:21.194 24665 31396 I ...stributedDataStorage: Distributed data store is already initialized. Simply returning from initialize workflow.
07-28 19:09:21.199 24665 31396 I ...stributedDataStorage: Distributed data store is already initialized. Simply returning from initialize workflow.
07-28 19:09:21.199 24665 31396 D AbstractMetricsFactoryImpl: record : No valid data points in metrics event
07-28 19:09:21.479  1847  5224 D WifiService: releaseWifiLockLocked: WifiLock{HTTPMetricsTransport type=3 binder=android.os.BinderProxy@64ffee7}
07-28 19:09:21.480  1847  4539 E native  : do suspend true
07-28 19:09:21.482 24665 24773 I Metrics:BatchTransmitte: QueuePusher.sendBatches - Drained batch queue.; Number of NORMAL_ANONYMOUS queue batches sent: 7
07-28 19:09:21.487 24665 24773 W IdleConnectionHandler: Removing a connection that never existed!
07-28 19:09:22.055  1847 22910 D NetlinkSocketObserver: NeighborEvent{elapsedMs=811385030, 192.168.0.1, [30B5C2F5BA7A], RTM_NEWNEIGH, NUD_REACHABLE}
07-28 19:09:30.813  1847 22910 D NetlinkSocketObserver: NeighborEvent{elapsedMs=811393790, 192.168.0.1, [30B5C2F5BA7A], RTM_NEWNEIGH, NUD_STALE}
07-28 19:09:41.948  1847 22910 D NetlinkSocketObserver: NeighborEvent{elapsedMs=811404924, 192.168.0.1, [30B5C2F5BA7A], RTM_NEWNEIGH, NUD_PROBE}
07-28 19:09:51.294  1847 22910 D NetlinkSocketObserver: NeighborEvent{elapsedMs=811414270, 192.168.0.1, [30B5C2F5BA7A], RTM_NEWNEIGH, NUD_STALE}
07-28 19:09:51.748  1847  5521 I ActivityManager: Start proc 31965:com.android.providers.calendar/u0a2 for content provider com.android.providers.calendar/.CalendarProvider2
07-28 19:09:51.786 31965 31965 W System  : ClassLoader referenced unknown path: /system/priv-app/CalendarProvider/lib/arm
07-28 19:09:51.820 31965 31965 W XPrivacy: Hooking package=com.android.providers.calendar
07-28 19:09:51.894 31965 31965 W ActivityThread: ClassLoader.loadClass: The class loader returned by Thread.getContextClassLoader() may fail for processes that host multiple applications. You should explicitly specify a context class loader. For example: Thread.setContextClassLoader(getClass().getClassLoader());
07-28 19:09:51.898 31965 31965 I CalendarProvider2: Created com.android.providers.calendar.CalendarAlarmManager@f881fbc(com.android.providers.calendar.CalendarProvider2@e08fb45)
07-28 19:09:52.380 11508 11508 W XPrivacy/XBinder: Unmarked descriptor=com.android.internal.appwidget.IAppWidgetService found=true code=21 uid=10077
07-28 19:09:52.384 11508 11508 W XPrivacy/XBinder: dalvik.system.VMStack.getThreadStackTrace(Native Method) [java.lang.BootClassLoader@fca1c7d]
07-28 19:09:52.384 11508 11508 W XPrivacy/XBinder: java.lang.Thread.getStackTrace(Thread.java:580) [java.lang.BootClassLoader@fca1c7d]
07-28 19:09:52.384 11508 11508 W XPrivacy/XBinder: biz.bokhorst.xprivacy.fy.a(SourceFile:170)
07-28 19:09:52.384 11508 11508 W XPrivacy/XBinder: biz.bokhorst.xprivacy.XBinder.d(SourceFile:230)
07-28 19:09:52.384 11508 11508 W XPrivacy/XBinder: biz.bokhorst.xprivacy.XBinder.a(SourceFile:163)
07-28 19:09:52.384 11508 11508 W XPrivacy/XBinder: biz.bokhorst.xprivacy.XPrivacy$XMethodHook.beforeHookedMethod(SourceFile:628)
07-28 19:09:52.384 11508 11508 W XPrivacy/XBinder: de.robv.android.xposed.XposedBridge.handleHookedMethod(XposedBridge.java:314)
07-28 19:09:52.384 11508 11508 W XPrivacy/XBinder: android.os.BinderProxy.transact(<Xposed>) [java.lang.BootClassLoader@fca1c7d]
07-28 19:09:52.384 11508 11508 W XPrivacy/XBinder: com.android.internal.appwidget.IAppWidgetService$Stub$Proxy.bindRemoteViewsService(IAppWidgetService.java:893) [java.lang.BootClassLoader@fca1c7d]
07-28 19:09:52.384 11508 11508 W XPrivacy/XBinder: java.lang.reflect.Method.invoke(Native Method) [java.lang.BootClassLoader@fca1c7d]
07-28 19:09:52.384 11508 11508 W XPrivacy/XBinder: o.boh$aB.fb(SourceFile:236) [dalvik.system.PathClassLoader[DexPathList[[zip file "/data/app/com.teslacoilsw.launcher-2/base.apk"],nativeLibraryDirectories=[/data/app/com.teslacoilsw.launcher-2/lib/arm, /vendor/lib, /system/lib]]]]
07-28 19:09:52.384 11508 11508 W XPrivacy/XBinder: o.aoz.eN(SourceFile:132) [dalvik.system.PathClassLoader[DexPathList[[zip file "/data/app/com.teslacoilsw.launcher-2/base.apk"],nativeLibraryDirectories=[/data/app/com.teslacoilsw.launcher-2/lib/arm, /vendor/lib, /system/lib]]]]
07-28 19:09:52.384 11508 11508 W XPrivacy/XBinder: o.boh$eN.invoke(SourceFile:201) [dalvik.system.PathClassLoader[DexPathList[[zip file "/data/app/com.teslacoilsw.launcher-2/base.apk"],nativeLibraryDirectories=[/data/app/com.teslacoilsw.launcher-2/lib/arm, /vendor/lib, /system/lib]]]]
07-28 19:09:52.384 11508 11508 W XPrivacy/XBinder: java.lang.reflect.Proxy.invoke(Proxy.java:393) [java.lang.BootClassLoader@fca1c7d]
07-28 19:09:52.384 11508 11508 W XPrivacy/XBinder: $Proxy1.bindRemoteViewsService(Unknown Source) [dalvik.system.PathClassLoader[DexPathList[[zip file "/data/app/com.teslacoilsw.launcher-2/base.apk"],nativeLibraryDirectories=[/data/app/com.teslacoilsw.launcher-2/lib/arm, /vendor/lib, /system/lib]]]]
07-28 19:09:52.384 11508 11508 W XPrivacy/XBinder: android.appwidget.AppWidgetManager.bindRemoteViewsService(AppWidgetManager.java:1007) [java.lang.BootClassLoader@fca1c7d]
07-28 19:09:52.384 11508 11508 W XPrivacy/XBinder: android.widget.RemoteViewsAdapter$RemoteViewsAdapterServiceConnection.bind(RemoteViewsAdapter.java:158) [java.lang.BootClassLoader@fca1c7d]
07-28 19:09:52.384 11508 11508 W XPrivacy/XBinder: android.widget.RemoteViewsAdapter.requestBindService(RemoteViewsAdapter.java:1388) [java.lang.BootClassLoader@fca1c7d]
07-28 19:09:52.384 11508 11508 W XPrivacy/XBinder: android.widget.RemoteViewsAdapter.notifyDataSetChanged(RemoteViewsAdapter.java:1347) [java.lang.BootClassLoader@fca1c7d]
07-28 19:09:52.384 11508 11508 W XPrivacy/XBinder: android.appwidget.AppWidgetHostView.viewDataChanged(AppWidgetHostView.java:446) [java.lang.BootClassLoader@fca1c7d]
07-28 19:09:52.384 11508 11508 W XPrivacy/XBinder: android.appwidget.AppWidgetHost.viewDataChanged(AppWidgetHost.java:413) [java.lang.BootClassLoader@fca1c7d]
07-28 19:09:52.384 11508 11508 W XPrivacy/XBinder: android.appwidget.AppWidgetHost$UpdateHandler.handleMessage(AppWidgetHost.java:143) [java.lang.BootClassLoader@fca1c7d]
07-28 19:09:52.384 11508 11508 W XPrivacy/XBinder: android.os.Handler.dispatchMessage(Handler.java:102) [java.lang.BootClassLoader@fca1c7d]
07-28 19:09:52.384 11508 11508 W XPrivacy/XBinder: android.os.Looper.loop(Looper.java:148) [java.lang.BootClassLoader@fca1c7d]
07-28 19:09:52.384 11508 11508 W XPrivacy/XBinder: android.app.ActivityThread.main(ActivityThread.java:5461) [java.lang.BootClassLoader@fca1c7d]
07-28 19:09:52.384 11508 11508 W XPrivacy/XBinder: java.lang.reflect.Method.invoke(Native Method) [java.lang.BootClassLoader@fca1c7d]
07-28 19:09:52.384 11508 11508 W XPrivacy/XBinder: com.android.internal.os.ZygoteInit$MethodAndArgsCaller.run(ZygoteInit.java:726) [java.lang.BootClassLoader@fca1c7d]
07-28 19:09:52.384 11508 11508 W XPrivacy/XBinder: com.android.internal.os.ZygoteInit.main(ZygoteInit.java:616) [java.lang.BootClassLoader@fca1c7d]
07-28 19:09:52.384 11508 11508 W XPrivacy/XBinder: de.robv.android.xposed.XposedBridge.main(XposedBridge.java:102)
07-28 19:09:52.938 31965 31965 I CalendarProvider2: Sending notification intent: Intent { act=android.intent.action.PROVIDER_CHANGED dat=content://com.android.calendar flg=0x20000000 }
07-28 19:09:52.939 31965 31965 W ContentResolver: Failed to get type for: content://com.android.calendar (Unknown URL content://com.android.calendar)
07-28 19:09:52.996  1847  2130 I ActivityManager: Start proc 32002:com.android.calendar/u0a42 for broadcast com.android.calendar/.alerts.AlertReceiver
07-28 19:09:53.046 32002 32002 W System  : ClassLoader referenced unknown path: /system/app/Calendar/lib/arm
07-28 19:09:53.080 32002 32002 W XPrivacy: Hooking package=com.android.calendar
07-28 19:09:53.332 32002 32002 D ExtensionsFactory: No custom extensions.
07-28 19:09:53.335 32002 32002 D AlertReceiver: onReceive: a=android.intent.action.PROVIDER_CHANGED Intent { act=android.intent.action.PROVIDER_CHANGED dat=content://com.android.calendar flg=0x20000010 cmp=com.android.calendar/.alerts.AlertReceiver }
07-28 19:09:53.338  1847  4629 D PowerManagerService: acquireWakeLock: ignoring request from com.android.calendar
07-28 19:09:53.355 32002 32031 D AlertService: 0 Action = android.intent.action.PROVIDER_CHANGED
07-28 19:09:53.423  1847  1874 I ActivityManager: Start proc 32037:com.google.android.calendar/u0a73 for broadcast com.google.android.calendar/.alerts.AlertReceiver
07-28 19:09:53.504 32037 32037 W System  : ClassLoader referenced unknown path: /data/app/com.google.android.calendar-2/lib/arm
07-28 19:09:53.543 32037 32037 W XPrivacy: Hooking package=com.google.android.calendar
07-28 19:09:53.863 32037 32037 W ActivityThread: ClassLoader.loadClass: The class loader returned by Thread.getContextClassLoader() may fail for processes that host multiple applications. You should explicitly specify a context class loader. For example: Thread.setContextClassLoader(getClass().getClassLoader());
07-28 19:09:57.161  1847 22910 D NetlinkSocketObserver: NeighborEvent{elapsedMs=811420137, 192.168.0.1, [30B5C2F5BA7A], RTM_NEWNEIGH, NUD_REACHABLE}
07-28 19:09:58.372 32002 32031 I GlobalDismissManager: no sender configured
07-28 19:09:58.373 32002 32031 D AlertService: Beginning updateAlertNotification
07-28 19:09:58.479 32002 32031 D AlertService: No fired or scheduled alerts
07-28 19:09:58.537 32002 32031 D AlertService: Scheduling next alarm with AlarmScheduler. sEventReminderReceived: null
07-28 19:09:58.556 32002 32031 D AlarmScheduler: Query result count for events starting within 1 week: 4
07-28 19:09:58.581 32002 32031 D AlarmScheduler: Scheduling alarm for EVENT_REMINDER_APP broadcast for event 87 at 1501335599538 (Sat, Jul 29, 2017 07:09pm)
07-28 19:09:59.103 11508 11508 W XPrivacy/XBinder: Unmarked descriptor=com.android.internal.appwidget.IAppWidgetService found=true code=22 uid=10077
07-28 19:09:59.107 11508 11508 W XPrivacy/XBinder: dalvik.system.VMStack.getThreadStackTrace(Native Method) [java.lang.BootClassLoader@fca1c7d]
07-28 19:09:59.107 11508 11508 W XPrivacy/XBinder: java.lang.Thread.getStackTrace(Thread.java:580) [java.lang.BootClassLoader@fca1c7d]
07-28 19:09:59.107 11508 11508 W XPrivacy/XBinder: biz.bokhorst.xprivacy.fy.a(SourceFile:170)
07-28 19:09:59.107 11508 11508 W XPrivacy/XBinder: biz.bokhorst.xprivacy.XBinder.d(SourceFile:230)
07-28 19:09:59.107 11508 11508 W XPrivacy/XBinder: biz.bokhorst.xprivacy.XBinder.a(SourceFile:163)
07-28 19:09:59.107 11508 11508 W XPrivacy/XBinder: biz.bokhorst.xprivacy.XPrivacy$XMethodHook.beforeHookedMethod(SourceFile:628)
07-28 19:09:59.107 11508 11508 W XPrivacy/XBinder: de.robv.android.xposed.XposedBridge.handleHookedMethod(XposedBridge.java:314)
07-28 19:09:59.107 11508 11508 W XPrivacy/XBinder: android.os.BinderProxy.transact(<Xposed>) [java.lang.BootClassLoader@fca1c7d]
07-28 19:09:59.107 11508 11508 W XPrivacy/XBinder: com.android.internal.appwidget.IAppWidgetService$Stub$Proxy.unbindRemoteViewsService(IAppWidgetService.java:916) [java.lang.BootClassLoader@fca1c7d]
07-28 19:09:59.107 11508 11508 W XPrivacy/XBinder: java.lang.reflect.Method.invoke(Native Method) [java.lang.BootClassLoader@fca1c7d]
07-28 19:09:59.107 11508 11508 W XPrivacy/XBinder: o.boh$aB.fb(SourceFile:236) [dalvik.system.PathClassLoader[DexPathList[[zip file "/data/app/com.teslacoilsw.launcher-2/base.apk"],nativeLibraryDirectories=[/data/app/com.teslacoilsw.launcher-2/lib/arm, /vendor/lib, /system/lib]]]]
07-28 19:09:59.107 11508 11508 W XPrivacy/XBinder: o.aoz.eN(SourceFile:132) [dalvik.system.PathClassLoader[DexPathList[[zip file "/data/app/com.teslacoilsw.launcher-2/base.apk"],nativeLibraryDirectories=[/data/app/com.teslacoilsw.launcher-2/lib/arm, /vendor/lib, /system/lib]]]]
07-28 19:09:59.107 11508 11508 W XPrivacy/XBinder: o.boh$eN.invoke(SourceFile:201) [dalvik.system.PathClassLoader[DexPathList[[zip file "/data/app/com.teslacoilsw.launcher-2/base.apk"],nativeLibraryDirectories=[/data/app/com.teslacoilsw.launcher-2/lib/arm, /vendor/lib, /system/lib]]]]
07-28 19:09:59.107 11508 11508 W XPrivacy/XBinder: java.lang.reflect.Proxy.invoke(Proxy.java:393) [java.lang.BootClassLoader@fca1c7d]
07-28 19:09:59.107 11508 11508 W XPrivacy/XBinder: $Proxy1.unbindRemoteViewsService(Unknown Source) [dalvik.system.PathClassLoader[DexPathList[[zip file "/data/app/com.teslacoilsw.launcher-2/base.apk"],nativeLibraryDirectories=[/data/app/com.teslacoilsw.launcher-2/lib/arm, /vendor/lib, /system/lib]]]]
07-28 19:09:59.107 11508 11508 W XPrivacy/XBinder: android.appwidget.AppWidgetManager.unbindRemoteViewsService(AppWidgetManager.java:1031) [java.lang.BootClassLoader@fca1c7d]
07-28 19:09:59.107 11508 11508 W XPrivacy/XBinder: android.widget.RemoteViewsAdapter$RemoteViewsAdapterServiceConnection.unbind(RemoteViewsAdapter.java:177) [java.lang.BootClassLoader@fca1c7d]
07-28 19:09:59.107 11508 11508 W XPrivacy/XBinder: android.widget.RemoteViewsAdapter.handleMessage(RemoteViewsAdapter.java:1369) [java.lang.BootClassLoader@fca1c7d]
07-28 19:09:59.107 11508 11508 W XPrivacy/XBinder: android.os.Handler.dispatchMessage(Handler.java:98) [java.lang.BootClassLoader@fca1c7d]
07-28 19:09:59.107 11508 11508 W XPrivacy/XBinder: android.os.Looper.loop(Looper.java:148) [java.lang.BootClassLoader@fca1c7d]
07-28 19:09:59.107 11508 11508 W XPrivacy/XBinder: android.app.ActivityThread.main(ActivityThread.java:5461) [java.lang.BootClassLoader@fca1c7d]
07-28 19:09:59.107 11508 11508 W XPrivacy/XBinder: java.lang.reflect.Method.invoke(Native Method) [java.lang.BootClassLoader@fca1c7d]
07-28 19:09:59.107 11508 11508 W XPrivacy/XBinder: com.android.internal.os.ZygoteInit$MethodAndArgsCaller.run(ZygoteInit.java:726) [java.lang.BootClassLoader@fca1c7d]
07-28 19:09:59.107 11508 11508 W XPrivacy/XBinder: com.android.internal.os.ZygoteInit.main(ZygoteInit.java:616) [java.lang.BootClassLoader@fca1c7d]
07-28 19:09:59.107 11508 11508 W XPrivacy/XBinder: de.robv.android.xposed.XposedBridge.main(XposedBridge.java:102)
07-28 19:10:02.026  1847 22910 D NetlinkSocketObserver: NeighborEvent{elapsedMs=811425003, 192.168.0.1, [30B5C2F5BA7A], RTM_NEWNEIGH, NUD_STALE}
07-28 19:10:09.263 26000 26019 V QcrilMsgTunnelSocket: After reading offset = 0 remaining = 4 countRead = 4
07-28 19:10:09.264 26000 26019 D QcrilMsgTunnelSocket: messageLength extracted from first 4 inputStream reads = 29
07-28 19:10:09.264 26000 26019 V QcrilMsgTunnelSocket: offset = 0 remaining = 29 countRead = 0
07-28 19:10:09.277 26000 26019 V QcrilMsgTunnelSocket: offset = 0 remaining = 29 countRead = 29
07-28 19:10:09.277 26000 26019 D QcrilMsgTunnelSocket: readRilMessage: Buffer = [B@e08fb45 HexData = [010000000404000011000000514f454d484f4f4bef0308000100000003]
07-28 19:10:09.277 26000 26019 V QcrilMsgTunnelSocket: Read packet: 29 bytes. Data Available = 32 Position = 0
07-28 19:10:09.277 26000 26019 D QcrilMsgTunnelSocket: Rcvd UNSOL response with 28 bytes data for SUB0
07-28 19:10:09.277 26000 26019 D QcrilMsgTunnelSocket: ByteArray from parcel = 514f454d484f4f4bef0308000100000003
07-28 19:10:09.277 26000 26019 D QcrilMsgTunnelSocket: Received RIL_UNSOL_OEM_HOOK_RAW message[81, 79, 69, 77, 72, 79, 79, 75, -17, 3, 8, 0, 1, 0, 0, 0, 3]
07-28 19:10:09.277 26000 26019 D QcrilMsgTunnelSocket: Oem ID in RIL_UNSOL_OEM_HOOK_RAW is QOEMHOOK
07-28 19:10:09.277 26000 26019 D QcrilMsgTunnelSocket: OEM ID check Passed
07-28 19:10:09.277 26000 26019 D QcrilMsgTunnelSocket: Response ID in RIL_UNSOL_OEM_HOOK_RAW is 0x803ef
07-28 19:10:09.277 26000 26019 D QcrilMsgTunnelSocket: Response ID 525295 is not served in this process.
07-28 19:10:09.277 26000 26019 D QcrilMsgTunnelSocket: To broadcast an Intent via the notifier to external apps
07-28 19:10:09.277 26000 26019 V QcrilMsgTunnelSocket: Before reading offset = 0 remaining = 4 countRead = 0
07-28 19:10:09.280 26000 26000 D QcrilMsgTunnelIfaceManager: handleMessage what = 0
07-28 19:10:09.496 26000 26019 V QcrilMsgTunnelSocket: After reading offset = 0 remaining = 4 countRead = 4
07-28 19:10:09.496 26000 26019 D QcrilMsgTunnelSocket: messageLength extracted from first 4 inputStream reads = 29
07-28 19:10:09.496 26000 26019 V QcrilMsgTunnelSocket: offset = 0 remaining = 29 countRead = 0
07-28 19:10:09.497 26000 26019 V QcrilMsgTunnelSocket: offset = 0 remaining = 29 countRead = 29
07-28 19:10:09.497 26000 26019 D QcrilMsgTunnelSocket: readRilMessage: Buffer = [B@e08fb45 HexData = [010000000404000011000000514f454d484f4f4bef0308000100000003]
07-28 19:10:09.497 26000 26019 V QcrilMsgTunnelSocket: Read packet: 29 bytes. Data Available = 32 Position = 0
07-28 19:10:09.497 26000 26019 D QcrilMsgTunnelSocket: Rcvd UNSOL response with 28 bytes data for SUB0
07-28 19:10:09.497 26000 26019 D QcrilMsgTunnelSocket: ByteArray from parcel = 514f454d484f4f4bef0308000100000003
07-28 19:10:09.497 26000 26019 D QcrilMsgTunnelSocket: Received RIL_UNSOL_OEM_HOOK_RAW message[81, 79, 69, 77, 72, 79, 79, 75, -17, 3, 8, 0, 1, 0, 0, 0, 3]
07-28 19:10:09.497 26000 26019 D QcrilMsgTunnelSocket: Oem ID in RIL_UNSOL_OEM_HOOK_RAW is QOEMHOOK
07-28 19:10:09.497 26000 26019 D QcrilMsgTunnelSocket: OEM ID check Passed
07-28 19:10:09.498 26000 26019 D QcrilMsgTunnelSocket: Response ID in RIL_UNSOL_OEM_HOOK_RAW is 0x803ef
07-28 19:10:09.498 26000 26019 D QcrilMsgTunnelSocket: Response ID 525295 is not served in this process.
07-28 19:10:09.498 26000 26019 D QcrilMsgTunnelSocket: To broadcast an Intent via the notifier to external apps
07-28 19:10:09.498 26000 26019 V QcrilMsgTunnelSocket: Before reading offset = 0 remaining = 4 countRead = 0
07-28 19:10:09.498 26000 26000 D QcrilMsgTunnelIfaceManager: handleMessage what = 0
07-28 19:10:09.961  1847 22910 D NetlinkSocketObserver: NeighborEvent{elapsedMs=811432937, 192.168.0.1, [30B5C2F5BA7A], RTM_NEWNEIGH, NUD_PROBE}
